==============================================
 Job started at: 2026-01-07 23:44:23
 Job ID: 7805646
 Node: node3002
==============================================

======= Running for problem: nonsmooth_nonconvex/socp =======

Loading problem instance: nonsmooth_nonconvex/socp with size [100, 50, 50, 10000]
Loading  dataset from: datasets/nonsmooth_nonconvex/socp/random2025_socp_dataset_var100_ineq50_eq50_ex10000 

Running on:  cuda
Training model using FSNet method with seed 0 for 300 epochs
Using batch size: 512
Loading model from checkpoint: results/nonsmooth_nonconvex/socp/SOCPProblem-100-50-50-10000/20260106-202336_MLP_sup_seed1_dropout0.05_subopt_2_1.0/model_60.pt

lr: 0.0002, weight_decay: 0.001, num_epochs: 300

Epoch 1/300, Loss: 32.2953, Obj: 24.4359, Eq Viol (l1): 0.000031, Ineq Viol (l1): 0.000000, Epoch time: 8.76s

Running validation at epoch 0...

VALIDATION_EPOCH_0 EVALUATION RESULTS:
==================================================
Objective Value:     2.457473e+01
True Objective:      -2.413704e+00
Optimality Gap:      4.120580e+01 ± 1.217975e+01
Eq Violation l1:   2.205684e-05 (max: 2.679793e-03)
Ineq Violation l1: 8.014359e-08 (max: 1.918017e-05)
Solution Distance:   1.725844e+02 ± 1.043900e+00
Merit:             2.457495e+01 ± 5.553217e-02
Avg Inference Time:  0.6469s
==================================================
Epoch 2/300, Loss: 30.8230, Obj: 24.4609, Eq Viol (l1): 0.000037, Ineq Viol (l1): 0.000000, Epoch time: 2.87s
Epoch 3/300, Loss: 28.5249, Obj: 23.5561, Eq Viol (l1): 0.000037, Ineq Viol (l1): 0.000000, Epoch time: 2.82s
Epoch 4/300, Loss: 26.2903, Obj: 21.8970, Eq Viol (l1): 0.000038, Ineq Viol (l1): 0.000000, Epoch time: 2.80s
Epoch 5/300, Loss: 24.1813, Obj: 20.1855, Eq Viol (l1): 0.000043, Ineq Viol (l1): 0.000000, Epoch time: 2.75s
Epoch 6/300, Loss: 22.4069, Obj: 18.8291, Eq Viol (l1): 0.000053, Ineq Viol (l1): 0.000000, Epoch time: 2.72s
Epoch 7/300, Loss: 20.8107, Obj: 17.4945, Eq Viol (l1): 0.000052, Ineq Viol (l1): 0.000000, Epoch time: 2.74s
Epoch 8/300, Loss: 19.4109, Obj: 16.2346, Eq Viol (l1): 0.000059, Ineq Viol (l1): 0.000000, Epoch time: 2.72s
Epoch 9/300, Loss: 18.1399, Obj: 15.2054, Eq Viol (l1): 0.000064, Ineq Viol (l1): 0.000000, Epoch time: 2.70s
Epoch 10/300, Loss: 16.6384, Obj: 13.8250, Eq Viol (l1): 0.000072, Ineq Viol (l1): 0.000000, Epoch time: 2.68s
Epoch 11/300, Loss: 13.2831, Obj: 10.6859, Eq Viol (l1): 0.000062, Ineq Viol (l1): 0.000000, Epoch time: 2.69s

Running validation at epoch 10...

VALIDATION_EPOCH_10 EVALUATION RESULTS:
==================================================
Objective Value:     8.467838e+00
True Objective:      -2.413704e+00
Optimality Gap:      1.765422e+01 ± 6.000632e+00
Eq Violation l1:   6.357842e-05 (max: 2.175316e-03)
Ineq Violation l1: 2.393074e-07 (max: 4.617874e-05)
Solution Distance:   1.198768e+02 ± 3.729400e-01
Merit:             8.468477e+00 ± 1.145268e-01
Avg Inference Time:  0.0741s
==================================================
Epoch 12/300, Loss: 9.8939, Obj: 7.5604, Eq Viol (l1): 0.000064, Ineq Viol (l1): 0.000000, Epoch time: 2.68s
Epoch 13/300, Loss: 6.8687, Obj: 4.9445, Eq Viol (l1): 0.000070, Ineq Viol (l1): 0.000000, Epoch time: 2.63s
Epoch 14/300, Loss: 4.9682, Obj: 3.2191, Eq Viol (l1): 0.000073, Ineq Viol (l1): 0.000000, Epoch time: 2.63s
Epoch 15/300, Loss: 3.4639, Obj: 1.9111, Eq Viol (l1): 0.000074, Ineq Viol (l1): 0.000000, Epoch time: 2.62s
Epoch 16/300, Loss: 2.5779, Obj: 1.0941, Eq Viol (l1): 0.000084, Ineq Viol (l1): 0.000000, Epoch time: 2.58s
Epoch 17/300, Loss: 2.0467, Obj: 0.6616, Eq Viol (l1): 0.000096, Ineq Viol (l1): 0.000000, Epoch time: 2.57s
Epoch 18/300, Loss: 1.6899, Obj: 0.4270, Eq Viol (l1): 0.000095, Ineq Viol (l1): 0.000000, Epoch time: 2.58s
Epoch 19/300, Loss: 1.4707, Obj: 0.2642, Eq Viol (l1): 0.000098, Ineq Viol (l1): 0.000001, Epoch time: 2.58s
Epoch 20/300, Loss: 1.2814, Obj: 0.1351, Eq Viol (l1): 0.000098, Ineq Viol (l1): 0.000001, Epoch time: 2.59s
Epoch 21/300, Loss: 1.1797, Obj: 0.0898, Eq Viol (l1): 0.000098, Ineq Viol (l1): 0.000000, Epoch time: 2.58s

Running validation at epoch 20...

VALIDATION_EPOCH_20 EVALUATION RESULTS:
==================================================
Objective Value:     -2.309550e-02
True Objective:      -2.413704e+00
Optimality Gap:      8.479292e-01 ± 6.194623e-02
Eq Violation l1:   8.066039e-05 (max: 1.117251e-03)
Ineq Violation l1: 5.388274e-07 (max: 3.469514e-05)
Solution Distance:   8.542153e+01 ± 3.020703e-01
Merit:             -2.228350e-02 ± 1.880702e-02
Avg Inference Time:  0.0688s
==================================================
Epoch 22/300, Loss: 1.0712, Obj: -0.0078, Eq Viol (l1): 0.000087, Ineq Viol (l1): 0.000001, Epoch time: 2.61s
Epoch 23/300, Loss: 0.9074, Obj: -0.0865, Eq Viol (l1): 0.000094, Ineq Viol (l1): 0.000001, Epoch time: 2.59s
Epoch 24/300, Loss: 0.8261, Obj: -0.1578, Eq Viol (l1): 0.000096, Ineq Viol (l1): 0.000001, Epoch time: 2.61s
Epoch 25/300, Loss: 0.7651, Obj: -0.2080, Eq Viol (l1): 0.000084, Ineq Viol (l1): 0.000001, Epoch time: 2.62s
Epoch 26/300, Loss: 0.7601, Obj: -0.2384, Eq Viol (l1): 0.000084, Ineq Viol (l1): 0.000001, Epoch time: 2.62s
Epoch 27/300, Loss: 0.6798, Obj: -0.2704, Eq Viol (l1): 0.000094, Ineq Viol (l1): 0.000001, Epoch time: 2.62s
Epoch 28/300, Loss: 0.7543, Obj: -0.2232, Eq Viol (l1): 0.000086, Ineq Viol (l1): 0.000001, Epoch time: 2.62s
Epoch 29/300, Loss: 0.6504, Obj: -0.3815, Eq Viol (l1): 0.000083, Ineq Viol (l1): 0.000001, Epoch time: 2.65s
Epoch 30/300, Loss: 0.6592, Obj: -0.3519, Eq Viol (l1): 0.000087, Ineq Viol (l1): 0.000001, Epoch time: 2.64s
Epoch 31/300, Loss: 0.6146, Obj: -0.4136, Eq Viol (l1): 0.000086, Ineq Viol (l1): 0.000001, Epoch time: 2.65s

Running validation at epoch 30...

VALIDATION_EPOCH_30 EVALUATION RESULTS:
==================================================
Objective Value:     -5.100191e-01
True Objective:      -2.413704e+00
Optimality Gap:      1.154576e-01 ± 2.695456e-01
Eq Violation l1:   8.218702e-05 (max: 1.748530e-03)
Ineq Violation l1: 5.790272e-07 (max: 9.912420e-05)
Solution Distance:   7.926668e+01 ± 2.656201e-01
Merit:             -5.091914e-01 ± 8.264787e-03
Avg Inference Time:  0.0712s
==================================================
Epoch 32/300, Loss: 0.6390, Obj: -0.4136, Eq Viol (l1): 0.000077, Ineq Viol (l1): 0.000001, Epoch time: 2.66s
Epoch 33/300, Loss: 0.5011, Obj: -0.5285, Eq Viol (l1): 0.000078, Ineq Viol (l1): 0.000001, Epoch time: 2.66s
Epoch 34/300, Loss: 0.4381, Obj: -0.5562, Eq Viol (l1): 0.000074, Ineq Viol (l1): 0.000001, Epoch time: 2.83s
Epoch 35/300, Loss: 0.5295, Obj: -0.5516, Eq Viol (l1): 0.000080, Ineq Viol (l1): 0.000001, Epoch time: 2.68s
Epoch 36/300, Loss: 0.4322, Obj: -0.6517, Eq Viol (l1): 0.000077, Ineq Viol (l1): 0.000001, Epoch time: 2.69s
Epoch 37/300, Loss: 0.8403, Obj: -0.6367, Eq Viol (l1): 0.000078, Ineq Viol (l1): 0.000001, Epoch time: 2.73s
Epoch 38/300, Loss: 0.6299, Obj: -0.5307, Eq Viol (l1): 0.000074, Ineq Viol (l1): 0.000001, Epoch time: 2.68s
Epoch 39/300, Loss: 0.3305, Obj: -0.7252, Eq Viol (l1): 0.000077, Ineq Viol (l1): 0.000001, Epoch time: 2.68s
Epoch 40/300, Loss: 0.3214, Obj: -0.7954, Eq Viol (l1): 0.000074, Ineq Viol (l1): 0.000001, Epoch time: 2.69s
Epoch 41/300, Loss: 0.3559, Obj: -0.7400, Eq Viol (l1): 0.000086, Ineq Viol (l1): 0.000001, Epoch time: 2.69s

Running validation at epoch 40...

VALIDATION_EPOCH_40 EVALUATION RESULTS:
==================================================
Objective Value:     -8.728121e-01
True Objective:      -2.413704e+00
Optimality Gap:      -5.939528e-01 ± 5.622412e-01
Eq Violation l1:   8.134845e-05 (max: 1.135996e-03)
Ineq Violation l1: 8.140626e-07 (max: 4.585840e-05)
Solution Distance:   7.662301e+01 ± 7.745519e-01
Merit:             -8.719905e-01 ± 1.150010e-02
Avg Inference Time:  0.0751s
==================================================
Epoch 42/300, Loss: 0.3445, Obj: -0.8348, Eq Viol (l1): 0.000079, Ineq Viol (l1): 0.000001, Epoch time: 2.69s
Epoch 43/300, Loss: 0.4667, Obj: -0.7940, Eq Viol (l1): 0.000072, Ineq Viol (l1): 0.000001, Epoch time: 2.70s
Epoch 44/300, Loss: 0.1278, Obj: -0.9380, Eq Viol (l1): 0.000081, Ineq Viol (l1): 0.000001, Epoch time: 2.69s
Epoch 45/300, Loss: 0.5474, Obj: -0.7308, Eq Viol (l1): 0.000066, Ineq Viol (l1): 0.000001, Epoch time: 2.72s
Epoch 46/300, Loss: 0.2735, Obj: -0.8229, Eq Viol (l1): 0.000068, Ineq Viol (l1): 0.000001, Epoch time: 2.70s
Epoch 47/300, Loss: 0.3036, Obj: -0.9104, Eq Viol (l1): 0.000070, Ineq Viol (l1): 0.000001, Epoch time: 2.72s
Epoch 48/300, Loss: 0.1399, Obj: -1.0143, Eq Viol (l1): 0.000064, Ineq Viol (l1): 0.000001, Epoch time: 2.74s
Epoch 49/300, Loss: -0.0759, Obj: -1.1175, Eq Viol (l1): 0.000064, Ineq Viol (l1): 0.000001, Epoch time: 2.73s
Epoch 50/300, Loss: -0.0403, Obj: -1.3266, Eq Viol (l1): 0.000063, Ineq Viol (l1): 0.000001, Epoch time: 2.75s
Epoch 51/300, Loss: -0.1840, Obj: -1.3473, Eq Viol (l1): 0.000069, Ineq Viol (l1): 0.000001, Epoch time: 2.73s

Running validation at epoch 50...

VALIDATION_EPOCH_50 EVALUATION RESULTS:
==================================================
Objective Value:     -1.654610e+00
True Objective:      -2.413704e+00
Optimality Gap:      -1.965564e+00 ± 1.103257e+00
Eq Violation l1:   7.191259e-05 (max: 1.298952e-03)
Ineq Violation l1: 8.170097e-07 (max: 3.717359e-05)
Solution Distance:   7.376329e+01 ± 1.247079e+00
Merit:             -1.653883e+00 ± 4.064670e-02
Avg Inference Time:  0.0779s
==================================================
Epoch 52/300, Loss: -0.2007, Obj: -1.5144, Eq Viol (l1): 0.000058, Ineq Viol (l1): 0.000001, Epoch time: 2.75s
Epoch 53/300, Loss: -0.5824, Obj: -1.7358, Eq Viol (l1): 0.000063, Ineq Viol (l1): 0.000001, Epoch time: 2.73s
Epoch 54/300, Loss: -0.8408, Obj: -1.8665, Eq Viol (l1): 0.000059, Ineq Viol (l1): 0.000000, Epoch time: 2.69s
Epoch 55/300, Loss: -1.0848, Obj: -2.0769, Eq Viol (l1): 0.000061, Ineq Viol (l1): 0.000000, Epoch time: 2.70s
Epoch 56/300, Loss: -1.1251, Obj: -2.1859, Eq Viol (l1): 0.000055, Ineq Viol (l1): 0.000000, Epoch time: 2.72s
Epoch 57/300, Loss: -1.0149, Obj: -2.1133, Eq Viol (l1): 0.000056, Ineq Viol (l1): 0.000000, Epoch time: 2.75s
Epoch 58/300, Loss: -1.1385, Obj: -2.1675, Eq Viol (l1): 0.000054, Ineq Viol (l1): 0.000000, Epoch time: 2.73s
Epoch 59/300, Loss: -0.8041, Obj: -2.0434, Eq Viol (l1): 0.000061, Ineq Viol (l1): 0.000000, Epoch time: 2.72s
Epoch 60/300, Loss: -1.0898, Obj: -2.2018, Eq Viol (l1): 0.000065, Ineq Viol (l1): 0.000001, Epoch time: 2.70s
Epoch 61/300, Loss: -1.3085, Obj: -2.3169, Eq Viol (l1): 0.000046, Ineq Viol (l1): 0.000000, Epoch time: 2.77s

Running validation at epoch 60...

VALIDATION_EPOCH_60 EVALUATION RESULTS:
==================================================
Objective Value:     -2.003819e+00
True Objective:      -2.413704e+00
Optimality Gap:      -2.743639e+00 ± 1.417056e+00
Eq Violation l1:   6.468394e-05 (max: 2.194436e-03)
Ineq Violation l1: 2.514041e-07 (max: 2.600766e-05)
Solution Distance:   7.551261e+01 ± 1.699882e+00
Merit:             -2.003170e+00 ± 4.952194e-02
Avg Inference Time:  0.0730s
==================================================
Epoch 62/300, Loss: -1.1832, Obj: -2.2484, Eq Viol (l1): 0.000057, Ineq Viol (l1): 0.000000, Epoch time: 2.72s
Epoch 63/300, Loss: -1.2137, Obj: -2.2596, Eq Viol (l1): 0.000067, Ineq Viol (l1): 0.000001, Epoch time: 2.73s
Epoch 64/300, Loss: -1.2760, Obj: -2.2264, Eq Viol (l1): 0.000062, Ineq Viol (l1): 0.000001, Epoch time: 2.71s
Epoch 65/300, Loss: -1.2720, Obj: -2.3022, Eq Viol (l1): 0.000058, Ineq Viol (l1): 0.000001, Epoch time: 2.73s
Epoch 66/300, Loss: -1.2987, Obj: -2.2971, Eq Viol (l1): 0.000052, Ineq Viol (l1): 0.000000, Epoch time: 2.72s
Epoch 67/300, Loss: -1.0852, Obj: -2.3154, Eq Viol (l1): 0.000043, Ineq Viol (l1): 0.000000, Epoch time: 2.90s
Epoch 68/300, Loss: -1.1951, Obj: -2.2564, Eq Viol (l1): 0.000051, Ineq Viol (l1): 0.000001, Epoch time: 2.76s
Epoch 69/300, Loss: -0.9804, Obj: -2.2798, Eq Viol (l1): 0.000043, Ineq Viol (l1): 0.000000, Epoch time: 2.82s
Epoch 70/300, Loss: -1.2904, Obj: -2.4031, Eq Viol (l1): 0.000046, Ineq Viol (l1): 0.000000, Epoch time: 2.80s
Epoch 71/300, Loss: -1.2228, Obj: -2.3372, Eq Viol (l1): 0.000041, Ineq Viol (l1): 0.000000, Epoch time: 2.80s

Running validation at epoch 70...

VALIDATION_EPOCH_70 EVALUATION RESULTS:
==================================================
Objective Value:     -2.116593e+00
True Objective:      -2.413704e+00
Optimality Gap:      -2.993606e+00 ± 1.499113e+00
Eq Violation l1:   3.292307e-05 (max: 2.580983e-03)
Ineq Violation l1: 3.544199e-07 (max: 7.543809e-05)
Solution Distance:   7.614821e+01 ± 1.837718e+00
Merit:             -2.116260e+00 ± 4.900970e-02
Avg Inference Time:  0.0777s
==================================================
Epoch 72/300, Loss: -0.8188, Obj: -2.1599, Eq Viol (l1): 0.000036, Ineq Viol (l1): 0.000000, Epoch time: 2.83s
Epoch 73/300, Loss: -0.9784, Obj: -2.2784, Eq Viol (l1): 0.000038, Ineq Viol (l1): 0.000000, Epoch time: 2.81s
Epoch 74/300, Loss: -0.4148, Obj: -1.9177, Eq Viol (l1): 0.000040, Ineq Viol (l1): 0.000000, Epoch time: 2.84s
Epoch 75/300, Loss: -0.6568, Obj: -2.1143, Eq Viol (l1): 0.000035, Ineq Viol (l1): 0.000000, Epoch time: 2.85s
Epoch 76/300, Loss: -0.4026, Obj: -2.2201, Eq Viol (l1): 0.000031, Ineq Viol (l1): 0.000000, Epoch time: 2.88s
Epoch 77/300, Loss: -0.3464, Obj: -1.9747, Eq Viol (l1): 0.000035, Ineq Viol (l1): 0.000000, Epoch time: 2.82s
Epoch 78/300, Loss: -0.2203, Obj: -1.9467, Eq Viol (l1): 0.000043, Ineq Viol (l1): 0.000000, Epoch time: 2.86s
Epoch 79/300, Loss: 0.8401, Obj: -1.7674, Eq Viol (l1): 0.000024, Ineq Viol (l1): 0.000000, Epoch time: 2.92s
Epoch 80/300, Loss: -0.5758, Obj: -2.0544, Eq Viol (l1): 0.000043, Ineq Viol (l1): 0.000000, Epoch time: 2.80s
Epoch 81/300, Loss: -0.9343, Obj: -2.1854, Eq Viol (l1): 0.000036, Ineq Viol (l1): 0.000001, Epoch time: 2.81s

Running validation at epoch 80...

VALIDATION_EPOCH_80 EVALUATION RESULTS:
==================================================
Objective Value:     -2.414230e+00
True Objective:      -2.413704e+00
Optimality Gap:      -3.536890e+00 ± 1.661527e+00
Eq Violation l1:   6.099070e-05 (max: 2.160898e-03)
Ineq Violation l1: 5.200247e-07 (max: 5.070306e-05)
Solution Distance:   7.532298e+01 ± 1.699621e+00
Merit:             -2.413615e+00 ± 4.785162e-02
Avg Inference Time:  0.0780s
==================================================
Epoch 82/300, Loss: -0.9878, Obj: -2.3824, Eq Viol (l1): 0.000044, Ineq Viol (l1): 0.000001, Epoch time: 2.83s
Epoch 83/300, Loss: -1.0623, Obj: -2.3189, Eq Viol (l1): 0.000044, Ineq Viol (l1): 0.000000, Epoch time: 2.81s
Epoch 84/300, Loss: -1.0443, Obj: -2.1980, Eq Viol (l1): 0.000034, Ineq Viol (l1): 0.000000, Epoch time: 2.81s
Epoch 85/300, Loss: -1.0777, Obj: -2.2903, Eq Viol (l1): 0.000047, Ineq Viol (l1): 0.000000, Epoch time: 2.81s
Epoch 86/300, Loss: -1.1158, Obj: -2.2809, Eq Viol (l1): 0.000041, Ineq Viol (l1): 0.000000, Epoch time: 2.79s
Epoch 87/300, Loss: -0.7631, Obj: -2.1503, Eq Viol (l1): 0.000053, Ineq Viol (l1): 0.000000, Epoch time: 2.78s
Epoch 88/300, Loss: -0.9412, Obj: -2.2406, Eq Viol (l1): 0.000033, Ineq Viol (l1): 0.000000, Epoch time: 2.85s
Epoch 89/300, Loss: -0.9990, Obj: -2.3282, Eq Viol (l1): 0.000041, Ineq Viol (l1): 0.000000, Epoch time: 2.82s
Epoch 90/300, Loss: -0.9694, Obj: -2.2586, Eq Viol (l1): 0.000043, Ineq Viol (l1): 0.000000, Epoch time: 2.82s
Epoch 91/300, Loss: -0.5615, Obj: -2.3061, Eq Viol (l1): 0.000047, Ineq Viol (l1): 0.000000, Epoch time: 2.83s

Running validation at epoch 90...

VALIDATION_EPOCH_90 EVALUATION RESULTS:
==================================================
Objective Value:     -2.334313e+00
True Objective:      -2.413704e+00
Optimality Gap:      -3.437536e+00 ± 1.538106e+00
Eq Violation l1:   3.601784e-05 (max: 2.690246e-03)
Ineq Violation l1: 4.308227e-07 (max: 1.035182e-04)
Solution Distance:   7.613958e+01 ± 1.708954e+00
Merit:             -2.333948e+00 ± 5.711869e-02
Avg Inference Time:  0.0896s
==================================================
Epoch 92/300, Loss: 0.0402, Obj: -2.0767, Eq Viol (l1): 0.000031, Ineq Viol (l1): 0.000000, Epoch time: 2.93s
Epoch 93/300, Loss: -0.6246, Obj: -2.0797, Eq Viol (l1): 0.000031, Ineq Viol (l1): 0.000000, Epoch time: 2.86s
Epoch 94/300, Loss: -0.7291, Obj: -2.2186, Eq Viol (l1): 0.000035, Ineq Viol (l1): 0.000000, Epoch time: 2.90s
Epoch 95/300, Loss: 0.0646, Obj: -1.9504, Eq Viol (l1): 0.000028, Ineq Viol (l1): 0.000001, Epoch time: 2.99s
Epoch 96/300, Loss: -0.5921, Obj: -2.1909, Eq Viol (l1): 0.000032, Ineq Viol (l1): 0.000001, Epoch time: 3.01s
Epoch 97/300, Loss: -0.7406, Obj: -2.2077, Eq Viol (l1): 0.000023, Ineq Viol (l1): 0.000001, Epoch time: 2.96s
Epoch 98/300, Loss: -0.8651, Obj: -2.3177, Eq Viol (l1): 0.000028, Ineq Viol (l1): 0.000001, Epoch time: 2.96s
Epoch 99/300, Loss: 0.2495, Obj: -1.6690, Eq Viol (l1): 0.000026, Ineq Viol (l1): 0.000000, Epoch time: 3.00s
Epoch 100/300, Loss: -0.1936, Obj: -1.8278, Eq Viol (l1): 0.000034, Ineq Viol (l1): 0.000000, Epoch time: 2.87s
Epoch 101/300, Loss: -0.5931, Obj: -2.0363, Eq Viol (l1): 0.000044, Ineq Viol (l1): 0.000000, Epoch time: 2.92s

Running validation at epoch 100...

VALIDATION_EPOCH_100 EVALUATION RESULTS:
==================================================
Objective Value:     -2.625749e+00
True Objective:      -2.413704e+00
Optimality Gap:      -3.956402e+00 ± 1.726891e+00
Eq Violation l1:   5.346918e-05 (max: 2.244423e-03)
Ineq Violation l1: 3.993806e-07 (max: 9.611918e-05)
Solution Distance:   7.599835e+01 ± 1.705805e+00
Merit:             -2.625210e+00 ± 5.801186e-02
Avg Inference Time:  0.0831s
==================================================
Epoch 102/300, Loss: -0.5562, Obj: -2.2007, Eq Viol (l1): 0.000036, Ineq Viol (l1): 0.000000, Epoch time: 2.85s
Epoch 103/300, Loss: -1.1188, Obj: -2.2996, Eq Viol (l1): 0.000041, Ineq Viol (l1): 0.000000, Epoch time: 2.82s
Epoch 104/300, Loss: -1.1032, Obj: -2.3027, Eq Viol (l1): 0.000029, Ineq Viol (l1): 0.000000, Epoch time: 2.86s
Epoch 105/300, Loss: -0.4775, Obj: -2.0720, Eq Viol (l1): 0.000023, Ineq Viol (l1): 0.000000, Epoch time: 2.95s
Epoch 106/300, Loss: -0.4525, Obj: -2.1204, Eq Viol (l1): 0.000026, Ineq Viol (l1): 0.000000, Epoch time: 2.98s
Epoch 107/300, Loss: -0.4444, Obj: -2.0811, Eq Viol (l1): 0.000029, Ineq Viol (l1): 0.000000, Epoch time: 2.90s
Epoch 108/300, Loss: 0.1015, Obj: -1.7773, Eq Viol (l1): 0.000033, Ineq Viol (l1): 0.000000, Epoch time: 2.98s
Epoch 109/300, Loss: 0.2964, Obj: -1.5442, Eq Viol (l1): 0.000027, Ineq Viol (l1): 0.000000, Epoch time: 2.95s
Epoch 110/300, Loss: -0.4610, Obj: -2.0638, Eq Viol (l1): 0.000030, Ineq Viol (l1): 0.000001, Epoch time: 2.99s
Epoch 111/300, Loss: 1.2670, Obj: -1.7910, Eq Viol (l1): 0.000039, Ineq Viol (l1): 0.000002, Epoch time: 3.07s

Running validation at epoch 110...

VALIDATION_EPOCH_110 EVALUATION RESULTS:
==================================================
Objective Value:     -1.835450e+00
True Objective:      -2.413704e+00
Optimality Gap:      -2.787983e+00 ± 1.485802e+00
Eq Violation l1:   1.287077e-05 (max: 3.703848e-03)
Ineq Violation l1: 4.127867e-07 (max: 1.915838e-04)
Solution Distance:   7.939195e+01 ± 1.782749e+00
Merit:             -1.835317e+00 ± 8.554009e-02
Avg Inference Time:  0.1044s
==================================================
Epoch 112/300, Loss: 0.5428, Obj: -1.6712, Eq Viol (l1): 0.000026, Ineq Viol (l1): 0.000001, Epoch time: 3.04s
Epoch 113/300, Loss: 0.1661, Obj: -1.5473, Eq Viol (l1): 0.000031, Ineq Viol (l1): 0.000001, Epoch time: 2.92s
Epoch 114/300, Loss: -0.4126, Obj: -2.2013, Eq Viol (l1): 0.000030, Ineq Viol (l1): 0.000000, Epoch time: 2.95s
Epoch 115/300, Loss: -0.8753, Obj: -2.2432, Eq Viol (l1): 0.000024, Ineq Viol (l1): 0.000000, Epoch time: 2.94s
Epoch 116/300, Loss: -0.4607, Obj: -2.1238, Eq Viol (l1): 0.000021, Ineq Viol (l1): 0.000000, Epoch time: 3.03s
Epoch 117/300, Loss: -0.5868, Obj: -2.2865, Eq Viol (l1): 0.000037, Ineq Viol (l1): 0.000002, Epoch time: 2.98s
Epoch 118/300, Loss: -0.7903, Obj: -2.1953, Eq Viol (l1): 0.000025, Ineq Viol (l1): 0.000000, Epoch time: 2.93s
Epoch 119/300, Loss: -0.3632, Obj: -2.1360, Eq Viol (l1): 0.000037, Ineq Viol (l1): 0.000000, Epoch time: 2.93s
Epoch 120/300, Loss: -0.8509, Obj: -2.1410, Eq Viol (l1): 0.000031, Ineq Viol (l1): 0.000000, Epoch time: 2.92s
Epoch 121/300, Loss: -0.8786, Obj: -2.2255, Eq Viol (l1): 0.000026, Ineq Viol (l1): 0.000000, Epoch time: 2.94s

Running validation at epoch 120...

VALIDATION_EPOCH_120 EVALUATION RESULTS:
==================================================
Objective Value:     -2.304707e+00
True Objective:      -2.413704e+00
Optimality Gap:      -3.300689e+00 ± 1.451011e+00
Eq Violation l1:   1.780444e-05 (max: 3.337819e-03)
Ineq Violation l1: 2.576541e-07 (max: 6.197764e-05)
Solution Distance:   7.853060e+01 ± 1.725063e+00
Merit:             -2.304526e+00 ± 6.406359e-02
Avg Inference Time:  0.0987s
==================================================
Epoch 122/300, Loss: 0.8935, Obj: -1.8302, Eq Viol (l1): 0.000053, Ineq Viol (l1): 0.000003, Epoch time: 3.03s
Epoch 123/300, Loss: 0.6630, Obj: -1.7660, Eq Viol (l1): 0.000027, Ineq Viol (l1): 0.000001, Epoch time: 3.11s
Epoch 124/300, Loss: 0.2745, Obj: -1.9390, Eq Viol (l1): 0.000020, Ineq Viol (l1): 0.000000, Epoch time: 3.14s
Epoch 125/300, Loss: -0.1156, Obj: -2.0716, Eq Viol (l1): 0.000028, Ineq Viol (l1): 0.000000, Epoch time: 2.97s
Epoch 126/300, Loss: -0.3256, Obj: -1.9960, Eq Viol (l1): 0.000021, Ineq Viol (l1): 0.000000, Epoch time: 2.96s
Epoch 127/300, Loss: -0.2118, Obj: -2.1568, Eq Viol (l1): 0.000023, Ineq Viol (l1): 0.000000, Epoch time: 3.01s
Epoch 128/300, Loss: -0.2385, Obj: -2.0718, Eq Viol (l1): 0.000030, Ineq Viol (l1): 0.000000, Epoch time: 2.96s
Epoch 129/300, Loss: -0.2154, Obj: -1.9510, Eq Viol (l1): 0.000025, Ineq Viol (l1): 0.000000, Epoch time: 3.07s
Epoch 130/300, Loss: -0.7164, Obj: -2.1214, Eq Viol (l1): 0.000029, Ineq Viol (l1): 0.000000, Epoch time: 2.92s
Epoch 131/300, Loss: 0.1176, Obj: -1.8186, Eq Viol (l1): 0.000032, Ineq Viol (l1): 0.000001, Epoch time: 3.00s

Running validation at epoch 130...

VALIDATION_EPOCH_130 EVALUATION RESULTS:
==================================================
Objective Value:     -1.509900e+00
True Objective:      -2.413704e+00
Optimality Gap:      -1.907229e+00 ± 9.757350e-01
Eq Violation l1:   1.877740e-05 (max: 2.676998e-03)
Ineq Violation l1: 2.666544e-07 (max: 1.030483e-04)
Solution Distance:   8.035922e+01 ± 1.858942e+00
Merit:             -1.509709e+00 ± 5.178193e-02
Avg Inference Time:  0.0973s
==================================================
Epoch 132/300, Loss: 1.3200, Obj: -1.4533, Eq Viol (l1): 0.000025, Ineq Viol (l1): 0.000002, Epoch time: 3.19s
Epoch 133/300, Loss: -0.0715, Obj: -1.9428, Eq Viol (l1): 0.000021, Ineq Viol (l1): 0.000000, Epoch time: 3.00s
Epoch 134/300, Loss: 0.4300, Obj: -1.9952, Eq Viol (l1): 0.000022, Ineq Viol (l1): 0.000000, Epoch time: 3.02s
Epoch 135/300, Loss: 0.3246, Obj: -2.0633, Eq Viol (l1): 0.000023, Ineq Viol (l1): 0.000000, Epoch time: 3.12s
Epoch 136/300, Loss: 0.2588, Obj: -1.9334, Eq Viol (l1): 0.000025, Ineq Viol (l1): 0.000000, Epoch time: 3.02s
Epoch 137/300, Loss: 1.7731, Obj: -1.5757, Eq Viol (l1): 0.000022, Ineq Viol (l1): 0.000000, Epoch time: 3.11s
Epoch 138/300, Loss: 0.4975, Obj: -1.5040, Eq Viol (l1): 0.000023, Ineq Viol (l1): 0.000000, Epoch time: 3.03s
Epoch 139/300, Loss: -0.1033, Obj: -2.0029, Eq Viol (l1): 0.000022, Ineq Viol (l1): 0.000000, Epoch time: 3.01s
Epoch 140/300, Loss: 1.2694, Obj: -1.8347, Eq Viol (l1): 0.000023, Ineq Viol (l1): 0.000000, Epoch time: 3.03s
Epoch 141/300, Loss: 0.1821, Obj: -1.7185, Eq Viol (l1): 0.000023, Ineq Viol (l1): 0.000000, Epoch time: 3.03s

Running validation at epoch 140...

VALIDATION_EPOCH_140 EVALUATION RESULTS:
==================================================
Objective Value:     -1.811367e+00
True Objective:      -2.413704e+00
Optimality Gap:      -2.570980e+00 ± 1.241950e+00
Eq Violation l1:   2.019581e-05 (max: 2.226455e-03)
Ineq Violation l1: 4.915215e-07 (max: 1.451721e-04)
Solution Distance:   8.162694e+01 ± 1.879498e+00
Merit:             -1.811160e+00 ± 4.425088e-02
Avg Inference Time:  0.0939s
==================================================
Epoch 142/300, Loss: 0.3030, Obj: -1.8108, Eq Viol (l1): 0.000018, Ineq Viol (l1): 0.000000, Epoch time: 3.08s
Epoch 143/300, Loss: 0.5689, Obj: -2.0675, Eq Viol (l1): 0.000026, Ineq Viol (l1): 0.000000, Epoch time: 3.00s
Epoch 144/300, Loss: -0.4559, Obj: -1.9545, Eq Viol (l1): 0.000021, Ineq Viol (l1): 0.000000, Epoch time: 2.98s
Epoch 145/300, Loss: -0.4519, Obj: -2.0656, Eq Viol (l1): 0.000021, Ineq Viol (l1): 0.000000, Epoch time: 3.00s
Epoch 146/300, Loss: -0.3929, Obj: -1.9192, Eq Viol (l1): 0.000023, Ineq Viol (l1): 0.000001, Epoch time: 2.96s
Epoch 147/300, Loss: -0.5941, Obj: -2.2930, Eq Viol (l1): 0.000026, Ineq Viol (l1): 0.000000, Epoch time: 3.00s
Epoch 148/300, Loss: 0.0445, Obj: -2.0596, Eq Viol (l1): 0.000031, Ineq Viol (l1): 0.000002, Epoch time: 3.02s
Epoch 149/300, Loss: 0.0627, Obj: -1.8033, Eq Viol (l1): 0.000024, Ineq Viol (l1): 0.000001, Epoch time: 3.07s
Epoch 150/300, Loss: 0.3057, Obj: -1.8490, Eq Viol (l1): 0.000020, Ineq Viol (l1): 0.000001, Epoch time: 3.10s
Epoch 151/300, Loss: 0.7220, Obj: -1.7693, Eq Viol (l1): 0.000021, Ineq Viol (l1): 0.000000, Epoch time: 3.00s

Running validation at epoch 150...

VALIDATION_EPOCH_150 EVALUATION RESULTS:
==================================================
Objective Value:     -2.548655e+00
True Objective:      -2.413704e+00
Optimality Gap:      -3.830415e+00 ± 1.640224e+00
Eq Violation l1:   3.706280e-05 (max: 2.004756e-03)
Ineq Violation l1: 4.139305e-07 (max: 7.600117e-05)
Solution Distance:   7.879182e+01 ± 1.656701e+00
Merit:             -2.548280e+00 ± 5.719179e-02
Avg Inference Time:  0.0874s
==================================================
Epoch 152/300, Loss: -0.4450, Obj: -2.2573, Eq Viol (l1): 0.000031, Ineq Viol (l1): 0.000002, Epoch time: 3.02s
Epoch 153/300, Loss: -0.2156, Obj: -2.1511, Eq Viol (l1): 0.000024, Ineq Viol (l1): 0.000001, Epoch time: 3.02s
Epoch 154/300, Loss: -0.5135, Obj: -2.2936, Eq Viol (l1): 0.000021, Ineq Viol (l1): 0.000000, Epoch time: 3.01s
Epoch 155/300, Loss: -0.6400, Obj: -2.1939, Eq Viol (l1): 0.000018, Ineq Viol (l1): 0.000000, Epoch time: 3.07s
Epoch 156/300, Loss: -0.4706, Obj: -2.3490, Eq Viol (l1): 0.000019, Ineq Viol (l1): 0.000000, Epoch time: 3.03s
Epoch 157/300, Loss: -0.1249, Obj: -2.2274, Eq Viol (l1): 0.000070, Ineq Viol (l1): 0.000007, Epoch time: 3.03s
Epoch 158/300, Loss: -0.5807, Obj: -2.1210, Eq Viol (l1): 0.000035, Ineq Viol (l1): 0.000002, Epoch time: 2.97s
Epoch 159/300, Loss: -0.3576, Obj: -1.9694, Eq Viol (l1): 0.000038, Ineq Viol (l1): 0.000003, Epoch time: 3.02s
Epoch 160/300, Loss: -0.9578, Obj: -2.2507, Eq Viol (l1): 0.000032, Ineq Viol (l1): 0.000003, Epoch time: 3.04s
Epoch 161/300, Loss: -0.9402, Obj: -2.4417, Eq Viol (l1): 0.000040, Ineq Viol (l1): 0.000002, Epoch time: 3.00s

Running validation at epoch 160...

VALIDATION_EPOCH_160 EVALUATION RESULTS:
==================================================
Objective Value:     -2.104885e+00
True Objective:      -2.413704e+00
Optimality Gap:      -2.993546e+00 ± 1.205460e+00
Eq Violation l1:   2.598194e-05 (max: 2.272340e-03)
Ineq Violation l1: 1.520425e-07 (max: 3.123284e-05)
Solution Distance:   8.041961e+01 ± 1.697677e+00
Merit:             -2.104623e+00 ± 4.588498e-02
Avg Inference Time:  0.0842s
==================================================
Epoch 162/300, Loss: -0.5307, Obj: -2.0483, Eq Viol (l1): 0.000030, Ineq Viol (l1): 0.000002, Epoch time: 3.05s
Epoch 163/300, Loss: -0.5777, Obj: -2.1142, Eq Viol (l1): 0.000029, Ineq Viol (l1): 0.000001, Epoch time: 3.03s
Epoch 164/300, Loss: -0.9636, Obj: -2.3934, Eq Viol (l1): 0.000026, Ineq Viol (l1): 0.000001, Epoch time: 3.06s
Epoch 165/300, Loss: -0.5644, Obj: -2.2051, Eq Viol (l1): 0.000019, Ineq Viol (l1): 0.000000, Epoch time: 3.07s
Epoch 166/300, Loss: -0.1662, Obj: -2.4535, Eq Viol (l1): 0.000020, Ineq Viol (l1): 0.000000, Epoch time: 3.10s
Epoch 167/300, Loss: 0.6190, Obj: -1.9504, Eq Viol (l1): 0.000017, Ineq Viol (l1): 0.000000, Epoch time: 3.07s
Epoch 168/300, Loss: -0.3096, Obj: -2.1103, Eq Viol (l1): 0.000030, Ineq Viol (l1): 0.000001, Epoch time: 3.03s
Epoch 169/300, Loss: -0.0747, Obj: -2.2113, Eq Viol (l1): 0.000021, Ineq Viol (l1): 0.000000, Epoch time: 3.19s
Epoch 170/300, Loss: -0.1868, Obj: -2.1158, Eq Viol (l1): 0.000022, Ineq Viol (l1): 0.000001, Epoch time: 3.07s
Epoch 171/300, Loss: -0.3226, Obj: -2.1385, Eq Viol (l1): 0.000029, Ineq Viol (l1): 0.000001, Epoch time: 3.05s

Running validation at epoch 170...

VALIDATION_EPOCH_170 EVALUATION RESULTS:
==================================================
Objective Value:     -2.360219e+00
True Objective:      -2.413704e+00
Optimality Gap:      -3.436668e+00 ± 1.461932e+00
Eq Violation l1:   2.670263e-05 (max: 1.799154e-03)
Ineq Violation l1: 3.891202e-07 (max: 6.206302e-05)
Solution Distance:   7.909518e+01 ± 1.799821e+00
Merit:             -2.359948e+00 ± 3.435357e-02
Avg Inference Time:  0.0922s
==================================================
Epoch 172/300, Loss: -0.1887, Obj: -2.0083, Eq Viol (l1): 0.000019, Ineq Viol (l1): 0.000000, Epoch time: 3.09s
Epoch 173/300, Loss: 0.3257, Obj: -2.1640, Eq Viol (l1): 0.000026, Ineq Viol (l1): 0.000000, Epoch time: 3.04s
Epoch 174/300, Loss: 0.1537, Obj: -2.2056, Eq Viol (l1): 0.000026, Ineq Viol (l1): 0.000001, Epoch time: 3.09s
Epoch 175/300, Loss: 0.4367, Obj: -1.3837, Eq Viol (l1): 0.000020, Ineq Viol (l1): 0.000000, Epoch time: 3.09s
Epoch 176/300, Loss: 1.0869, Obj: -1.5658, Eq Viol (l1): 0.000019, Ineq Viol (l1): 0.000000, Epoch time: 3.11s
Epoch 177/300, Loss: 0.3507, Obj: -1.8192, Eq Viol (l1): 0.000017, Ineq Viol (l1): 0.000000, Epoch time: 3.17s
Epoch 178/300, Loss: 0.2401, Obj: -2.1406, Eq Viol (l1): 0.000016, Ineq Viol (l1): 0.000000, Epoch time: 3.15s
Epoch 179/300, Loss: 0.1235, Obj: -2.1621, Eq Viol (l1): 0.000020, Ineq Viol (l1): 0.000001, Epoch time: 3.10s
Epoch 180/300, Loss: 0.7565, Obj: -1.8006, Eq Viol (l1): 0.000020, Ineq Viol (l1): 0.000000, Epoch time: 3.17s
Epoch 181/300, Loss: -0.3013, Obj: -2.2797, Eq Viol (l1): 0.000025, Ineq Viol (l1): 0.000003, Epoch time: 3.17s

Running validation at epoch 180...

VALIDATION_EPOCH_180 EVALUATION RESULTS:
==================================================
Objective Value:     -2.436691e+00
True Objective:      -2.413704e+00
Optimality Gap:      -3.673129e+00 ± 1.573879e+00
Eq Violation l1:   3.241896e-05 (max: 2.228960e-03)
Ineq Violation l1: 4.237676e-07 (max: 1.046515e-04)
Solution Distance:   7.864937e+01 ± 1.733261e+00
Merit:             -2.436362e+00 ± 5.922888e-02
Avg Inference Time:  0.0872s
==================================================
Epoch 182/300, Loss: -0.2224, Obj: -2.1432, Eq Viol (l1): 0.000016, Ineq Viol (l1): 0.000000, Epoch time: 3.17s
Epoch 183/300, Loss: -0.3271, Obj: -1.8698, Eq Viol (l1): 0.000024, Ineq Viol (l1): 0.000001, Epoch time: 3.11s
Epoch 184/300, Loss: 0.2256, Obj: -1.9423, Eq Viol (l1): 0.000019, Ineq Viol (l1): 0.000000, Epoch time: 3.17s
Epoch 185/300, Loss: 0.1757, Obj: -2.2087, Eq Viol (l1): 0.000033, Ineq Viol (l1): 0.000001, Epoch time: 3.09s
Epoch 186/300, Loss: -0.1736, Obj: -2.2786, Eq Viol (l1): 0.000021, Ineq Viol (l1): 0.000000, Epoch time: 3.14s
Epoch 187/300, Loss: -0.3566, Obj: -2.0517, Eq Viol (l1): 0.000023, Ineq Viol (l1): 0.000000, Epoch time: 3.07s
Epoch 188/300, Loss: -0.3215, Obj: -1.9771, Eq Viol (l1): 0.000018, Ineq Viol (l1): 0.000000, Epoch time: 3.12s
Epoch 189/300, Loss: -0.6336, Obj: -2.2240, Eq Viol (l1): 0.000017, Ineq Viol (l1): 0.000000, Epoch time: 3.11s
Epoch 190/300, Loss: 1.1701, Obj: -1.7412, Eq Viol (l1): 0.000031, Ineq Viol (l1): 0.000002, Epoch time: 3.19s
Epoch 191/300, Loss: 1.2764, Obj: -1.2211, Eq Viol (l1): 0.000015, Ineq Viol (l1): 0.000000, Epoch time: 3.26s

Running validation at epoch 190...

VALIDATION_EPOCH_190 EVALUATION RESULTS:
==================================================
Objective Value:     -1.332899e+00
True Objective:      -2.413704e+00
Optimality Gap:      -1.983338e+00 ± 1.182512e+00
Eq Violation l1:   1.795145e-05 (max: 2.751346e-03)
Ineq Violation l1: 4.175900e-07 (max: 1.217126e-04)
Solution Distance:   8.206283e+01 ± 1.740265e+00
Merit:             -1.332715e+00 ± 5.320001e-02
Avg Inference Time:  0.1031s
==================================================
Epoch 192/300, Loss: 1.4467, Obj: -1.3245, Eq Viol (l1): 0.000017, Ineq Viol (l1): 0.000000, Epoch time: 3.17s
Epoch 193/300, Loss: 0.3366, Obj: -1.9300, Eq Viol (l1): 0.000025, Ineq Viol (l1): 0.000001, Epoch time: 3.15s
Epoch 194/300, Loss: 0.6192, Obj: -1.8813, Eq Viol (l1): 0.000031, Ineq Viol (l1): 0.000002, Epoch time: 3.14s
Epoch 195/300, Loss: 0.2992, Obj: -2.0483, Eq Viol (l1): 0.000043, Ineq Viol (l1): 0.000004, Epoch time: 3.16s
Epoch 196/300, Loss: 0.8560, Obj: -1.6871, Eq Viol (l1): 0.000040, Ineq Viol (l1): 0.000004, Epoch time: 3.14s
Epoch 197/300, Loss: 0.5051, Obj: -2.0518, Eq Viol (l1): 0.000040, Ineq Viol (l1): 0.000004, Epoch time: 3.16s
Epoch 198/300, Loss: 0.3812, Obj: -1.9783, Eq Viol (l1): 0.000028, Ineq Viol (l1): 0.000001, Epoch time: 3.16s
Epoch 199/300, Loss: 1.0158, Obj: -1.5699, Eq Viol (l1): 0.000038, Ineq Viol (l1): 0.000003, Epoch time: 3.10s
Epoch 200/300, Loss: 0.6362, Obj: -1.8565, Eq Viol (l1): 0.000033, Ineq Viol (l1): 0.000002, Epoch time: 3.06s
Epoch 201/300, Loss: 0.1736, Obj: -1.9242, Eq Viol (l1): 0.000040, Ineq Viol (l1): 0.000002, Epoch time: 3.17s

Running validation at epoch 200...

VALIDATION_EPOCH_200 EVALUATION RESULTS:
==================================================
Objective Value:     -2.120026e+00
True Objective:      -2.413704e+00
Optimality Gap:      -3.085345e+00 ± 1.323943e+00
Eq Violation l1:   3.093005e-05 (max: 2.414104e-03)
Ineq Violation l1: 1.987118e-07 (max: 2.435725e-05)
Solution Distance:   8.002670e+01 ± 1.612392e+00
Merit:             -2.119714e+00 ± 4.431494e-02
Avg Inference Time:  0.0894s
==================================================
Epoch 202/300, Loss: 1.3459, Obj: -1.9524, Eq Viol (l1): 0.000041, Ineq Viol (l1): 0.000003, Epoch time: 3.14s
Epoch 203/300, Loss: 0.8227, Obj: -1.2957, Eq Viol (l1): 0.000023, Ineq Viol (l1): 0.000001, Epoch time: 3.13s
Epoch 204/300, Loss: 0.3601, Obj: -1.8035, Eq Viol (l1): 0.000018, Ineq Viol (l1): 0.000000, Epoch time: 3.10s
Epoch 205/300, Loss: 0.3490, Obj: -1.9769, Eq Viol (l1): 0.000018, Ineq Viol (l1): 0.000000, Epoch time: 3.06s
Epoch 206/300, Loss: 0.9871, Obj: -2.1061, Eq Viol (l1): 0.000059, Ineq Viol (l1): 0.000010, Epoch time: 3.20s
Epoch 207/300, Loss: 2.4704, Obj: -1.0689, Eq Viol (l1): 0.000104, Ineq Viol (l1): 0.000013, Epoch time: 3.21s
Epoch 208/300, Loss: 1.3850, Obj: -1.2258, Eq Viol (l1): 0.000045, Ineq Viol (l1): 0.000006, Epoch time: 3.15s
Epoch 209/300, Loss: 0.7165, Obj: -1.9216, Eq Viol (l1): 0.000022, Ineq Viol (l1): 0.000001, Epoch time: 3.16s
Epoch 210/300, Loss: 1.0332, Obj: -1.9218, Eq Viol (l1): 0.000033, Ineq Viol (l1): 0.000002, Epoch time: 3.15s
Epoch 211/300, Loss: 1.7338, Obj: -1.6825, Eq Viol (l1): 0.000049, Ineq Viol (l1): 0.000005, Epoch time: 3.17s

Running validation at epoch 210...

VALIDATION_EPOCH_210 EVALUATION RESULTS:
==================================================
Objective Value:     -1.163040e+00
True Objective:      -2.413704e+00
Optimality Gap:      -9.932148e-01 ± 6.121510e-01
Eq Violation l1:   2.482041e-05 (max: 2.133860e-03)
Ineq Violation l1: 5.365193e-07 (max: 1.619502e-04)
Solution Distance:   8.471899e+01 ± 1.879737e+00
Merit:             -1.162786e+00 ± 2.209986e-02
Avg Inference Time:  0.0883s
==================================================
Epoch 212/300, Loss: 1.3698, Obj: -1.4979, Eq Viol (l1): 0.000033, Ineq Viol (l1): 0.000003, Epoch time: 3.12s
Epoch 213/300, Loss: 1.8041, Obj: -1.8962, Eq Viol (l1): 0.000026, Ineq Viol (l1): 0.000001, Epoch time: 3.10s
Epoch 214/300, Loss: 0.5419, Obj: -1.6423, Eq Viol (l1): 0.000035, Ineq Viol (l1): 0.000002, Epoch time: 3.06s
Epoch 215/300, Loss: 0.3956, Obj: -1.7959, Eq Viol (l1): 0.000023, Ineq Viol (l1): 0.000001, Epoch time: 3.11s
Epoch 216/300, Loss: 0.9680, Obj: -2.2827, Eq Viol (l1): 0.000023, Ineq Viol (l1): 0.000000, Epoch time: 3.10s
Epoch 217/300, Loss: 1.5340, Obj: -1.5525, Eq Viol (l1): 0.000023, Ineq Viol (l1): 0.000001, Epoch time: 3.07s
Epoch 218/300, Loss: 0.6833, Obj: -1.8502, Eq Viol (l1): 0.000027, Ineq Viol (l1): 0.000001, Epoch time: 3.06s
Epoch 219/300, Loss: 0.3263, Obj: -1.8631, Eq Viol (l1): 0.000184, Ineq Viol (l1): 0.000028, Epoch time: 3.18s
Epoch 220/300, Loss: 1.8362, Obj: -0.9551, Eq Viol (l1): 0.000156, Ineq Viol (l1): 0.000019, Epoch time: 3.25s
Epoch 221/300, Loss: 2.4815, Obj: -1.7051, Eq Viol (l1): 0.000064, Ineq Viol (l1): 0.000006, Epoch time: 3.15s

Running validation at epoch 220...

VALIDATION_EPOCH_220 EVALUATION RESULTS:
==================================================
Objective Value:     -1.906120e+00
True Objective:      -2.413704e+00
Optimality Gap:      -2.622347e+00 ± 1.205419e+00
Eq Violation l1:   2.901289e-05 (max: 2.940705e-03)
Ineq Violation l1: 4.306551e-07 (max: 1.549389e-04)
Solution Distance:   8.010209e+01 ± 1.916965e+00
Merit:             -1.905825e+00 ± 6.422276e-02
Avg Inference Time:  0.0966s
==================================================
Epoch 222/300, Loss: 1.5452, Obj: -1.5563, Eq Viol (l1): 0.000064, Ineq Viol (l1): 0.000008, Epoch time: 3.15s
Epoch 223/300, Loss: 2.7439, Obj: -1.5373, Eq Viol (l1): 0.000040, Ineq Viol (l1): 0.000003, Epoch time: 3.18s
Epoch 224/300, Loss: 0.9114, Obj: -1.5685, Eq Viol (l1): 0.000028, Ineq Viol (l1): 0.000001, Epoch time: 3.05s
Epoch 225/300, Loss: 0.2927, Obj: -1.8759, Eq Viol (l1): 0.000035, Ineq Viol (l1): 0.000003, Epoch time: 3.13s
Epoch 226/300, Loss: 0.4430, Obj: -2.0878, Eq Viol (l1): 0.000052, Ineq Viol (l1): 0.000006, Epoch time: 3.11s
Epoch 227/300, Loss: 0.0092, Obj: -1.9120, Eq Viol (l1): 0.000022, Ineq Viol (l1): 0.000001, Epoch time: 3.05s
Epoch 228/300, Loss: 0.3694, Obj: -2.0871, Eq Viol (l1): 0.000045, Ineq Viol (l1): 0.000005, Epoch time: 3.06s
Epoch 229/300, Loss: 0.1648, Obj: -2.0623, Eq Viol (l1): 0.000043, Ineq Viol (l1): 0.000003, Epoch time: 3.09s
Epoch 230/300, Loss: 0.8148, Obj: -1.6015, Eq Viol (l1): 0.000028, Ineq Viol (l1): 0.000003, Epoch time: 3.13s
Epoch 231/300, Loss: 0.2435, Obj: -1.8885, Eq Viol (l1): 0.000068, Ineq Viol (l1): 0.000007, Epoch time: 3.07s

Running validation at epoch 230...

VALIDATION_EPOCH_230 EVALUATION RESULTS:
==================================================
Objective Value:     -2.549645e+00
True Objective:      -2.413704e+00
Optimality Gap:      -3.834858e+00 ± 1.601344e+00
Eq Violation l1:   4.698420e-05 (max: 1.853264e-03)
Ineq Violation l1: 4.895361e-07 (max: 9.406223e-05)
Solution Distance:   8.032599e+01 ± 1.815032e+00
Merit:             -2.549170e+00 ± 4.952218e-02
Avg Inference Time:  0.0859s
==================================================
Epoch 232/300, Loss: 0.6085, Obj: -2.2254, Eq Viol (l1): 0.000036, Ineq Viol (l1): 0.000001, Epoch time: 2.96s
Epoch 233/300, Loss: 0.3441, Obj: -1.6804, Eq Viol (l1): 0.000048, Ineq Viol (l1): 0.000004, Epoch time: 3.16s
Epoch 234/300, Loss: 0.9388, Obj: -1.5283, Eq Viol (l1): 0.000040, Ineq Viol (l1): 0.000003, Epoch time: 3.16s
Epoch 235/300, Loss: 0.4209, Obj: -1.8617, Eq Viol (l1): 0.000021, Ineq Viol (l1): 0.000000, Epoch time: 3.11s
Epoch 236/300, Loss: 0.0648, Obj: -1.6228, Eq Viol (l1): 0.000033, Ineq Viol (l1): 0.000002, Epoch time: 3.19s
Epoch 237/300, Loss: 0.0083, Obj: -2.0899, Eq Viol (l1): 0.000027, Ineq Viol (l1): 0.000000, Epoch time: 3.02s
Epoch 238/300, Loss: -0.2826, Obj: -2.1708, Eq Viol (l1): 0.000027, Ineq Viol (l1): 0.000002, Epoch time: 3.10s
Epoch 239/300, Loss: 0.2809, Obj: -1.7768, Eq Viol (l1): 0.000019, Ineq Viol (l1): 0.000000, Epoch time: 3.10s
Epoch 240/300, Loss: -0.1065, Obj: -1.7813, Eq Viol (l1): 0.000028, Ineq Viol (l1): 0.000001, Epoch time: 3.04s
Epoch 241/300, Loss: -0.6828, Obj: -2.2607, Eq Viol (l1): 0.000028, Ineq Viol (l1): 0.000001, Epoch time: 3.03s

Running validation at epoch 240...

VALIDATION_EPOCH_240 EVALUATION RESULTS:
==================================================
Objective Value:     -2.393072e+00
True Objective:      -2.413704e+00
Optimality Gap:      -3.723146e+00 ± 1.647852e+00
Eq Violation l1:   3.120002e-05 (max: 2.308160e-03)
Ineq Violation l1: 1.671876e-07 (max: 2.772110e-05)
Solution Distance:   8.202446e+01 ± 1.856618e+00
Merit:             -2.392758e+00 ± 4.965830e-02
Avg Inference Time:  0.0882s
==================================================
Epoch 242/300, Loss: -0.7008, Obj: -2.2274, Eq Viol (l1): 0.000025, Ineq Viol (l1): 0.000001, Epoch time: 3.09s
Epoch 243/300, Loss: -0.2993, Obj: -1.8565, Eq Viol (l1): 0.000022, Ineq Viol (l1): 0.000001, Epoch time: 3.12s
Epoch 244/300, Loss: -0.6009, Obj: -2.1736, Eq Viol (l1): 0.000026, Ineq Viol (l1): 0.000000, Epoch time: 3.03s
Epoch 245/300, Loss: -0.6785, Obj: -2.3601, Eq Viol (l1): 0.000020, Ineq Viol (l1): 0.000000, Epoch time: 3.07s
Epoch 246/300, Loss: -0.8389, Obj: -2.3716, Eq Viol (l1): 0.000024, Ineq Viol (l1): 0.000000, Epoch time: 3.00s
Epoch 247/300, Loss: -0.3763, Obj: -2.2610, Eq Viol (l1): 0.000018, Ineq Viol (l1): 0.000000, Epoch time: 3.11s
Epoch 248/300, Loss: -0.2383, Obj: -2.2024, Eq Viol (l1): 0.000021, Ineq Viol (l1): 0.000000, Epoch time: 3.05s
Epoch 249/300, Loss: 0.3596, Obj: -2.2265, Eq Viol (l1): 0.000075, Ineq Viol (l1): 0.000008, Epoch time: 3.06s
Epoch 250/300, Loss: 0.1057, Obj: -2.0783, Eq Viol (l1): 0.000051, Ineq Viol (l1): 0.000006, Epoch time: 3.06s
Epoch 251/300, Loss: 0.2262, Obj: -2.1803, Eq Viol (l1): 0.000036, Ineq Viol (l1): 0.000002, Epoch time: 3.11s

Running validation at epoch 250...

VALIDATION_EPOCH_250 EVALUATION RESULTS:
==================================================
Objective Value:     -2.041353e+00
True Objective:      -2.413704e+00
Optimality Gap:      -2.968472e+00 ± 1.356522e+00
Eq Violation l1:   3.267194e-05 (max: 2.342309e-03)
Ineq Violation l1: 7.355248e-07 (max: 1.840155e-04)
Solution Distance:   8.419346e+01 ± 1.946689e+00
Merit:             -2.041019e+00 ± 5.756839e-02
Avg Inference Time:  0.0900s
==================================================
Epoch 252/300, Loss: -0.4380, Obj: -2.2802, Eq Viol (l1): 0.000044, Ineq Viol (l1): 0.000003, Epoch time: 3.08s
Epoch 253/300, Loss: -0.8348, Obj: -2.1733, Eq Viol (l1): 0.000036, Ineq Viol (l1): 0.000002, Epoch time: 3.08s
Epoch 254/300, Loss: -0.5570, Obj: -2.2841, Eq Viol (l1): 0.000030, Ineq Viol (l1): 0.000002, Epoch time: 3.15s
Epoch 255/300, Loss: -0.5032, Obj: -2.1680, Eq Viol (l1): 0.000068, Ineq Viol (l1): 0.000007, Epoch time: 3.11s
Epoch 256/300, Loss: 0.4004, Obj: -1.6398, Eq Viol (l1): 0.000085, Ineq Viol (l1): 0.000021, Epoch time: 3.11s
Epoch 257/300, Loss: 0.1566, Obj: -2.2185, Eq Viol (l1): 0.000101, Ineq Viol (l1): 0.000012, Epoch time: 3.11s
Epoch 258/300, Loss: 0.3548, Obj: -2.2920, Eq Viol (l1): 0.000090, Ineq Viol (l1): 0.000011, Epoch time: 3.15s
Epoch 259/300, Loss: 0.2589, Obj: -2.1077, Eq Viol (l1): 0.000044, Ineq Viol (l1): 0.000003, Epoch time: 3.13s
Epoch 260/300, Loss: 1.2008, Obj: -2.1211, Eq Viol (l1): 0.000083, Ineq Viol (l1): 0.000009, Epoch time: 3.12s
Epoch 261/300, Loss: 0.5101, Obj: -1.7719, Eq Viol (l1): 0.000108, Ineq Viol (l1): 0.000013, Epoch time: 3.05s

Running validation at epoch 260...

VALIDATION_EPOCH_260 EVALUATION RESULTS:
==================================================
Objective Value:     -2.296541e+00
True Objective:      -2.413704e+00
Optimality Gap:      -3.514179e+00 ± 1.553135e+00
Eq Violation l1:   4.476789e-05 (max: 1.696482e-03)
Ineq Violation l1: 5.028506e-07 (max: 5.298227e-05)
Solution Distance:   8.152287e+01 ± 1.876917e+00
Merit:             -2.296088e+00 ± 5.179043e-02
Avg Inference Time:  0.0856s
==================================================
Epoch 262/300, Loss: 0.0722, Obj: -2.0769, Eq Viol (l1): 0.000094, Ineq Viol (l1): 0.000014, Epoch time: 3.11s
Epoch 263/300, Loss: 0.6668, Obj: -1.8389, Eq Viol (l1): 0.000159, Ineq Viol (l1): 0.000022, Epoch time: 3.15s
Epoch 264/300, Loss: 0.4279, Obj: -2.0691, Eq Viol (l1): 0.000056, Ineq Viol (l1): 0.000007, Epoch time: 3.14s
Epoch 265/300, Loss: 0.8239, Obj: -2.0450, Eq Viol (l1): 0.000037, Ineq Viol (l1): 0.000002, Epoch time: 3.12s
Epoch 266/300, Loss: -0.0595, Obj: -1.9700, Eq Viol (l1): 0.000064, Ineq Viol (l1): 0.000009, Epoch time: 3.03s
Epoch 267/300, Loss: -0.2230, Obj: -2.2798, Eq Viol (l1): 0.000025, Ineq Viol (l1): 0.000000, Epoch time: 3.05s
Epoch 268/300, Loss: -0.2080, Obj: -2.2191, Eq Viol (l1): 0.000050, Ineq Viol (l1): 0.000005, Epoch time: 3.13s
Epoch 269/300, Loss: -0.0042, Obj: -2.1305, Eq Viol (l1): 0.000030, Ineq Viol (l1): 0.000001, Epoch time: 3.04s
Epoch 270/300, Loss: -0.5074, Obj: -2.0841, Eq Viol (l1): 0.000022, Ineq Viol (l1): 0.000000, Epoch time: 3.07s
Epoch 271/300, Loss: -0.1390, Obj: -2.1880, Eq Viol (l1): 0.000026, Ineq Viol (l1): 0.000000, Epoch time: 3.10s

Running validation at epoch 270...

VALIDATION_EPOCH_270 EVALUATION RESULTS:
==================================================
Objective Value:     -2.018524e+00
True Objective:      -2.413704e+00
Optimality Gap:      -3.011738e+00 ± 1.389416e+00
Eq Violation l1:   2.756636e-05 (max: 2.660067e-03)
Ineq Violation l1: 4.340997e-07 (max: 1.636556e-04)
Solution Distance:   8.264691e+01 ± 1.924480e+00
Merit:             -2.018244e+00 ± 4.472819e-02
Avg Inference Time:  0.0922s
==================================================
Epoch 272/300, Loss: 0.5443, Obj: -2.1558, Eq Viol (l1): 0.000035, Ineq Viol (l1): 0.000002, Epoch time: 3.13s
Epoch 273/300, Loss: 0.3494, Obj: -2.0001, Eq Viol (l1): 0.000025, Ineq Viol (l1): 0.000001, Epoch time: 3.10s
Epoch 274/300, Loss: 2.2989, Obj: -1.7231, Eq Viol (l1): 0.000032, Ineq Viol (l1): 0.000002, Epoch time: 3.20s
Epoch 275/300, Loss: 1.0472, Obj: -1.8213, Eq Viol (l1): 0.000023, Ineq Viol (l1): 0.000001, Epoch time: 3.15s
Epoch 276/300, Loss: 0.5027, Obj: -1.8209, Eq Viol (l1): 0.000019, Ineq Viol (l1): 0.000000, Epoch time: 3.02s
Epoch 277/300, Loss: 0.5151, Obj: -2.1655, Eq Viol (l1): 0.000025, Ineq Viol (l1): 0.000000, Epoch time: 3.06s
Epoch 278/300, Loss: -0.1957, Obj: -2.1291, Eq Viol (l1): 0.000026, Ineq Viol (l1): 0.000000, Epoch time: 3.00s
Epoch 279/300, Loss: -0.1031, Obj: -2.0759, Eq Viol (l1): 0.000026, Ineq Viol (l1): 0.000000, Epoch time: 3.02s
Epoch 280/300, Loss: -0.4692, Obj: -2.0258, Eq Viol (l1): 0.000019, Ineq Viol (l1): 0.000000, Epoch time: 3.03s
Epoch 281/300, Loss: -0.8387, Obj: -2.3629, Eq Viol (l1): 0.000022, Ineq Viol (l1): 0.000000, Epoch time: 3.02s

Running validation at epoch 280...

VALIDATION_EPOCH_280 EVALUATION RESULTS:
==================================================
Objective Value:     -2.480891e+00
True Objective:      -2.413704e+00
Optimality Gap:      -3.720895e+00 ± 1.545486e+00
Eq Violation l1:   2.643747e-05 (max: 2.219784e-03)
Ineq Violation l1: 2.408101e-07 (max: 2.555864e-05)
Solution Distance:   8.143344e+01 ± 1.797131e+00
Merit:             -2.480624e+00 ± 5.305463e-02
Avg Inference Time:  0.0842s
==================================================
Epoch 282/300, Loss: -0.7195, Obj: -2.4774, Eq Viol (l1): 0.000052, Ineq Viol (l1): 0.000005, Epoch time: 3.11s
Epoch 283/300, Loss: -0.2529, Obj: -2.2665, Eq Viol (l1): 0.000042, Ineq Viol (l1): 0.000004, Epoch time: 3.05s
Epoch 284/300, Loss: -0.0231, Obj: -2.2744, Eq Viol (l1): 0.000045, Ineq Viol (l1): 0.000005, Epoch time: 3.13s
Epoch 285/300, Loss: -0.5585, Obj: -2.0757, Eq Viol (l1): 0.000019, Ineq Viol (l1): 0.000001, Epoch time: 3.19s
Epoch 286/300, Loss: -0.6180, Obj: -2.4779, Eq Viol (l1): 0.000042, Ineq Viol (l1): 0.000004, Epoch time: 3.07s
Epoch 287/300, Loss: -0.7119, Obj: -2.3515, Eq Viol (l1): 0.000053, Ineq Viol (l1): 0.000008, Epoch time: 3.12s
Epoch 288/300, Loss: -0.7154, Obj: -2.5052, Eq Viol (l1): 0.000020, Ineq Viol (l1): 0.000000, Epoch time: 3.13s
Epoch 289/300, Loss: -0.5371, Obj: -2.3754, Eq Viol (l1): 0.000043, Ineq Viol (l1): 0.000006, Epoch time: 3.14s
Epoch 290/300, Loss: 0.1133, Obj: -2.0153, Eq Viol (l1): 0.000018, Ineq Viol (l1): 0.000000, Epoch time: 3.14s
Epoch 291/300, Loss: -0.4043, Obj: -2.0868, Eq Viol (l1): 0.000043, Ineq Viol (l1): 0.000004, Epoch time: 3.09s

Running validation at epoch 290...

VALIDATION_EPOCH_290 EVALUATION RESULTS:
==================================================
Objective Value:     -2.273196e+00
True Objective:      -2.413704e+00
Optimality Gap:      -3.270308e+00 ± 1.402509e+00
Eq Violation l1:   1.489625e-05 (max: 3.312068e-03)
Ineq Violation l1: 4.212087e-07 (max: 1.966653e-04)
Solution Distance:   8.200459e+01 ± 1.869875e+00
Merit:             -2.273043e+00 ± 5.919814e-02
Avg Inference Time:  0.0968s
==================================================
Epoch 292/300, Loss: -0.5977, Obj: -2.2912, Eq Viol (l1): 0.000066, Ineq Viol (l1): 0.000008, Epoch time: 3.09s
Epoch 293/300, Loss: 0.6349, Obj: -2.1116, Eq Viol (l1): 0.000042, Ineq Viol (l1): 0.000002, Epoch time: 3.13s
Epoch 294/300, Loss: 0.1351, Obj: -1.8464, Eq Viol (l1): 0.000019, Ineq Viol (l1): 0.000000, Epoch time: 3.08s
Epoch 295/300, Loss: -0.2886, Obj: -2.2245, Eq Viol (l1): 0.000019, Ineq Viol (l1): 0.000000, Epoch time: 3.02s
Epoch 296/300, Loss: -0.4724, Obj: -2.0604, Eq Viol (l1): 0.000025, Ineq Viol (l1): 0.000000, Epoch time: 2.98s
Epoch 297/300, Loss: -0.8159, Obj: -2.4004, Eq Viol (l1): 0.000024, Ineq Viol (l1): 0.000000, Epoch time: 2.99s
Epoch 298/300, Loss: -0.3701, Obj: -2.4511, Eq Viol (l1): 0.000026, Ineq Viol (l1): 0.000001, Epoch time: 3.06s
Epoch 299/300, Loss: -0.5678, Obj: -2.4183, Eq Viol (l1): 0.000024, Ineq Viol (l1): 0.000000, Epoch time: 3.01s
Epoch 300/300, Loss: -0.5901, Obj: -2.3923, Eq Viol (l1): 0.000026, Ineq Viol (l1): 0.000000, Epoch time: 2.98s

Training completed in 901.63 seconds.

============================================================
COMPREHENSIVE TEST EVALUATION WITH DETAILED RESULTS
============================================================
Testing with batch sizes: [256, 512]

Evaluating with batch size: 256 (with detailed results)

TEST_BS256 EVALUATION RESULTS:
==================================================
Objective Value:     -2.440123e+00
True Objective:      -2.409220e+00
Optimality Gap:      -4.999491e+00 ± 5.674328e+00
Eq Violation l1:   2.867762e-05 (max: 1.764598e-03)
Ineq Violation l1: 2.939726e-07 (max: 3.895158e-05)
Solution Distance:   8.402638e+01 ± 2.232929e+00
Merit:             -2.439833e+00 ± 5.869300e-02
Avg Inference Time:  0.0833s
==================================================

Evaluating with batch size: 512 (with detailed results)

TEST_BS512 EVALUATION RESULTS:
==================================================
Objective Value:     -2.437738e+00
True Objective:      -2.408634e+00
Optimality Gap:      -4.975227e+00 ± 3.545281e+00
Eq Violation l1:   2.330239e-05 (max: 2.919166e-03)
Ineq Violation l1: 3.873615e-07 (max: 1.289903e-04)
Solution Distance:   8.406756e+01 ± 1.439733e+00
Merit:             -2.437501e+00 ± 4.263355e-02
Avg Inference Time:  0.0952s
==================================================

TEST BATCH SIZE COMPARISON:
================================================================================
Batch Size   Objective    Opt Gap      Eq Viol      Ineq Viol    Time (s)  
--------------------------------------------------------------------------------
256          -2.4401e+00  -4.9995e+00  2.8678e-05   2.9397e-07   0.67      
512          -2.4377e+00  -4.9752e+00  2.3302e-05   3.8736e-07   0.38      
================================================================================

Saving model and results to: results/nonsmooth_nonconvex/socp/SOCPProblem-100-50-50-10000/20260107-234434_MLP_FSNet_seed0_nepochs300_lr0.0002_trainsize7000_finetune_20260106-202336_model_60
✓ Model saved: results/nonsmooth_nonconvex/socp/SOCPProblem-100-50-50-10000/20260107-234434_MLP_FSNet_seed0_nepochs300_lr0.0002_trainsize7000_finetune_20260106-202336_model_60/model.pt
✓ Detailed results saved: results/nonsmooth_nonconvex/socp/SOCPProblem-100-50-50-10000/20260107-234434_MLP_FSNet_seed0_nepochs300_lr0.0002_trainsize7000_finetune_20260106-202336_model_60/results.pkl

Files saved (or attempted):
  - model.pt (model weights and architecture)
  - results.pkl (training history, metrics, detailed test results)
Training and testing completed in 905.53 seconds
Done!!!
