==============================================
 Job started at: 2026-01-15 15:12:05
 Job ID: 8102219
 Node: node2804
==============================================

======= Running for problem: nonsmooth_nonconvex/socp =======

Loading problem instance: nonsmooth_nonconvex/socp with size [100, 50, 50, 10000]
Loading  dataset from: datasets/nonsmooth_nonconvex/socp/random2025_socp_dataset_var100_ineq50_eq50_ex10000 

Running on:  cuda
Training model using FSNet method with seed 0 for 300 epochs
Using batch size: 512
Loading model from checkpoint: results/nonsmooth_nonconvex/socp/SOCPProblem-100-50-50-10000/20260115-145229_MLP_sup_pen_seed0_nepochs1000_lr0.0001_trainsize7000_subopt_3_1.5/model_380.pt

lr: 0.0002, weight_decay: 0.001, num_epochs: 300

Epoch 1/300, Loss: 20.9191, Obj: 20.8507, Eq Viol (l1): 0.000055, Ineq Viol (l1): 0.000000, Epoch time: 5.97s

Running validation at epoch 0...

VALIDATION_EPOCH_0 EVALUATION RESULTS:
==================================================
Obj:     2.060217e+01
Opt Gap:      3.679695e+01 ± 1.207611e+01
Eq Vio l1:   6.547146e-05 (max: 2.252419e-03)
Ineq Vio l1: 2.182454e-07 (max: 8.918293e-05)
Sol Dis:   1.947766e+02 ± 3.264540e-01
Merit:             2.060283e+01 ± 3.292564e-02
Avg Inf Time:  0.6059s
==================================================
Epoch 2/300, Loss: 19.6237, Obj: 19.3112, Eq Viol (l1): 0.000067, Ineq Viol (l1): 0.000000, Epoch time: 2.51s
Epoch 3/300, Loss: 18.8311, Obj: 18.3420, Eq Viol (l1): 0.000069, Ineq Viol (l1): 0.000000, Epoch time: 2.62s
Epoch 4/300, Loss: 17.8227, Obj: 17.4908, Eq Viol (l1): 0.000070, Ineq Viol (l1): 0.000000, Epoch time: 2.51s
Epoch 5/300, Loss: 16.5315, Obj: 16.2308, Eq Viol (l1): 0.000072, Ineq Viol (l1): 0.000000, Epoch time: 2.49s
Epoch 6/300, Loss: 14.9559, Obj: 14.6417, Eq Viol (l1): 0.000077, Ineq Viol (l1): 0.000000, Epoch time: 2.56s
Epoch 7/300, Loss: 13.5017, Obj: 13.0776, Eq Viol (l1): 0.000077, Ineq Viol (l1): 0.000000, Epoch time: 2.64s
Epoch 8/300, Loss: 11.6557, Obj: 11.1811, Eq Viol (l1): 0.000075, Ineq Viol (l1): 0.000000, Epoch time: 2.61s
Epoch 9/300, Loss: 8.9372, Obj: 8.3319, Eq Viol (l1): 0.000072, Ineq Viol (l1): 0.000000, Epoch time: 2.58s
Epoch 10/300, Loss: 7.4771, Obj: 6.8264, Eq Viol (l1): 0.000081, Ineq Viol (l1): 0.000000, Epoch time: 2.59s
Epoch 11/300, Loss: 7.0240, Obj: 6.5101, Eq Viol (l1): 0.000081, Ineq Viol (l1): 0.000000, Epoch time: 2.56s

Running validation at epoch 10...

VALIDATION_EPOCH_10 EVALUATION RESULTS:
==================================================
Obj:     6.610075e+00
Opt Gap:      1.213192e+01 ± 3.563584e+00
Eq Vio l1:   6.536367e-05 (max: 1.802858e-03)
Ineq Vio l1: 2.111704e-07 (max: 5.239055e-05)
Sol Dis:   1.626062e+02 ± 4.985997e-01
Merit:             6.610731e+00 ± 1.925585e-02
Avg Inf Time:  0.0634s
==================================================
Epoch 12/300, Loss: 6.8172, Obj: 6.3621, Eq Viol (l1): 0.000079, Ineq Viol (l1): 0.000000, Epoch time: 2.56s
Epoch 13/300, Loss: 6.7024, Obj: 6.2159, Eq Viol (l1): 0.000089, Ineq Viol (l1): 0.000000, Epoch time: 2.55s
Epoch 14/300, Loss: 6.8523, Obj: 6.3003, Eq Viol (l1): 0.000079, Ineq Viol (l1): 0.000000, Epoch time: 2.56s
Epoch 15/300, Loss: 6.5453, Obj: 6.0804, Eq Viol (l1): 0.000091, Ineq Viol (l1): 0.000000, Epoch time: 2.53s
Epoch 16/300, Loss: 6.4338, Obj: 5.9939, Eq Viol (l1): 0.000082, Ineq Viol (l1): 0.000000, Epoch time: 2.58s
Epoch 17/300, Loss: 6.3242, Obj: 5.9124, Eq Viol (l1): 0.000088, Ineq Viol (l1): 0.000000, Epoch time: 2.58s
Epoch 18/300, Loss: 6.3307, Obj: 5.8589, Eq Viol (l1): 0.000081, Ineq Viol (l1): 0.000000, Epoch time: 2.61s
Epoch 19/300, Loss: 6.1654, Obj: 5.7406, Eq Viol (l1): 0.000087, Ineq Viol (l1): 0.000000, Epoch time: 2.54s
Epoch 20/300, Loss: 5.9760, Obj: 5.4851, Eq Viol (l1): 0.000094, Ineq Viol (l1): 0.000000, Epoch time: 2.56s
Epoch 21/300, Loss: 5.6818, Obj: 5.3009, Eq Viol (l1): 0.000085, Ineq Viol (l1): 0.000000, Epoch time: 2.55s

Running validation at epoch 20...

VALIDATION_EPOCH_20 EVALUATION RESULTS:
==================================================
Obj:     5.237842e+00
Opt Gap:      9.540785e+00 ± 2.586043e+00
Eq Vio l1:   1.119847e-04 (max: 1.178035e-03)
Ineq Vio l1: 4.010320e-07 (max: 3.282125e-05)
Sol Dis:   1.592508e+02 ± 1.672361e-02
Merit:             5.238965e+00 ± 1.342337e-02
Avg Inf Time:  0.0634s
==================================================
Epoch 22/300, Loss: 5.5703, Obj: 5.0341, Eq Viol (l1): 0.000081, Ineq Viol (l1): 0.000000, Epoch time: 2.57s
Epoch 23/300, Loss: 5.2227, Obj: 4.7917, Eq Viol (l1): 0.000083, Ineq Viol (l1): 0.000000, Epoch time: 2.57s
Epoch 24/300, Loss: 5.1013, Obj: 4.6674, Eq Viol (l1): 0.000088, Ineq Viol (l1): 0.000000, Epoch time: 2.54s
Epoch 25/300, Loss: 4.9018, Obj: 4.5029, Eq Viol (l1): 0.000084, Ineq Viol (l1): 0.000000, Epoch time: 2.57s
Epoch 26/300, Loss: 4.8125, Obj: 4.3652, Eq Viol (l1): 0.000086, Ineq Viol (l1): 0.000000, Epoch time: 2.59s
Epoch 27/300, Loss: 4.7536, Obj: 4.3251, Eq Viol (l1): 0.000078, Ineq Viol (l1): 0.000000, Epoch time: 2.60s
Epoch 28/300, Loss: 4.7117, Obj: 4.2217, Eq Viol (l1): 0.000087, Ineq Viol (l1): 0.000001, Epoch time: 2.62s
Epoch 29/300, Loss: 4.6490, Obj: 4.1476, Eq Viol (l1): 0.000090, Ineq Viol (l1): 0.000001, Epoch time: 2.66s
Epoch 30/300, Loss: 4.6836, Obj: 4.0695, Eq Viol (l1): 0.000084, Ineq Viol (l1): 0.000001, Epoch time: 2.68s
Epoch 31/300, Loss: 4.4396, Obj: 3.7815, Eq Viol (l1): 0.000079, Ineq Viol (l1): 0.000001, Epoch time: 2.74s

Running validation at epoch 30...

VALIDATION_EPOCH_30 EVALUATION RESULTS:
==================================================
Obj:     3.319136e+00
Opt Gap:      6.427637e+00 ± 1.828742e+00
Eq Vio l1:   8.078559e-05 (max: 1.422331e-03)
Ineq Vio l1: 9.316079e-07 (max: 4.316776e-05)
Sol Dis:   1.452809e+02 ± 3.334969e-01
Merit:             3.319954e+00 ± 4.745988e-03
Avg Inf Time:  0.0777s
==================================================
Epoch 32/300, Loss: 4.6652, Obj: 3.5297, Eq Viol (l1): 0.000052, Ineq Viol (l1): 0.000001, Epoch time: 2.84s
Epoch 33/300, Loss: 3.8613, Obj: 2.9587, Eq Viol (l1): 0.000060, Ineq Viol (l1): 0.000001, Epoch time: 2.90s
Epoch 34/300, Loss: 3.2617, Obj: 2.3608, Eq Viol (l1): 0.000059, Ineq Viol (l1): 0.000000, Epoch time: 2.76s
Epoch 35/300, Loss: 2.9235, Obj: 2.0028, Eq Viol (l1): 0.000066, Ineq Viol (l1): 0.000000, Epoch time: 2.73s
Epoch 36/300, Loss: 2.3960, Obj: 1.4418, Eq Viol (l1): 0.000071, Ineq Viol (l1): 0.000001, Epoch time: 2.71s
Epoch 37/300, Loss: 1.5030, Obj: 0.9106, Eq Viol (l1): 0.000080, Ineq Viol (l1): 0.000001, Epoch time: 2.59s
Epoch 38/300, Loss: 1.2388, Obj: 0.7196, Eq Viol (l1): 0.000096, Ineq Viol (l1): 0.000000, Epoch time: 2.46s
Epoch 39/300, Loss: 1.0466, Obj: 0.6107, Eq Viol (l1): 0.000086, Ineq Viol (l1): 0.000000, Epoch time: 2.49s
Epoch 40/300, Loss: 0.9828, Obj: 0.4829, Eq Viol (l1): 0.000090, Ineq Viol (l1): 0.000000, Epoch time: 2.51s
Epoch 41/300, Loss: 0.9561, Obj: 0.4684, Eq Viol (l1): 0.000089, Ineq Viol (l1): 0.000001, Epoch time: 2.49s

Running validation at epoch 40...

VALIDATION_EPOCH_40 EVALUATION RESULTS:
==================================================
Obj:     2.617362e-01
Opt Gap:      1.121457e+00 ± 8.307073e-02
Eq Vio l1:   1.012953e-04 (max: 9.838055e-04)
Ineq Vio l1: 4.515334e-07 (max: 3.291297e-05)
Sol Dis:   1.299572e+02 ± 5.585734e-01
Merit:             2.627537e-01 ± 1.466814e-02
Avg Inf Time:  0.0660s
==================================================
Epoch 42/300, Loss: 0.8093, Obj: 0.3903, Eq Viol (l1): 0.000092, Ineq Viol (l1): 0.000001, Epoch time: 2.50s
Epoch 43/300, Loss: 0.7580, Obj: 0.3158, Eq Viol (l1): 0.000084, Ineq Viol (l1): 0.000001, Epoch time: 2.57s
Epoch 44/300, Loss: 0.7450, Obj: 0.2543, Eq Viol (l1): 0.000085, Ineq Viol (l1): 0.000001, Epoch time: 2.59s
Epoch 45/300, Loss: 0.5958, Obj: 0.1800, Eq Viol (l1): 0.000075, Ineq Viol (l1): 0.000000, Epoch time: 2.62s
Epoch 46/300, Loss: 0.5823, Obj: 0.1065, Eq Viol (l1): 0.000083, Ineq Viol (l1): 0.000001, Epoch time: 2.64s
Epoch 47/300, Loss: 0.6244, Obj: 0.1309, Eq Viol (l1): 0.000076, Ineq Viol (l1): 0.000001, Epoch time: 2.63s
Epoch 48/300, Loss: 0.5163, Obj: 0.0168, Eq Viol (l1): 0.000075, Ineq Viol (l1): 0.000001, Epoch time: 2.65s
Epoch 49/300, Loss: 0.4907, Obj: -0.0070, Eq Viol (l1): 0.000075, Ineq Viol (l1): 0.000000, Epoch time: 2.64s
Epoch 50/300, Loss: 0.4381, Obj: -0.0456, Eq Viol (l1): 0.000077, Ineq Viol (l1): 0.000001, Epoch time: 2.64s
Epoch 51/300, Loss: 0.3509, Obj: -0.1131, Eq Viol (l1): 0.000081, Ineq Viol (l1): 0.000001, Epoch time: 2.65s

Running validation at epoch 50...

VALIDATION_EPOCH_50 EVALUATION RESULTS:
==================================================
Obj:     -2.573498e-01
Opt Gap:      2.684452e-01 ± 2.849371e-01
Eq Vio l1:   6.256450e-05 (max: 1.225940e-03)
Ineq Vio l1: 5.143001e-07 (max: 2.708740e-05)
Sol Dis:   1.210222e+02 ± 4.435292e-01
Merit:             -2.567190e-01 ± 3.630498e-03
Avg Inf Time:  0.0710s
==================================================
Epoch 52/300, Loss: 0.3110, Obj: -0.1532, Eq Viol (l1): 0.000074, Ineq Viol (l1): 0.000001, Epoch time: 2.66s
Epoch 53/300, Loss: 0.3860, Obj: -0.1683, Eq Viol (l1): 0.000074, Ineq Viol (l1): 0.000001, Epoch time: 2.67s
Epoch 54/300, Loss: 0.2199, Obj: -0.2995, Eq Viol (l1): 0.000074, Ineq Viol (l1): 0.000000, Epoch time: 2.67s
Epoch 55/300, Loss: 0.0712, Obj: -0.4041, Eq Viol (l1): 0.000077, Ineq Viol (l1): 0.000001, Epoch time: 2.66s
Epoch 56/300, Loss: -0.0680, Obj: -0.5127, Eq Viol (l1): 0.000074, Ineq Viol (l1): 0.000000, Epoch time: 2.65s
Epoch 57/300, Loss: -0.0931, Obj: -0.6088, Eq Viol (l1): 0.000085, Ineq Viol (l1): 0.000000, Epoch time: 2.63s
Epoch 58/300, Loss: -0.2392, Obj: -0.7208, Eq Viol (l1): 0.000084, Ineq Viol (l1): 0.000000, Epoch time: 2.63s
Epoch 59/300, Loss: -0.3257, Obj: -0.8009, Eq Viol (l1): 0.000087, Ineq Viol (l1): 0.000000, Epoch time: 2.62s
Epoch 60/300, Loss: -0.4044, Obj: -0.8104, Eq Viol (l1): 0.000084, Ineq Viol (l1): 0.000000, Epoch time: 2.61s
Epoch 61/300, Loss: -0.4451, Obj: -0.8610, Eq Viol (l1): 0.000085, Ineq Viol (l1): 0.000000, Epoch time: 2.60s

Running validation at epoch 60...

VALIDATION_EPOCH_60 EVALUATION RESULTS:
==================================================
Obj:     -9.789048e-01
Opt Gap:      -8.636796e-01 ± 6.203796e-01
Eq Vio l1:   1.019376e-04 (max: 1.278812e-03)
Ineq Vio l1: 2.146530e-07 (max: 2.359389e-05)
Sol Dis:   1.194830e+02 ± 7.163651e-02
Merit:             -9.778833e-01 ± 2.355315e-03
Avg Inf Time:  0.0671s
==================================================
Epoch 62/300, Loss: -0.5368, Obj: -0.9205, Eq Viol (l1): 0.000083, Ineq Viol (l1): 0.000000, Epoch time: 2.61s
Epoch 63/300, Loss: -0.6073, Obj: -0.9803, Eq Viol (l1): 0.000085, Ineq Viol (l1): 0.000000, Epoch time: 2.62s
Epoch 64/300, Loss: -0.6423, Obj: -0.9968, Eq Viol (l1): 0.000077, Ineq Viol (l1): 0.000000, Epoch time: 2.63s
Epoch 65/300, Loss: -0.6914, Obj: -1.0769, Eq Viol (l1): 0.000079, Ineq Viol (l1): 0.000000, Epoch time: 2.64s
Epoch 66/300, Loss: -0.8527, Obj: -1.2215, Eq Viol (l1): 0.000084, Ineq Viol (l1): 0.000000, Epoch time: 2.62s
Epoch 67/300, Loss: -1.1339, Obj: -1.5331, Eq Viol (l1): 0.000083, Ineq Viol (l1): 0.000000, Epoch time: 2.73s
Epoch 68/300, Loss: -1.2713, Obj: -1.7299, Eq Viol (l1): 0.000093, Ineq Viol (l1): 0.000000, Epoch time: 2.60s
Epoch 69/300, Loss: -1.4194, Obj: -1.8638, Eq Viol (l1): 0.000089, Ineq Viol (l1): 0.000000, Epoch time: 2.58s
Epoch 70/300, Loss: -1.6399, Obj: -2.0695, Eq Viol (l1): 0.000091, Ineq Viol (l1): 0.000000, Epoch time: 2.56s
Epoch 71/300, Loss: -2.0044, Obj: -2.4384, Eq Viol (l1): 0.000091, Ineq Viol (l1): 0.000000, Epoch time: 2.53s

Running validation at epoch 70...

VALIDATION_EPOCH_70 EVALUATION RESULTS:
==================================================
Obj:     -2.659387e+00
Opt Gap:      -3.691811e+00 ± 1.380422e+00
Eq Vio l1:   9.328576e-05 (max: 9.362820e-04)
Ineq Vio l1: 5.306808e-07 (max: 5.031909e-05)
Sol Dis:   1.375942e+02 ± 5.817769e-01
Merit:             -2.658449e+00 ± 1.842939e-02
Avg Inf Time:  0.0643s
==================================================
Epoch 72/300, Loss: -2.1559, Obj: -2.5740, Eq Viol (l1): 0.000093, Ineq Viol (l1): 0.000000, Epoch time: 2.50s
Epoch 73/300, Loss: -2.1890, Obj: -2.6196, Eq Viol (l1): 0.000088, Ineq Viol (l1): 0.000000, Epoch time: 2.51s
Epoch 74/300, Loss: -2.2574, Obj: -2.6729, Eq Viol (l1): 0.000095, Ineq Viol (l1): 0.000000, Epoch time: 2.49s
Epoch 75/300, Loss: -2.3061, Obj: -2.6824, Eq Viol (l1): 0.000092, Ineq Viol (l1): 0.000000, Epoch time: 2.49s
Epoch 76/300, Loss: -2.3684, Obj: -2.7178, Eq Viol (l1): 0.000087, Ineq Viol (l1): 0.000000, Epoch time: 2.50s
Epoch 77/300, Loss: -2.3970, Obj: -2.7478, Eq Viol (l1): 0.000103, Ineq Viol (l1): 0.000000, Epoch time: 2.46s
Epoch 78/300, Loss: -2.4079, Obj: -2.7367, Eq Viol (l1): 0.000088, Ineq Viol (l1): 0.000000, Epoch time: 2.48s
Epoch 79/300, Loss: -2.4417, Obj: -2.7547, Eq Viol (l1): 0.000082, Ineq Viol (l1): 0.000000, Epoch time: 2.50s
Epoch 80/300, Loss: -2.4219, Obj: -2.7578, Eq Viol (l1): 0.000090, Ineq Viol (l1): 0.000000, Epoch time: 2.49s
Epoch 81/300, Loss: -2.4554, Obj: -2.7623, Eq Viol (l1): 0.000088, Ineq Viol (l1): 0.000000, Epoch time: 2.47s

Running validation at epoch 80...

VALIDATION_EPOCH_80 EVALUATION RESULTS:
==================================================
Obj:     -2.920945e+00
Opt Gap:      -4.166513e+00 ± 1.483688e+00
Eq Vio l1:   9.578634e-05 (max: 9.167328e-04)
Ineq Vio l1: 3.897967e-07 (max: 4.688299e-05)
Sol Dis:   1.399970e+02 ± 6.407269e-01
Merit:             -2.919983e+00 ± 1.889495e-02
Avg Inf Time:  0.0659s
==================================================
Epoch 82/300, Loss: -2.4063, Obj: -2.7567, Eq Viol (l1): 0.000091, Ineq Viol (l1): 0.000000, Epoch time: 2.47s
Epoch 83/300, Loss: -2.4456, Obj: -2.7695, Eq Viol (l1): 0.000092, Ineq Viol (l1): 0.000000, Epoch time: 2.46s
Epoch 84/300, Loss: -2.4815, Obj: -2.7864, Eq Viol (l1): 0.000095, Ineq Viol (l1): 0.000000, Epoch time: 2.44s
Epoch 85/300, Loss: -2.4957, Obj: -2.8038, Eq Viol (l1): 0.000094, Ineq Viol (l1): 0.000000, Epoch time: 2.47s
Epoch 86/300, Loss: -2.4705, Obj: -2.7635, Eq Viol (l1): 0.000086, Ineq Viol (l1): 0.000000, Epoch time: 2.46s
Epoch 87/300, Loss: -2.5044, Obj: -2.8046, Eq Viol (l1): 0.000090, Ineq Viol (l1): 0.000000, Epoch time: 2.46s
Epoch 88/300, Loss: -2.4936, Obj: -2.7917, Eq Viol (l1): 0.000086, Ineq Viol (l1): 0.000000, Epoch time: 2.47s
Epoch 89/300, Loss: -2.5184, Obj: -2.8118, Eq Viol (l1): 0.000084, Ineq Viol (l1): 0.000000, Epoch time: 2.49s
Epoch 90/300, Loss: -2.5110, Obj: -2.8050, Eq Viol (l1): 0.000094, Ineq Viol (l1): 0.000000, Epoch time: 2.45s
Epoch 91/300, Loss: -2.5050, Obj: -2.8116, Eq Viol (l1): 0.000096, Ineq Viol (l1): 0.000000, Epoch time: 2.45s

Running validation at epoch 90...

VALIDATION_EPOCH_90 EVALUATION RESULTS:
==================================================
Obj:     -2.963154e+00
Opt Gap:      -4.232268e+00 ± 1.509838e+00
Eq Vio l1:   1.292072e-04 (max: 1.431842e-03)
Ineq Vio l1: 4.577405e-07 (max: 2.741342e-05)
Sol Dis:   1.395872e+02 ± 7.048897e-01
Merit:             -2.961857e+00 ± 1.828682e-02
Avg Inf Time:  0.0630s
==================================================
Epoch 92/300, Loss: -2.4993, Obj: -2.8119, Eq Viol (l1): 0.000093, Ineq Viol (l1): 0.000000, Epoch time: 2.46s
Epoch 93/300, Loss: -2.4658, Obj: -2.7895, Eq Viol (l1): 0.000100, Ineq Viol (l1): 0.000000, Epoch time: 2.43s
Epoch 94/300, Loss: -2.4912, Obj: -2.7920, Eq Viol (l1): 0.000097, Ineq Viol (l1): 0.000000, Epoch time: 2.43s
Epoch 95/300, Loss: -2.5248, Obj: -2.8191, Eq Viol (l1): 0.000090, Ineq Viol (l1): 0.000000, Epoch time: 2.47s
Epoch 96/300, Loss: -2.5058, Obj: -2.8234, Eq Viol (l1): 0.000097, Ineq Viol (l1): 0.000000, Epoch time: 2.45s
Epoch 97/300, Loss: -2.5500, Obj: -2.8404, Eq Viol (l1): 0.000090, Ineq Viol (l1): 0.000000, Epoch time: 2.46s
Epoch 98/300, Loss: -2.5318, Obj: -2.8222, Eq Viol (l1): 0.000088, Ineq Viol (l1): 0.000000, Epoch time: 2.46s
Epoch 99/300, Loss: -2.4973, Obj: -2.8093, Eq Viol (l1): 0.000086, Ineq Viol (l1): 0.000000, Epoch time: 2.57s
Epoch 100/300, Loss: -2.5326, Obj: -2.8361, Eq Viol (l1): 0.000087, Ineq Viol (l1): 0.000000, Epoch time: 2.48s
Epoch 101/300, Loss: -2.5612, Obj: -2.8358, Eq Viol (l1): 0.000091, Ineq Viol (l1): 0.000000, Epoch time: 2.45s

Running validation at epoch 100...

VALIDATION_EPOCH_100 EVALUATION RESULTS:
==================================================
Obj:     -2.960535e+00
Opt Gap:      -4.227557e+00 ± 1.510432e+00
Eq Vio l1:   1.107713e-04 (max: 1.083341e-03)
Ineq Vio l1: 4.760351e-07 (max: 2.876005e-05)
Sol Dis:   1.396119e+02 ± 7.481939e-01
Merit:             -2.959422e+00 ± 1.859111e-02
Avg Inf Time:  0.0631s
==================================================
Epoch 102/300, Loss: -2.5659, Obj: -2.8454, Eq Viol (l1): 0.000089, Ineq Viol (l1): 0.000000, Epoch time: 2.46s
Epoch 103/300, Loss: -2.5785, Obj: -2.8507, Eq Viol (l1): 0.000090, Ineq Viol (l1): 0.000000, Epoch time: 2.46s
Epoch 104/300, Loss: -2.5632, Obj: -2.8439, Eq Viol (l1): 0.000086, Ineq Viol (l1): 0.000000, Epoch time: 2.48s
Epoch 105/300, Loss: -2.5524, Obj: -2.8421, Eq Viol (l1): 0.000086, Ineq Viol (l1): 0.000000, Epoch time: 2.48s
Epoch 106/300, Loss: -2.5586, Obj: -2.8506, Eq Viol (l1): 0.000095, Ineq Viol (l1): 0.000000, Epoch time: 2.46s
Epoch 107/300, Loss: -2.5337, Obj: -2.8229, Eq Viol (l1): 0.000094, Ineq Viol (l1): 0.000000, Epoch time: 2.45s
Epoch 108/300, Loss: -2.5585, Obj: -2.8385, Eq Viol (l1): 0.000089, Ineq Viol (l1): 0.000000, Epoch time: 2.47s
Epoch 109/300, Loss: -2.5298, Obj: -2.8203, Eq Viol (l1): 0.000088, Ineq Viol (l1): 0.000000, Epoch time: 2.46s
Epoch 110/300, Loss: -2.5183, Obj: -2.8243, Eq Viol (l1): 0.000099, Ineq Viol (l1): 0.000000, Epoch time: 2.44s
Epoch 111/300, Loss: -2.5436, Obj: -2.8227, Eq Viol (l1): 0.000095, Ineq Viol (l1): 0.000000, Epoch time: 2.44s

Running validation at epoch 110...

VALIDATION_EPOCH_110 EVALUATION RESULTS:
==================================================
Obj:     -2.980465e+00
Opt Gap:      -4.263896e+00 ± 1.529744e+00
Eq Vio l1:   9.326521e-05 (max: 8.569807e-04)
Ineq Vio l1: 4.007816e-07 (max: 2.929107e-05)
Sol Dis:   1.396938e+02 ± 7.756675e-01
Merit:             -2.979528e+00 ± 2.032290e-02
Avg Inf Time:  0.0662s
==================================================
Epoch 112/300, Loss: -2.5796, Obj: -2.8541, Eq Viol (l1): 0.000094, Ineq Viol (l1): 0.000000, Epoch time: 2.46s
Epoch 113/300, Loss: -2.5859, Obj: -2.8475, Eq Viol (l1): 0.000088, Ineq Viol (l1): 0.000000, Epoch time: 2.46s
Epoch 114/300, Loss: -2.5340, Obj: -2.8341, Eq Viol (l1): 0.000091, Ineq Viol (l1): 0.000000, Epoch time: 2.46s
Epoch 115/300, Loss: -2.5682, Obj: -2.8457, Eq Viol (l1): 0.000085, Ineq Viol (l1): 0.000000, Epoch time: 2.48s
Epoch 116/300, Loss: -2.5921, Obj: -2.8473, Eq Viol (l1): 0.000093, Ineq Viol (l1): 0.000000, Epoch time: 2.44s
Epoch 117/300, Loss: -2.5932, Obj: -2.8651, Eq Viol (l1): 0.000093, Ineq Viol (l1): 0.000000, Epoch time: 2.45s
Epoch 118/300, Loss: -2.5779, Obj: -2.8524, Eq Viol (l1): 0.000092, Ineq Viol (l1): 0.000000, Epoch time: 2.45s
Epoch 119/300, Loss: -2.5444, Obj: -2.8198, Eq Viol (l1): 0.000098, Ineq Viol (l1): 0.000000, Epoch time: 2.40s
Epoch 120/300, Loss: -2.5721, Obj: -2.8438, Eq Viol (l1): 0.000089, Ineq Viol (l1): 0.000000, Epoch time: 2.47s
Epoch 121/300, Loss: -2.5828, Obj: -2.8522, Eq Viol (l1): 0.000091, Ineq Viol (l1): 0.000000, Epoch time: 2.45s

Running validation at epoch 120...

VALIDATION_EPOCH_120 EVALUATION RESULTS:
==================================================
Obj:     -2.932277e+00
Opt Gap:      -4.187383e+00 ± 1.480431e+00
Eq Vio l1:   7.900394e-05 (max: 1.725534e-03)
Ineq Vio l1: 3.756138e-07 (max: 3.432438e-05)
Sol Dis:   1.409673e+02 ± 7.972821e-01
Merit:             -2.931483e+00 ± 1.642803e-02
Avg Inf Time:  0.0632s
==================================================
Epoch 122/300, Loss: -2.6044, Obj: -2.8555, Eq Viol (l1): 0.000097, Ineq Viol (l1): 0.000000, Epoch time: 2.43s
Epoch 123/300, Loss: -2.5705, Obj: -2.8548, Eq Viol (l1): 0.000092, Ineq Viol (l1): 0.000000, Epoch time: 2.45s
Epoch 124/300, Loss: -2.5578, Obj: -2.8443, Eq Viol (l1): 0.000092, Ineq Viol (l1): 0.000000, Epoch time: 2.46s
Epoch 125/300, Loss: -2.5007, Obj: -2.8047, Eq Viol (l1): 0.000093, Ineq Viol (l1): 0.000000, Epoch time: 2.45s
Epoch 126/300, Loss: -2.5764, Obj: -2.8325, Eq Viol (l1): 0.000090, Ineq Viol (l1): 0.000000, Epoch time: 2.43s
Epoch 127/300, Loss: -2.5515, Obj: -2.8386, Eq Viol (l1): 0.000096, Ineq Viol (l1): 0.000000, Epoch time: 2.45s
Epoch 128/300, Loss: -2.5795, Obj: -2.8535, Eq Viol (l1): 0.000087, Ineq Viol (l1): 0.000000, Epoch time: 2.46s
Epoch 129/300, Loss: -2.5441, Obj: -2.8526, Eq Viol (l1): 0.000092, Ineq Viol (l1): 0.000000, Epoch time: 2.48s
Epoch 130/300, Loss: -2.5957, Obj: -2.8576, Eq Viol (l1): 0.000097, Ineq Viol (l1): 0.000000, Epoch time: 2.43s
Epoch 131/300, Loss: -2.5808, Obj: -2.8529, Eq Viol (l1): 0.000100, Ineq Viol (l1): 0.000000, Epoch time: 2.43s

Running validation at epoch 130...

VALIDATION_EPOCH_130 EVALUATION RESULTS:
==================================================
Obj:     -2.968904e+00
Opt Gap:      -4.198641e+00 ± 1.497594e+00
Eq Vio l1:   8.824532e-05 (max: 9.014123e-04)
Ineq Vio l1: 4.450536e-07 (max: 2.921638e-05)
Sol Dis:   1.400578e+02 ± 7.688172e-01
Merit:             -2.968017e+00 ± 1.916126e-02
Avg Inf Time:  0.0660s
==================================================
Epoch 132/300, Loss: -2.5872, Obj: -2.8619, Eq Viol (l1): 0.000090, Ineq Viol (l1): 0.000000, Epoch time: 2.55s
Epoch 133/300, Loss: -2.5946, Obj: -2.8514, Eq Viol (l1): 0.000093, Ineq Viol (l1): 0.000000, Epoch time: 2.45s
Epoch 134/300, Loss: -2.5723, Obj: -2.8547, Eq Viol (l1): 0.000092, Ineq Viol (l1): 0.000000, Epoch time: 2.45s
Epoch 135/300, Loss: -2.6052, Obj: -2.8606, Eq Viol (l1): 0.000089, Ineq Viol (l1): 0.000000, Epoch time: 2.44s
Epoch 136/300, Loss: -2.5646, Obj: -2.8458, Eq Viol (l1): 0.000089, Ineq Viol (l1): 0.000000, Epoch time: 2.47s
Epoch 137/300, Loss: -2.5922, Obj: -2.8567, Eq Viol (l1): 0.000089, Ineq Viol (l1): 0.000000, Epoch time: 2.46s
Epoch 138/300, Loss: -2.5867, Obj: -2.8478, Eq Viol (l1): 0.000091, Ineq Viol (l1): 0.000000, Epoch time: 2.46s
Epoch 139/300, Loss: -2.5995, Obj: -2.8650, Eq Viol (l1): 0.000092, Ineq Viol (l1): 0.000000, Epoch time: 2.46s
Epoch 140/300, Loss: -2.5780, Obj: -2.8536, Eq Viol (l1): 0.000094, Ineq Viol (l1): 0.000000, Epoch time: 2.44s
Epoch 141/300, Loss: -2.6047, Obj: -2.8698, Eq Viol (l1): 0.000102, Ineq Viol (l1): 0.000000, Epoch time: 2.42s

Running validation at epoch 140...

VALIDATION_EPOCH_140 EVALUATION RESULTS:
==================================================
Obj:     -2.940509e+00
Opt Gap:      -4.180371e+00 ± 1.481094e+00
Eq Vio l1:   1.042495e-04 (max: 1.041313e-03)
Ineq Vio l1: 6.035582e-07 (max: 4.333312e-05)
Sol Dis:   1.409435e+02 ± 8.098785e-01
Merit:             -2.939461e+00 ± 1.979354e-02
Avg Inf Time:  0.0621s
==================================================
Epoch 142/300, Loss: -2.6066, Obj: -2.8727, Eq Viol (l1): 0.000096, Ineq Viol (l1): 0.000000, Epoch time: 2.45s
Epoch 143/300, Loss: -2.6215, Obj: -2.8684, Eq Viol (l1): 0.000095, Ineq Viol (l1): 0.000000, Epoch time: 2.43s
Epoch 144/300, Loss: -2.6396, Obj: -2.8797, Eq Viol (l1): 0.000092, Ineq Viol (l1): 0.000000, Epoch time: 2.44s
Epoch 145/300, Loss: -2.6509, Obj: -2.8872, Eq Viol (l1): 0.000090, Ineq Viol (l1): 0.000000, Epoch time: 2.44s
Epoch 146/300, Loss: -2.6305, Obj: -2.8807, Eq Viol (l1): 0.000087, Ineq Viol (l1): 0.000000, Epoch time: 2.46s
Epoch 147/300, Loss: -2.6152, Obj: -2.8698, Eq Viol (l1): 0.000092, Ineq Viol (l1): 0.000000, Epoch time: 2.44s
Epoch 148/300, Loss: -2.6069, Obj: -2.8621, Eq Viol (l1): 0.000089, Ineq Viol (l1): 0.000000, Epoch time: 2.45s
Epoch 149/300, Loss: -2.6019, Obj: -2.8727, Eq Viol (l1): 0.000095, Ineq Viol (l1): 0.000000, Epoch time: 2.45s
Epoch 150/300, Loss: -2.6027, Obj: -2.8535, Eq Viol (l1): 0.000095, Ineq Viol (l1): 0.000000, Epoch time: 2.44s
Epoch 151/300, Loss: -2.6473, Obj: -2.8804, Eq Viol (l1): 0.000098, Ineq Viol (l1): 0.000000, Epoch time: 2.41s

Running validation at epoch 150...

VALIDATION_EPOCH_150 EVALUATION RESULTS:
==================================================
Obj:     -2.968147e+00
Opt Gap:      -4.259731e+00 ± 1.526160e+00
Eq Vio l1:   1.024840e-04 (max: 1.565712e-03)
Ineq Vio l1: 4.874404e-07 (max: 4.461001e-05)
Sol Dis:   1.401634e+02 ± 7.723145e-01
Merit:             -2.967117e+00 ± 1.748797e-02
Avg Inf Time:  0.0630s
==================================================
Epoch 152/300, Loss: -2.6386, Obj: -2.8807, Eq Viol (l1): 0.000086, Ineq Viol (l1): 0.000000, Epoch time: 2.46s
Epoch 153/300, Loss: -2.6468, Obj: -2.8858, Eq Viol (l1): 0.000091, Ineq Viol (l1): 0.000000, Epoch time: 2.43s
Epoch 154/300, Loss: -2.6203, Obj: -2.8781, Eq Viol (l1): 0.000087, Ineq Viol (l1): 0.000000, Epoch time: 2.46s
Epoch 155/300, Loss: -2.6052, Obj: -2.8712, Eq Viol (l1): 0.000085, Ineq Viol (l1): 0.000000, Epoch time: 2.46s
Epoch 156/300, Loss: -2.6087, Obj: -2.8665, Eq Viol (l1): 0.000092, Ineq Viol (l1): 0.000000, Epoch time: 2.44s
Epoch 157/300, Loss: -2.6445, Obj: -2.8846, Eq Viol (l1): 0.000096, Ineq Viol (l1): 0.000000, Epoch time: 2.44s
Epoch 158/300, Loss: -2.6289, Obj: -2.8797, Eq Viol (l1): 0.000096, Ineq Viol (l1): 0.000000, Epoch time: 2.43s
Epoch 159/300, Loss: -2.6091, Obj: -2.8742, Eq Viol (l1): 0.000095, Ineq Viol (l1): 0.000000, Epoch time: 2.44s
Epoch 160/300, Loss: -2.6287, Obj: -2.8716, Eq Viol (l1): 0.000092, Ineq Viol (l1): 0.000000, Epoch time: 2.44s
Epoch 161/300, Loss: -2.6544, Obj: -2.8854, Eq Viol (l1): 0.000095, Ineq Viol (l1): 0.000000, Epoch time: 2.43s

Running validation at epoch 160...

VALIDATION_EPOCH_160 EVALUATION RESULTS:
==================================================
Obj:     -3.010014e+00
Opt Gap:      -4.310646e+00 ± 1.533489e+00
Eq Vio l1:   9.721953e-05 (max: 7.079440e-04)
Ineq Vio l1: 2.793846e-07 (max: 2.534685e-05)
Sol Dis:   1.400829e+02 ± 7.877489e-01
Merit:             -3.009039e+00 ± 1.847919e-02
Avg Inf Time:  0.0657s
==================================================
Epoch 162/300, Loss: -2.6229, Obj: -2.8746, Eq Viol (l1): 0.000094, Ineq Viol (l1): 0.000000, Epoch time: 2.44s
Epoch 163/300, Loss: -2.5835, Obj: -2.8377, Eq Viol (l1): 0.000097, Ineq Viol (l1): 0.000000, Epoch time: 2.41s
Epoch 164/300, Loss: -2.6484, Obj: -2.8764, Eq Viol (l1): 0.000090, Ineq Viol (l1): 0.000000, Epoch time: 2.44s
Epoch 165/300, Loss: -2.6583, Obj: -2.8948, Eq Viol (l1): 0.000078, Ineq Viol (l1): 0.000000, Epoch time: 2.49s
Epoch 166/300, Loss: -2.6447, Obj: -2.8936, Eq Viol (l1): 0.000094, Ineq Viol (l1): 0.000000, Epoch time: 2.53s
Epoch 167/300, Loss: -2.6631, Obj: -2.8918, Eq Viol (l1): 0.000097, Ineq Viol (l1): 0.000000, Epoch time: 2.41s
Epoch 168/300, Loss: -2.6579, Obj: -2.8875, Eq Viol (l1): 0.000093, Ineq Viol (l1): 0.000000, Epoch time: 2.43s
Epoch 169/300, Loss: -2.6440, Obj: -2.8854, Eq Viol (l1): 0.000091, Ineq Viol (l1): 0.000000, Epoch time: 2.46s
Epoch 170/300, Loss: -2.6238, Obj: -2.8775, Eq Viol (l1): 0.000093, Ineq Viol (l1): 0.000000, Epoch time: 2.43s
Epoch 171/300, Loss: -2.6533, Obj: -2.8924, Eq Viol (l1): 0.000091, Ineq Viol (l1): 0.000000, Epoch time: 2.44s

Running validation at epoch 170...

VALIDATION_EPOCH_170 EVALUATION RESULTS:
==================================================
Obj:     -2.979318e+00
Opt Gap:      -4.272037e+00 ± 1.534108e+00
Eq Vio l1:   1.037741e-04 (max: 1.066556e-03)
Ineq Vio l1: 5.104124e-07 (max: 4.456945e-05)
Sol Dis:   1.404570e+02 ± 7.652991e-01
Merit:             -2.978275e+00 ± 1.764986e-02
Avg Inf Time:  0.0631s
==================================================
Epoch 172/300, Loss: -2.6470, Obj: -2.8934, Eq Viol (l1): 0.000093, Ineq Viol (l1): 0.000000, Epoch time: 2.43s
Epoch 173/300, Loss: -2.6505, Obj: -2.8859, Eq Viol (l1): 0.000093, Ineq Viol (l1): 0.000000, Epoch time: 2.43s
Epoch 174/300, Loss: -2.6770, Obj: -2.9069, Eq Viol (l1): 0.000097, Ineq Viol (l1): 0.000000, Epoch time: 2.42s
Epoch 175/300, Loss: -2.6574, Obj: -2.9012, Eq Viol (l1): 0.000095, Ineq Viol (l1): 0.000000, Epoch time: 2.42s
Epoch 176/300, Loss: -2.6593, Obj: -2.8984, Eq Viol (l1): 0.000089, Ineq Viol (l1): 0.000000, Epoch time: 2.45s
Epoch 177/300, Loss: -2.6443, Obj: -2.8920, Eq Viol (l1): 0.000093, Ineq Viol (l1): 0.000000, Epoch time: 2.44s
Epoch 178/300, Loss: -2.6438, Obj: -2.8944, Eq Viol (l1): 0.000099, Ineq Viol (l1): 0.000000, Epoch time: 2.42s
Epoch 179/300, Loss: -2.6516, Obj: -2.8908, Eq Viol (l1): 0.000095, Ineq Viol (l1): 0.000000, Epoch time: 2.43s
Epoch 180/300, Loss: -2.6506, Obj: -2.8905, Eq Viol (l1): 0.000105, Ineq Viol (l1): 0.000000, Epoch time: 2.39s
Epoch 181/300, Loss: -2.6675, Obj: -2.9068, Eq Viol (l1): 0.000099, Ineq Viol (l1): 0.000000, Epoch time: 2.42s

Running validation at epoch 180...

VALIDATION_EPOCH_180 EVALUATION RESULTS:
==================================================
Obj:     -2.982564e+00
Opt Gap:      -4.262526e+00 ± 1.517879e+00
Eq Vio l1:   9.138297e-05 (max: 8.538053e-04)
Ineq Vio l1: 3.244358e-07 (max: 1.549392e-05)
Sol Dis:   1.404518e+02 ± 8.113524e-01
Merit:             -2.981647e+00 ± 1.981515e-02
Avg Inf Time:  0.0655s
==================================================
Epoch 182/300, Loss: -2.6246, Obj: -2.8762, Eq Viol (l1): 0.000090, Ineq Viol (l1): 0.000000, Epoch time: 2.45s
Epoch 183/300, Loss: -2.6327, Obj: -2.8934, Eq Viol (l1): 0.000092, Ineq Viol (l1): 0.000000, Epoch time: 2.46s
Epoch 184/300, Loss: -2.5833, Obj: -2.8491, Eq Viol (l1): 0.000091, Ineq Viol (l1): 0.000000, Epoch time: 2.44s
Epoch 185/300, Loss: -2.6737, Obj: -2.9008, Eq Viol (l1): 0.000087, Ineq Viol (l1): 0.000000, Epoch time: 2.44s
Epoch 186/300, Loss: -2.6745, Obj: -2.9000, Eq Viol (l1): 0.000091, Ineq Viol (l1): 0.000000, Epoch time: 2.42s
Epoch 187/300, Loss: -2.6035, Obj: -2.8760, Eq Viol (l1): 0.000094, Ineq Viol (l1): 0.000000, Epoch time: 2.44s
Epoch 188/300, Loss: -2.6637, Obj: -2.9048, Eq Viol (l1): 0.000089, Ineq Viol (l1): 0.000000, Epoch time: 2.45s
Epoch 189/300, Loss: -2.6830, Obj: -2.9080, Eq Viol (l1): 0.000095, Ineq Viol (l1): 0.000000, Epoch time: 2.42s
Epoch 190/300, Loss: -2.6849, Obj: -2.9115, Eq Viol (l1): 0.000096, Ineq Viol (l1): 0.000000, Epoch time: 2.42s
Epoch 191/300, Loss: -2.6635, Obj: -2.8957, Eq Viol (l1): 0.000094, Ineq Viol (l1): 0.000000, Epoch time: 2.42s

Running validation at epoch 190...

VALIDATION_EPOCH_190 EVALUATION RESULTS:
==================================================
Obj:     -2.989674e+00
Opt Gap:      -4.284741e+00 ± 1.527878e+00
Eq Vio l1:   8.110426e-05 (max: 9.860328e-04)
Ineq Vio l1: 3.523998e-07 (max: 2.803306e-05)
Sol Dis:   1.404668e+02 ± 8.067405e-01
Merit:             -2.988859e+00 ± 1.939922e-02
Avg Inf Time:  0.0651s
==================================================
Epoch 192/300, Loss: -2.6426, Obj: -2.8865, Eq Viol (l1): 0.000088, Ineq Viol (l1): 0.000000, Epoch time: 2.46s
Epoch 193/300, Loss: -2.6058, Obj: -2.8535, Eq Viol (l1): 0.000092, Ineq Viol (l1): 0.000000, Epoch time: 2.42s
Epoch 194/300, Loss: -2.6148, Obj: -2.8863, Eq Viol (l1): 0.000102, Ineq Viol (l1): 0.000000, Epoch time: 2.42s
Epoch 195/300, Loss: -2.6524, Obj: -2.8827, Eq Viol (l1): 0.000094, Ineq Viol (l1): 0.000000, Epoch time: 2.43s
Epoch 196/300, Loss: -2.6732, Obj: -2.8897, Eq Viol (l1): 0.000100, Ineq Viol (l1): 0.000000, Epoch time: 2.38s
Epoch 197/300, Loss: -2.6354, Obj: -2.8994, Eq Viol (l1): 0.000093, Ineq Viol (l1): 0.000000, Epoch time: 2.45s
Epoch 198/300, Loss: -2.6630, Obj: -2.9078, Eq Viol (l1): 0.000088, Ineq Viol (l1): 0.000000, Epoch time: 2.46s
Epoch 199/300, Loss: -2.6159, Obj: -2.8758, Eq Viol (l1): 0.000085, Ineq Viol (l1): 0.000000, Epoch time: 2.57s
Epoch 200/300, Loss: -2.6844, Obj: -2.9100, Eq Viol (l1): 0.000090, Ineq Viol (l1): 0.000000, Epoch time: 2.46s
Epoch 201/300, Loss: -2.6677, Obj: -2.8938, Eq Viol (l1): 0.000103, Ineq Viol (l1): 0.000000, Epoch time: 2.39s

Running validation at epoch 200...

VALIDATION_EPOCH_200 EVALUATION RESULTS:
==================================================
Obj:     -2.975189e+00
Opt Gap:      -4.240162e+00 ± 1.521686e+00
Eq Vio l1:   9.623983e-05 (max: 1.024343e-03)
Ineq Vio l1: 6.169009e-07 (max: 5.042302e-05)
Sol Dis:   1.404262e+02 ± 8.328473e-01
Merit:             -2.974220e+00 ± 1.841876e-02
Avg Inf Time:  0.0631s
==================================================
Epoch 202/300, Loss: -2.6873, Obj: -2.9096, Eq Viol (l1): 0.000098, Ineq Viol (l1): 0.000000, Epoch time: 2.42s
Epoch 203/300, Loss: -2.6800, Obj: -2.9101, Eq Viol (l1): 0.000100, Ineq Viol (l1): 0.000000, Epoch time: 2.41s
Epoch 204/300, Loss: -2.6641, Obj: -2.9046, Eq Viol (l1): 0.000096, Ineq Viol (l1): 0.000000, Epoch time: 2.44s
Epoch 205/300, Loss: -2.6405, Obj: -2.8916, Eq Viol (l1): 0.000092, Ineq Viol (l1): 0.000000, Epoch time: 2.42s
Epoch 206/300, Loss: -2.6432, Obj: -2.8817, Eq Viol (l1): 0.000096, Ineq Viol (l1): 0.000000, Epoch time: 2.42s
Epoch 207/300, Loss: -2.6653, Obj: -2.8979, Eq Viol (l1): 0.000089, Ineq Viol (l1): 0.000000, Epoch time: 2.43s
Epoch 208/300, Loss: -2.6946, Obj: -2.9209, Eq Viol (l1): 0.000096, Ineq Viol (l1): 0.000000, Epoch time: 2.43s
Epoch 209/300, Loss: -2.6597, Obj: -2.9077, Eq Viol (l1): 0.000098, Ineq Viol (l1): 0.000000, Epoch time: 2.42s
Epoch 210/300, Loss: -2.6677, Obj: -2.8978, Eq Viol (l1): 0.000092, Ineq Viol (l1): 0.000000, Epoch time: 2.42s
Epoch 211/300, Loss: -2.6280, Obj: -2.8912, Eq Viol (l1): 0.000097, Ineq Viol (l1): 0.000000, Epoch time: 2.43s

Running validation at epoch 210...

VALIDATION_EPOCH_210 EVALUATION RESULTS:
==================================================
Obj:     -2.982953e+00
Opt Gap:      -4.281799e+00 ± 1.539321e+00
Eq Vio l1:   9.320360e-05 (max: 7.386779e-04)
Ineq Vio l1: 4.293626e-07 (max: 1.984145e-05)
Sol Dis:   1.405178e+02 ± 7.590199e-01
Merit:             -2.982017e+00 ± 1.722216e-02
Avg Inf Time:  0.0635s
==================================================
Epoch 212/300, Loss: -2.6606, Obj: -2.9007, Eq Viol (l1): 0.000095, Ineq Viol (l1): 0.000000, Epoch time: 2.42s
Epoch 213/300, Loss: -2.6684, Obj: -2.8935, Eq Viol (l1): 0.000100, Ineq Viol (l1): 0.000000, Epoch time: 2.40s
Epoch 214/300, Loss: -2.5790, Obj: -2.8578, Eq Viol (l1): 0.000089, Ineq Viol (l1): 0.000000, Epoch time: 2.43s
Epoch 215/300, Loss: -2.6398, Obj: -2.8963, Eq Viol (l1): 0.000088, Ineq Viol (l1): 0.000000, Epoch time: 2.45s
Epoch 216/300, Loss: -2.6687, Obj: -2.9034, Eq Viol (l1): 0.000092, Ineq Viol (l1): 0.000000, Epoch time: 2.43s
Epoch 217/300, Loss: -2.6758, Obj: -2.9109, Eq Viol (l1): 0.000096, Ineq Viol (l1): 0.000000, Epoch time: 2.44s
Epoch 218/300, Loss: -2.6937, Obj: -2.9181, Eq Viol (l1): 0.000084, Ineq Viol (l1): 0.000000, Epoch time: 2.47s
Epoch 219/300, Loss: -2.6806, Obj: -2.9040, Eq Viol (l1): 0.000091, Ineq Viol (l1): 0.000000, Epoch time: 2.43s
Epoch 220/300, Loss: -2.6974, Obj: -2.9215, Eq Viol (l1): 0.000090, Ineq Viol (l1): 0.000000, Epoch time: 2.45s
Epoch 221/300, Loss: -2.6791, Obj: -2.9037, Eq Viol (l1): 0.000087, Ineq Viol (l1): 0.000000, Epoch time: 2.45s

Running validation at epoch 220...

VALIDATION_EPOCH_220 EVALUATION RESULTS:
==================================================
Obj:     -2.972540e+00
Opt Gap:      -4.237567e+00 ± 1.519580e+00
Eq Vio l1:   1.026971e-04 (max: 1.517006e-03)
Ineq Vio l1: 4.210439e-07 (max: 5.015999e-05)
Sol Dis:   1.401509e+02 ± 7.934838e-01
Merit:             -2.971509e+00 ± 1.829409e-02
Avg Inf Time:  0.0630s
==================================================
Epoch 222/300, Loss: -2.6885, Obj: -2.9128, Eq Viol (l1): 0.000094, Ineq Viol (l1): 0.000000, Epoch time: 2.43s
Epoch 223/300, Loss: -2.6722, Obj: -2.9035, Eq Viol (l1): 0.000099, Ineq Viol (l1): 0.000000, Epoch time: 2.42s
Epoch 224/300, Loss: -2.7082, Obj: -2.9238, Eq Viol (l1): 0.000094, Ineq Viol (l1): 0.000000, Epoch time: 2.43s
Epoch 225/300, Loss: -2.6602, Obj: -2.9106, Eq Viol (l1): 0.000109, Ineq Viol (l1): 0.000001, Epoch time: 2.40s
Epoch 226/300, Loss: -2.6436, Obj: -2.8787, Eq Viol (l1): 0.000101, Ineq Viol (l1): 0.000000, Epoch time: 2.38s
Epoch 227/300, Loss: -2.6299, Obj: -2.8532, Eq Viol (l1): 0.000089, Ineq Viol (l1): 0.000000, Epoch time: 2.41s
Epoch 228/300, Loss: -2.6460, Obj: -2.8840, Eq Viol (l1): 0.000088, Ineq Viol (l1): 0.000000, Epoch time: 2.43s
Epoch 229/300, Loss: -2.7145, Obj: -2.9245, Eq Viol (l1): 0.000099, Ineq Viol (l1): 0.000000, Epoch time: 2.40s
Epoch 230/300, Loss: -2.6914, Obj: -2.9158, Eq Viol (l1): 0.000098, Ineq Viol (l1): 0.000000, Epoch time: 2.41s
Epoch 231/300, Loss: -2.6598, Obj: -2.8950, Eq Viol (l1): 0.000088, Ineq Viol (l1): 0.000000, Epoch time: 2.44s

Running validation at epoch 230...

VALIDATION_EPOCH_230 EVALUATION RESULTS:
==================================================
Obj:     -2.995138e+00
Opt Gap:      -4.269371e+00 ± 1.513355e+00
Eq Vio l1:   9.078663e-05 (max: 7.144587e-04)
Ineq Vio l1: 2.527947e-07 (max: 1.100528e-05)
Sol Dis:   1.402222e+02 ± 7.987819e-01
Merit:             -2.994228e+00 ± 1.778788e-02
Avg Inf Time:  0.0657s
==================================================
Epoch 232/300, Loss: -2.6698, Obj: -2.9124, Eq Viol (l1): 0.000096, Ineq Viol (l1): 0.000000, Epoch time: 2.52s
Epoch 233/300, Loss: -2.6848, Obj: -2.9108, Eq Viol (l1): 0.000100, Ineq Viol (l1): 0.000000, Epoch time: 2.41s
Epoch 234/300, Loss: -2.6645, Obj: -2.8988, Eq Viol (l1): 0.000091, Ineq Viol (l1): 0.000000, Epoch time: 2.44s
Epoch 235/300, Loss: -2.7055, Obj: -2.9209, Eq Viol (l1): 0.000096, Ineq Viol (l1): 0.000000, Epoch time: 2.42s
Epoch 236/300, Loss: -2.6447, Obj: -2.8942, Eq Viol (l1): 0.000096, Ineq Viol (l1): 0.000000, Epoch time: 2.42s
Epoch 237/300, Loss: -2.6835, Obj: -2.9083, Eq Viol (l1): 0.000096, Ineq Viol (l1): 0.000000, Epoch time: 2.41s
Epoch 238/300, Loss: -2.6942, Obj: -2.9268, Eq Viol (l1): 0.000087, Ineq Viol (l1): 0.000000, Epoch time: 2.45s
Epoch 239/300, Loss: -2.6580, Obj: -2.8979, Eq Viol (l1): 0.000098, Ineq Viol (l1): 0.000000, Epoch time: 2.42s
Epoch 240/300, Loss: -2.6877, Obj: -2.9099, Eq Viol (l1): 0.000095, Ineq Viol (l1): 0.000000, Epoch time: 2.43s
Epoch 241/300, Loss: -2.6801, Obj: -2.9061, Eq Viol (l1): 0.000097, Ineq Viol (l1): 0.000000, Epoch time: 2.43s

Running validation at epoch 240...

VALIDATION_EPOCH_240 EVALUATION RESULTS:
==================================================
Obj:     -2.952332e+00
Opt Gap:      -4.230662e+00 ± 1.539547e+00
Eq Vio l1:   8.954948e-05 (max: 1.878800e-03)
Ineq Vio l1: 5.392755e-07 (max: 6.234968e-05)
Sol Dis:   1.400754e+02 ± 7.546532e-01
Merit:             -2.951431e+00 ± 1.762077e-02
Avg Inf Time:  0.0643s
==================================================
Epoch 242/300, Loss: -2.6480, Obj: -2.8994, Eq Viol (l1): 0.000087, Ineq Viol (l1): 0.000000, Epoch time: 2.47s
Epoch 243/300, Loss: -2.6736, Obj: -2.9166, Eq Viol (l1): 0.000093, Ineq Viol (l1): 0.000000, Epoch time: 2.44s
Epoch 244/300, Loss: -2.6651, Obj: -2.9002, Eq Viol (l1): 0.000093, Ineq Viol (l1): 0.000000, Epoch time: 2.42s
Epoch 245/300, Loss: -2.6430, Obj: -2.9005, Eq Viol (l1): 0.000090, Ineq Viol (l1): 0.000000, Epoch time: 2.43s
Epoch 246/300, Loss: -2.6541, Obj: -2.9065, Eq Viol (l1): 0.000101, Ineq Viol (l1): 0.000000, Epoch time: 2.41s
Epoch 247/300, Loss: -2.6896, Obj: -2.9168, Eq Viol (l1): 0.000098, Ineq Viol (l1): 0.000000, Epoch time: 2.41s
Epoch 248/300, Loss: -2.6644, Obj: -2.8900, Eq Viol (l1): 0.000090, Ineq Viol (l1): 0.000000, Epoch time: 2.42s
Epoch 249/300, Loss: -2.6669, Obj: -2.9014, Eq Viol (l1): 0.000099, Ineq Viol (l1): 0.000000, Epoch time: 2.41s
Epoch 250/300, Loss: -2.6858, Obj: -2.9050, Eq Viol (l1): 0.000086, Ineq Viol (l1): 0.000000, Epoch time: 2.44s
Epoch 251/300, Loss: -2.7076, Obj: -2.9167, Eq Viol (l1): 0.000097, Ineq Viol (l1): 0.000000, Epoch time: 2.40s

Running validation at epoch 250...

VALIDATION_EPOCH_250 EVALUATION RESULTS:
==================================================
Obj:     -2.963470e+00
Opt Gap:      -4.222862e+00 ± 1.490942e+00
Eq Vio l1:   6.791564e-05 (max: 1.183677e-03)
Ineq Vio l1: 3.821977e-07 (max: 2.916511e-05)
Sol Dis:   1.406883e+02 ± 8.449144e-01
Merit:             -2.962787e+00 ± 1.815357e-02
Avg Inf Time:  0.0640s
==================================================
Epoch 252/300, Loss: -2.6772, Obj: -2.9154, Eq Viol (l1): 0.000086, Ineq Viol (l1): 0.000000, Epoch time: 2.44s
Epoch 253/300, Loss: -2.6842, Obj: -2.9192, Eq Viol (l1): 0.000102, Ineq Viol (l1): 0.000000, Epoch time: 2.40s
Epoch 254/300, Loss: -2.7037, Obj: -2.9212, Eq Viol (l1): 0.000092, Ineq Viol (l1): 0.000000, Epoch time: 2.43s
Epoch 255/300, Loss: -2.6956, Obj: -2.9160, Eq Viol (l1): 0.000091, Ineq Viol (l1): 0.000000, Epoch time: 2.43s
Epoch 256/300, Loss: -2.6859, Obj: -2.9203, Eq Viol (l1): 0.000092, Ineq Viol (l1): 0.000000, Epoch time: 2.44s
Epoch 257/300, Loss: -2.6314, Obj: -2.8730, Eq Viol (l1): 0.000095, Ineq Viol (l1): 0.000000, Epoch time: 2.42s
Epoch 258/300, Loss: -2.6251, Obj: -2.8908, Eq Viol (l1): 0.000103, Ineq Viol (l1): 0.000000, Epoch time: 2.41s
Epoch 259/300, Loss: -2.6844, Obj: -2.9174, Eq Viol (l1): 0.000100, Ineq Viol (l1): 0.000000, Epoch time: 2.41s
Epoch 260/300, Loss: -2.6516, Obj: -2.9034, Eq Viol (l1): 0.000093, Ineq Viol (l1): 0.000000, Epoch time: 2.44s
Epoch 261/300, Loss: -2.6874, Obj: -2.9065, Eq Viol (l1): 0.000095, Ineq Viol (l1): 0.000000, Epoch time: 2.40s

Running validation at epoch 260...

VALIDATION_EPOCH_260 EVALUATION RESULTS:
==================================================
Obj:     -2.981192e+00
Opt Gap:      -4.251224e+00 ± 1.509355e+00
Eq Vio l1:   1.070618e-04 (max: 1.254564e-03)
Ineq Vio l1: 4.704338e-07 (max: 3.617715e-05)
Sol Dis:   1.403236e+02 ± 7.477994e-01
Merit:             -2.980116e+00 ± 1.825643e-02
Avg Inf Time:  0.0631s
==================================================
Epoch 262/300, Loss: -2.6877, Obj: -2.9184, Eq Viol (l1): 0.000098, Ineq Viol (l1): 0.000000, Epoch time: 2.43s
Epoch 263/300, Loss: -2.6897, Obj: -2.9164, Eq Viol (l1): 0.000094, Ineq Viol (l1): 0.000000, Epoch time: 2.43s
Epoch 264/300, Loss: -2.7071, Obj: -2.9209, Eq Viol (l1): 0.000102, Ineq Viol (l1): 0.000000, Epoch time: 2.40s
Epoch 265/300, Loss: -2.7014, Obj: -2.9184, Eq Viol (l1): 0.000102, Ineq Viol (l1): 0.000000, Epoch time: 2.40s
Epoch 266/300, Loss: -2.7119, Obj: -2.9259, Eq Viol (l1): 0.000102, Ineq Viol (l1): 0.000000, Epoch time: 2.50s
Epoch 267/300, Loss: -2.6934, Obj: -2.9227, Eq Viol (l1): 0.000092, Ineq Viol (l1): 0.000000, Epoch time: 2.44s
Epoch 268/300, Loss: -2.6880, Obj: -2.9122, Eq Viol (l1): 0.000089, Ineq Viol (l1): 0.000000, Epoch time: 2.43s
Epoch 269/300, Loss: -2.6225, Obj: -2.8701, Eq Viol (l1): 0.000086, Ineq Viol (l1): 0.000000, Epoch time: 2.45s
Epoch 270/300, Loss: -2.6833, Obj: -2.9126, Eq Viol (l1): 0.000096, Ineq Viol (l1): 0.000000, Epoch time: 2.44s
Epoch 271/300, Loss: -2.6063, Obj: -2.8822, Eq Viol (l1): 0.000089, Ineq Viol (l1): 0.000000, Epoch time: 2.44s

Running validation at epoch 270...

VALIDATION_EPOCH_270 EVALUATION RESULTS:
==================================================
Obj:     -2.913270e+00
Opt Gap:      -4.166362e+00 ± 1.501097e+00
Eq Vio l1:   1.125575e-04 (max: 7.628157e-04)
Ineq Vio l1: 5.439947e-07 (max: 2.450630e-05)
Sol Dis:   1.411180e+02 ± 7.824756e-01
Merit:             -2.912139e+00 ± 1.663934e-02
Avg Inf Time:  0.0632s
==================================================
Epoch 272/300, Loss: -2.6221, Obj: -2.8937, Eq Viol (l1): 0.000094, Ineq Viol (l1): 0.000000, Epoch time: 2.44s
Epoch 273/300, Loss: -2.6438, Obj: -2.8868, Eq Viol (l1): 0.000097, Ineq Viol (l1): 0.000000, Epoch time: 2.40s
Epoch 274/300, Loss: -2.6674, Obj: -2.9033, Eq Viol (l1): 0.000098, Ineq Viol (l1): 0.000000, Epoch time: 2.40s
Epoch 275/300, Loss: -2.6946, Obj: -2.9169, Eq Viol (l1): 0.000090, Ineq Viol (l1): 0.000000, Epoch time: 2.44s
Epoch 276/300, Loss: -2.6891, Obj: -2.9067, Eq Viol (l1): 0.000098, Ineq Viol (l1): 0.000000, Epoch time: 2.41s
Epoch 277/300, Loss: -2.6843, Obj: -2.9039, Eq Viol (l1): 0.000091, Ineq Viol (l1): 0.000000, Epoch time: 2.43s
Epoch 278/300, Loss: -2.6901, Obj: -2.9159, Eq Viol (l1): 0.000097, Ineq Viol (l1): 0.000001, Epoch time: 2.42s
Epoch 279/300, Loss: -2.6568, Obj: -2.9066, Eq Viol (l1): 0.000100, Ineq Viol (l1): 0.000000, Epoch time: 2.42s
Epoch 280/300, Loss: -2.6783, Obj: -2.9046, Eq Viol (l1): 0.000093, Ineq Viol (l1): 0.000000, Epoch time: 2.42s
Epoch 281/300, Loss: -2.6845, Obj: -2.9065, Eq Viol (l1): 0.000095, Ineq Viol (l1): 0.000000, Epoch time: 2.40s

Running validation at epoch 280...

VALIDATION_EPOCH_280 EVALUATION RESULTS:
==================================================
Obj:     -2.996624e+00
Opt Gap:      -4.296739e+00 ± 1.531480e+00
Eq Vio l1:   1.250074e-04 (max: 1.161850e-03)
Ineq Vio l1: 7.137351e-07 (max: 3.117057e-05)
Sol Dis:   1.399449e+02 ± 7.985273e-01
Merit:             -2.995367e+00 ± 1.757755e-02
Avg Inf Time:  0.0636s
==================================================
Epoch 282/300, Loss: -2.6527, Obj: -2.9200, Eq Viol (l1): 0.000098, Ineq Viol (l1): 0.000000, Epoch time: 2.45s
Epoch 283/300, Loss: -2.6688, Obj: -2.9030, Eq Viol (l1): 0.000095, Ineq Viol (l1): 0.000000, Epoch time: 2.40s
Epoch 284/300, Loss: -2.7022, Obj: -2.9316, Eq Viol (l1): 0.000096, Ineq Viol (l1): 0.000000, Epoch time: 2.43s
Epoch 285/300, Loss: -2.7091, Obj: -2.9264, Eq Viol (l1): 0.000102, Ineq Viol (l1): 0.000000, Epoch time: 2.39s
Epoch 286/300, Loss: -2.7070, Obj: -2.9238, Eq Viol (l1): 0.000100, Ineq Viol (l1): 0.000000, Epoch time: 2.40s
Epoch 287/300, Loss: -2.7002, Obj: -2.9191, Eq Viol (l1): 0.000090, Ineq Viol (l1): 0.000000, Epoch time: 2.42s
Epoch 288/300, Loss: -2.7083, Obj: -2.9292, Eq Viol (l1): 0.000094, Ineq Viol (l1): 0.000000, Epoch time: 2.43s
Epoch 289/300, Loss: -2.7057, Obj: -2.9304, Eq Viol (l1): 0.000100, Ineq Viol (l1): 0.000001, Epoch time: 2.41s
Epoch 290/300, Loss: -2.6519, Obj: -2.8969, Eq Viol (l1): 0.000093, Ineq Viol (l1): 0.000000, Epoch time: 2.42s
Epoch 291/300, Loss: -2.7054, Obj: -2.9239, Eq Viol (l1): 0.000094, Ineq Viol (l1): 0.000000, Epoch time: 2.43s

Running validation at epoch 290...

VALIDATION_EPOCH_290 EVALUATION RESULTS:
==================================================
Obj:     -2.937726e+00
Opt Gap:      -4.171320e+00 ± 1.521462e+00
Eq Vio l1:   9.377652e-05 (max: 1.343520e-03)
Ineq Vio l1: 4.379007e-07 (max: 1.826526e-05)
Sol Dis:   1.407037e+02 ± 7.977347e-01
Merit:             -2.936784e+00 ± 1.927201e-02
Avg Inf Time:  0.0606s
==================================================
Epoch 292/300, Loss: -2.6689, Obj: -2.9071, Eq Viol (l1): 0.000093, Ineq Viol (l1): 0.000000, Epoch time: 2.43s
Epoch 293/300, Loss: -2.6768, Obj: -2.9082, Eq Viol (l1): 0.000090, Ineq Viol (l1): 0.000000, Epoch time: 2.44s
Epoch 294/300, Loss: -2.6981, Obj: -2.9238, Eq Viol (l1): 0.000095, Ineq Viol (l1): 0.000000, Epoch time: 2.42s
Epoch 295/300, Loss: -2.6976, Obj: -2.9124, Eq Viol (l1): 0.000093, Ineq Viol (l1): 0.000000, Epoch time: 2.42s
Epoch 296/300, Loss: -2.6820, Obj: -2.9035, Eq Viol (l1): 0.000103, Ineq Viol (l1): 0.000001, Epoch time: 2.39s
Epoch 297/300, Loss: -2.6823, Obj: -2.9089, Eq Viol (l1): 0.000092, Ineq Viol (l1): 0.000000, Epoch time: 2.41s
Epoch 298/300, Loss: -2.7268, Obj: -2.9300, Eq Viol (l1): 0.000098, Ineq Viol (l1): 0.000000, Epoch time: 2.40s
Epoch 299/300, Loss: -2.7414, Obj: -2.9430, Eq Viol (l1): 0.000098, Ineq Viol (l1): 0.000000, Epoch time: 2.52s
Epoch 300/300, Loss: -2.7027, Obj: -2.9269, Eq Viol (l1): 0.000092, Ineq Viol (l1): 0.000000, Epoch time: 2.42s

Training completed in 752.60 seconds.

============================================================
COMPREHENSIVE TEST EVALUATION WITH DETAILED RESULTS
============================================================
Testing with batch sizes: [256, 512]

Evaluating with batch size: 256 (with detailed results)

TEST_BS256 EVALUATION RESULTS:
==================================================
Obj:     -3.001692e+00
Opt Gap:      -4.398135e+00 ± 2.315430e+00
Eq Vio l1:   1.131150e-04 (max: 8.560425e-04)
Ineq Vio l1: 4.203254e-07 (max: 1.671176e-05)
Sol Dis:   1.412030e+02 ± 1.510866e+00
Merit:             -3.000556e+00 ± 3.294354e-02
Avg Inf Time:  0.0542s
==================================================

Evaluating with batch size: 512 (with detailed results)

TEST_BS512 EVALUATION RESULTS:
==================================================
Obj:     -3.000818e+00
Opt Gap:      -4.351281e+00 ± 1.293495e+00
Eq Vio l1:   1.168107e-04 (max: 1.199564e-03)
Ineq Vio l1: 4.032123e-07 (max: 1.952075e-05)
Sol Dis:   1.412321e+02 ± 1.116179e+00
Merit:             -2.999645e+00 ± 1.862747e-02
Avg Inf Time:  0.0617s
==================================================

TEST BATCH SIZE COMPARISON:
================================================================================
Batch Size   Objective    Opt Gap      Eq Viol      Ineq Viol    Time (s)  
--------------------------------------------------------------------------------
256          -3.0017e+00  -4.3981e+00  1.1311e-04   4.2033e-07   0.43      
512          -3.0008e+00  -4.3513e+00  1.1681e-04   4.0321e-07   0.25      
================================================================================

Saving model and results to: results/nonsmooth_nonconvex/socp/SOCPProblem-100-50-50-10000/20260115-151210_MLP_FSNet_seed0_nepochs300_lr0.0002_trainsize7000_finetune_20260115-145229_sup_seedpen_model_380
✓ Model saved: results/nonsmooth_nonconvex/socp/SOCPProblem-100-50-50-10000/20260115-151210_MLP_FSNet_seed0_nepochs300_lr0.0002_trainsize7000_finetune_20260115-145229_sup_seedpen_model_380/model.pt
✓ Detailed results saved: results/nonsmooth_nonconvex/socp/SOCPProblem-100-50-50-10000/20260115-151210_MLP_FSNet_seed0_nepochs300_lr0.0002_trainsize7000_finetune_20260115-145229_sup_seedpen_model_380/results.pkl

Files saved (or attempted):
  - model.pt (model weights and architecture)
  - results.pkl (training history, metrics, detailed test results)
Training and testing completed in 755.10 seconds
Done!!!

======= Running for problem: nonsmooth_nonconvex/socp =======

Loading problem instance: nonsmooth_nonconvex/socp with size [100, 50, 50, 10000]
Loading  dataset from: datasets/nonsmooth_nonconvex/socp/random2025_socp_dataset_var100_ineq50_eq50_ex10000 

Running on:  cuda
Training model using FSNet method with seed 1 for 300 epochs
Using batch size: 512
Loading model from checkpoint: results/nonsmooth_nonconvex/socp/SOCPProblem-100-50-50-10000/20260115-145229_MLP_sup_pen_seed0_nepochs1000_lr0.0001_trainsize7000_subopt_3_1.5/model_380.pt

lr: 0.0002, weight_decay: 0.001, num_epochs: 300

Epoch 1/300, Loss: 20.9299, Obj: 20.8619, Eq Viol (l1): 0.000063, Ineq Viol (l1): 0.000000, Epoch time: 5.75s

Running validation at epoch 0...

VALIDATION_EPOCH_0 EVALUATION RESULTS:
==================================================
Obj:     2.060173e+01
Opt Gap:      3.679971e+01 ± 1.208363e+01
Eq Vio l1:   4.008366e-05 (max: 2.326795e-03)
Ineq Vio l1: 6.234286e-07 (max: 2.556046e-04)
Sol Dis:   1.947776e+02 ± 3.249957e-01
Merit:             2.060214e+01 ± 3.286969e-02
Avg Inf Time:  0.6107s
==================================================
Epoch 2/300, Loss: 19.6115, Obj: 19.3151, Eq Viol (l1): 0.000064, Ineq Viol (l1): 0.000000, Epoch time: 2.53s
Epoch 3/300, Loss: 18.7111, Obj: 18.3216, Eq Viol (l1): 0.000070, Ineq Viol (l1): 0.000001, Epoch time: 2.56s
Epoch 4/300, Loss: 17.7403, Obj: 17.3694, Eq Viol (l1): 0.000073, Ineq Viol (l1): 0.000001, Epoch time: 2.52s
Epoch 5/300, Loss: 16.4913, Obj: 16.1821, Eq Viol (l1): 0.000077, Ineq Viol (l1): 0.000000, Epoch time: 2.49s
Epoch 6/300, Loss: 15.0591, Obj: 14.7116, Eq Viol (l1): 0.000074, Ineq Viol (l1): 0.000001, Epoch time: 2.57s
Epoch 7/300, Loss: 13.5986, Obj: 13.2105, Eq Viol (l1): 0.000079, Ineq Viol (l1): 0.000000, Epoch time: 2.62s
Epoch 8/300, Loss: 11.7704, Obj: 11.2514, Eq Viol (l1): 0.000075, Ineq Viol (l1): 0.000000, Epoch time: 2.62s
Epoch 9/300, Loss: 9.0127, Obj: 8.4338, Eq Viol (l1): 0.000079, Ineq Viol (l1): 0.000000, Epoch time: 2.59s
Epoch 10/300, Loss: 7.4299, Obj: 6.8720, Eq Viol (l1): 0.000082, Ineq Viol (l1): 0.000000, Epoch time: 2.55s
Epoch 11/300, Loss: 7.0438, Obj: 6.5168, Eq Viol (l1): 0.000086, Ineq Viol (l1): 0.000000, Epoch time: 2.56s

Running validation at epoch 10...

VALIDATION_EPOCH_10 EVALUATION RESULTS:
==================================================
Obj:     6.404442e+00
Opt Gap:      1.165035e+01 ± 3.364718e+00
Eq Vio l1:   7.047496e-05 (max: 1.813880e-03)
Ineq Vio l1: 3.742280e-07 (max: 5.049855e-05)
Sol Dis:   1.616088e+02 ± 5.440096e-01
Merit:             6.405151e+00 ± 3.411904e-02
Avg Inf Time:  0.0646s
==================================================
Epoch 12/300, Loss: 6.9657, Obj: 6.4343, Eq Viol (l1): 0.000086, Ineq Viol (l1): 0.000000, Epoch time: 2.51s
Epoch 13/300, Loss: 6.8082, Obj: 6.2395, Eq Viol (l1): 0.000086, Ineq Viol (l1): 0.000000, Epoch time: 2.54s
Epoch 14/300, Loss: 6.7142, Obj: 6.2364, Eq Viol (l1): 0.000090, Ineq Viol (l1): 0.000000, Epoch time: 2.51s
Epoch 15/300, Loss: 6.4762, Obj: 6.0620, Eq Viol (l1): 0.000086, Ineq Viol (l1): 0.000000, Epoch time: 2.56s
Epoch 16/300, Loss: 6.4581, Obj: 6.0055, Eq Viol (l1): 0.000082, Ineq Viol (l1): 0.000000, Epoch time: 2.61s
Epoch 17/300, Loss: 6.4045, Obj: 5.9900, Eq Viol (l1): 0.000083, Ineq Viol (l1): 0.000000, Epoch time: 2.55s
Epoch 18/300, Loss: 6.2909, Obj: 5.8209, Eq Viol (l1): 0.000086, Ineq Viol (l1): 0.000000, Epoch time: 2.60s
Epoch 19/300, Loss: 6.1582, Obj: 5.6498, Eq Viol (l1): 0.000092, Ineq Viol (l1): 0.000000, Epoch time: 2.61s
Epoch 20/300, Loss: 5.8636, Obj: 5.5012, Eq Viol (l1): 0.000076, Ineq Viol (l1): 0.000000, Epoch time: 2.60s
Epoch 21/300, Loss: 5.6247, Obj: 5.2249, Eq Viol (l1): 0.000084, Ineq Viol (l1): 0.000000, Epoch time: 2.58s

Running validation at epoch 20...

VALIDATION_EPOCH_20 EVALUATION RESULTS:
==================================================
Obj:     4.893759e+00
Opt Gap:      8.818783e+00 ± 2.401271e+00
Eq Vio l1:   6.990356e-05 (max: 6.112724e-04)
Ineq Vio l1: 2.529236e-07 (max: 1.184142e-05)
Sol Dis:   1.572607e+02 ± 1.718740e-02
Merit:             4.894460e+00 ± 2.303101e-02
Avg Inf Time:  0.0657s
==================================================
Epoch 22/300, Loss: 5.3732, Obj: 4.8949, Eq Viol (l1): 0.000087, Ineq Viol (l1): 0.000000, Epoch time: 2.56s
Epoch 23/300, Loss: 5.1907, Obj: 4.7130, Eq Viol (l1): 0.000086, Ineq Viol (l1): 0.000000, Epoch time: 2.55s
Epoch 24/300, Loss: 5.1139, Obj: 4.6098, Eq Viol (l1): 0.000089, Ineq Viol (l1): 0.000000, Epoch time: 2.55s
Epoch 25/300, Loss: 5.0238, Obj: 4.5554, Eq Viol (l1): 0.000084, Ineq Viol (l1): 0.000000, Epoch time: 2.53s
Epoch 26/300, Loss: 4.8729, Obj: 4.4295, Eq Viol (l1): 0.000095, Ineq Viol (l1): 0.000000, Epoch time: 2.53s
Epoch 27/300, Loss: 4.8241, Obj: 4.3907, Eq Viol (l1): 0.000083, Ineq Viol (l1): 0.000000, Epoch time: 2.58s
Epoch 28/300, Loss: 4.8790, Obj: 4.3850, Eq Viol (l1): 0.000085, Ineq Viol (l1): 0.000000, Epoch time: 2.59s
Epoch 29/300, Loss: 4.9814, Obj: 4.3569, Eq Viol (l1): 0.000091, Ineq Viol (l1): 0.000001, Epoch time: 2.57s
Epoch 30/300, Loss: 4.7610, Obj: 4.1834, Eq Viol (l1): 0.000090, Ineq Viol (l1): 0.000001, Epoch time: 2.66s
Epoch 31/300, Loss: 4.5882, Obj: 4.0567, Eq Viol (l1): 0.000081, Ineq Viol (l1): 0.000001, Epoch time: 2.69s

Running validation at epoch 30...

VALIDATION_EPOCH_30 EVALUATION RESULTS:
==================================================
Obj:     4.010801e+00
Opt Gap:      7.522541e+00 ± 2.162775e+00
Eq Vio l1:   6.298325e-05 (max: 1.192407e-03)
Ineq Vio l1: 6.056803e-07 (max: 4.545955e-05)
Sol Dis:   1.468738e+02 ± 1.936479e-01
Merit:             4.011437e+00 ± 4.618086e-03
Avg Inf Time:  0.0710s
==================================================
Epoch 32/300, Loss: 4.4245, Obj: 3.7932, Eq Viol (l1): 0.000064, Ineq Viol (l1): 0.000001, Epoch time: 2.76s
Epoch 33/300, Loss: 4.3197, Obj: 3.3560, Eq Viol (l1): 0.000050, Ineq Viol (l1): 0.000001, Epoch time: 2.92s
Epoch 34/300, Loss: 3.7656, Obj: 2.8313, Eq Viol (l1): 0.000053, Ineq Viol (l1): 0.000000, Epoch time: 2.79s
Epoch 35/300, Loss: 2.8112, Obj: 1.9971, Eq Viol (l1): 0.000060, Ineq Viol (l1): 0.000000, Epoch time: 2.78s
Epoch 36/300, Loss: 1.9976, Obj: 1.3517, Eq Viol (l1): 0.000077, Ineq Viol (l1): 0.000001, Epoch time: 2.67s
Epoch 37/300, Loss: 1.5048, Obj: 0.9032, Eq Viol (l1): 0.000087, Ineq Viol (l1): 0.000000, Epoch time: 2.53s
Epoch 38/300, Loss: 1.3288, Obj: 0.7636, Eq Viol (l1): 0.000087, Ineq Viol (l1): 0.000000, Epoch time: 2.51s
Epoch 39/300, Loss: 1.1329, Obj: 0.6691, Eq Viol (l1): 0.000087, Ineq Viol (l1): 0.000000, Epoch time: 2.50s
Epoch 40/300, Loss: 0.9829, Obj: 0.5264, Eq Viol (l1): 0.000081, Ineq Viol (l1): 0.000000, Epoch time: 2.52s
Epoch 41/300, Loss: 0.8943, Obj: 0.4637, Eq Viol (l1): 0.000088, Ineq Viol (l1): 0.000000, Epoch time: 2.50s

Running validation at epoch 40...

VALIDATION_EPOCH_40 EVALUATION RESULTS:
==================================================
Obj:     2.498305e-01
Opt Gap:      1.118557e+00 ± 6.681686e-02
Eq Vio l1:   8.939166e-05 (max: 9.536442e-04)
Ineq Vio l1: 4.490006e-07 (max: 3.642246e-05)
Sol Dis:   1.298777e+02 ± 4.971730e-01
Merit:             2.507289e-01 ± 1.171843e-02
Avg Inf Time:  0.0657s
==================================================
Epoch 42/300, Loss: 0.8140, Obj: 0.3934, Eq Viol (l1): 0.000095, Ineq Viol (l1): 0.000001, Epoch time: 2.50s
Epoch 43/300, Loss: 0.7766, Obj: 0.3323, Eq Viol (l1): 0.000082, Ineq Viol (l1): 0.000001, Epoch time: 2.57s
Epoch 44/300, Loss: 0.7228, Obj: 0.2460, Eq Viol (l1): 0.000088, Ineq Viol (l1): 0.000001, Epoch time: 2.60s
Epoch 45/300, Loss: 0.6610, Obj: 0.1959, Eq Viol (l1): 0.000074, Ineq Viol (l1): 0.000000, Epoch time: 2.63s
Epoch 46/300, Loss: 0.5401, Obj: 0.1051, Eq Viol (l1): 0.000079, Ineq Viol (l1): 0.000001, Epoch time: 2.63s
Epoch 47/300, Loss: 0.4853, Obj: 0.0466, Eq Viol (l1): 0.000087, Ineq Viol (l1): 0.000001, Epoch time: 2.62s
Epoch 48/300, Loss: 0.5100, Obj: 0.0526, Eq Viol (l1): 0.000081, Ineq Viol (l1): 0.000000, Epoch time: 2.63s
Epoch 49/300, Loss: 0.5225, Obj: 0.0256, Eq Viol (l1): 0.000080, Ineq Viol (l1): 0.000001, Epoch time: 2.64s
Epoch 50/300, Loss: 0.4702, Obj: -0.0547, Eq Viol (l1): 0.000083, Ineq Viol (l1): 0.000001, Epoch time: 2.65s
Epoch 51/300, Loss: 0.3418, Obj: -0.1117, Eq Viol (l1): 0.000077, Ineq Viol (l1): 0.000000, Epoch time: 2.64s

Running validation at epoch 50...

VALIDATION_EPOCH_50 EVALUATION RESULTS:
==================================================
Obj:     -2.360597e-01
Opt Gap:      2.729736e-01 ± 3.122356e-01
Eq Vio l1:   6.197748e-05 (max: 1.170807e-03)
Ineq Vio l1: 3.554031e-07 (max: 6.521995e-05)
Sol Dis:   1.214364e+02 ± 4.570553e-01
Merit:             -2.354364e-01 ± 1.631229e-03
Avg Inf Time:  0.0686s
==================================================
Epoch 52/300, Loss: 0.3110, Obj: -0.1950, Eq Viol (l1): 0.000075, Ineq Viol (l1): 0.000000, Epoch time: 2.66s
Epoch 53/300, Loss: 0.3211, Obj: -0.1991, Eq Viol (l1): 0.000077, Ineq Viol (l1): 0.000000, Epoch time: 2.66s
Epoch 54/300, Loss: 0.2285, Obj: -0.2701, Eq Viol (l1): 0.000076, Ineq Viol (l1): 0.000000, Epoch time: 2.64s
Epoch 55/300, Loss: 0.1442, Obj: -0.3718, Eq Viol (l1): 0.000075, Ineq Viol (l1): 0.000000, Epoch time: 2.67s
Epoch 56/300, Loss: 0.0419, Obj: -0.4448, Eq Viol (l1): 0.000073, Ineq Viol (l1): 0.000000, Epoch time: 2.67s
Epoch 57/300, Loss: -0.0661, Obj: -0.5867, Eq Viol (l1): 0.000076, Ineq Viol (l1): 0.000000, Epoch time: 2.65s
Epoch 58/300, Loss: -0.2213, Obj: -0.7112, Eq Viol (l1): 0.000074, Ineq Viol (l1): 0.000000, Epoch time: 2.65s
Epoch 59/300, Loss: -0.3042, Obj: -0.8056, Eq Viol (l1): 0.000085, Ineq Viol (l1): 0.000000, Epoch time: 2.63s
Epoch 60/300, Loss: -0.3319, Obj: -0.7938, Eq Viol (l1): 0.000082, Ineq Viol (l1): 0.000000, Epoch time: 2.62s
Epoch 61/300, Loss: -0.4178, Obj: -0.8440, Eq Viol (l1): 0.000078, Ineq Viol (l1): 0.000000, Epoch time: 2.64s

Running validation at epoch 60...

VALIDATION_EPOCH_60 EVALUATION RESULTS:
==================================================
Obj:     -1.058714e+00
Opt Gap:      -1.024913e+00 ± 6.937371e-01
Eq Vio l1:   1.108367e-04 (max: 1.488098e-03)
Ineq Vio l1: 3.805822e-07 (max: 3.128077e-05)
Sol Dis:   1.173095e+02 ± 1.052141e-01
Merit:             -1.057602e+00 ± 2.407064e-03
Avg Inf Time:  0.0709s
==================================================
Epoch 62/300, Loss: -0.4487, Obj: -0.8820, Eq Viol (l1): 0.000083, Ineq Viol (l1): 0.000000, Epoch time: 2.61s
Epoch 63/300, Loss: -0.5509, Obj: -0.9083, Eq Viol (l1): 0.000078, Ineq Viol (l1): 0.000000, Epoch time: 2.63s
Epoch 64/300, Loss: -0.6095, Obj: -0.9756, Eq Viol (l1): 0.000089, Ineq Viol (l1): 0.000000, Epoch time: 2.63s
Epoch 65/300, Loss: -0.6949, Obj: -1.0368, Eq Viol (l1): 0.000086, Ineq Viol (l1): 0.000000, Epoch time: 2.62s
Epoch 66/300, Loss: -0.6747, Obj: -1.0698, Eq Viol (l1): 0.000085, Ineq Viol (l1): 0.000000, Epoch time: 2.64s
Epoch 67/300, Loss: -0.8109, Obj: -1.2062, Eq Viol (l1): 0.000087, Ineq Viol (l1): 0.000000, Epoch time: 2.72s
Epoch 68/300, Loss: -1.0588, Obj: -1.4968, Eq Viol (l1): 0.000080, Ineq Viol (l1): 0.000000, Epoch time: 2.62s
Epoch 69/300, Loss: -1.3009, Obj: -1.7405, Eq Viol (l1): 0.000092, Ineq Viol (l1): 0.000000, Epoch time: 2.59s
Epoch 70/300, Loss: -1.4031, Obj: -1.8533, Eq Viol (l1): 0.000093, Ineq Viol (l1): 0.000000, Epoch time: 2.56s
Epoch 71/300, Loss: -1.6059, Obj: -2.0803, Eq Viol (l1): 0.000090, Ineq Viol (l1): 0.000000, Epoch time: 2.58s

Running validation at epoch 70...

VALIDATION_EPOCH_70 EVALUATION RESULTS:
==================================================
Obj:     -2.207064e+00
Opt Gap:      -2.902916e+00 ± 1.076787e+00
Eq Vio l1:   7.585948e-05 (max: 1.775026e-03)
Ineq Vio l1: 2.013991e-07 (max: 3.238726e-05)
Sol Dis:   1.359529e+02 ± 2.753980e-01
Merit:             -2.206304e+00 ± 4.927893e-03
Avg Inf Time:  0.0643s
==================================================
Epoch 72/300, Loss: -1.8742, Obj: -2.3261, Eq Viol (l1): 0.000094, Ineq Viol (l1): 0.000000, Epoch time: 2.52s
Epoch 73/300, Loss: -2.1373, Obj: -2.5556, Eq Viol (l1): 0.000087, Ineq Viol (l1): 0.000000, Epoch time: 2.53s
Epoch 74/300, Loss: -2.1994, Obj: -2.6172, Eq Viol (l1): 0.000093, Ineq Viol (l1): 0.000000, Epoch time: 2.51s
Epoch 75/300, Loss: -2.1950, Obj: -2.6011, Eq Viol (l1): 0.000094, Ineq Viol (l1): 0.000000, Epoch time: 2.48s
Epoch 76/300, Loss: -2.2120, Obj: -2.6095, Eq Viol (l1): 0.000089, Ineq Viol (l1): 0.000000, Epoch time: 2.50s
Epoch 77/300, Loss: -2.3336, Obj: -2.6843, Eq Viol (l1): 0.000091, Ineq Viol (l1): 0.000000, Epoch time: 2.48s
Epoch 78/300, Loss: -2.3034, Obj: -2.6682, Eq Viol (l1): 0.000092, Ineq Viol (l1): 0.000000, Epoch time: 2.46s
Epoch 79/300, Loss: -2.3780, Obj: -2.7419, Eq Viol (l1): 0.000090, Ineq Viol (l1): 0.000000, Epoch time: 2.48s
Epoch 80/300, Loss: -2.3861, Obj: -2.7344, Eq Viol (l1): 0.000089, Ineq Viol (l1): 0.000000, Epoch time: 2.49s
Epoch 81/300, Loss: -2.3198, Obj: -2.7305, Eq Viol (l1): 0.000089, Ineq Viol (l1): 0.000000, Epoch time: 2.50s

Running validation at epoch 80...

VALIDATION_EPOCH_80 EVALUATION RESULTS:
==================================================
Obj:     -2.649699e+00
Opt Gap:      -3.791278e+00 ± 1.391026e+00
Eq Vio l1:   5.987802e-05 (max: 1.930417e-03)
Ineq Vio l1: 1.523762e-07 (max: 3.686406e-05)
Sol Dis:   1.402187e+02 ± 6.199024e-01
Merit:             -2.649099e+00 ± 1.820988e-02
Avg Inf Time:  0.0643s
==================================================
Epoch 82/300, Loss: -2.3408, Obj: -2.7205, Eq Viol (l1): 0.000093, Ineq Viol (l1): 0.000000, Epoch time: 2.48s
Epoch 83/300, Loss: -2.3362, Obj: -2.6922, Eq Viol (l1): 0.000097, Ineq Viol (l1): 0.000000, Epoch time: 2.42s
Epoch 84/300, Loss: -2.3769, Obj: -2.7252, Eq Viol (l1): 0.000095, Ineq Viol (l1): 0.000000, Epoch time: 2.45s
Epoch 85/300, Loss: -2.3915, Obj: -2.7711, Eq Viol (l1): 0.000092, Ineq Viol (l1): 0.000000, Epoch time: 2.49s
Epoch 86/300, Loss: -2.4172, Obj: -2.7351, Eq Viol (l1): 0.000088, Ineq Viol (l1): 0.000000, Epoch time: 2.47s
Epoch 87/300, Loss: -2.4746, Obj: -2.7765, Eq Viol (l1): 0.000090, Ineq Viol (l1): 0.000000, Epoch time: 2.47s
Epoch 88/300, Loss: -2.4403, Obj: -2.7847, Eq Viol (l1): 0.000090, Ineq Viol (l1): 0.000000, Epoch time: 2.49s
Epoch 89/300, Loss: -2.4652, Obj: -2.7834, Eq Viol (l1): 0.000088, Ineq Viol (l1): 0.000000, Epoch time: 2.47s
Epoch 90/300, Loss: -2.4586, Obj: -2.7819, Eq Viol (l1): 0.000088, Ineq Viol (l1): 0.000000, Epoch time: 2.47s
Epoch 91/300, Loss: -2.4546, Obj: -2.7863, Eq Viol (l1): 0.000098, Ineq Viol (l1): 0.000000, Epoch time: 2.47s

Running validation at epoch 90...

VALIDATION_EPOCH_90 EVALUATION RESULTS:
==================================================
Obj:     -2.962558e+00
Opt Gap:      -4.242196e+00 ± 1.519148e+00
Eq Vio l1:   9.659246e-05 (max: 1.051703e-03)
Ineq Vio l1: 3.684777e-07 (max: 2.313117e-05)
Sol Dis:   1.395381e+02 ± 6.702797e-01
Merit:             -2.961589e+00 ± 2.004091e-02
Avg Inf Time:  0.0657s
==================================================
Epoch 92/300, Loss: -2.4867, Obj: -2.8023, Eq Viol (l1): 0.000096, Ineq Viol (l1): 0.000000, Epoch time: 2.44s
Epoch 93/300, Loss: -2.4667, Obj: -2.8017, Eq Viol (l1): 0.000095, Ineq Viol (l1): 0.000000, Epoch time: 2.47s
Epoch 94/300, Loss: -2.5139, Obj: -2.8135, Eq Viol (l1): 0.000087, Ineq Viol (l1): 0.000000, Epoch time: 2.47s
Epoch 95/300, Loss: -2.4740, Obj: -2.7971, Eq Viol (l1): 0.000086, Ineq Viol (l1): 0.000000, Epoch time: 2.48s
Epoch 96/300, Loss: -2.5513, Obj: -2.8318, Eq Viol (l1): 0.000089, Ineq Viol (l1): 0.000000, Epoch time: 2.46s
Epoch 97/300, Loss: -2.4580, Obj: -2.7863, Eq Viol (l1): 0.000086, Ineq Viol (l1): 0.000000, Epoch time: 2.46s
Epoch 98/300, Loss: -2.4626, Obj: -2.7942, Eq Viol (l1): 0.000091, Ineq Viol (l1): 0.000000, Epoch time: 2.47s
Epoch 99/300, Loss: -2.5298, Obj: -2.8178, Eq Viol (l1): 0.000094, Ineq Viol (l1): 0.000000, Epoch time: 2.56s
Epoch 100/300, Loss: -2.5419, Obj: -2.8267, Eq Viol (l1): 0.000084, Ineq Viol (l1): 0.000000, Epoch time: 2.47s
Epoch 101/300, Loss: -2.5187, Obj: -2.8264, Eq Viol (l1): 0.000093, Ineq Viol (l1): 0.000000, Epoch time: 2.46s

Running validation at epoch 100...

VALIDATION_EPOCH_100 EVALUATION RESULTS:
==================================================
Obj:     -2.939304e+00
Opt Gap:      -4.186012e+00 ± 1.514892e+00
Eq Vio l1:   9.560330e-05 (max: 1.557548e-03)
Ineq Vio l1: 3.619694e-07 (max: 2.188186e-05)
Sol Dis:   1.398033e+02 ± 7.424548e-01
Merit:             -2.938345e+00 ± 1.569688e-02
Avg Inf Time:  0.0629s
==================================================
Epoch 102/300, Loss: -2.5280, Obj: -2.8210, Eq Viol (l1): 0.000100, Ineq Viol (l1): 0.000000, Epoch time: 2.43s
Epoch 103/300, Loss: -2.5497, Obj: -2.8383, Eq Viol (l1): 0.000096, Ineq Viol (l1): 0.000001, Epoch time: 2.45s
Epoch 104/300, Loss: -2.5455, Obj: -2.8222, Eq Viol (l1): 0.000089, Ineq Viol (l1): 0.000000, Epoch time: 2.45s
Epoch 105/300, Loss: -2.5308, Obj: -2.8274, Eq Viol (l1): 0.000086, Ineq Viol (l1): 0.000000, Epoch time: 2.48s
Epoch 106/300, Loss: -2.5300, Obj: -2.8283, Eq Viol (l1): 0.000093, Ineq Viol (l1): 0.000000, Epoch time: 2.45s
Epoch 107/300, Loss: -2.5598, Obj: -2.8417, Eq Viol (l1): 0.000087, Ineq Viol (l1): 0.000000, Epoch time: 2.49s
Epoch 108/300, Loss: -2.5618, Obj: -2.8327, Eq Viol (l1): 0.000093, Ineq Viol (l1): 0.000000, Epoch time: 2.45s
Epoch 109/300, Loss: -2.5739, Obj: -2.8457, Eq Viol (l1): 0.000092, Ineq Viol (l1): 0.000000, Epoch time: 2.45s
Epoch 110/300, Loss: -2.5494, Obj: -2.8373, Eq Viol (l1): 0.000086, Ineq Viol (l1): 0.000000, Epoch time: 2.49s
Epoch 111/300, Loss: -2.4248, Obj: -2.7778, Eq Viol (l1): 0.000093, Ineq Viol (l1): 0.000000, Epoch time: 2.45s

Running validation at epoch 110...

VALIDATION_EPOCH_110 EVALUATION RESULTS:
==================================================
Obj:     -2.724919e+00
Opt Gap:      -3.804067e+00 ± 1.367771e+00
Eq Vio l1:   7.925107e-05 (max: 1.528374e-03)
Ineq Vio l1: 1.889389e-07 (max: 1.447628e-05)
Sol Dis:   1.415675e+02 ± 6.392583e-01
Merit:             -2.724125e+00 ± 5.180598e-03
Avg Inf Time:  0.0603s
==================================================
Epoch 112/300, Loss: -2.5576, Obj: -2.8354, Eq Viol (l1): 0.000083, Ineq Viol (l1): 0.000000, Epoch time: 2.47s
Epoch 113/300, Loss: -2.5619, Obj: -2.8402, Eq Viol (l1): 0.000092, Ineq Viol (l1): 0.000000, Epoch time: 2.44s
Epoch 114/300, Loss: -2.5997, Obj: -2.8584, Eq Viol (l1): 0.000089, Ineq Viol (l1): 0.000000, Epoch time: 2.45s
Epoch 115/300, Loss: -2.5633, Obj: -2.8391, Eq Viol (l1): 0.000087, Ineq Viol (l1): 0.000000, Epoch time: 2.46s
Epoch 116/300, Loss: -2.5212, Obj: -2.8157, Eq Viol (l1): 0.000094, Ineq Viol (l1): 0.000000, Epoch time: 2.45s
Epoch 117/300, Loss: -2.5467, Obj: -2.8355, Eq Viol (l1): 0.000093, Ineq Viol (l1): 0.000000, Epoch time: 2.47s
Epoch 118/300, Loss: -2.5681, Obj: -2.8450, Eq Viol (l1): 0.000090, Ineq Viol (l1): 0.000000, Epoch time: 2.46s
Epoch 119/300, Loss: -2.5912, Obj: -2.8539, Eq Viol (l1): 0.000089, Ineq Viol (l1): 0.000000, Epoch time: 2.45s
Epoch 120/300, Loss: -2.5636, Obj: -2.8577, Eq Viol (l1): 0.000100, Ineq Viol (l1): 0.000000, Epoch time: 2.44s
Epoch 121/300, Loss: -2.6008, Obj: -2.8660, Eq Viol (l1): 0.000094, Ineq Viol (l1): 0.000000, Epoch time: 2.45s

Running validation at epoch 120...

VALIDATION_EPOCH_120 EVALUATION RESULTS:
==================================================
Obj:     -2.984547e+00
Opt Gap:      -4.274274e+00 ± 1.523292e+00
Eq Vio l1:   9.506110e-05 (max: 1.276886e-03)
Ineq Vio l1: 5.134328e-07 (max: 3.666289e-05)
Sol Dis:   1.402246e+02 ± 7.455645e-01
Merit:             -2.983591e+00 ± 1.781520e-02
Avg Inf Time:  0.0655s
==================================================
Epoch 122/300, Loss: -2.5896, Obj: -2.8601, Eq Viol (l1): 0.000093, Ineq Viol (l1): 0.000000, Epoch time: 2.46s
Epoch 123/300, Loss: -2.5838, Obj: -2.8685, Eq Viol (l1): 0.000091, Ineq Viol (l1): 0.000000, Epoch time: 2.47s
Epoch 124/300, Loss: -2.5989, Obj: -2.8641, Eq Viol (l1): 0.000088, Ineq Viol (l1): 0.000000, Epoch time: 2.46s
Epoch 125/300, Loss: -2.5936, Obj: -2.8578, Eq Viol (l1): 0.000091, Ineq Viol (l1): 0.000000, Epoch time: 2.44s
Epoch 126/300, Loss: -2.5813, Obj: -2.8575, Eq Viol (l1): 0.000089, Ineq Viol (l1): 0.000000, Epoch time: 2.45s
Epoch 127/300, Loss: -2.5948, Obj: -2.8660, Eq Viol (l1): 0.000084, Ineq Viol (l1): 0.000000, Epoch time: 2.48s
Epoch 128/300, Loss: -2.5852, Obj: -2.8533, Eq Viol (l1): 0.000091, Ineq Viol (l1): 0.000000, Epoch time: 2.46s
Epoch 129/300, Loss: -2.5759, Obj: -2.8490, Eq Viol (l1): 0.000085, Ineq Viol (l1): 0.000000, Epoch time: 2.47s
Epoch 130/300, Loss: -2.5963, Obj: -2.8615, Eq Viol (l1): 0.000087, Ineq Viol (l1): 0.000000, Epoch time: 2.46s
Epoch 131/300, Loss: -2.6057, Obj: -2.8725, Eq Viol (l1): 0.000096, Ineq Viol (l1): 0.000000, Epoch time: 2.45s

Running validation at epoch 130...

VALIDATION_EPOCH_130 EVALUATION RESULTS:
==================================================
Obj:     -2.986958e+00
Opt Gap:      -4.281149e+00 ± 1.522489e+00
Eq Vio l1:   7.928602e-05 (max: 5.953732e-04)
Ineq Vio l1: 2.586474e-07 (max: 1.746013e-05)
Sol Dis:   1.401963e+02 ± 7.952915e-01
Merit:             -2.986162e+00 ± 1.809822e-02
Avg Inf Time:  0.0647s
==================================================
Epoch 132/300, Loss: -2.6326, Obj: -2.8752, Eq Viol (l1): 0.000093, Ineq Viol (l1): 0.000000, Epoch time: 2.55s
Epoch 133/300, Loss: -2.5705, Obj: -2.8522, Eq Viol (l1): 0.000092, Ineq Viol (l1): 0.000000, Epoch time: 2.47s
Epoch 134/300, Loss: -2.5555, Obj: -2.8540, Eq Viol (l1): 0.000103, Ineq Viol (l1): 0.000000, Epoch time: 2.43s
Epoch 135/300, Loss: -2.5784, Obj: -2.8507, Eq Viol (l1): 0.000091, Ineq Viol (l1): 0.000000, Epoch time: 2.45s
Epoch 136/300, Loss: -2.5666, Obj: -2.8389, Eq Viol (l1): 0.000092, Ineq Viol (l1): 0.000000, Epoch time: 2.43s
Epoch 137/300, Loss: -2.5653, Obj: -2.8583, Eq Viol (l1): 0.000100, Ineq Viol (l1): 0.000000, Epoch time: 2.45s
Epoch 138/300, Loss: -2.5981, Obj: -2.8622, Eq Viol (l1): 0.000095, Ineq Viol (l1): 0.000000, Epoch time: 2.43s
Epoch 139/300, Loss: -2.6071, Obj: -2.8603, Eq Viol (l1): 0.000094, Ineq Viol (l1): 0.000000, Epoch time: 2.44s
Epoch 140/300, Loss: -2.5936, Obj: -2.8646, Eq Viol (l1): 0.000088, Ineq Viol (l1): 0.000000, Epoch time: 2.45s
Epoch 141/300, Loss: -2.6226, Obj: -2.8645, Eq Viol (l1): 0.000089, Ineq Viol (l1): 0.000000, Epoch time: 2.45s

Running validation at epoch 140...

VALIDATION_EPOCH_140 EVALUATION RESULTS:
==================================================
Obj:     -2.965498e+00
Opt Gap:      -4.244263e+00 ± 1.508230e+00
Eq Vio l1:   8.500212e-05 (max: 1.977356e-03)
Ineq Vio l1: 5.254668e-07 (max: 8.308456e-05)
Sol Dis:   1.395440e+02 ± 7.796078e-01
Merit:             -2.964643e+00 ± 1.842910e-02
Avg Inf Time:  0.0641s
==================================================
Epoch 142/300, Loss: -2.6080, Obj: -2.8694, Eq Viol (l1): 0.000098, Ineq Viol (l1): 0.000000, Epoch time: 2.42s
Epoch 143/300, Loss: -2.5969, Obj: -2.8588, Eq Viol (l1): 0.000101, Ineq Viol (l1): 0.000000, Epoch time: 2.41s
Epoch 144/300, Loss: -2.6101, Obj: -2.8726, Eq Viol (l1): 0.000093, Ineq Viol (l1): 0.000000, Epoch time: 2.43s
Epoch 145/300, Loss: -2.6388, Obj: -2.8978, Eq Viol (l1): 0.000088, Ineq Viol (l1): 0.000000, Epoch time: 2.47s
Epoch 146/300, Loss: -2.6328, Obj: -2.8775, Eq Viol (l1): 0.000100, Ineq Viol (l1): 0.000000, Epoch time: 2.41s
Epoch 147/300, Loss: -2.6431, Obj: -2.8851, Eq Viol (l1): 0.000086, Ineq Viol (l1): 0.000000, Epoch time: 2.45s
Epoch 148/300, Loss: -2.6181, Obj: -2.8677, Eq Viol (l1): 0.000089, Ineq Viol (l1): 0.000000, Epoch time: 2.43s
Epoch 149/300, Loss: -2.5766, Obj: -2.8473, Eq Viol (l1): 0.000095, Ineq Viol (l1): 0.000000, Epoch time: 2.43s
Epoch 150/300, Loss: -2.5829, Obj: -2.8540, Eq Viol (l1): 0.000091, Ineq Viol (l1): 0.000000, Epoch time: 2.44s
Epoch 151/300, Loss: -2.6122, Obj: -2.8721, Eq Viol (l1): 0.000092, Ineq Viol (l1): 0.000000, Epoch time: 2.43s

Running validation at epoch 150...

VALIDATION_EPOCH_150 EVALUATION RESULTS:
==================================================
Obj:     -2.992092e+00
Opt Gap:      -4.267624e+00 ± 1.509142e+00
Eq Vio l1:   1.104991e-04 (max: 2.042731e-03)
Ineq Vio l1: 5.385046e-07 (max: 2.961868e-05)
Sol Dis:   1.403545e+02 ± 7.938713e-01
Merit:             -2.990981e+00 ± 1.581992e-02
Avg Inf Time:  0.0631s
==================================================
Epoch 152/300, Loss: -2.6197, Obj: -2.8834, Eq Viol (l1): 0.000097, Ineq Viol (l1): 0.000000, Epoch time: 2.44s
Epoch 153/300, Loss: -2.5990, Obj: -2.8769, Eq Viol (l1): 0.000091, Ineq Viol (l1): 0.000000, Epoch time: 2.46s
Epoch 154/300, Loss: -2.5768, Obj: -2.8465, Eq Viol (l1): 0.000099, Ineq Viol (l1): 0.000000, Epoch time: 2.42s
Epoch 155/300, Loss: -2.6133, Obj: -2.8717, Eq Viol (l1): 0.000092, Ineq Viol (l1): 0.000000, Epoch time: 2.45s
Epoch 156/300, Loss: -2.6318, Obj: -2.8830, Eq Viol (l1): 0.000095, Ineq Viol (l1): 0.000000, Epoch time: 2.43s
Epoch 157/300, Loss: -2.6215, Obj: -2.8849, Eq Viol (l1): 0.000094, Ineq Viol (l1): 0.000000, Epoch time: 2.44s
Epoch 158/300, Loss: -2.6305, Obj: -2.8776, Eq Viol (l1): 0.000095, Ineq Viol (l1): 0.000000, Epoch time: 2.42s
Epoch 159/300, Loss: -2.6257, Obj: -2.8803, Eq Viol (l1): 0.000093, Ineq Viol (l1): 0.000000, Epoch time: 2.46s
Epoch 160/300, Loss: -2.6289, Obj: -2.8687, Eq Viol (l1): 0.000091, Ineq Viol (l1): 0.000000, Epoch time: 2.43s
Epoch 161/300, Loss: -2.5988, Obj: -2.8720, Eq Viol (l1): 0.000091, Ineq Viol (l1): 0.000000, Epoch time: 2.45s

Running validation at epoch 160...

VALIDATION_EPOCH_160 EVALUATION RESULTS:
==================================================
Obj:     -2.917129e+00
Opt Gap:      -4.158045e+00 ± 1.493070e+00
Eq Vio l1:   9.532478e-05 (max: 6.461207e-04)
Ineq Vio l1: 3.840703e-07 (max: 1.303126e-05)
Sol Dis:   1.400633e+02 ± 7.865532e-01
Merit:             -2.916172e+00 ± 1.544792e-02
Avg Inf Time:  0.0631s
==================================================
Epoch 162/300, Loss: -2.6207, Obj: -2.8772, Eq Viol (l1): 0.000092, Ineq Viol (l1): 0.000000, Epoch time: 2.44s
Epoch 163/300, Loss: -2.6261, Obj: -2.8686, Eq Viol (l1): 0.000093, Ineq Viol (l1): 0.000000, Epoch time: 2.42s
Epoch 164/300, Loss: -2.5790, Obj: -2.8604, Eq Viol (l1): 0.000094, Ineq Viol (l1): 0.000000, Epoch time: 2.44s
Epoch 165/300, Loss: -2.6354, Obj: -2.8895, Eq Viol (l1): 0.000090, Ineq Viol (l1): 0.000000, Epoch time: 2.45s
Epoch 166/300, Loss: -2.6622, Obj: -2.8986, Eq Viol (l1): 0.000095, Ineq Viol (l1): 0.000000, Epoch time: 2.54s
Epoch 167/300, Loss: -2.6562, Obj: -2.8905, Eq Viol (l1): 0.000096, Ineq Viol (l1): 0.000000, Epoch time: 2.43s
Epoch 168/300, Loss: -2.6502, Obj: -2.8907, Eq Viol (l1): 0.000098, Ineq Viol (l1): 0.000000, Epoch time: 2.41s
Epoch 169/300, Loss: -2.6518, Obj: -2.8928, Eq Viol (l1): 0.000086, Ineq Viol (l1): 0.000000, Epoch time: 2.46s
Epoch 170/300, Loss: -2.6385, Obj: -2.8956, Eq Viol (l1): 0.000095, Ineq Viol (l1): 0.000000, Epoch time: 2.44s
Epoch 171/300, Loss: -2.6513, Obj: -2.8896, Eq Viol (l1): 0.000090, Ineq Viol (l1): 0.000000, Epoch time: 2.44s

Running validation at epoch 170...

VALIDATION_EPOCH_170 EVALUATION RESULTS:
==================================================
Obj:     -2.962449e+00
Opt Gap:      -4.182531e+00 ± 1.474982e+00
Eq Vio l1:   9.737286e-05 (max: 1.242320e-03)
Ineq Vio l1: 5.153505e-07 (max: 4.013160e-05)
Sol Dis:   1.404931e+02 ± 7.775330e-01
Merit:             -2.961470e+00 ± 2.008248e-02
Avg Inf Time:  0.0629s
==================================================
Epoch 172/300, Loss: -2.6292, Obj: -2.8810, Eq Viol (l1): 0.000093, Ineq Viol (l1): 0.000000, Epoch time: 2.44s
Epoch 173/300, Loss: -2.6310, Obj: -2.8834, Eq Viol (l1): 0.000089, Ineq Viol (l1): 0.000000, Epoch time: 2.47s
Epoch 174/300, Loss: -2.6150, Obj: -2.8836, Eq Viol (l1): 0.000093, Ineq Viol (l1): 0.000000, Epoch time: 2.46s
Epoch 175/300, Loss: -2.6457, Obj: -2.8922, Eq Viol (l1): 0.000094, Ineq Viol (l1): 0.000000, Epoch time: 2.42s
Epoch 176/300, Loss: -2.6289, Obj: -2.8676, Eq Viol (l1): 0.000097, Ineq Viol (l1): 0.000000, Epoch time: 2.40s
Epoch 177/300, Loss: -2.5939, Obj: -2.8533, Eq Viol (l1): 0.000096, Ineq Viol (l1): 0.000000, Epoch time: 2.42s
Epoch 178/300, Loss: -2.5734, Obj: -2.8652, Eq Viol (l1): 0.000093, Ineq Viol (l1): 0.000000, Epoch time: 2.46s
Epoch 179/300, Loss: -2.6474, Obj: -2.8805, Eq Viol (l1): 0.000087, Ineq Viol (l1): 0.000000, Epoch time: 2.45s
Epoch 180/300, Loss: -2.6367, Obj: -2.8938, Eq Viol (l1): 0.000094, Ineq Viol (l1): 0.000001, Epoch time: 2.44s
Epoch 181/300, Loss: -2.6488, Obj: -2.8828, Eq Viol (l1): 0.000098, Ineq Viol (l1): 0.000000, Epoch time: 2.40s

Running validation at epoch 180...

VALIDATION_EPOCH_180 EVALUATION RESULTS:
==================================================
Obj:     -2.980228e+00
Opt Gap:      -4.260983e+00 ± 1.512151e+00
Eq Vio l1:   9.292498e-05 (max: 1.024486e-03)
Ineq Vio l1: 3.785082e-07 (max: 1.792350e-05)
Sol Dis:   1.404143e+02 ± 7.709689e-01
Merit:             -2.979295e+00 ± 1.747154e-02
Avg Inf Time:  0.0634s
==================================================
Epoch 182/300, Loss: -2.6707, Obj: -2.8972, Eq Viol (l1): 0.000097, Ineq Viol (l1): 0.000000, Epoch time: 2.42s
Epoch 183/300, Loss: -2.6593, Obj: -2.8955, Eq Viol (l1): 0.000090, Ineq Viol (l1): 0.000000, Epoch time: 2.45s
Epoch 184/300, Loss: -2.6360, Obj: -2.8907, Eq Viol (l1): 0.000091, Ineq Viol (l1): 0.000000, Epoch time: 2.45s
Epoch 185/300, Loss: -2.6237, Obj: -2.8839, Eq Viol (l1): 0.000093, Ineq Viol (l1): 0.000000, Epoch time: 2.43s
Epoch 186/300, Loss: -2.6431, Obj: -2.8964, Eq Viol (l1): 0.000098, Ineq Viol (l1): 0.000000, Epoch time: 2.42s
Epoch 187/300, Loss: -2.6450, Obj: -2.8843, Eq Viol (l1): 0.000088, Ineq Viol (l1): 0.000000, Epoch time: 2.44s
Epoch 188/300, Loss: -2.6255, Obj: -2.8991, Eq Viol (l1): 0.000098, Ineq Viol (l1): 0.000000, Epoch time: 2.45s
Epoch 189/300, Loss: -2.6677, Obj: -2.8865, Eq Viol (l1): 0.000089, Ineq Viol (l1): 0.000000, Epoch time: 2.43s
Epoch 190/300, Loss: -2.6825, Obj: -2.9026, Eq Viol (l1): 0.000096, Ineq Viol (l1): 0.000000, Epoch time: 2.42s
Epoch 191/300, Loss: -2.6449, Obj: -2.8939, Eq Viol (l1): 0.000088, Ineq Viol (l1): 0.000000, Epoch time: 2.46s

Running validation at epoch 190...

VALIDATION_EPOCH_190 EVALUATION RESULTS:
==================================================
Obj:     -3.007223e+00
Opt Gap:      -4.294427e+00 ± 1.524065e+00
Eq Vio l1:   9.668479e-05 (max: 8.760544e-04)
Ineq Vio l1: 4.172374e-07 (max: 1.897464e-05)
Sol Dis:   1.403337e+02 ± 7.629304e-01
Merit:             -3.006252e+00 ± 1.776415e-02
Avg Inf Time:  0.0647s
==================================================
Epoch 192/300, Loss: -2.6925, Obj: -2.9108, Eq Viol (l1): 0.000090, Ineq Viol (l1): 0.000000, Epoch time: 2.44s
Epoch 193/300, Loss: -2.6669, Obj: -2.8926, Eq Viol (l1): 0.000104, Ineq Viol (l1): 0.000000, Epoch time: 2.38s
Epoch 194/300, Loss: -2.6563, Obj: -2.8973, Eq Viol (l1): 0.000091, Ineq Viol (l1): 0.000000, Epoch time: 2.45s
Epoch 195/300, Loss: -2.6660, Obj: -2.9075, Eq Viol (l1): 0.000091, Ineq Viol (l1): 0.000000, Epoch time: 2.44s
Epoch 196/300, Loss: -2.6316, Obj: -2.8826, Eq Viol (l1): 0.000086, Ineq Viol (l1): 0.000000, Epoch time: 2.45s
Epoch 197/300, Loss: -2.6684, Obj: -2.8979, Eq Viol (l1): 0.000096, Ineq Viol (l1): 0.000000, Epoch time: 2.42s
Epoch 198/300, Loss: -2.6368, Obj: -2.8921, Eq Viol (l1): 0.000092, Ineq Viol (l1): 0.000000, Epoch time: 2.43s
Epoch 199/300, Loss: -2.6678, Obj: -2.9070, Eq Viol (l1): 0.000097, Ineq Viol (l1): 0.000000, Epoch time: 2.52s
Epoch 200/300, Loss: -2.6496, Obj: -2.8939, Eq Viol (l1): 0.000096, Ineq Viol (l1): 0.000000, Epoch time: 2.43s
Epoch 201/300, Loss: -2.6169, Obj: -2.8870, Eq Viol (l1): 0.000090, Ineq Viol (l1): 0.000000, Epoch time: 2.45s

Running validation at epoch 200...

VALIDATION_EPOCH_200 EVALUATION RESULTS:
==================================================
Obj:     -2.976318e+00
Opt Gap:      -4.191001e+00 ± 1.484156e+00
Eq Vio l1:   9.903605e-05 (max: 1.275778e-03)
Ineq Vio l1: 5.327994e-07 (max: 3.052031e-05)
Sol Dis:   1.407004e+02 ± 7.812653e-01
Merit:             -2.975322e+00 ± 1.719592e-02
Avg Inf Time:  0.0632s
==================================================
Epoch 202/300, Loss: -2.6342, Obj: -2.8984, Eq Viol (l1): 0.000098, Ineq Viol (l1): 0.000000, Epoch time: 2.43s
Epoch 203/300, Loss: -2.6577, Obj: -2.8985, Eq Viol (l1): 0.000088, Ineq Viol (l1): 0.000000, Epoch time: 2.46s
Epoch 204/300, Loss: -2.6746, Obj: -2.9057, Eq Viol (l1): 0.000093, Ineq Viol (l1): 0.000000, Epoch time: 2.42s
Epoch 205/300, Loss: -2.6862, Obj: -2.9127, Eq Viol (l1): 0.000099, Ineq Viol (l1): 0.000000, Epoch time: 2.40s
Epoch 206/300, Loss: -2.6850, Obj: -2.9115, Eq Viol (l1): 0.000099, Ineq Viol (l1): 0.000000, Epoch time: 2.39s
Epoch 207/300, Loss: -2.6505, Obj: -2.8809, Eq Viol (l1): 0.000089, Ineq Viol (l1): 0.000000, Epoch time: 2.43s
Epoch 208/300, Loss: -2.6756, Obj: -2.9049, Eq Viol (l1): 0.000097, Ineq Viol (l1): 0.000000, Epoch time: 2.42s
Epoch 209/300, Loss: -2.6747, Obj: -2.9019, Eq Viol (l1): 0.000100, Ineq Viol (l1): 0.000000, Epoch time: 2.41s
Epoch 210/300, Loss: -2.6574, Obj: -2.9067, Eq Viol (l1): 0.000095, Ineq Viol (l1): 0.000000, Epoch time: 2.43s
Epoch 211/300, Loss: -2.6833, Obj: -2.9114, Eq Viol (l1): 0.000091, Ineq Viol (l1): 0.000000, Epoch time: 2.44s

Running validation at epoch 210...

VALIDATION_EPOCH_210 EVALUATION RESULTS:
==================================================
Obj:     -2.982195e+00
Opt Gap:      -4.267737e+00 ± 1.536951e+00
Eq Vio l1:   1.037904e-04 (max: 9.201128e-04)
Ineq Vio l1: 4.933336e-07 (max: 3.216870e-05)
Sol Dis:   1.399519e+02 ± 7.927068e-01
Merit:             -2.981152e+00 ± 2.000199e-02
Avg Inf Time:  0.0629s
==================================================
Epoch 212/300, Loss: -2.6713, Obj: -2.9037, Eq Viol (l1): 0.000087, Ineq Viol (l1): 0.000000, Epoch time: 2.45s
Epoch 213/300, Loss: -2.6744, Obj: -2.9060, Eq Viol (l1): 0.000101, Ineq Viol (l1): 0.000000, Epoch time: 2.41s
Epoch 214/300, Loss: -2.6943, Obj: -2.9116, Eq Viol (l1): 0.000088, Ineq Viol (l1): 0.000000, Epoch time: 2.44s
Epoch 215/300, Loss: -2.6701, Obj: -2.8955, Eq Viol (l1): 0.000095, Ineq Viol (l1): 0.000000, Epoch time: 2.42s
Epoch 216/300, Loss: -2.6782, Obj: -2.9010, Eq Viol (l1): 0.000092, Ineq Viol (l1): 0.000000, Epoch time: 2.41s
Epoch 217/300, Loss: -2.6529, Obj: -2.8948, Eq Viol (l1): 0.000095, Ineq Viol (l1): 0.000000, Epoch time: 2.43s
Epoch 218/300, Loss: -2.6426, Obj: -2.8945, Eq Viol (l1): 0.000086, Ineq Viol (l1): 0.000000, Epoch time: 2.45s
Epoch 219/300, Loss: -2.6706, Obj: -2.9149, Eq Viol (l1): 0.000089, Ineq Viol (l1): 0.000000, Epoch time: 2.46s
Epoch 220/300, Loss: -2.6780, Obj: -2.9120, Eq Viol (l1): 0.000092, Ineq Viol (l1): 0.000000, Epoch time: 2.44s
Epoch 221/300, Loss: -2.6675, Obj: -2.9048, Eq Viol (l1): 0.000093, Ineq Viol (l1): 0.000000, Epoch time: 2.44s

Running validation at epoch 220...

VALIDATION_EPOCH_220 EVALUATION RESULTS:
==================================================
Obj:     -2.968028e+00
Opt Gap:      -4.252975e+00 ± 1.528505e+00
Eq Vio l1:   1.072728e-04 (max: 9.954003e-04)
Ineq Vio l1: 3.345218e-07 (max: 1.415739e-05)
Sol Dis:   1.404356e+02 ± 7.822331e-01
Merit:             -2.966952e+00 ± 1.789383e-02
Avg Inf Time:  0.0629s
==================================================
Epoch 222/300, Loss: -2.7019, Obj: -2.9181, Eq Viol (l1): 0.000090, Ineq Viol (l1): 0.000000, Epoch time: 2.44s
Epoch 223/300, Loss: -2.6570, Obj: -2.8960, Eq Viol (l1): 0.000091, Ineq Viol (l1): 0.000000, Epoch time: 2.43s
Epoch 224/300, Loss: -2.6637, Obj: -2.9017, Eq Viol (l1): 0.000094, Ineq Viol (l1): 0.000000, Epoch time: 2.41s
Epoch 225/300, Loss: -2.6801, Obj: -2.9115, Eq Viol (l1): 0.000101, Ineq Viol (l1): 0.000000, Epoch time: 2.41s
Epoch 226/300, Loss: -2.6609, Obj: -2.9047, Eq Viol (l1): 0.000093, Ineq Viol (l1): 0.000000, Epoch time: 2.43s
Epoch 227/300, Loss: -2.6652, Obj: -2.9038, Eq Viol (l1): 0.000102, Ineq Viol (l1): 0.000000, Epoch time: 2.40s
Epoch 228/300, Loss: -2.6816, Obj: -2.9121, Eq Viol (l1): 0.000095, Ineq Viol (l1): 0.000000, Epoch time: 2.43s
Epoch 229/300, Loss: -2.6861, Obj: -2.9022, Eq Viol (l1): 0.000098, Ineq Viol (l1): 0.000000, Epoch time: 2.40s
Epoch 230/300, Loss: -2.6974, Obj: -2.9158, Eq Viol (l1): 0.000102, Ineq Viol (l1): 0.000000, Epoch time: 2.40s
Epoch 231/300, Loss: -2.7011, Obj: -2.9227, Eq Viol (l1): 0.000100, Ineq Viol (l1): 0.000000, Epoch time: 2.51s

Running validation at epoch 230...

VALIDATION_EPOCH_230 EVALUATION RESULTS:
==================================================
Obj:     -2.987970e+00
Opt Gap:      -4.293471e+00 ± 1.533374e+00
Eq Vio l1:   7.540582e-05 (max: 9.317710e-04)
Ineq Vio l1: 3.250018e-07 (max: 2.462729e-05)
Sol Dis:   1.400101e+02 ± 7.619322e-01
Merit:             -2.987213e+00 ± 1.765259e-02
Avg Inf Time:  0.0659s
==================================================
Epoch 232/300, Loss: -2.6710, Obj: -2.8973, Eq Viol (l1): 0.000091, Ineq Viol (l1): 0.000000, Epoch time: 2.42s
Epoch 233/300, Loss: -2.6612, Obj: -2.9132, Eq Viol (l1): 0.000101, Ineq Viol (l1): 0.000000, Epoch time: 2.42s
Epoch 234/300, Loss: -2.6159, Obj: -2.8589, Eq Viol (l1): 0.000100, Ineq Viol (l1): 0.000000, Epoch time: 2.38s
Epoch 235/300, Loss: -2.6832, Obj: -2.9152, Eq Viol (l1): 0.000093, Ineq Viol (l1): 0.000000, Epoch time: 2.45s
Epoch 236/300, Loss: -2.6972, Obj: -2.9228, Eq Viol (l1): 0.000100, Ineq Viol (l1): 0.000000, Epoch time: 2.41s
Epoch 237/300, Loss: -2.6900, Obj: -2.9142, Eq Viol (l1): 0.000095, Ineq Viol (l1): 0.000000, Epoch time: 2.43s
Epoch 238/300, Loss: -2.6320, Obj: -2.8861, Eq Viol (l1): 0.000095, Ineq Viol (l1): 0.000000, Epoch time: 2.43s
Epoch 239/300, Loss: -2.6822, Obj: -2.9076, Eq Viol (l1): 0.000087, Ineq Viol (l1): 0.000000, Epoch time: 2.45s
Epoch 240/300, Loss: -2.7058, Obj: -2.9218, Eq Viol (l1): 0.000091, Ineq Viol (l1): 0.000000, Epoch time: 2.42s
Epoch 241/300, Loss: -2.7074, Obj: -2.9235, Eq Viol (l1): 0.000094, Ineq Viol (l1): 0.000001, Epoch time: 2.42s

Running validation at epoch 240...

VALIDATION_EPOCH_240 EVALUATION RESULTS:
==================================================
Obj:     -3.008163e+00
Opt Gap:      -4.313657e+00 ± 1.533133e+00
Eq Vio l1:   1.282523e-04 (max: 1.064625e-03)
Ineq Vio l1: 4.157039e-07 (max: 1.779145e-05)
Sol Dis:   1.399910e+02 ± 7.920058e-01
Merit:             -3.006876e+00 ± 1.891376e-02
Avg Inf Time:  0.0633s
==================================================
Epoch 242/300, Loss: -2.6716, Obj: -2.9059, Eq Viol (l1): 0.000089, Ineq Viol (l1): 0.000000, Epoch time: 2.42s
Epoch 243/300, Loss: -2.6780, Obj: -2.9062, Eq Viol (l1): 0.000093, Ineq Viol (l1): 0.000000, Epoch time: 2.44s
Epoch 244/300, Loss: -2.7074, Obj: -2.9150, Eq Viol (l1): 0.000094, Ineq Viol (l1): 0.000000, Epoch time: 2.40s
Epoch 245/300, Loss: -2.6412, Obj: -2.8861, Eq Viol (l1): 0.000088, Ineq Viol (l1): 0.000000, Epoch time: 2.43s
Epoch 246/300, Loss: -2.7008, Obj: -2.9216, Eq Viol (l1): 0.000097, Ineq Viol (l1): 0.000000, Epoch time: 2.41s
Epoch 247/300, Loss: -2.6736, Obj: -2.9075, Eq Viol (l1): 0.000090, Ineq Viol (l1): 0.000000, Epoch time: 2.43s
Epoch 248/300, Loss: -2.6986, Obj: -2.9176, Eq Viol (l1): 0.000099, Ineq Viol (l1): 0.000000, Epoch time: 2.40s
Epoch 249/300, Loss: -2.6860, Obj: -2.9184, Eq Viol (l1): 0.000098, Ineq Viol (l1): 0.000000, Epoch time: 2.42s
Epoch 250/300, Loss: -2.6875, Obj: -2.9104, Eq Viol (l1): 0.000097, Ineq Viol (l1): 0.000000, Epoch time: 2.39s
Epoch 251/300, Loss: -2.6817, Obj: -2.9195, Eq Viol (l1): 0.000092, Ineq Viol (l1): 0.000000, Epoch time: 2.44s

Running validation at epoch 250...

VALIDATION_EPOCH_250 EVALUATION RESULTS:
==================================================
Obj:     -2.990649e+00
Opt Gap:      -4.292507e+00 ± 1.531217e+00
Eq Vio l1:   8.898988e-05 (max: 1.290349e-03)
Ineq Vio l1: 6.600611e-07 (max: 5.589935e-05)
Sol Dis:   1.400004e+02 ± 8.277932e-01
Merit:             -2.989753e+00 ± 1.880822e-02
Avg Inf Time:  0.0659s
==================================================
Epoch 252/300, Loss: -2.6468, Obj: -2.9025, Eq Viol (l1): 0.000095, Ineq Viol (l1): 0.000000, Epoch time: 2.44s
Epoch 253/300, Loss: -2.6880, Obj: -2.9151, Eq Viol (l1): 0.000096, Ineq Viol (l1): 0.000000, Epoch time: 2.41s
Epoch 254/300, Loss: -2.6894, Obj: -2.9262, Eq Viol (l1): 0.000094, Ineq Viol (l1): 0.000000, Epoch time: 2.43s
Epoch 255/300, Loss: -2.6626, Obj: -2.8887, Eq Viol (l1): 0.000098, Ineq Viol (l1): 0.000000, Epoch time: 2.41s
Epoch 256/300, Loss: -2.6998, Obj: -2.9139, Eq Viol (l1): 0.000093, Ineq Viol (l1): 0.000000, Epoch time: 2.42s
Epoch 257/300, Loss: -2.6978, Obj: -2.9198, Eq Viol (l1): 0.000097, Ineq Viol (l1): 0.000000, Epoch time: 2.41s
Epoch 258/300, Loss: -2.6867, Obj: -2.9189, Eq Viol (l1): 0.000098, Ineq Viol (l1): 0.000000, Epoch time: 2.41s
Epoch 259/300, Loss: -2.6834, Obj: -2.9110, Eq Viol (l1): 0.000093, Ineq Viol (l1): 0.000000, Epoch time: 2.42s
Epoch 260/300, Loss: -2.7074, Obj: -2.9139, Eq Viol (l1): 0.000093, Ineq Viol (l1): 0.000000, Epoch time: 2.41s
Epoch 261/300, Loss: -2.6743, Obj: -2.9050, Eq Viol (l1): 0.000097, Ineq Viol (l1): 0.000000, Epoch time: 2.40s

Running validation at epoch 260...

VALIDATION_EPOCH_260 EVALUATION RESULTS:
==================================================
Obj:     -2.990024e+00
Opt Gap:      -4.271034e+00 ± 1.512254e+00
Eq Vio l1:   8.812785e-05 (max: 9.179170e-04)
Ineq Vio l1: 3.549218e-07 (max: 2.141641e-05)
Sol Dis:   1.404067e+02 ± 8.007420e-01
Merit:             -2.989139e+00 ± 1.870764e-02
Avg Inf Time:  0.0655s
==================================================
Epoch 262/300, Loss: -2.6757, Obj: -2.9135, Eq Viol (l1): 0.000090, Ineq Viol (l1): 0.000000, Epoch time: 2.43s
Epoch 263/300, Loss: -2.6959, Obj: -2.9181, Eq Viol (l1): 0.000098, Ineq Viol (l1): 0.000001, Epoch time: 2.51s
Epoch 264/300, Loss: -2.7243, Obj: -2.9309, Eq Viol (l1): 0.000096, Ineq Viol (l1): 0.000000, Epoch time: 2.40s
Epoch 265/300, Loss: -2.7175, Obj: -2.9281, Eq Viol (l1): 0.000094, Ineq Viol (l1): 0.000000, Epoch time: 2.42s
Epoch 266/300, Loss: -2.7113, Obj: -2.9212, Eq Viol (l1): 0.000096, Ineq Viol (l1): 0.000000, Epoch time: 2.41s
Epoch 267/300, Loss: -2.7205, Obj: -2.9309, Eq Viol (l1): 0.000088, Ineq Viol (l1): 0.000000, Epoch time: 2.42s
Epoch 268/300, Loss: -2.6984, Obj: -2.9210, Eq Viol (l1): 0.000099, Ineq Viol (l1): 0.000000, Epoch time: 2.40s
Epoch 269/300, Loss: -2.6728, Obj: -2.9146, Eq Viol (l1): 0.000090, Ineq Viol (l1): 0.000000, Epoch time: 2.44s
Epoch 270/300, Loss: -2.6770, Obj: -2.9096, Eq Viol (l1): 0.000083, Ineq Viol (l1): 0.000000, Epoch time: 2.46s
Epoch 271/300, Loss: -2.7018, Obj: -2.9293, Eq Viol (l1): 0.000101, Ineq Viol (l1): 0.000000, Epoch time: 2.42s

Running validation at epoch 270...

VALIDATION_EPOCH_270 EVALUATION RESULTS:
==================================================
Obj:     -3.000695e+00
Opt Gap:      -4.277586e+00 ± 1.514179e+00
Eq Vio l1:   9.121076e-05 (max: 1.203404e-03)
Ineq Vio l1: 4.928274e-07 (max: 2.976715e-05)
Sol Dis:   1.398679e+02 ± 7.871715e-01
Merit:             -2.999778e+00 ± 1.509858e-02
Avg Inf Time:  0.0647s
==================================================
Epoch 272/300, Loss: -2.6725, Obj: -2.8941, Eq Viol (l1): 0.000092, Ineq Viol (l1): 0.000000, Epoch time: 2.41s
Epoch 273/300, Loss: -2.7108, Obj: -2.9320, Eq Viol (l1): 0.000099, Ineq Viol (l1): 0.000000, Epoch time: 2.42s
Epoch 274/300, Loss: -2.7131, Obj: -2.9263, Eq Viol (l1): 0.000098, Ineq Viol (l1): 0.000000, Epoch time: 2.41s
Epoch 275/300, Loss: -2.7071, Obj: -2.9241, Eq Viol (l1): 0.000092, Ineq Viol (l1): 0.000000, Epoch time: 2.43s
Epoch 276/300, Loss: -2.7101, Obj: -2.9226, Eq Viol (l1): 0.000092, Ineq Viol (l1): 0.000000, Epoch time: 2.42s
Epoch 277/300, Loss: -2.6733, Obj: -2.9062, Eq Viol (l1): 0.000099, Ineq Viol (l1): 0.000001, Epoch time: 2.40s
Epoch 278/300, Loss: -2.6545, Obj: -2.8866, Eq Viol (l1): 0.000096, Ineq Viol (l1): 0.000000, Epoch time: 2.40s
Epoch 279/300, Loss: -2.6837, Obj: -2.9269, Eq Viol (l1): 0.000096, Ineq Viol (l1): 0.000000, Epoch time: 2.44s
Epoch 280/300, Loss: -2.6964, Obj: -2.9185, Eq Viol (l1): 0.000095, Ineq Viol (l1): 0.000000, Epoch time: 2.42s
Epoch 281/300, Loss: -2.7115, Obj: -2.9236, Eq Viol (l1): 0.000096, Ineq Viol (l1): 0.000001, Epoch time: 2.42s

Running validation at epoch 280...

VALIDATION_EPOCH_280 EVALUATION RESULTS:
==================================================
Obj:     -2.958938e+00
Opt Gap:      -4.251531e+00 ± 1.525118e+00
Eq Vio l1:   1.013028e-04 (max: 1.625592e-03)
Ineq Vio l1: 5.014169e-07 (max: 3.956003e-05)
Sol Dis:   1.407462e+02 ± 7.678010e-01
Merit:             -2.957920e+00 ± 1.973820e-02
Avg Inf Time:  0.0605s
==================================================
Epoch 282/300, Loss: -2.7062, Obj: -2.9241, Eq Viol (l1): 0.000094, Ineq Viol (l1): 0.000000, Epoch time: 2.43s
Epoch 283/300, Loss: -2.7122, Obj: -2.9321, Eq Viol (l1): 0.000093, Ineq Viol (l1): 0.000000, Epoch time: 2.44s
Epoch 284/300, Loss: -2.6469, Obj: -2.8832, Eq Viol (l1): 0.000092, Ineq Viol (l1): 0.000000, Epoch time: 2.42s
Epoch 285/300, Loss: -2.6666, Obj: -2.9059, Eq Viol (l1): 0.000100, Ineq Viol (l1): 0.000000, Epoch time: 2.40s
Epoch 286/300, Loss: -2.7103, Obj: -2.9243, Eq Viol (l1): 0.000094, Ineq Viol (l1): 0.000000, Epoch time: 2.42s
Epoch 287/300, Loss: -2.6814, Obj: -2.9169, Eq Viol (l1): 0.000094, Ineq Viol (l1): 0.000000, Epoch time: 2.42s
Epoch 288/300, Loss: -2.6939, Obj: -2.9200, Eq Viol (l1): 0.000097, Ineq Viol (l1): 0.000000, Epoch time: 2.42s
Epoch 289/300, Loss: -2.7330, Obj: -2.9321, Eq Viol (l1): 0.000097, Ineq Viol (l1): 0.000000, Epoch time: 2.41s
Epoch 290/300, Loss: -2.6978, Obj: -2.9237, Eq Viol (l1): 0.000098, Ineq Viol (l1): 0.000000, Epoch time: 2.41s
Epoch 291/300, Loss: -2.6969, Obj: -2.9205, Eq Viol (l1): 0.000099, Ineq Viol (l1): 0.000000, Epoch time: 2.41s

Running validation at epoch 290...

VALIDATION_EPOCH_290 EVALUATION RESULTS:
==================================================
Obj:     -2.969095e+00
Opt Gap:      -4.228663e+00 ± 1.527477e+00
Eq Vio l1:   6.889898e-05 (max: 8.798340e-04)
Ineq Vio l1: 2.712483e-07 (max: 3.297120e-05)
Sol Dis:   1.401302e+02 ± 8.012049e-01
Merit:             -2.968404e+00 ± 1.994337e-02
Avg Inf Time:  0.0659s
==================================================
Epoch 292/300, Loss: -2.6766, Obj: -2.9085, Eq Viol (l1): 0.000089, Ineq Viol (l1): 0.000000, Epoch time: 2.44s
Epoch 293/300, Loss: -2.7302, Obj: -2.9357, Eq Viol (l1): 0.000097, Ineq Viol (l1): 0.000000, Epoch time: 2.43s
Epoch 294/300, Loss: -2.7211, Obj: -2.9303, Eq Viol (l1): 0.000090, Ineq Viol (l1): 0.000000, Epoch time: 2.45s
Epoch 295/300, Loss: -2.7075, Obj: -2.9244, Eq Viol (l1): 0.000097, Ineq Viol (l1): 0.000000, Epoch time: 2.44s
Epoch 296/300, Loss: -2.7134, Obj: -2.9265, Eq Viol (l1): 0.000102, Ineq Viol (l1): 0.000000, Epoch time: 2.51s
Epoch 297/300, Loss: -2.7208, Obj: -2.9308, Eq Viol (l1): 0.000097, Ineq Viol (l1): 0.000000, Epoch time: 2.41s
Epoch 298/300, Loss: -2.7409, Obj: -2.9437, Eq Viol (l1): 0.000099, Ineq Viol (l1): 0.000000, Epoch time: 2.42s
Epoch 299/300, Loss: -2.7015, Obj: -2.9184, Eq Viol (l1): 0.000090, Ineq Viol (l1): 0.000000, Epoch time: 2.45s
Epoch 300/300, Loss: -2.6763, Obj: -2.9002, Eq Viol (l1): 0.000095, Ineq Viol (l1): 0.000000, Epoch time: 2.44s

Training completed in 752.30 seconds.

============================================================
COMPREHENSIVE TEST EVALUATION WITH DETAILED RESULTS
============================================================
Testing with batch sizes: [256, 512]

Evaluating with batch size: 256 (with detailed results)

TEST_BS256 EVALUATION RESULTS:
==================================================
Obj:     -2.955598e+00
Opt Gap:      -4.302298e+00 ± 2.292412e+00
Eq Vio l1:   9.934133e-05 (max: 8.461459e-04)
Ineq Vio l1: 4.461307e-07 (max: 1.822760e-05)
Sol Dis:   1.417041e+02 ± 1.471980e+00
Merit:             -2.954600e+00 ± 3.332509e-02
Avg Inf Time:  0.0540s
==================================================

Evaluating with batch size: 512 (with detailed results)

TEST_BS512 EVALUATION RESULTS:
==================================================
Obj:     -2.954905e+00
Opt Gap:      -4.256160e+00 ± 1.288053e+00
Eq Vio l1:   9.562316e-05 (max: 1.005299e-03)
Ineq Vio l1: 4.351548e-07 (max: 2.191795e-05)
Sol Dis:   1.417325e+02 ± 1.103457e+00
Merit:             -2.953945e+00 ± 1.782069e-02
Avg Inf Time:  0.0617s
==================================================

TEST BATCH SIZE COMPARISON:
================================================================================
Batch Size   Objective    Opt Gap      Eq Viol      Ineq Viol    Time (s)  
--------------------------------------------------------------------------------
256          -2.9556e+00  -4.3023e+00  9.9341e-05   4.4613e-07   0.43      
512          -2.9549e+00  -4.2562e+00  9.5623e-05   4.3515e-07   0.25      
================================================================================

Saving model and results to: results/nonsmooth_nonconvex/socp/SOCPProblem-100-50-50-10000/20260115-152450_MLP_FSNet_seed1_nepochs300_lr0.0002_trainsize7000_finetune_20260115-145229_sup_seedpen_model_380
✓ Model saved: results/nonsmooth_nonconvex/socp/SOCPProblem-100-50-50-10000/20260115-152450_MLP_FSNet_seed1_nepochs300_lr0.0002_trainsize7000_finetune_20260115-145229_sup_seedpen_model_380/model.pt
✓ Detailed results saved: results/nonsmooth_nonconvex/socp/SOCPProblem-100-50-50-10000/20260115-152450_MLP_FSNet_seed1_nepochs300_lr0.0002_trainsize7000_finetune_20260115-145229_sup_seedpen_model_380/results.pkl

Files saved (or attempted):
  - model.pt (model weights and architecture)
  - results.pkl (training history, metrics, detailed test results)
Training and testing completed in 754.54 seconds
Done!!!
