==============================================
 Job started at: 2026-01-15 15:12:05
 Job ID: 8102223
 Node: node2804
==============================================

======= Running for problem: nonsmooth_nonconvex/socp =======

Loading problem instance: nonsmooth_nonconvex/socp with size [100, 50, 50, 10000]
Loading  dataset from: datasets/nonsmooth_nonconvex/socp/random2025_socp_dataset_var100_ineq50_eq50_ex10000 

Running on:  cuda
Training model using FSNet method with seed 2 for 300 epochs
Using batch size: 512
Loading model from checkpoint: results/nonsmooth_nonconvex/socp/SOCPProblem-100-50-50-10000/20260115-145229_MLP_sup_pen_seed0_nepochs1000_lr0.0001_trainsize7000_subopt_3_1.5/model_380.pt

lr: 0.0002, weight_decay: 0.001, num_epochs: 300

Epoch 1/300, Loss: 20.9224, Obj: 20.8533, Eq Viol (l1): 0.000054, Ineq Viol (l1): 0.000000, Epoch time: 5.83s

Running validation at epoch 0...

VALIDATION_EPOCH_0 EVALUATION RESULTS:
==================================================
Obj:     2.060139e+01
Opt Gap:      3.679940e+01 ± 1.208155e+01
Eq Vio l1:   3.831524e-05 (max: 2.474944e-03)
Ineq Vio l1: 3.375370e-07 (max: 1.593471e-04)
Sol Dis:   1.947722e+02 ± 3.255624e-01
Merit:             2.060178e+01 ± 3.299215e-02
Avg Inf Time:  0.5964s
==================================================
Epoch 2/300, Loss: 19.6057, Obj: 19.3012, Eq Viol (l1): 0.000066, Ineq Viol (l1): 0.000000, Epoch time: 2.47s
Epoch 3/300, Loss: 18.7471, Obj: 18.3247, Eq Viol (l1): 0.000068, Ineq Viol (l1): 0.000000, Epoch time: 2.44s
Epoch 4/300, Loss: 17.7211, Obj: 17.3938, Eq Viol (l1): 0.000073, Ineq Viol (l1): 0.000000, Epoch time: 2.41s
Epoch 5/300, Loss: 16.4332, Obj: 16.1141, Eq Viol (l1): 0.000077, Ineq Viol (l1): 0.000000, Epoch time: 2.39s
Epoch 6/300, Loss: 14.8851, Obj: 14.5518, Eq Viol (l1): 0.000080, Ineq Viol (l1): 0.000000, Epoch time: 2.48s
Epoch 7/300, Loss: 13.3936, Obj: 12.9732, Eq Viol (l1): 0.000081, Ineq Viol (l1): 0.000000, Epoch time: 2.57s
Epoch 8/300, Loss: 11.4963, Obj: 10.9908, Eq Viol (l1): 0.000070, Ineq Viol (l1): 0.000000, Epoch time: 2.54s
Epoch 9/300, Loss: 8.8000, Obj: 8.2093, Eq Viol (l1): 0.000078, Ineq Viol (l1): 0.000000, Epoch time: 2.48s
Epoch 10/300, Loss: 7.3673, Obj: 6.7845, Eq Viol (l1): 0.000081, Ineq Viol (l1): 0.000000, Epoch time: 2.48s
Epoch 11/300, Loss: 7.0665, Obj: 6.5041, Eq Viol (l1): 0.000085, Ineq Viol (l1): 0.000000, Epoch time: 2.48s

Running validation at epoch 10...

VALIDATION_EPOCH_10 EVALUATION RESULTS:
==================================================
Obj:     6.370279e+00
Opt Gap:      1.176137e+01 ± 3.462988e+00
Eq Vio l1:   6.785804e-05 (max: 1.182750e-03)
Ineq Vio l1: 1.912903e-07 (max: 2.548717e-05)
Sol Dis:   1.614337e+02 ± 5.077052e-01
Merit:             6.370959e+00 ± 2.379401e-02
Avg Inf Time:  0.0658s
==================================================
Epoch 12/300, Loss: 6.7638, Obj: 6.2930, Eq Viol (l1): 0.000074, Ineq Viol (l1): 0.000000, Epoch time: 2.50s
Epoch 13/300, Loss: 6.6487, Obj: 6.1918, Eq Viol (l1): 0.000081, Ineq Viol (l1): 0.000000, Epoch time: 2.49s
Epoch 14/300, Loss: 6.5646, Obj: 6.1416, Eq Viol (l1): 0.000087, Ineq Viol (l1): 0.000000, Epoch time: 2.43s
Epoch 15/300, Loss: 6.4604, Obj: 5.9904, Eq Viol (l1): 0.000087, Ineq Viol (l1): 0.000000, Epoch time: 2.49s
Epoch 16/300, Loss: 6.3236, Obj: 5.9053, Eq Viol (l1): 0.000078, Ineq Viol (l1): 0.000000, Epoch time: 2.51s
Epoch 17/300, Loss: 6.4703, Obj: 5.9638, Eq Viol (l1): 0.000087, Ineq Viol (l1): 0.000000, Epoch time: 2.44s
Epoch 18/300, Loss: 6.0923, Obj: 5.6732, Eq Viol (l1): 0.000087, Ineq Viol (l1): 0.000000, Epoch time: 2.51s
Epoch 19/300, Loss: 5.8828, Obj: 5.4696, Eq Viol (l1): 0.000082, Ineq Viol (l1): 0.000000, Epoch time: 2.52s
Epoch 20/300, Loss: 5.6248, Obj: 5.2099, Eq Viol (l1): 0.000089, Ineq Viol (l1): 0.000000, Epoch time: 2.48s
Epoch 21/300, Loss: 5.3993, Obj: 4.8310, Eq Viol (l1): 0.000087, Ineq Viol (l1): 0.000000, Epoch time: 2.50s

Running validation at epoch 20...

VALIDATION_EPOCH_20 EVALUATION RESULTS:
==================================================
Obj:     5.163829e+00
Opt Gap:      9.387517e+00 ± 2.603324e+00
Eq Vio l1:   8.357220e-05 (max: 1.203205e-03)
Ineq Vio l1: 1.865782e-07 (max: 3.143548e-05)
Sol Dis:   1.574675e+02 ± 3.802493e-02
Merit:             5.164667e+00 ± 1.394985e-02
Avg Inf Time:  0.0632s
==================================================
Epoch 22/300, Loss: 5.3504, Obj: 4.8846, Eq Viol (l1): 0.000085, Ineq Viol (l1): 0.000000, Epoch time: 2.44s
Epoch 23/300, Loss: 5.0582, Obj: 4.6359, Eq Viol (l1): 0.000087, Ineq Viol (l1): 0.000000, Epoch time: 2.44s
Epoch 24/300, Loss: 4.8978, Obj: 4.4824, Eq Viol (l1): 0.000088, Ineq Viol (l1): 0.000000, Epoch time: 2.46s
Epoch 25/300, Loss: 4.9213, Obj: 4.4447, Eq Viol (l1): 0.000085, Ineq Viol (l1): 0.000000, Epoch time: 2.48s
Epoch 26/300, Loss: 4.7927, Obj: 4.3384, Eq Viol (l1): 0.000085, Ineq Viol (l1): 0.000000, Epoch time: 2.50s
Epoch 27/300, Loss: 4.7165, Obj: 4.2465, Eq Viol (l1): 0.000100, Ineq Viol (l1): 0.000001, Epoch time: 2.51s
Epoch 28/300, Loss: 4.6555, Obj: 4.1854, Eq Viol (l1): 0.000083, Ineq Viol (l1): 0.000001, Epoch time: 2.55s
Epoch 29/300, Loss: 4.5019, Obj: 4.0113, Eq Viol (l1): 0.000082, Ineq Viol (l1): 0.000001, Epoch time: 2.58s
Epoch 30/300, Loss: 4.3966, Obj: 3.7449, Eq Viol (l1): 0.000070, Ineq Viol (l1): 0.000001, Epoch time: 2.65s
Epoch 31/300, Loss: 4.2488, Obj: 3.3859, Eq Viol (l1): 0.000043, Ineq Viol (l1): 0.000001, Epoch time: 2.74s

Running validation at epoch 30...

VALIDATION_EPOCH_30 EVALUATION RESULTS:
==================================================
Obj:     2.787669e+00
Opt Gap:      5.619544e+00 ± 1.670161e+00
Eq Vio l1:   6.266766e-05 (max: 1.748590e-03)
Ineq Vio l1: 5.951057e-07 (max: 5.246391e-05)
Sol Dis:   1.445755e+02 ± 5.121771e-01
Merit:             2.788301e+00 ± 1.995401e-02
Avg Inf Time:  0.0784s
==================================================
Epoch 32/300, Loss: 3.7193, Obj: 2.7941, Eq Viol (l1): 0.000048, Ineq Viol (l1): 0.000000, Epoch time: 2.73s
Epoch 33/300, Loss: 3.1230, Obj: 2.2640, Eq Viol (l1): 0.000061, Ineq Viol (l1): 0.000000, Epoch time: 2.77s
Epoch 34/300, Loss: 2.5316, Obj: 1.8019, Eq Viol (l1): 0.000063, Ineq Viol (l1): 0.000000, Epoch time: 2.61s
Epoch 35/300, Loss: 1.6943, Obj: 1.0612, Eq Viol (l1): 0.000069, Ineq Viol (l1): 0.000000, Epoch time: 2.55s
Epoch 36/300, Loss: 1.3714, Obj: 0.8099, Eq Viol (l1): 0.000090, Ineq Viol (l1): 0.000000, Epoch time: 2.40s
Epoch 37/300, Loss: 1.1560, Obj: 0.6515, Eq Viol (l1): 0.000090, Ineq Viol (l1): 0.000000, Epoch time: 2.40s
Epoch 38/300, Loss: 1.1009, Obj: 0.6034, Eq Viol (l1): 0.000080, Ineq Viol (l1): 0.000000, Epoch time: 2.44s
Epoch 39/300, Loss: 1.0551, Obj: 0.4916, Eq Viol (l1): 0.000090, Ineq Viol (l1): 0.000000, Epoch time: 2.42s
Epoch 40/300, Loss: 0.9331, Obj: 0.4567, Eq Viol (l1): 0.000080, Ineq Viol (l1): 0.000000, Epoch time: 2.47s
Epoch 41/300, Loss: 0.8320, Obj: 0.3605, Eq Viol (l1): 0.000088, Ineq Viol (l1): 0.000001, Epoch time: 2.44s

Running validation at epoch 40...

VALIDATION_EPOCH_40 EVALUATION RESULTS:
==================================================
Obj:     2.841602e-01
Opt Gap:      1.169027e+00 ± 5.987381e-02
Eq Vio l1:   7.473657e-05 (max: 8.477339e-04)
Ineq Vio l1: 6.392271e-07 (max: 2.546281e-05)
Sol Dis:   1.292550e+02 ± 5.445935e-01
Merit:             2.849140e-01 ± 3.961720e-03
Avg Inf Time:  0.0648s
==================================================
Epoch 42/300, Loss: 0.8131, Obj: 0.3596, Eq Viol (l1): 0.000081, Ineq Viol (l1): 0.000000, Epoch time: 2.46s
Epoch 43/300, Loss: 0.7747, Obj: 0.2592, Eq Viol (l1): 0.000085, Ineq Viol (l1): 0.000001, Epoch time: 2.50s
Epoch 44/300, Loss: 0.6682, Obj: 0.1946, Eq Viol (l1): 0.000078, Ineq Viol (l1): 0.000001, Epoch time: 2.54s
Epoch 45/300, Loss: 0.6396, Obj: 0.1220, Eq Viol (l1): 0.000074, Ineq Viol (l1): 0.000001, Epoch time: 2.56s
Epoch 46/300, Loss: 0.6827, Obj: 0.0562, Eq Viol (l1): 0.000088, Ineq Viol (l1): 0.000001, Epoch time: 2.54s
Epoch 47/300, Loss: 0.8043, Obj: 0.1026, Eq Viol (l1): 0.000084, Ineq Viol (l1): 0.000000, Epoch time: 2.54s
Epoch 48/300, Loss: 0.5454, Obj: 0.0617, Eq Viol (l1): 0.000070, Ineq Viol (l1): 0.000000, Epoch time: 2.55s
Epoch 49/300, Loss: 0.4761, Obj: 0.0070, Eq Viol (l1): 0.000064, Ineq Viol (l1): 0.000000, Epoch time: 2.57s
Epoch 50/300, Loss: 0.4468, Obj: -0.0880, Eq Viol (l1): 0.000079, Ineq Viol (l1): 0.000000, Epoch time: 2.55s
Epoch 51/300, Loss: 0.4090, Obj: -0.0784, Eq Viol (l1): 0.000069, Ineq Viol (l1): 0.000001, Epoch time: 2.57s

Running validation at epoch 50...

VALIDATION_EPOCH_50 EVALUATION RESULTS:
==================================================
Obj:     -3.285042e-01
Opt Gap:      1.504385e-01 ± 3.588765e-01
Eq Vio l1:   7.448112e-05 (max: 7.138111e-04)
Ineq Vio l1: 4.115186e-07 (max: 1.845552e-05)
Sol Dis:   1.203515e+02 ± 3.740511e-01
Merit:             -3.277553e-01 ± 4.351624e-04
Avg Inf Time:  0.0708s
==================================================
Epoch 52/300, Loss: 0.4334, Obj: -0.0947, Eq Viol (l1): 0.000073, Ineq Viol (l1): 0.000001, Epoch time: 2.57s
Epoch 53/300, Loss: 0.3627, Obj: -0.2231, Eq Viol (l1): 0.000077, Ineq Viol (l1): 0.000001, Epoch time: 2.57s
Epoch 54/300, Loss: 0.3194, Obj: -0.2542, Eq Viol (l1): 0.000079, Ineq Viol (l1): 0.000000, Epoch time: 2.56s
Epoch 55/300, Loss: 0.1908, Obj: -0.3081, Eq Viol (l1): 0.000069, Ineq Viol (l1): 0.000000, Epoch time: 2.57s
Epoch 56/300, Loss: 0.1122, Obj: -0.4417, Eq Viol (l1): 0.000073, Ineq Viol (l1): 0.000000, Epoch time: 2.58s
Epoch 57/300, Loss: -0.0310, Obj: -0.5660, Eq Viol (l1): 0.000078, Ineq Viol (l1): 0.000000, Epoch time: 2.55s
Epoch 58/300, Loss: -0.1635, Obj: -0.6693, Eq Viol (l1): 0.000077, Ineq Viol (l1): 0.000000, Epoch time: 2.55s
Epoch 59/300, Loss: -0.2102, Obj: -0.7290, Eq Viol (l1): 0.000085, Ineq Viol (l1): 0.000000, Epoch time: 2.54s
Epoch 60/300, Loss: -0.3376, Obj: -0.8010, Eq Viol (l1): 0.000085, Ineq Viol (l1): 0.000000, Epoch time: 2.51s
Epoch 61/300, Loss: -0.3555, Obj: -0.7991, Eq Viol (l1): 0.000085, Ineq Viol (l1): 0.000000, Epoch time: 2.51s

Running validation at epoch 60...

VALIDATION_EPOCH_60 EVALUATION RESULTS:
==================================================
Obj:     -1.061992e+00
Opt Gap:      -1.033370e+00 ± 6.974266e-01
Eq Vio l1:   9.067773e-05 (max: 1.212383e-03)
Ineq Vio l1: 2.710079e-07 (max: 2.118168e-05)
Sol Dis:   1.182858e+02 ± 6.676715e-02
Merit:             -1.061082e+00 ± 6.795852e-05
Avg Inf Time:  0.0709s
==================================================
Epoch 62/300, Loss: -0.5118, Obj: -0.9040, Eq Viol (l1): 0.000082, Ineq Viol (l1): 0.000000, Epoch time: 2.51s
Epoch 63/300, Loss: -0.5391, Obj: -0.9288, Eq Viol (l1): 0.000082, Ineq Viol (l1): 0.000000, Epoch time: 2.52s
Epoch 64/300, Loss: -0.5002, Obj: -0.9341, Eq Viol (l1): 0.000079, Ineq Viol (l1): 0.000000, Epoch time: 2.53s
Epoch 65/300, Loss: -0.5920, Obj: -0.9895, Eq Viol (l1): 0.000088, Ineq Viol (l1): 0.000000, Epoch time: 2.51s
Epoch 66/300, Loss: -0.6148, Obj: -1.0224, Eq Viol (l1): 0.000089, Ineq Viol (l1): 0.000000, Epoch time: 2.62s
Epoch 67/300, Loss: -0.6907, Obj: -1.0645, Eq Viol (l1): 0.000083, Ineq Viol (l1): 0.000000, Epoch time: 2.49s
Epoch 68/300, Loss: -0.8817, Obj: -1.2722, Eq Viol (l1): 0.000083, Ineq Viol (l1): 0.000000, Epoch time: 2.53s
Epoch 69/300, Loss: -1.1102, Obj: -1.5729, Eq Viol (l1): 0.000087, Ineq Viol (l1): 0.000000, Epoch time: 2.53s
Epoch 70/300, Loss: -1.3126, Obj: -1.7280, Eq Viol (l1): 0.000081, Ineq Viol (l1): 0.000000, Epoch time: 2.50s
Epoch 71/300, Loss: -1.5282, Obj: -1.9338, Eq Viol (l1): 0.000089, Ineq Viol (l1): 0.000000, Epoch time: 2.47s

Running validation at epoch 70...

VALIDATION_EPOCH_70 EVALUATION RESULTS:
==================================================
Obj:     -2.016064e+00
Opt Gap:      -2.610224e+00 ± 1.040153e+00
Eq Vio l1:   7.481814e-05 (max: 1.362396e-03)
Ineq Vio l1: 4.582594e-07 (max: 7.082324e-05)
Sol Dis:   1.355629e+02 ± 3.247189e-01
Merit:             -2.015311e+00 ± 1.510249e-03
Avg Inf Time:  0.0632s
==================================================
Epoch 72/300, Loss: -1.7444, Obj: -2.1887, Eq Viol (l1): 0.000090, Ineq Viol (l1): 0.000000, Epoch time: 2.46s
Epoch 73/300, Loss: -2.0204, Obj: -2.4522, Eq Viol (l1): 0.000090, Ineq Viol (l1): 0.000000, Epoch time: 2.42s
Epoch 74/300, Loss: -2.1994, Obj: -2.6104, Eq Viol (l1): 0.000091, Ineq Viol (l1): 0.000000, Epoch time: 2.43s
Epoch 75/300, Loss: -2.2394, Obj: -2.6429, Eq Viol (l1): 0.000089, Ineq Viol (l1): 0.000000, Epoch time: 2.42s
Epoch 76/300, Loss: -2.2665, Obj: -2.6344, Eq Viol (l1): 0.000089, Ineq Viol (l1): 0.000000, Epoch time: 2.40s
Epoch 77/300, Loss: -2.2412, Obj: -2.6394, Eq Viol (l1): 0.000088, Ineq Viol (l1): 0.000000, Epoch time: 2.40s
Epoch 78/300, Loss: -2.2771, Obj: -2.6747, Eq Viol (l1): 0.000087, Ineq Viol (l1): 0.000000, Epoch time: 2.41s
Epoch 79/300, Loss: -2.3545, Obj: -2.7180, Eq Viol (l1): 0.000100, Ineq Viol (l1): 0.000000, Epoch time: 2.37s
Epoch 80/300, Loss: -2.3434, Obj: -2.7248, Eq Viol (l1): 0.000091, Ineq Viol (l1): 0.000000, Epoch time: 2.40s
Epoch 81/300, Loss: -2.3713, Obj: -2.7334, Eq Viol (l1): 0.000096, Ineq Viol (l1): 0.000000, Epoch time: 2.39s

Running validation at epoch 80...

VALIDATION_EPOCH_80 EVALUATION RESULTS:
==================================================
Obj:     -2.734662e+00
Opt Gap:      -3.876577e+00 ± 1.453732e+00
Eq Vio l1:   8.145947e-05 (max: 1.768944e-03)
Ineq Vio l1: 2.684442e-07 (max: 4.857250e-05)
Sol Dis:   1.404599e+02 ± 6.153769e-01
Merit:             -2.733845e+00 ± 1.197867e-02
Avg Inf Time:  0.0605s
==================================================
Epoch 82/300, Loss: -2.3608, Obj: -2.7047, Eq Viol (l1): 0.000088, Ineq Viol (l1): 0.000000, Epoch time: 2.38s
Epoch 83/300, Loss: -2.4418, Obj: -2.7698, Eq Viol (l1): 0.000090, Ineq Viol (l1): 0.000000, Epoch time: 2.39s
Epoch 84/300, Loss: -2.4257, Obj: -2.7623, Eq Viol (l1): 0.000086, Ineq Viol (l1): 0.000000, Epoch time: 2.39s
Epoch 85/300, Loss: -2.4201, Obj: -2.7551, Eq Viol (l1): 0.000094, Ineq Viol (l1): 0.000000, Epoch time: 2.37s
Epoch 86/300, Loss: -2.4639, Obj: -2.7848, Eq Viol (l1): 0.000090, Ineq Viol (l1): 0.000000, Epoch time: 2.38s
Epoch 87/300, Loss: -2.4614, Obj: -2.8013, Eq Viol (l1): 0.000091, Ineq Viol (l1): 0.000000, Epoch time: 2.39s
Epoch 88/300, Loss: -2.4139, Obj: -2.7640, Eq Viol (l1): 0.000086, Ineq Viol (l1): 0.000000, Epoch time: 2.38s
Epoch 89/300, Loss: -2.4917, Obj: -2.8139, Eq Viol (l1): 0.000089, Ineq Viol (l1): 0.000000, Epoch time: 2.39s
Epoch 90/300, Loss: -2.5003, Obj: -2.7951, Eq Viol (l1): 0.000091, Ineq Viol (l1): 0.000000, Epoch time: 2.37s
Epoch 91/300, Loss: -2.4847, Obj: -2.8074, Eq Viol (l1): 0.000098, Ineq Viol (l1): 0.000000, Epoch time: 2.36s

Running validation at epoch 90...

VALIDATION_EPOCH_90 EVALUATION RESULTS:
==================================================
Obj:     -2.975087e+00
Opt Gap:      -4.250063e+00 ± 1.504794e+00
Eq Vio l1:   1.355699e-04 (max: 7.590192e-04)
Ineq Vio l1: 6.336724e-07 (max: 2.658889e-05)
Sol Dis:   1.392151e+02 ± 7.454578e-01
Merit:             -2.973725e+00 ± 1.703824e-02
Avg Inf Time:  0.0632s
==================================================
Epoch 92/300, Loss: -2.4912, Obj: -2.7951, Eq Viol (l1): 0.000090, Ineq Viol (l1): 0.000000, Epoch time: 2.38s
Epoch 93/300, Loss: -2.4613, Obj: -2.7788, Eq Viol (l1): 0.000095, Ineq Viol (l1): 0.000000, Epoch time: 2.37s
Epoch 94/300, Loss: -2.4571, Obj: -2.7854, Eq Viol (l1): 0.000090, Ineq Viol (l1): 0.000000, Epoch time: 2.38s
Epoch 95/300, Loss: -2.5108, Obj: -2.8138, Eq Viol (l1): 0.000092, Ineq Viol (l1): 0.000000, Epoch time: 2.37s
Epoch 96/300, Loss: -2.5108, Obj: -2.8130, Eq Viol (l1): 0.000090, Ineq Viol (l1): 0.000000, Epoch time: 2.37s
Epoch 97/300, Loss: -2.5285, Obj: -2.8139, Eq Viol (l1): 0.000089, Ineq Viol (l1): 0.000000, Epoch time: 2.37s
Epoch 98/300, Loss: -2.4829, Obj: -2.8129, Eq Viol (l1): 0.000094, Ineq Viol (l1): 0.000000, Epoch time: 2.38s
Epoch 99/300, Loss: -2.4561, Obj: -2.7881, Eq Viol (l1): 0.000085, Ineq Viol (l1): 0.000000, Epoch time: 2.48s
Epoch 100/300, Loss: -2.5357, Obj: -2.8360, Eq Viol (l1): 0.000096, Ineq Viol (l1): 0.000000, Epoch time: 2.38s
Epoch 101/300, Loss: -2.5420, Obj: -2.8255, Eq Viol (l1): 0.000092, Ineq Viol (l1): 0.000000, Epoch time: 2.36s

Running validation at epoch 100...

VALIDATION_EPOCH_100 EVALUATION RESULTS:
==================================================
Obj:     -2.929708e+00
Opt Gap:      -4.185196e+00 ± 1.501426e+00
Eq Vio l1:   7.840923e-05 (max: 8.321786e-04)
Ineq Vio l1: 5.136948e-07 (max: 5.238218e-05)
Sol Dis:   1.399627e+02 ± 7.823298e-01
Merit:             -2.928919e+00 ± 1.992348e-02
Avg Inf Time:  0.0633s
==================================================
Epoch 102/300, Loss: -2.5648, Obj: -2.8360, Eq Viol (l1): 0.000089, Ineq Viol (l1): 0.000000, Epoch time: 2.38s
Epoch 103/300, Loss: -2.5548, Obj: -2.8281, Eq Viol (l1): 0.000093, Ineq Viol (l1): 0.000000, Epoch time: 2.35s
Epoch 104/300, Loss: -2.5544, Obj: -2.8393, Eq Viol (l1): 0.000094, Ineq Viol (l1): 0.000000, Epoch time: 2.37s
Epoch 105/300, Loss: -2.5536, Obj: -2.8380, Eq Viol (l1): 0.000093, Ineq Viol (l1): 0.000000, Epoch time: 2.38s
Epoch 106/300, Loss: -2.5500, Obj: -2.8249, Eq Viol (l1): 0.000092, Ineq Viol (l1): 0.000000, Epoch time: 2.37s
Epoch 107/300, Loss: -2.5391, Obj: -2.8274, Eq Viol (l1): 0.000087, Ineq Viol (l1): 0.000000, Epoch time: 2.38s
Epoch 108/300, Loss: -2.5547, Obj: -2.8466, Eq Viol (l1): 0.000083, Ineq Viol (l1): 0.000000, Epoch time: 2.40s
Epoch 109/300, Loss: -2.5585, Obj: -2.8352, Eq Viol (l1): 0.000090, Ineq Viol (l1): 0.000000, Epoch time: 2.37s
Epoch 110/300, Loss: -2.5586, Obj: -2.8418, Eq Viol (l1): 0.000096, Ineq Viol (l1): 0.000000, Epoch time: 2.36s
Epoch 111/300, Loss: -2.5563, Obj: -2.8346, Eq Viol (l1): 0.000093, Ineq Viol (l1): 0.000000, Epoch time: 2.36s

Running validation at epoch 110...

VALIDATION_EPOCH_110 EVALUATION RESULTS:
==================================================
Obj:     -2.880524e+00
Opt Gap:      -4.114829e+00 ± 1.471593e+00
Eq Vio l1:   1.229510e-04 (max: 9.990702e-04)
Ineq Vio l1: 4.936052e-07 (max: 1.888038e-05)
Sol Dis:   1.406234e+02 ± 7.713540e-01
Merit:             -2.879289e+00 ± 1.724337e-02
Avg Inf Time:  0.0630s
==================================================
Epoch 112/300, Loss: -2.4825, Obj: -2.8120, Eq Viol (l1): 0.000089, Ineq Viol (l1): 0.000000, Epoch time: 2.38s
Epoch 113/300, Loss: -2.3973, Obj: -2.7876, Eq Viol (l1): 0.000099, Ineq Viol (l1): 0.000000, Epoch time: 2.37s
Epoch 114/300, Loss: -2.5345, Obj: -2.8232, Eq Viol (l1): 0.000093, Ineq Viol (l1): 0.000000, Epoch time: 2.36s
Epoch 115/300, Loss: -2.5624, Obj: -2.8502, Eq Viol (l1): 0.000090, Ineq Viol (l1): 0.000000, Epoch time: 2.39s
Epoch 116/300, Loss: -2.5984, Obj: -2.8591, Eq Viol (l1): 0.000087, Ineq Viol (l1): 0.000000, Epoch time: 2.38s
Epoch 117/300, Loss: -2.5236, Obj: -2.8372, Eq Viol (l1): 0.000095, Ineq Viol (l1): 0.000000, Epoch time: 2.38s
Epoch 118/300, Loss: -2.4733, Obj: -2.8052, Eq Viol (l1): 0.000092, Ineq Viol (l1): 0.000000, Epoch time: 2.38s
Epoch 119/300, Loss: -2.5333, Obj: -2.8254, Eq Viol (l1): 0.000095, Ineq Viol (l1): 0.000000, Epoch time: 2.36s
Epoch 120/300, Loss: -2.5513, Obj: -2.8344, Eq Viol (l1): 0.000099, Ineq Viol (l1): 0.000000, Epoch time: 2.35s
Epoch 121/300, Loss: -2.5619, Obj: -2.8355, Eq Viol (l1): 0.000091, Ineq Viol (l1): 0.000000, Epoch time: 2.36s

Running validation at epoch 120...

VALIDATION_EPOCH_120 EVALUATION RESULTS:
==================================================
Obj:     -2.979998e+00
Opt Gap:      -4.266362e+00 ± 1.518045e+00
Eq Vio l1:   9.750706e-05 (max: 7.795378e-04)
Ineq Vio l1: 3.229050e-07 (max: 1.805830e-05)
Sol Dis:   1.398995e+02 ± 8.124413e-01
Merit:             -2.979019e+00 ± 1.892960e-02
Avg Inf Time:  0.0654s
==================================================
Epoch 122/300, Loss: -2.5870, Obj: -2.8591, Eq Viol (l1): 0.000093, Ineq Viol (l1): 0.000000, Epoch time: 2.37s
Epoch 123/300, Loss: -2.6125, Obj: -2.8720, Eq Viol (l1): 0.000093, Ineq Viol (l1): 0.000000, Epoch time: 2.36s
Epoch 124/300, Loss: -2.5632, Obj: -2.8526, Eq Viol (l1): 0.000093, Ineq Viol (l1): 0.000000, Epoch time: 2.36s
Epoch 125/300, Loss: -2.5343, Obj: -2.8267, Eq Viol (l1): 0.000096, Ineq Viol (l1): 0.000000, Epoch time: 2.35s
Epoch 126/300, Loss: -2.5871, Obj: -2.8643, Eq Viol (l1): 0.000095, Ineq Viol (l1): 0.000000, Epoch time: 2.36s
Epoch 127/300, Loss: -2.6154, Obj: -2.8608, Eq Viol (l1): 0.000090, Ineq Viol (l1): 0.000000, Epoch time: 2.36s
Epoch 128/300, Loss: -2.6207, Obj: -2.8759, Eq Viol (l1): 0.000090, Ineq Viol (l1): 0.000000, Epoch time: 2.36s
Epoch 129/300, Loss: -2.6170, Obj: -2.8704, Eq Viol (l1): 0.000088, Ineq Viol (l1): 0.000000, Epoch time: 2.38s
Epoch 130/300, Loss: -2.5803, Obj: -2.8612, Eq Viol (l1): 0.000090, Ineq Viol (l1): 0.000000, Epoch time: 2.38s
Epoch 131/300, Loss: -2.5854, Obj: -2.8578, Eq Viol (l1): 0.000094, Ineq Viol (l1): 0.000000, Epoch time: 2.36s

Running validation at epoch 130...

VALIDATION_EPOCH_130 EVALUATION RESULTS:
==================================================
Obj:     -2.931554e+00
Opt Gap:      -4.129579e+00 ± 1.438436e+00
Eq Vio l1:   9.653028e-05 (max: 1.224965e-03)
Ineq Vio l1: 4.499347e-07 (max: 2.470893e-05)
Sol Dis:   1.399684e+02 ± 7.739656e-01
Merit:             -2.930584e+00 ± 1.816914e-02
Avg Inf Time:  0.0632s
==================================================
Epoch 132/300, Loss: -2.5890, Obj: -2.8511, Eq Viol (l1): 0.000093, Ineq Viol (l1): 0.000000, Epoch time: 2.34s
Epoch 133/300, Loss: -2.5780, Obj: -2.8461, Eq Viol (l1): 0.000095, Ineq Viol (l1): 0.000000, Epoch time: 2.45s
Epoch 134/300, Loss: -2.5493, Obj: -2.8455, Eq Viol (l1): 0.000098, Ineq Viol (l1): 0.000000, Epoch time: 2.36s
Epoch 135/300, Loss: -2.5560, Obj: -2.8575, Eq Viol (l1): 0.000089, Ineq Viol (l1): 0.000000, Epoch time: 2.40s
Epoch 136/300, Loss: -2.5795, Obj: -2.8424, Eq Viol (l1): 0.000092, Ineq Viol (l1): 0.000000, Epoch time: 2.35s
Epoch 137/300, Loss: -2.5875, Obj: -2.8563, Eq Viol (l1): 0.000091, Ineq Viol (l1): 0.000000, Epoch time: 2.36s
Epoch 138/300, Loss: -2.6009, Obj: -2.8651, Eq Viol (l1): 0.000089, Ineq Viol (l1): 0.000000, Epoch time: 2.37s
Epoch 139/300, Loss: -2.6078, Obj: -2.8758, Eq Viol (l1): 0.000097, Ineq Viol (l1): 0.000000, Epoch time: 2.35s
Epoch 140/300, Loss: -2.6154, Obj: -2.8653, Eq Viol (l1): 0.000091, Ineq Viol (l1): 0.000000, Epoch time: 2.36s
Epoch 141/300, Loss: -2.6198, Obj: -2.8676, Eq Viol (l1): 0.000090, Ineq Viol (l1): 0.000000, Epoch time: 2.36s

Running validation at epoch 140...

VALIDATION_EPOCH_140 EVALUATION RESULTS:
==================================================
Obj:     -2.903777e+00
Opt Gap:      -4.176567e+00 ± 1.500559e+00
Eq Vio l1:   8.745651e-05 (max: 2.044309e-03)
Ineq Vio l1: 4.391654e-07 (max: 3.538024e-05)
Sol Dis:   1.407312e+02 ± 8.303311e-01
Merit:             -2.902898e+00 ± 2.372891e-02
Avg Inf Time:  0.0616s
==================================================
Epoch 142/300, Loss: -2.6052, Obj: -2.8614, Eq Viol (l1): 0.000097, Ineq Viol (l1): 0.000000, Epoch time: 2.34s
Epoch 143/300, Loss: -2.5671, Obj: -2.8513, Eq Viol (l1): 0.000086, Ineq Viol (l1): 0.000000, Epoch time: 2.39s
Epoch 144/300, Loss: -2.5497, Obj: -2.8470, Eq Viol (l1): 0.000098, Ineq Viol (l1): 0.000000, Epoch time: 2.36s
Epoch 145/300, Loss: -2.5734, Obj: -2.8648, Eq Viol (l1): 0.000096, Ineq Viol (l1): 0.000000, Epoch time: 2.35s
Epoch 146/300, Loss: -2.5769, Obj: -2.8483, Eq Viol (l1): 0.000094, Ineq Viol (l1): 0.000000, Epoch time: 2.34s
Epoch 147/300, Loss: -2.6231, Obj: -2.8754, Eq Viol (l1): 0.000095, Ineq Viol (l1): 0.000000, Epoch time: 2.34s
Epoch 148/300, Loss: -2.6184, Obj: -2.8762, Eq Viol (l1): 0.000090, Ineq Viol (l1): 0.000000, Epoch time: 2.38s
Epoch 149/300, Loss: -2.6386, Obj: -2.8864, Eq Viol (l1): 0.000093, Ineq Viol (l1): 0.000000, Epoch time: 2.35s
Epoch 150/300, Loss: -2.5780, Obj: -2.8457, Eq Viol (l1): 0.000102, Ineq Viol (l1): 0.000000, Epoch time: 2.32s
Epoch 151/300, Loss: -2.6130, Obj: -2.8685, Eq Viol (l1): 0.000094, Ineq Viol (l1): 0.000000, Epoch time: 2.35s

Running validation at epoch 150...

VALIDATION_EPOCH_150 EVALUATION RESULTS:
==================================================
Obj:     -2.964167e+00
Opt Gap:      -4.249725e+00 ± 1.527972e+00
Eq Vio l1:   8.678377e-05 (max: 1.310042e-03)
Ineq Vio l1: 4.270952e-07 (max: 3.123644e-05)
Sol Dis:   1.407525e+02 ± 7.383837e-01
Merit:             -2.963295e+00 ± 1.412616e-02
Avg Inf Time:  0.0630s
==================================================
Epoch 152/300, Loss: -2.6446, Obj: -2.8832, Eq Viol (l1): 0.000095, Ineq Viol (l1): 0.000000, Epoch time: 2.34s
Epoch 153/300, Loss: -2.6090, Obj: -2.8777, Eq Viol (l1): 0.000100, Ineq Viol (l1): 0.000000, Epoch time: 2.34s
Epoch 154/300, Loss: -2.5812, Obj: -2.8477, Eq Viol (l1): 0.000095, Ineq Viol (l1): 0.000000, Epoch time: 2.33s
Epoch 155/300, Loss: -2.6190, Obj: -2.8809, Eq Viol (l1): 0.000101, Ineq Viol (l1): 0.000000, Epoch time: 2.33s
Epoch 156/300, Loss: -2.6347, Obj: -2.8892, Eq Viol (l1): 0.000093, Ineq Viol (l1): 0.000000, Epoch time: 2.37s
Epoch 157/300, Loss: -2.6070, Obj: -2.8765, Eq Viol (l1): 0.000092, Ineq Viol (l1): 0.000000, Epoch time: 2.35s
Epoch 158/300, Loss: -2.6402, Obj: -2.8919, Eq Viol (l1): 0.000091, Ineq Viol (l1): 0.000000, Epoch time: 2.37s
Epoch 159/300, Loss: -2.5684, Obj: -2.8561, Eq Viol (l1): 0.000102, Ineq Viol (l1): 0.000000, Epoch time: 2.33s
Epoch 160/300, Loss: -2.6208, Obj: -2.8738, Eq Viol (l1): 0.000087, Ineq Viol (l1): 0.000000, Epoch time: 2.36s
Epoch 161/300, Loss: -2.6288, Obj: -2.8860, Eq Viol (l1): 0.000100, Ineq Viol (l1): 0.000000, Epoch time: 2.33s

Running validation at epoch 160...

VALIDATION_EPOCH_160 EVALUATION RESULTS:
==================================================
Obj:     -2.695976e+00
Opt Gap:      -3.627653e+00 ± 1.205997e+00
Eq Vio l1:   6.076394e-05 (max: 2.272497e-03)
Ineq Vio l1: 3.749126e-07 (max: 1.072171e-04)
Sol Dis:   1.422051e+02 ± 7.583602e-01
Merit:             -2.695364e+00 ± 1.846895e-02
Avg Inf Time:  0.0605s
==================================================
Epoch 162/300, Loss: -2.5364, Obj: -2.8184, Eq Viol (l1): 0.000100, Ineq Viol (l1): 0.000000, Epoch time: 2.33s
Epoch 163/300, Loss: -2.6315, Obj: -2.8982, Eq Viol (l1): 0.000094, Ineq Viol (l1): 0.000000, Epoch time: 2.36s
Epoch 164/300, Loss: -2.6226, Obj: -2.8714, Eq Viol (l1): 0.000095, Ineq Viol (l1): 0.000000, Epoch time: 2.33s
Epoch 165/300, Loss: -2.6443, Obj: -2.8882, Eq Viol (l1): 0.000093, Ineq Viol (l1): 0.000000, Epoch time: 2.36s
Epoch 166/300, Loss: -2.6084, Obj: -2.8642, Eq Viol (l1): 0.000088, Ineq Viol (l1): 0.000000, Epoch time: 2.47s
Epoch 167/300, Loss: -2.5371, Obj: -2.8504, Eq Viol (l1): 0.000093, Ineq Viol (l1): 0.000000, Epoch time: 2.37s
Epoch 168/300, Loss: -2.6031, Obj: -2.8735, Eq Viol (l1): 0.000097, Ineq Viol (l1): 0.000000, Epoch time: 2.36s
Epoch 169/300, Loss: -2.6389, Obj: -2.8876, Eq Viol (l1): 0.000091, Ineq Viol (l1): 0.000000, Epoch time: 2.36s
Epoch 170/300, Loss: -2.6327, Obj: -2.8872, Eq Viol (l1): 0.000097, Ineq Viol (l1): 0.000000, Epoch time: 2.36s
Epoch 171/300, Loss: -2.6359, Obj: -2.8858, Eq Viol (l1): 0.000094, Ineq Viol (l1): 0.000000, Epoch time: 2.35s

Running validation at epoch 170...

VALIDATION_EPOCH_170 EVALUATION RESULTS:
==================================================
Obj:     -2.986420e+00
Opt Gap:      -4.287509e+00 ± 1.528771e+00
Eq Vio l1:   1.146432e-04 (max: 9.903654e-04)
Ineq Vio l1: 4.787247e-07 (max: 2.638864e-05)
Sol Dis:   1.402573e+02 ± 7.389112e-01
Merit:             -2.985269e+00 ± 1.771868e-02
Avg Inf Time:  0.0633s
==================================================
Epoch 172/300, Loss: -2.6130, Obj: -2.8670, Eq Viol (l1): 0.000094, Ineq Viol (l1): 0.000000, Epoch time: 2.34s
Epoch 173/300, Loss: -2.6346, Obj: -2.8862, Eq Viol (l1): 0.000089, Ineq Viol (l1): 0.000000, Epoch time: 2.37s
Epoch 174/300, Loss: -2.6585, Obj: -2.8973, Eq Viol (l1): 0.000090, Ineq Viol (l1): 0.000000, Epoch time: 2.35s
Epoch 175/300, Loss: -2.6555, Obj: -2.8964, Eq Viol (l1): 0.000091, Ineq Viol (l1): 0.000000, Epoch time: 2.36s
Epoch 176/300, Loss: -2.6671, Obj: -2.8934, Eq Viol (l1): 0.000089, Ineq Viol (l1): 0.000000, Epoch time: 2.35s
Epoch 177/300, Loss: -2.6431, Obj: -2.8895, Eq Viol (l1): 0.000093, Ineq Viol (l1): 0.000000, Epoch time: 2.36s
Epoch 178/300, Loss: -2.6307, Obj: -2.8855, Eq Viol (l1): 0.000097, Ineq Viol (l1): 0.000000, Epoch time: 2.34s
Epoch 179/300, Loss: -2.6220, Obj: -2.8786, Eq Viol (l1): 0.000091, Ineq Viol (l1): 0.000000, Epoch time: 2.37s
Epoch 180/300, Loss: -2.6322, Obj: -2.8794, Eq Viol (l1): 0.000091, Ineq Viol (l1): 0.000000, Epoch time: 2.35s
Epoch 181/300, Loss: -2.6237, Obj: -2.9045, Eq Viol (l1): 0.000095, Ineq Viol (l1): 0.000000, Epoch time: 2.36s

Running validation at epoch 180...

VALIDATION_EPOCH_180 EVALUATION RESULTS:
==================================================
Obj:     -2.971583e+00
Opt Gap:      -4.200733e+00 ± 1.456952e+00
Eq Vio l1:   1.004395e-04 (max: 9.842560e-04)
Ineq Vio l1: 4.248694e-07 (max: 2.137582e-05)
Sol Dis:   1.406253e+02 ± 7.704897e-01
Merit:             -2.970575e+00 ± 1.815658e-02
Avg Inf Time:  0.0618s
==================================================
Epoch 182/300, Loss: -2.6547, Obj: -2.8945, Eq Viol (l1): 0.000098, Ineq Viol (l1): 0.000000, Epoch time: 2.35s
Epoch 183/300, Loss: -2.6235, Obj: -2.8859, Eq Viol (l1): 0.000091, Ineq Viol (l1): 0.000000, Epoch time: 2.37s
Epoch 184/300, Loss: -2.6495, Obj: -2.8954, Eq Viol (l1): 0.000092, Ineq Viol (l1): 0.000000, Epoch time: 2.37s
Epoch 185/300, Loss: -2.6562, Obj: -2.8928, Eq Viol (l1): 0.000093, Ineq Viol (l1): 0.000000, Epoch time: 2.34s
Epoch 186/300, Loss: -2.6476, Obj: -2.8921, Eq Viol (l1): 0.000101, Ineq Viol (l1): 0.000000, Epoch time: 2.34s
Epoch 187/300, Loss: -2.6445, Obj: -2.8853, Eq Viol (l1): 0.000099, Ineq Viol (l1): 0.000000, Epoch time: 2.32s
Epoch 188/300, Loss: -2.6103, Obj: -2.8836, Eq Viol (l1): 0.000097, Ineq Viol (l1): 0.000000, Epoch time: 2.36s
Epoch 189/300, Loss: -2.6482, Obj: -2.8871, Eq Viol (l1): 0.000088, Ineq Viol (l1): 0.000000, Epoch time: 2.34s
Epoch 190/300, Loss: -2.6698, Obj: -2.9050, Eq Viol (l1): 0.000085, Ineq Viol (l1): 0.000000, Epoch time: 2.37s
Epoch 191/300, Loss: -2.6421, Obj: -2.8905, Eq Viol (l1): 0.000097, Ineq Viol (l1): 0.000000, Epoch time: 2.34s

Running validation at epoch 190...

VALIDATION_EPOCH_190 EVALUATION RESULTS:
==================================================
Obj:     -2.839826e+00
Opt Gap:      -3.966638e+00 ± 1.423743e+00
Eq Vio l1:   6.509447e-05 (max: 1.289814e-03)
Ineq Vio l1: 1.935896e-07 (max: 4.981035e-05)
Sol Dis:   1.410040e+02 ± 7.624372e-01
Merit:             -2.839173e+00 ± 1.283967e-02
Avg Inf Time:  0.0629s
==================================================
Epoch 192/300, Loss: -2.6471, Obj: -2.8821, Eq Viol (l1): 0.000093, Ineq Viol (l1): 0.000000, Epoch time: 2.34s
Epoch 193/300, Loss: -2.6092, Obj: -2.8744, Eq Viol (l1): 0.000103, Ineq Viol (l1): 0.000000, Epoch time: 2.32s
Epoch 194/300, Loss: -2.6470, Obj: -2.9070, Eq Viol (l1): 0.000091, Ineq Viol (l1): 0.000000, Epoch time: 2.37s
Epoch 195/300, Loss: -2.6569, Obj: -2.8876, Eq Viol (l1): 0.000090, Ineq Viol (l1): 0.000000, Epoch time: 2.34s
Epoch 196/300, Loss: -2.6636, Obj: -2.9056, Eq Viol (l1): 0.000091, Ineq Viol (l1): 0.000000, Epoch time: 2.36s
Epoch 197/300, Loss: -2.6587, Obj: -2.9002, Eq Viol (l1): 0.000096, Ineq Viol (l1): 0.000000, Epoch time: 2.34s
Epoch 198/300, Loss: -2.6466, Obj: -2.8935, Eq Viol (l1): 0.000099, Ineq Viol (l1): 0.000000, Epoch time: 2.33s
Epoch 199/300, Loss: -2.6180, Obj: -2.8825, Eq Viol (l1): 0.000086, Ineq Viol (l1): 0.000000, Epoch time: 2.38s
Epoch 200/300, Loss: -2.6515, Obj: -2.8767, Eq Viol (l1): 0.000092, Ineq Viol (l1): 0.000000, Epoch time: 2.44s
Epoch 201/300, Loss: -2.6527, Obj: -2.8996, Eq Viol (l1): 0.000096, Ineq Viol (l1): 0.000000, Epoch time: 2.35s

Running validation at epoch 200...

VALIDATION_EPOCH_200 EVALUATION RESULTS:
==================================================
Obj:     -2.917082e+00
Opt Gap:      -4.107874e+00 ± 1.455474e+00
Eq Vio l1:   6.697410e-05 (max: 2.133477e-03)
Ineq Vio l1: 3.001094e-07 (max: 4.730835e-05)
Sol Dis:   1.405192e+02 ± 8.239559e-01
Merit:             -2.916409e+00 ± 2.436412e-02
Avg Inf Time:  0.0619s
==================================================
Epoch 202/300, Loss: -2.6970, Obj: -2.9075, Eq Viol (l1): 0.000094, Ineq Viol (l1): 0.000000, Epoch time: 2.34s
Epoch 203/300, Loss: -2.6735, Obj: -2.9040, Eq Viol (l1): 0.000092, Ineq Viol (l1): 0.000000, Epoch time: 2.34s
Epoch 204/300, Loss: -2.6607, Obj: -2.8915, Eq Viol (l1): 0.000093, Ineq Viol (l1): 0.000000, Epoch time: 2.34s
Epoch 205/300, Loss: -2.6673, Obj: -2.9073, Eq Viol (l1): 0.000094, Ineq Viol (l1): 0.000000, Epoch time: 2.35s
Epoch 206/300, Loss: -2.6398, Obj: -2.8916, Eq Viol (l1): 0.000094, Ineq Viol (l1): 0.000000, Epoch time: 2.34s
Epoch 207/300, Loss: -2.5924, Obj: -2.8497, Eq Viol (l1): 0.000095, Ineq Viol (l1): 0.000000, Epoch time: 2.33s
Epoch 208/300, Loss: -2.6678, Obj: -2.9007, Eq Viol (l1): 0.000098, Ineq Viol (l1): 0.000000, Epoch time: 2.34s
Epoch 209/300, Loss: -2.6519, Obj: -2.8801, Eq Viol (l1): 0.000089, Ineq Viol (l1): 0.000000, Epoch time: 2.35s
Epoch 210/300, Loss: -2.6834, Obj: -2.9041, Eq Viol (l1): 0.000091, Ineq Viol (l1): 0.000000, Epoch time: 2.35s
Epoch 211/300, Loss: -2.6890, Obj: -2.9081, Eq Viol (l1): 0.000094, Ineq Viol (l1): 0.000000, Epoch time: 2.34s

Running validation at epoch 210...

VALIDATION_EPOCH_210 EVALUATION RESULTS:
==================================================
Obj:     -2.996125e+00
Opt Gap:      -4.285038e+00 ± 1.528881e+00
Eq Vio l1:   8.059030e-05 (max: 6.674311e-04)
Ineq Vio l1: 3.862369e-07 (max: 2.373021e-05)
Sol Dis:   1.403538e+02 ± 7.969927e-01
Merit:             -2.995315e+00 ± 1.828749e-02
Avg Inf Time:  0.0655s
==================================================
Epoch 212/300, Loss: -2.6426, Obj: -2.8886, Eq Viol (l1): 0.000094, Ineq Viol (l1): 0.000000, Epoch time: 2.34s
Epoch 213/300, Loss: -2.6534, Obj: -2.8825, Eq Viol (l1): 0.000091, Ineq Viol (l1): 0.000000, Epoch time: 2.33s
Epoch 214/300, Loss: -2.6341, Obj: -2.8922, Eq Viol (l1): 0.000092, Ineq Viol (l1): 0.000000, Epoch time: 2.36s
Epoch 215/300, Loss: -2.6699, Obj: -2.9019, Eq Viol (l1): 0.000094, Ineq Viol (l1): 0.000000, Epoch time: 2.33s
Epoch 216/300, Loss: -2.6522, Obj: -2.8948, Eq Viol (l1): 0.000100, Ineq Viol (l1): 0.000000, Epoch time: 2.34s
Epoch 217/300, Loss: -2.6786, Obj: -2.9159, Eq Viol (l1): 0.000092, Ineq Viol (l1): 0.000000, Epoch time: 2.35s
Epoch 218/300, Loss: -2.6502, Obj: -2.9003, Eq Viol (l1): 0.000095, Ineq Viol (l1): 0.000000, Epoch time: 2.35s
Epoch 219/300, Loss: -2.6808, Obj: -2.9099, Eq Viol (l1): 0.000093, Ineq Viol (l1): 0.000000, Epoch time: 2.35s
Epoch 220/300, Loss: -2.6772, Obj: -2.9023, Eq Viol (l1): 0.000094, Ineq Viol (l1): 0.000000, Epoch time: 2.34s
Epoch 221/300, Loss: -2.6303, Obj: -2.8879, Eq Viol (l1): 0.000097, Ineq Viol (l1): 0.000000, Epoch time: 2.32s

Running validation at epoch 220...

VALIDATION_EPOCH_220 EVALUATION RESULTS:
==================================================
Obj:     -2.916913e+00
Opt Gap:      -4.171112e+00 ± 1.529384e+00
Eq Vio l1:   1.085780e-04 (max: 1.405273e-03)
Ineq Vio l1: 5.172037e-07 (max: 6.009473e-05)
Sol Dis:   1.409242e+02 ± 7.891682e-01
Merit:             -2.915822e+00 ± 1.887836e-02
Avg Inf Time:  0.0606s
==================================================
Epoch 222/300, Loss: -2.6850, Obj: -2.9032, Eq Viol (l1): 0.000101, Ineq Viol (l1): 0.000000, Epoch time: 2.32s
Epoch 223/300, Loss: -2.6986, Obj: -2.9105, Eq Viol (l1): 0.000100, Ineq Viol (l1): 0.000000, Epoch time: 2.32s
Epoch 224/300, Loss: -2.6902, Obj: -2.9085, Eq Viol (l1): 0.000095, Ineq Viol (l1): 0.000000, Epoch time: 2.34s
Epoch 225/300, Loss: -2.6795, Obj: -2.9139, Eq Viol (l1): 0.000096, Ineq Viol (l1): 0.000000, Epoch time: 2.35s
Epoch 226/300, Loss: -2.5901, Obj: -2.8897, Eq Viol (l1): 0.000102, Ineq Viol (l1): 0.000000, Epoch time: 2.35s
Epoch 227/300, Loss: -2.5732, Obj: -2.8498, Eq Viol (l1): 0.000091, Ineq Viol (l1): 0.000000, Epoch time: 2.34s
Epoch 228/300, Loss: -2.6401, Obj: -2.8855, Eq Viol (l1): 0.000099, Ineq Viol (l1): 0.000000, Epoch time: 2.33s
Epoch 229/300, Loss: -2.6931, Obj: -2.9066, Eq Viol (l1): 0.000096, Ineq Viol (l1): 0.000000, Epoch time: 2.32s
Epoch 230/300, Loss: -2.6832, Obj: -2.9099, Eq Viol (l1): 0.000092, Ineq Viol (l1): 0.000000, Epoch time: 2.34s
Epoch 231/300, Loss: -2.6663, Obj: -2.9001, Eq Viol (l1): 0.000095, Ineq Viol (l1): 0.000000, Epoch time: 2.34s

Running validation at epoch 230...

VALIDATION_EPOCH_230 EVALUATION RESULTS:
==================================================
Obj:     -2.972705e+00
Opt Gap:      -4.254923e+00 ± 1.539901e+00
Eq Vio l1:   9.249740e-05 (max: 1.035219e-03)
Ineq Vio l1: 4.162253e-07 (max: 1.612967e-05)
Sol Dis:   1.403213e+02 ± 7.607850e-01
Merit:             -2.971776e+00 ± 1.852686e-02
Avg Inf Time:  0.0629s
==================================================
Epoch 232/300, Loss: -2.6871, Obj: -2.9056, Eq Viol (l1): 0.000090, Ineq Viol (l1): 0.000000, Epoch time: 2.36s
Epoch 233/300, Loss: -2.6239, Obj: -2.9100, Eq Viol (l1): 0.000098, Ineq Viol (l1): 0.000001, Epoch time: 2.45s
Epoch 234/300, Loss: -2.5695, Obj: -2.8417, Eq Viol (l1): 0.000089, Ineq Viol (l1): 0.000000, Epoch time: 2.34s
Epoch 235/300, Loss: -2.6521, Obj: -2.8815, Eq Viol (l1): 0.000093, Ineq Viol (l1): 0.000000, Epoch time: 2.32s
Epoch 236/300, Loss: -2.7055, Obj: -2.9181, Eq Viol (l1): 0.000094, Ineq Viol (l1): 0.000000, Epoch time: 2.34s
Epoch 237/300, Loss: -2.6736, Obj: -2.9055, Eq Viol (l1): 0.000091, Ineq Viol (l1): 0.000000, Epoch time: 2.35s
Epoch 238/300, Loss: -2.6661, Obj: -2.9000, Eq Viol (l1): 0.000095, Ineq Viol (l1): 0.000000, Epoch time: 2.34s
Epoch 239/300, Loss: -2.6431, Obj: -2.9017, Eq Viol (l1): 0.000087, Ineq Viol (l1): 0.000000, Epoch time: 2.39s
Epoch 240/300, Loss: -2.6643, Obj: -2.9007, Eq Viol (l1): 0.000099, Ineq Viol (l1): 0.000000, Epoch time: 2.32s
Epoch 241/300, Loss: -2.6732, Obj: -2.9054, Eq Viol (l1): 0.000095, Ineq Viol (l1): 0.000000, Epoch time: 2.32s

Running validation at epoch 240...

VALIDATION_EPOCH_240 EVALUATION RESULTS:
==================================================
Obj:     -2.942241e+00
Opt Gap:      -4.195261e+00 ± 1.486200e+00
Eq Vio l1:   7.776499e-05 (max: 8.513758e-04)
Ineq Vio l1: 2.082932e-07 (max: 1.705641e-05)
Sol Dis:   1.401585e+02 ± 7.825401e-01
Merit:             -2.941462e+00 ± 1.723040e-02
Avg Inf Time:  0.0632s
==================================================
Epoch 242/300, Loss: -2.6424, Obj: -2.8955, Eq Viol (l1): 0.000089, Ineq Viol (l1): 0.000000, Epoch time: 2.36s
Epoch 243/300, Loss: -2.6674, Obj: -2.9172, Eq Viol (l1): 0.000099, Ineq Viol (l1): 0.000000, Epoch time: 2.35s
Epoch 244/300, Loss: -2.6813, Obj: -2.9061, Eq Viol (l1): 0.000095, Ineq Viol (l1): 0.000000, Epoch time: 2.33s
Epoch 245/300, Loss: -2.6793, Obj: -2.9006, Eq Viol (l1): 0.000092, Ineq Viol (l1): 0.000000, Epoch time: 2.34s
Epoch 246/300, Loss: -2.6574, Obj: -2.8882, Eq Viol (l1): 0.000090, Ineq Viol (l1): 0.000000, Epoch time: 2.35s
Epoch 247/300, Loss: -2.6199, Obj: -2.9010, Eq Viol (l1): 0.000090, Ineq Viol (l1): 0.000000, Epoch time: 2.38s
Epoch 248/300, Loss: -2.6375, Obj: -2.8809, Eq Viol (l1): 0.000098, Ineq Viol (l1): 0.000000, Epoch time: 2.32s
Epoch 249/300, Loss: -2.6558, Obj: -2.8990, Eq Viol (l1): 0.000087, Ineq Viol (l1): 0.000000, Epoch time: 2.36s
Epoch 250/300, Loss: -2.6739, Obj: -2.8979, Eq Viol (l1): 0.000093, Ineq Viol (l1): 0.000000, Epoch time: 2.33s
Epoch 251/300, Loss: -2.6868, Obj: -2.9107, Eq Viol (l1): 0.000096, Ineq Viol (l1): 0.000000, Epoch time: 2.33s

Running validation at epoch 250...

VALIDATION_EPOCH_250 EVALUATION RESULTS:
==================================================
Obj:     -2.983928e+00
Opt Gap:      -4.277776e+00 ± 1.524787e+00
Eq Vio l1:   1.126680e-04 (max: 1.199578e-03)
Ineq Vio l1: 5.574432e-07 (max: 1.854330e-05)
Sol Dis:   1.405773e+02 ± 8.184907e-01
Merit:             -2.982795e+00 ± 2.134109e-02
Avg Inf Time:  0.0630s
==================================================
Epoch 252/300, Loss: -2.6911, Obj: -2.9180, Eq Viol (l1): 0.000106, Ineq Viol (l1): 0.000000, Epoch time: 2.32s
Epoch 253/300, Loss: -2.6920, Obj: -2.9191, Eq Viol (l1): 0.000099, Ineq Viol (l1): 0.000000, Epoch time: 2.33s
Epoch 254/300, Loss: -2.7125, Obj: -2.9239, Eq Viol (l1): 0.000100, Ineq Viol (l1): 0.000000, Epoch time: 2.33s
Epoch 255/300, Loss: -2.7054, Obj: -2.9242, Eq Viol (l1): 0.000104, Ineq Viol (l1): 0.000001, Epoch time: 2.32s
Epoch 256/300, Loss: -2.6426, Obj: -2.8972, Eq Viol (l1): 0.000099, Ineq Viol (l1): 0.000000, Epoch time: 2.34s
Epoch 257/300, Loss: -2.6271, Obj: -2.8816, Eq Viol (l1): 0.000089, Ineq Viol (l1): 0.000000, Epoch time: 2.35s
Epoch 258/300, Loss: -2.6802, Obj: -2.9135, Eq Viol (l1): 0.000093, Ineq Viol (l1): 0.000000, Epoch time: 2.34s
Epoch 259/300, Loss: -2.7156, Obj: -2.9232, Eq Viol (l1): 0.000097, Ineq Viol (l1): 0.000000, Epoch time: 2.33s
Epoch 260/300, Loss: -2.7124, Obj: -2.9293, Eq Viol (l1): 0.000100, Ineq Viol (l1): 0.000000, Epoch time: 2.33s
Epoch 261/300, Loss: -2.6771, Obj: -2.9138, Eq Viol (l1): 0.000098, Ineq Viol (l1): 0.000000, Epoch time: 2.33s

Running validation at epoch 260...

VALIDATION_EPOCH_260 EVALUATION RESULTS:
==================================================
Obj:     -2.969502e+00
Opt Gap:      -4.207128e+00 ± 1.489524e+00
Eq Vio l1:   9.728542e-05 (max: 1.061409e-03)
Ineq Vio l1: 4.593427e-07 (max: 1.902404e-05)
Sol Dis:   1.407560e+02 ± 8.375122e-01
Merit:             -2.968525e+00 ± 2.368511e-02
Avg Inf Time:  0.0617s
==================================================
Epoch 262/300, Loss: -2.7003, Obj: -2.9253, Eq Viol (l1): 0.000093, Ineq Viol (l1): 0.000000, Epoch time: 2.34s
Epoch 263/300, Loss: -2.6953, Obj: -2.9242, Eq Viol (l1): 0.000100, Ineq Viol (l1): 0.000000, Epoch time: 2.33s
Epoch 264/300, Loss: -2.7017, Obj: -2.9066, Eq Viol (l1): 0.000090, Ineq Viol (l1): 0.000000, Epoch time: 2.33s
Epoch 265/300, Loss: -2.6679, Obj: -2.8901, Eq Viol (l1): 0.000096, Ineq Viol (l1): 0.000000, Epoch time: 2.42s
Epoch 266/300, Loss: -2.7010, Obj: -2.9290, Eq Viol (l1): 0.000093, Ineq Viol (l1): 0.000000, Epoch time: 2.35s
Epoch 267/300, Loss: -2.7099, Obj: -2.9225, Eq Viol (l1): 0.000092, Ineq Viol (l1): 0.000000, Epoch time: 2.34s
Epoch 268/300, Loss: -2.6795, Obj: -2.9034, Eq Viol (l1): 0.000095, Ineq Viol (l1): 0.000000, Epoch time: 2.33s
Epoch 269/300, Loss: -2.6905, Obj: -2.9117, Eq Viol (l1): 0.000096, Ineq Viol (l1): 0.000000, Epoch time: 2.33s
Epoch 270/300, Loss: -2.6528, Obj: -2.9072, Eq Viol (l1): 0.000099, Ineq Viol (l1): 0.000000, Epoch time: 2.34s
Epoch 271/300, Loss: -2.6893, Obj: -2.9139, Eq Viol (l1): 0.000094, Ineq Viol (l1): 0.000000, Epoch time: 2.35s

Running validation at epoch 270...

VALIDATION_EPOCH_270 EVALUATION RESULTS:
==================================================
Obj:     -3.004973e+00
Opt Gap:      -4.299134e+00 ± 1.527726e+00
Eq Vio l1:   1.135131e-04 (max: 1.363334e-03)
Ineq Vio l1: 5.111441e-07 (max: 3.814687e-05)
Sol Dis:   1.404862e+02 ± 8.149694e-01
Merit:             -3.003833e+00 ± 1.843280e-02
Avg Inf Time:  0.0630s
==================================================
Epoch 272/300, Loss: -2.6950, Obj: -2.9148, Eq Viol (l1): 0.000091, Ineq Viol (l1): 0.000000, Epoch time: 2.34s
Epoch 273/300, Loss: -2.7042, Obj: -2.9240, Eq Viol (l1): 0.000098, Ineq Viol (l1): 0.000000, Epoch time: 2.33s
Epoch 274/300, Loss: -2.7117, Obj: -2.9248, Eq Viol (l1): 0.000095, Ineq Viol (l1): 0.000000, Epoch time: 2.33s
Epoch 275/300, Loss: -2.6721, Obj: -2.9038, Eq Viol (l1): 0.000093, Ineq Viol (l1): 0.000000, Epoch time: 2.35s
Epoch 276/300, Loss: -2.6702, Obj: -2.9051, Eq Viol (l1): 0.000094, Ineq Viol (l1): 0.000000, Epoch time: 2.33s
Epoch 277/300, Loss: -2.6742, Obj: -2.9215, Eq Viol (l1): 0.000098, Ineq Viol (l1): 0.000000, Epoch time: 2.35s
Epoch 278/300, Loss: -2.7137, Obj: -2.9262, Eq Viol (l1): 0.000100, Ineq Viol (l1): 0.000000, Epoch time: 2.32s
Epoch 279/300, Loss: -2.6976, Obj: -2.8996, Eq Viol (l1): 0.000097, Ineq Viol (l1): 0.000000, Epoch time: 2.30s
Epoch 280/300, Loss: -2.6937, Obj: -2.9190, Eq Viol (l1): 0.000098, Ineq Viol (l1): 0.000000, Epoch time: 2.33s
Epoch 281/300, Loss: -2.6847, Obj: -2.9255, Eq Viol (l1): 0.000092, Ineq Viol (l1): 0.000000, Epoch time: 2.35s

Running validation at epoch 280...

VALIDATION_EPOCH_280 EVALUATION RESULTS:
==================================================
Obj:     -2.933738e+00
Opt Gap:      -4.224646e+00 ± 1.518121e+00
Eq Vio l1:   8.102738e-05 (max: 8.756509e-04)
Ineq Vio l1: 2.331656e-07 (max: 1.992476e-05)
Sol Dis:   1.406868e+02 ± 7.501930e-01
Merit:             -2.932925e+00 ± 1.587162e-02
Avg Inf Time:  0.0633s
==================================================
Epoch 282/300, Loss: -2.6890, Obj: -2.9168, Eq Viol (l1): 0.000098, Ineq Viol (l1): 0.000000, Epoch time: 2.33s
Epoch 283/300, Loss: -2.6818, Obj: -2.9135, Eq Viol (l1): 0.000097, Ineq Viol (l1): 0.000000, Epoch time: 2.34s
Epoch 284/300, Loss: -2.6569, Obj: -2.9057, Eq Viol (l1): 0.000089, Ineq Viol (l1): 0.000000, Epoch time: 2.37s
Epoch 285/300, Loss: -2.7092, Obj: -2.9245, Eq Viol (l1): 0.000097, Ineq Viol (l1): 0.000000, Epoch time: 2.34s
Epoch 286/300, Loss: -2.6876, Obj: -2.9176, Eq Viol (l1): 0.000093, Ineq Viol (l1): 0.000000, Epoch time: 2.34s
Epoch 287/300, Loss: -2.7051, Obj: -2.9311, Eq Viol (l1): 0.000099, Ineq Viol (l1): 0.000001, Epoch time: 2.33s
Epoch 288/300, Loss: -2.7179, Obj: -2.9223, Eq Viol (l1): 0.000091, Ineq Viol (l1): 0.000000, Epoch time: 2.34s
Epoch 289/300, Loss: -2.7013, Obj: -2.9081, Eq Viol (l1): 0.000090, Ineq Viol (l1): 0.000000, Epoch time: 2.32s
Epoch 290/300, Loss: -2.6762, Obj: -2.9245, Eq Viol (l1): 0.000095, Ineq Viol (l1): 0.000000, Epoch time: 2.35s
Epoch 291/300, Loss: -2.6136, Obj: -2.8702, Eq Viol (l1): 0.000093, Ineq Viol (l1): 0.000000, Epoch time: 2.34s

Running validation at epoch 290...

VALIDATION_EPOCH_290 EVALUATION RESULTS:
==================================================
Obj:     -2.935817e+00
Opt Gap:      -4.147847e+00 ± 1.442882e+00
Eq Vio l1:   8.716820e-05 (max: 9.873000e-04)
Ineq Vio l1: 4.183007e-07 (max: 4.091963e-05)
Sol Dis:   1.405153e+02 ± 7.888013e-01
Merit:             -2.934941e+00 ± 2.081281e-02
Avg Inf Time:  0.0629s
==================================================
Epoch 292/300, Loss: -2.6675, Obj: -2.9203, Eq Viol (l1): 0.000099, Ineq Viol (l1): 0.000000, Epoch time: 2.33s
Epoch 293/300, Loss: -2.6995, Obj: -2.9037, Eq Viol (l1): 0.000088, Ineq Viol (l1): 0.000000, Epoch time: 2.34s
Epoch 294/300, Loss: -2.6927, Obj: -2.9133, Eq Viol (l1): 0.000101, Ineq Viol (l1): 0.000000, Epoch time: 2.31s
Epoch 295/300, Loss: -2.6984, Obj: -2.9196, Eq Viol (l1): 0.000102, Ineq Viol (l1): 0.000001, Epoch time: 2.31s
Epoch 296/300, Loss: -2.7132, Obj: -2.9293, Eq Viol (l1): 0.000095, Ineq Viol (l1): 0.000000, Epoch time: 2.33s
Epoch 297/300, Loss: -2.6968, Obj: -2.9067, Eq Viol (l1): 0.000093, Ineq Viol (l1): 0.000000, Epoch time: 2.32s
Epoch 298/300, Loss: -2.7362, Obj: -2.9373, Eq Viol (l1): 0.000091, Ineq Viol (l1): 0.000000, Epoch time: 2.44s
Epoch 299/300, Loss: -2.7064, Obj: -2.9289, Eq Viol (l1): 0.000094, Ineq Viol (l1): 0.000000, Epoch time: 2.34s
Epoch 300/300, Loss: -2.7210, Obj: -2.9309, Eq Viol (l1): 0.000101, Ineq Viol (l1): 0.000000, Epoch time: 2.32s

Training completed in 726.71 seconds.

============================================================
COMPREHENSIVE TEST EVALUATION WITH DETAILED RESULTS
============================================================
Testing with batch sizes: [256, 512]

Evaluating with batch size: 256 (with detailed results)

TEST_BS256 EVALUATION RESULTS:
==================================================
Obj:     -2.990206e+00
Opt Gap:      -4.278858e+00 ± 2.154349e+00
Eq Vio l1:   1.119928e-04 (max: 8.531997e-04)
Ineq Vio l1: 5.077387e-07 (max: 2.265626e-05)
Sol Dis:   1.413498e+02 ± 1.508868e+00
Merit:             -2.989081e+00 ± 3.434186e-02
Avg Inf Time:  0.0525s
==================================================

Evaluating with batch size: 512 (with detailed results)

TEST_BS512 EVALUATION RESULTS:
==================================================
Obj:     -2.989364e+00
Opt Gap:      -4.234057e+00 ± 1.199892e+00
Eq Vio l1:   1.057905e-04 (max: 1.000573e-03)
Ineq Vio l1: 4.882126e-07 (max: 2.199143e-05)
Sol Dis:   1.413788e+02 ± 1.128286e+00
Merit:             -2.988301e+00 ± 1.907013e-02
Avg Inf Time:  0.0604s
==================================================

TEST BATCH SIZE COMPARISON:
================================================================================
Batch Size   Objective    Opt Gap      Eq Viol      Ineq Viol    Time (s)  
--------------------------------------------------------------------------------
256          -2.9902e+00  -4.2789e+00  1.1199e-04   5.0774e-07   0.42      
512          -2.9894e+00  -4.2341e+00  1.0579e-04   4.8821e-07   0.24      
================================================================================

Saving model and results to: results/nonsmooth_nonconvex/socp/SOCPProblem-100-50-50-10000/20260115-151210_MLP_FSNet_seed2_nepochs300_lr0.0002_trainsize7000_finetune_20260115-145229_sup_seedpen_model_380
✓ Model saved: results/nonsmooth_nonconvex/socp/SOCPProblem-100-50-50-10000/20260115-151210_MLP_FSNet_seed2_nepochs300_lr0.0002_trainsize7000_finetune_20260115-145229_sup_seedpen_model_380/model.pt
✓ Detailed results saved: results/nonsmooth_nonconvex/socp/SOCPProblem-100-50-50-10000/20260115-151210_MLP_FSNet_seed2_nepochs300_lr0.0002_trainsize7000_finetune_20260115-145229_sup_seedpen_model_380/results.pkl

Files saved (or attempted):
  - model.pt (model weights and architecture)
  - results.pkl (training history, metrics, detailed test results)
Training and testing completed in 729.21 seconds
Done!!!

======= Running for problem: nonsmooth_nonconvex/socp =======

Loading problem instance: nonsmooth_nonconvex/socp with size [100, 50, 50, 10000]
Loading  dataset from: datasets/nonsmooth_nonconvex/socp/random2025_socp_dataset_var100_ineq50_eq50_ex10000 

Running on:  cuda
Training model using FSNet method with seed 3 for 300 epochs
Using batch size: 512
Loading model from checkpoint: results/nonsmooth_nonconvex/socp/SOCPProblem-100-50-50-10000/20260115-145229_MLP_sup_pen_seed0_nepochs1000_lr0.0001_trainsize7000_subopt_3_1.5/model_380.pt

lr: 0.0002, weight_decay: 0.001, num_epochs: 300

Epoch 1/300, Loss: 20.9146, Obj: 20.8463, Eq Viol (l1): 0.000065, Ineq Viol (l1): 0.000000, Epoch time: 5.65s

Running validation at epoch 0...

VALIDATION_EPOCH_0 EVALUATION RESULTS:
==================================================
Obj:     2.059989e+01
Opt Gap:      3.679795e+01 ± 1.207865e+01
Eq Vio l1:   3.914195e-05 (max: 2.890791e-03)
Ineq Vio l1: 3.271254e-07 (max: 1.496785e-04)
Sol Dis:   1.947650e+02 ± 3.258292e-01
Merit:             2.060028e+01 ± 3.304836e-02
Avg Inf Time:  0.5936s
==================================================
Epoch 2/300, Loss: 19.6266, Obj: 19.3198, Eq Viol (l1): 0.000060, Ineq Viol (l1): 0.000000, Epoch time: 2.62s
Epoch 3/300, Loss: 18.7689, Obj: 18.3491, Eq Viol (l1): 0.000062, Ineq Viol (l1): 0.000000, Epoch time: 2.49s
Epoch 4/300, Loss: 17.6968, Obj: 17.3685, Eq Viol (l1): 0.000067, Ineq Viol (l1): 0.000000, Epoch time: 2.45s
Epoch 5/300, Loss: 16.3677, Obj: 16.0545, Eq Viol (l1): 0.000070, Ineq Viol (l1): 0.000000, Epoch time: 2.45s
Epoch 6/300, Loss: 14.8193, Obj: 14.4918, Eq Viol (l1): 0.000078, Ineq Viol (l1): 0.000001, Epoch time: 2.49s
Epoch 7/300, Loss: 13.2277, Obj: 12.7844, Eq Viol (l1): 0.000083, Ineq Viol (l1): 0.000000, Epoch time: 2.55s
Epoch 8/300, Loss: 10.9271, Obj: 10.4492, Eq Viol (l1): 0.000071, Ineq Viol (l1): 0.000000, Epoch time: 2.54s
Epoch 9/300, Loss: 8.2235, Obj: 7.6331, Eq Viol (l1): 0.000075, Ineq Viol (l1): 0.000000, Epoch time: 2.51s
Epoch 10/300, Loss: 7.4003, Obj: 6.7045, Eq Viol (l1): 0.000084, Ineq Viol (l1): 0.000000, Epoch time: 2.52s
Epoch 11/300, Loss: 7.0316, Obj: 6.5058, Eq Viol (l1): 0.000086, Ineq Viol (l1): 0.000000, Epoch time: 2.45s

Running validation at epoch 10...

VALIDATION_EPOCH_10 EVALUATION RESULTS:
==================================================
Obj:     6.308606e+00
Opt Gap:      1.160186e+01 ± 3.364964e+00
Eq Vio l1:   8.508990e-05 (max: 1.369889e-03)
Ineq Vio l1: 3.841830e-07 (max: 3.938937e-05)
Sol Dis:   1.611132e+02 ± 5.460676e-01
Merit:             6.309461e+00 ± 2.792901e-02
Avg Inf Time:  0.0648s
==================================================
Epoch 12/300, Loss: 7.1579, Obj: 6.5126, Eq Viol (l1): 0.000081, Ineq Viol (l1): 0.000000, Epoch time: 2.45s
Epoch 13/300, Loss: 6.8976, Obj: 6.3182, Eq Viol (l1): 0.000087, Ineq Viol (l1): 0.000000, Epoch time: 2.45s
Epoch 14/300, Loss: 6.6244, Obj: 6.2084, Eq Viol (l1): 0.000084, Ineq Viol (l1): 0.000000, Epoch time: 2.46s
Epoch 15/300, Loss: 6.6034, Obj: 6.0713, Eq Viol (l1): 0.000083, Ineq Viol (l1): 0.000000, Epoch time: 2.51s
Epoch 16/300, Loss: 6.6607, Obj: 6.1711, Eq Viol (l1): 0.000088, Ineq Viol (l1): 0.000000, Epoch time: 2.45s
Epoch 17/300, Loss: 6.4512, Obj: 5.9667, Eq Viol (l1): 0.000082, Ineq Viol (l1): 0.000000, Epoch time: 2.51s
Epoch 18/300, Loss: 6.3571, Obj: 5.9496, Eq Viol (l1): 0.000087, Ineq Viol (l1): 0.000000, Epoch time: 2.51s
Epoch 19/300, Loss: 6.2623, Obj: 5.8086, Eq Viol (l1): 0.000080, Ineq Viol (l1): 0.000000, Epoch time: 2.55s
Epoch 20/300, Loss: 6.1484, Obj: 5.6801, Eq Viol (l1): 0.000086, Ineq Viol (l1): 0.000000, Epoch time: 2.54s
Epoch 21/300, Loss: 5.8104, Obj: 5.3874, Eq Viol (l1): 0.000084, Ineq Viol (l1): 0.000000, Epoch time: 2.52s

Running validation at epoch 20...

VALIDATION_EPOCH_20 EVALUATION RESULTS:
==================================================
Obj:     5.104770e+00
Opt Gap:      9.278901e+00 ± 2.515136e+00
Eq Vio l1:   9.881213e-05 (max: 9.049704e-04)
Ineq Vio l1: 3.075572e-07 (max: 1.647931e-05)
Sol Dis:   1.581670e+02 ± 3.397914e-02
Merit:             5.105761e+00 ± 2.093403e-02
Avg Inf Time:  0.0673s
==================================================
Epoch 22/300, Loss: 5.4559, Obj: 5.0366, Eq Viol (l1): 0.000085, Ineq Viol (l1): 0.000000, Epoch time: 2.50s
Epoch 23/300, Loss: 5.2544, Obj: 4.8054, Eq Viol (l1): 0.000083, Ineq Viol (l1): 0.000000, Epoch time: 2.47s
Epoch 24/300, Loss: 5.0351, Obj: 4.6268, Eq Viol (l1): 0.000083, Ineq Viol (l1): 0.000000, Epoch time: 2.47s
Epoch 25/300, Loss: 4.9510, Obj: 4.4974, Eq Viol (l1): 0.000082, Ineq Viol (l1): 0.000000, Epoch time: 2.50s
Epoch 26/300, Loss: 5.0945, Obj: 4.5357, Eq Viol (l1): 0.000087, Ineq Viol (l1): 0.000000, Epoch time: 2.48s
Epoch 27/300, Loss: 4.8369, Obj: 4.3746, Eq Viol (l1): 0.000087, Ineq Viol (l1): 0.000000, Epoch time: 2.48s
Epoch 28/300, Loss: 4.7454, Obj: 4.2912, Eq Viol (l1): 0.000092, Ineq Viol (l1): 0.000000, Epoch time: 2.49s
Epoch 29/300, Loss: 4.6865, Obj: 4.2074, Eq Viol (l1): 0.000077, Ineq Viol (l1): 0.000000, Epoch time: 2.54s
Epoch 30/300, Loss: 4.6087, Obj: 4.1231, Eq Viol (l1): 0.000078, Ineq Viol (l1): 0.000001, Epoch time: 2.58s
Epoch 31/300, Loss: 4.3843, Obj: 3.8839, Eq Viol (l1): 0.000073, Ineq Viol (l1): 0.000001, Epoch time: 2.63s

Running validation at epoch 30...

VALIDATION_EPOCH_30 EVALUATION RESULTS:
==================================================
Obj:     3.744933e+00
Opt Gap:      7.030130e+00 ± 1.943357e+00
Eq Vio l1:   6.037171e-05 (max: 1.924027e-03)
Ineq Vio l1: 7.871193e-07 (max: 8.013178e-05)
Sol Dis:   1.462024e+02 ± 2.137997e-01
Merit:             3.745545e+00 ± 2.367344e-03
Avg Inf Time:  0.0747s
==================================================
Epoch 32/300, Loss: 4.5127, Obj: 3.6574, Eq Viol (l1): 0.000051, Ineq Viol (l1): 0.000001, Epoch time: 2.72s
Epoch 33/300, Loss: 3.7319, Obj: 2.9263, Eq Viol (l1): 0.000043, Ineq Viol (l1): 0.000000, Epoch time: 2.85s
Epoch 34/300, Loss: 3.0060, Obj: 2.1527, Eq Viol (l1): 0.000060, Ineq Viol (l1): 0.000000, Epoch time: 2.68s
Epoch 35/300, Loss: 2.3928, Obj: 1.6268, Eq Viol (l1): 0.000068, Ineq Viol (l1): 0.000001, Epoch time: 2.63s
Epoch 36/300, Loss: 1.7658, Obj: 1.0839, Eq Viol (l1): 0.000076, Ineq Viol (l1): 0.000001, Epoch time: 2.54s
Epoch 37/300, Loss: 1.2725, Obj: 0.7396, Eq Viol (l1): 0.000089, Ineq Viol (l1): 0.000000, Epoch time: 2.42s
Epoch 38/300, Loss: 1.2638, Obj: 0.7354, Eq Viol (l1): 0.000093, Ineq Viol (l1): 0.000000, Epoch time: 2.38s
Epoch 39/300, Loss: 1.0866, Obj: 0.5646, Eq Viol (l1): 0.000091, Ineq Viol (l1): 0.000000, Epoch time: 2.43s
Epoch 40/300, Loss: 1.0404, Obj: 0.5592, Eq Viol (l1): 0.000090, Ineq Viol (l1): 0.000001, Epoch time: 2.41s
Epoch 41/300, Loss: 0.9631, Obj: 0.4950, Eq Viol (l1): 0.000084, Ineq Viol (l1): 0.000000, Epoch time: 2.46s

Running validation at epoch 40...

VALIDATION_EPOCH_40 EVALUATION RESULTS:
==================================================
Obj:     2.720920e-01
Opt Gap:      1.153887e+00 ± 3.754865e-02
Eq Vio l1:   1.007828e-04 (max: 8.601767e-04)
Ineq Vio l1: 6.004098e-07 (max: 3.284204e-05)
Sol Dis:   1.299437e+02 ± 5.204432e-01
Merit:             2.731059e-01 ± 6.222441e-03
Avg Inf Time:  0.0674s
==================================================
Epoch 42/300, Loss: 0.8490, Obj: 0.3919, Eq Viol (l1): 0.000083, Ineq Viol (l1): 0.000000, Epoch time: 2.48s
Epoch 43/300, Loss: 0.7643, Obj: 0.3031, Eq Viol (l1): 0.000084, Ineq Viol (l1): 0.000000, Epoch time: 2.49s
Epoch 44/300, Loss: 0.7353, Obj: 0.2410, Eq Viol (l1): 0.000078, Ineq Viol (l1): 0.000001, Epoch time: 2.53s
Epoch 45/300, Loss: 0.7075, Obj: 0.2189, Eq Viol (l1): 0.000078, Ineq Viol (l1): 0.000000, Epoch time: 2.50s
Epoch 46/300, Loss: 0.6367, Obj: 0.1076, Eq Viol (l1): 0.000077, Ineq Viol (l1): 0.000001, Epoch time: 2.55s
Epoch 47/300, Loss: 0.5292, Obj: 0.0558, Eq Viol (l1): 0.000079, Ineq Viol (l1): 0.000001, Epoch time: 2.55s
Epoch 48/300, Loss: 0.5102, Obj: 0.0643, Eq Viol (l1): 0.000073, Ineq Viol (l1): 0.000001, Epoch time: 2.56s
Epoch 49/300, Loss: 0.4213, Obj: -0.0336, Eq Viol (l1): 0.000079, Ineq Viol (l1): 0.000001, Epoch time: 2.56s
Epoch 50/300, Loss: 0.5650, Obj: -0.0350, Eq Viol (l1): 0.000082, Ineq Viol (l1): 0.000001, Epoch time: 2.55s
Epoch 51/300, Loss: 0.4679, Obj: -0.0801, Eq Viol (l1): 0.000075, Ineq Viol (l1): 0.000000, Epoch time: 2.57s

Running validation at epoch 50...

VALIDATION_EPOCH_50 EVALUATION RESULTS:
==================================================
Obj:     -4.302455e-03
Opt Gap:      7.085679e-01 ± 1.718051e-01
Eq Vio l1:   6.433086e-05 (max: 1.409606e-03)
Ineq Vio l1: 3.678257e-07 (max: 4.056714e-05)
Sol Dis:   1.219430e+02 ± 4.952476e-01
Merit:             -3.655468e-03 ± 1.404888e-02
Avg Inf Time:  0.0656s
==================================================
Epoch 52/300, Loss: 0.2601, Obj: -0.2122, Eq Viol (l1): 0.000073, Ineq Viol (l1): 0.000001, Epoch time: 2.58s
Epoch 53/300, Loss: 0.2082, Obj: -0.2454, Eq Viol (l1): 0.000071, Ineq Viol (l1): 0.000001, Epoch time: 2.58s
Epoch 54/300, Loss: 0.2203, Obj: -0.2992, Eq Viol (l1): 0.000077, Ineq Viol (l1): 0.000001, Epoch time: 2.57s
Epoch 55/300, Loss: 0.0931, Obj: -0.3783, Eq Viol (l1): 0.000068, Ineq Viol (l1): 0.000000, Epoch time: 2.59s
Epoch 56/300, Loss: 0.0666, Obj: -0.4472, Eq Viol (l1): 0.000074, Ineq Viol (l1): 0.000000, Epoch time: 2.57s
Epoch 57/300, Loss: -0.0598, Obj: -0.6020, Eq Viol (l1): 0.000076, Ineq Viol (l1): 0.000000, Epoch time: 2.58s
Epoch 58/300, Loss: -0.0831, Obj: -0.6454, Eq Viol (l1): 0.000081, Ineq Viol (l1): 0.000000, Epoch time: 2.56s
Epoch 59/300, Loss: -0.2018, Obj: -0.7255, Eq Viol (l1): 0.000080, Ineq Viol (l1): 0.000000, Epoch time: 2.54s
Epoch 60/300, Loss: -0.3541, Obj: -0.7881, Eq Viol (l1): 0.000081, Ineq Viol (l1): 0.000000, Epoch time: 2.52s
Epoch 61/300, Loss: -0.3281, Obj: -0.8172, Eq Viol (l1): 0.000085, Ineq Viol (l1): 0.000000, Epoch time: 2.52s

Running validation at epoch 60...

VALIDATION_EPOCH_60 EVALUATION RESULTS:
==================================================
Obj:     -8.245282e-01
Opt Gap:      -6.011556e-01 ± 5.726873e-01
Eq Vio l1:   5.613581e-05 (max: 1.919892e-03)
Ineq Vio l1: 3.788434e-07 (max: 1.108149e-04)
Sol Dis:   1.191139e+02 ± 1.058055e-01
Merit:             -8.239631e-01 ± 8.614642e-04
Avg Inf Time:  0.0672s
==================================================
Epoch 62/300, Loss: -0.3600, Obj: -0.8599, Eq Viol (l1): 0.000079, Ineq Viol (l1): 0.000000, Epoch time: 2.55s
Epoch 63/300, Loss: -0.5489, Obj: -0.9293, Eq Viol (l1): 0.000080, Ineq Viol (l1): 0.000000, Epoch time: 2.54s
Epoch 64/300, Loss: -0.5765, Obj: -0.9648, Eq Viol (l1): 0.000079, Ineq Viol (l1): 0.000000, Epoch time: 2.54s
Epoch 65/300, Loss: -0.5828, Obj: -0.9572, Eq Viol (l1): 0.000084, Ineq Viol (l1): 0.000000, Epoch time: 2.52s
Epoch 66/300, Loss: -0.6660, Obj: -1.0329, Eq Viol (l1): 0.000082, Ineq Viol (l1): 0.000000, Epoch time: 2.52s
Epoch 67/300, Loss: -0.6474, Obj: -1.0693, Eq Viol (l1): 0.000079, Ineq Viol (l1): 0.000000, Epoch time: 2.66s
Epoch 68/300, Loss: -0.7814, Obj: -1.1787, Eq Viol (l1): 0.000079, Ineq Viol (l1): 0.000000, Epoch time: 2.55s
Epoch 69/300, Loss: -1.0028, Obj: -1.4267, Eq Viol (l1): 0.000085, Ineq Viol (l1): 0.000000, Epoch time: 2.53s
Epoch 70/300, Loss: -1.2731, Obj: -1.6894, Eq Viol (l1): 0.000078, Ineq Viol (l1): 0.000000, Epoch time: 2.53s
Epoch 71/300, Loss: -1.4570, Obj: -1.8568, Eq Viol (l1): 0.000087, Ineq Viol (l1): 0.000000, Epoch time: 2.50s

Running validation at epoch 70...

VALIDATION_EPOCH_70 EVALUATION RESULTS:
==================================================
Obj:     -2.071919e+00
Opt Gap:      -2.756694e+00 ± 1.078382e+00
Eq Vio l1:   8.931371e-05 (max: 1.182091e-03)
Ineq Vio l1: 3.041659e-07 (max: 2.155966e-05)
Sol Dis:   1.342194e+02 ± 2.028971e-01
Merit:             -2.071023e+00 ± 7.328492e-03
Avg Inf Time:  0.0659s
==================================================
Epoch 72/300, Loss: -1.5897, Obj: -2.0659, Eq Viol (l1): 0.000098, Ineq Viol (l1): 0.000000, Epoch time: 2.45s
Epoch 73/300, Loss: -1.9354, Obj: -2.3947, Eq Viol (l1): 0.000087, Ineq Viol (l1): 0.000000, Epoch time: 2.46s
Epoch 74/300, Loss: -2.1450, Obj: -2.5709, Eq Viol (l1): 0.000084, Ineq Viol (l1): 0.000000, Epoch time: 2.46s
Epoch 75/300, Loss: -2.2071, Obj: -2.6217, Eq Viol (l1): 0.000088, Ineq Viol (l1): 0.000000, Epoch time: 2.43s
Epoch 76/300, Loss: -2.2556, Obj: -2.6437, Eq Viol (l1): 0.000081, Ineq Viol (l1): 0.000000, Epoch time: 2.45s
Epoch 77/300, Loss: -2.3217, Obj: -2.6934, Eq Viol (l1): 0.000092, Ineq Viol (l1): 0.000000, Epoch time: 2.41s
Epoch 78/300, Loss: -2.3640, Obj: -2.7249, Eq Viol (l1): 0.000095, Ineq Viol (l1): 0.000000, Epoch time: 2.40s
Epoch 79/300, Loss: -2.3512, Obj: -2.6998, Eq Viol (l1): 0.000090, Ineq Viol (l1): 0.000000, Epoch time: 2.39s
Epoch 80/300, Loss: -2.3729, Obj: -2.7330, Eq Viol (l1): 0.000099, Ineq Viol (l1): 0.000000, Epoch time: 2.38s
Epoch 81/300, Loss: -2.3791, Obj: -2.7357, Eq Viol (l1): 0.000086, Ineq Viol (l1): 0.000000, Epoch time: 2.42s

Running validation at epoch 80...

VALIDATION_EPOCH_80 EVALUATION RESULTS:
==================================================
Obj:     -2.943194e+00
Opt Gap:      -4.196096e+00 ± 1.497802e+00
Eq Vio l1:   1.011738e-04 (max: 1.325397e-03)
Ineq Vio l1: 3.536369e-07 (max: 2.363652e-05)
Sol Dis:   1.387042e+02 ± 6.492172e-01
Merit:             -2.942179e+00 ± 1.967073e-02
Avg Inf Time:  0.0678s
==================================================
Epoch 82/300, Loss: -2.3915, Obj: -2.7405, Eq Viol (l1): 0.000090, Ineq Viol (l1): 0.000000, Epoch time: 2.40s
Epoch 83/300, Loss: -2.4053, Obj: -2.7597, Eq Viol (l1): 0.000088, Ineq Viol (l1): 0.000000, Epoch time: 2.40s
Epoch 84/300, Loss: -2.4123, Obj: -2.7549, Eq Viol (l1): 0.000093, Ineq Viol (l1): 0.000000, Epoch time: 2.39s
Epoch 85/300, Loss: -2.4327, Obj: -2.7492, Eq Viol (l1): 0.000089, Ineq Viol (l1): 0.000000, Epoch time: 2.39s
Epoch 86/300, Loss: -2.4965, Obj: -2.8076, Eq Viol (l1): 0.000092, Ineq Viol (l1): 0.000000, Epoch time: 2.40s
Epoch 87/300, Loss: -2.4091, Obj: -2.7347, Eq Viol (l1): 0.000088, Ineq Viol (l1): 0.000000, Epoch time: 2.38s
Epoch 88/300, Loss: -2.3750, Obj: -2.7362, Eq Viol (l1): 0.000095, Ineq Viol (l1): 0.000000, Epoch time: 2.40s
Epoch 89/300, Loss: -2.4440, Obj: -2.7879, Eq Viol (l1): 0.000086, Ineq Viol (l1): 0.000000, Epoch time: 2.41s
Epoch 90/300, Loss: -2.4514, Obj: -2.7821, Eq Viol (l1): 0.000084, Ineq Viol (l1): 0.000000, Epoch time: 2.42s
Epoch 91/300, Loss: -2.4673, Obj: -2.7748, Eq Viol (l1): 0.000088, Ineq Viol (l1): 0.000000, Epoch time: 2.39s

Running validation at epoch 90...

VALIDATION_EPOCH_90 EVALUATION RESULTS:
==================================================
Obj:     -2.975754e+00
Opt Gap:      -4.252161e+00 ± 1.513162e+00
Eq Vio l1:   1.005055e-04 (max: 1.066233e-03)
Ineq Vio l1: 2.865521e-07 (max: 2.699950e-05)
Sol Dis:   1.392679e+02 ± 7.469554e-01
Merit:             -2.974746e+00 ± 1.612734e-02
Avg Inf Time:  0.0659s
==================================================
Epoch 92/300, Loss: -2.3918, Obj: -2.7613, Eq Viol (l1): 0.000086, Ineq Viol (l1): 0.000000, Epoch time: 2.43s
Epoch 93/300, Loss: -2.4512, Obj: -2.7758, Eq Viol (l1): 0.000092, Ineq Viol (l1): 0.000000, Epoch time: 2.39s
Epoch 94/300, Loss: -2.5029, Obj: -2.8120, Eq Viol (l1): 0.000093, Ineq Viol (l1): 0.000000, Epoch time: 2.39s
Epoch 95/300, Loss: -2.5105, Obj: -2.8117, Eq Viol (l1): 0.000092, Ineq Viol (l1): 0.000000, Epoch time: 2.38s
Epoch 96/300, Loss: -2.5343, Obj: -2.8295, Eq Viol (l1): 0.000085, Ineq Viol (l1): 0.000000, Epoch time: 2.41s
Epoch 97/300, Loss: -2.5004, Obj: -2.8144, Eq Viol (l1): 0.000090, Ineq Viol (l1): 0.000000, Epoch time: 2.39s
Epoch 98/300, Loss: -2.4238, Obj: -2.7693, Eq Viol (l1): 0.000088, Ineq Viol (l1): 0.000000, Epoch time: 2.39s
Epoch 99/300, Loss: -2.5046, Obj: -2.8063, Eq Viol (l1): 0.000087, Ineq Viol (l1): 0.000000, Epoch time: 2.49s
Epoch 100/300, Loss: -2.4648, Obj: -2.7847, Eq Viol (l1): 0.000087, Ineq Viol (l1): 0.000000, Epoch time: 2.39s
Epoch 101/300, Loss: -2.5227, Obj: -2.8219, Eq Viol (l1): 0.000086, Ineq Viol (l1): 0.000000, Epoch time: 2.41s

Running validation at epoch 100...

VALIDATION_EPOCH_100 EVALUATION RESULTS:
==================================================
Obj:     -2.970828e+00
Opt Gap:      -4.250060e+00 ± 1.512825e+00
Eq Vio l1:   1.145798e-04 (max: 9.718873e-04)
Ineq Vio l1: 5.296523e-07 (max: 4.288928e-05)
Sol Dis:   1.397361e+02 ± 6.948003e-01
Merit:             -2.969677e+00 ± 1.844096e-02
Avg Inf Time:  0.0657s
==================================================
Epoch 102/300, Loss: -2.4944, Obj: -2.7999, Eq Viol (l1): 0.000091, Ineq Viol (l1): 0.000000, Epoch time: 2.39s
Epoch 103/300, Loss: -2.4611, Obj: -2.7949, Eq Viol (l1): 0.000096, Ineq Viol (l1): 0.000000, Epoch time: 2.37s
Epoch 104/300, Loss: -2.5402, Obj: -2.8312, Eq Viol (l1): 0.000089, Ineq Viol (l1): 0.000000, Epoch time: 2.40s
Epoch 105/300, Loss: -2.5451, Obj: -2.8405, Eq Viol (l1): 0.000089, Ineq Viol (l1): 0.000000, Epoch time: 2.39s
Epoch 106/300, Loss: -2.5558, Obj: -2.8425, Eq Viol (l1): 0.000089, Ineq Viol (l1): 0.000000, Epoch time: 2.38s
Epoch 107/300, Loss: -2.5604, Obj: -2.8507, Eq Viol (l1): 0.000091, Ineq Viol (l1): 0.000000, Epoch time: 2.39s
Epoch 108/300, Loss: -2.5580, Obj: -2.8447, Eq Viol (l1): 0.000092, Ineq Viol (l1): 0.000000, Epoch time: 2.37s
Epoch 109/300, Loss: -2.5541, Obj: -2.8310, Eq Viol (l1): 0.000091, Ineq Viol (l1): 0.000000, Epoch time: 2.38s
Epoch 110/300, Loss: -2.5309, Obj: -2.8244, Eq Viol (l1): 0.000096, Ineq Viol (l1): 0.000000, Epoch time: 2.37s
Epoch 111/300, Loss: -2.5547, Obj: -2.8410, Eq Viol (l1): 0.000090, Ineq Viol (l1): 0.000000, Epoch time: 2.40s

Running validation at epoch 110...

VALIDATION_EPOCH_110 EVALUATION RESULTS:
==================================================
Obj:     -2.952743e+00
Opt Gap:      -4.213099e+00 ± 1.516837e+00
Eq Vio l1:   8.872906e-05 (max: 1.389152e-03)
Ineq Vio l1: 3.067921e-07 (max: 1.869915e-05)
Sol Dis:   1.400280e+02 ± 7.612205e-01
Merit:             -2.951853e+00 ± 1.912787e-02
Avg Inf Time:  0.0636s
==================================================
Epoch 112/300, Loss: -2.5662, Obj: -2.8454, Eq Viol (l1): 0.000090, Ineq Viol (l1): 0.000000, Epoch time: 2.39s
Epoch 113/300, Loss: -2.5437, Obj: -2.8328, Eq Viol (l1): 0.000096, Ineq Viol (l1): 0.000000, Epoch time: 2.35s
Epoch 114/300, Loss: -2.5720, Obj: -2.8517, Eq Viol (l1): 0.000093, Ineq Viol (l1): 0.000000, Epoch time: 2.37s
Epoch 115/300, Loss: -2.5639, Obj: -2.8418, Eq Viol (l1): 0.000087, Ineq Viol (l1): 0.000000, Epoch time: 2.40s
Epoch 116/300, Loss: -2.5946, Obj: -2.8706, Eq Viol (l1): 0.000094, Ineq Viol (l1): 0.000000, Epoch time: 2.39s
Epoch 117/300, Loss: -2.6025, Obj: -2.8514, Eq Viol (l1): 0.000087, Ineq Viol (l1): 0.000000, Epoch time: 2.38s
Epoch 118/300, Loss: -2.5446, Obj: -2.8502, Eq Viol (l1): 0.000094, Ineq Viol (l1): 0.000000, Epoch time: 2.38s
Epoch 119/300, Loss: -2.5449, Obj: -2.8337, Eq Viol (l1): 0.000094, Ineq Viol (l1): 0.000000, Epoch time: 2.36s
Epoch 120/300, Loss: -2.5300, Obj: -2.8410, Eq Viol (l1): 0.000090, Ineq Viol (l1): 0.000000, Epoch time: 2.39s
Epoch 121/300, Loss: -2.5742, Obj: -2.8513, Eq Viol (l1): 0.000096, Ineq Viol (l1): 0.000000, Epoch time: 2.37s

Running validation at epoch 120...

VALIDATION_EPOCH_120 EVALUATION RESULTS:
==================================================
Obj:     -2.961358e+00
Opt Gap:      -4.240561e+00 ± 1.510030e+00
Eq Vio l1:   1.038359e-04 (max: 1.409957e-03)
Ineq Vio l1: 4.353124e-07 (max: 2.210609e-05)
Sol Dis:   1.401178e+02 ± 7.338377e-01
Merit:             -2.960315e+00 ± 1.740402e-02
Avg Inf Time:  0.0631s
==================================================
Epoch 122/300, Loss: -2.5941, Obj: -2.8636, Eq Viol (l1): 0.000093, Ineq Viol (l1): 0.000000, Epoch time: 2.37s
Epoch 123/300, Loss: -2.6079, Obj: -2.8624, Eq Viol (l1): 0.000096, Ineq Viol (l1): 0.000000, Epoch time: 2.36s
Epoch 124/300, Loss: -2.4980, Obj: -2.7900, Eq Viol (l1): 0.000089, Ineq Viol (l1): 0.000000, Epoch time: 2.38s
Epoch 125/300, Loss: -2.5341, Obj: -2.8431, Eq Viol (l1): 0.000086, Ineq Viol (l1): 0.000000, Epoch time: 2.41s
Epoch 126/300, Loss: -2.5422, Obj: -2.8322, Eq Viol (l1): 0.000098, Ineq Viol (l1): 0.000000, Epoch time: 2.35s
Epoch 127/300, Loss: -2.5296, Obj: -2.8284, Eq Viol (l1): 0.000090, Ineq Viol (l1): 0.000000, Epoch time: 2.39s
Epoch 128/300, Loss: -2.5265, Obj: -2.8435, Eq Viol (l1): 0.000097, Ineq Viol (l1): 0.000000, Epoch time: 2.38s
Epoch 129/300, Loss: -2.4733, Obj: -2.8121, Eq Viol (l1): 0.000093, Ineq Viol (l1): 0.000000, Epoch time: 2.36s
Epoch 130/300, Loss: -2.4249, Obj: -2.7683, Eq Viol (l1): 0.000099, Ineq Viol (l1): 0.000000, Epoch time: 2.35s
Epoch 131/300, Loss: -2.5722, Obj: -2.8444, Eq Viol (l1): 0.000098, Ineq Viol (l1): 0.000000, Epoch time: 2.36s

Running validation at epoch 130...

VALIDATION_EPOCH_130 EVALUATION RESULTS:
==================================================
Obj:     -2.983911e+00
Opt Gap:      -4.274932e+00 ± 1.524721e+00
Eq Vio l1:   1.056752e-04 (max: 1.037386e-03)
Ineq Vio l1: 4.516727e-07 (max: 2.074243e-05)
Sol Dis:   1.397233e+02 ± 7.826858e-01
Merit:             -2.982850e+00 ± 2.109791e-02
Avg Inf Time:  0.0632s
==================================================
Epoch 132/300, Loss: -2.6161, Obj: -2.8653, Eq Viol (l1): 0.000091, Ineq Viol (l1): 0.000000, Epoch time: 2.48s
Epoch 133/300, Loss: -2.5894, Obj: -2.8554, Eq Viol (l1): 0.000089, Ineq Viol (l1): 0.000000, Epoch time: 2.38s
Epoch 134/300, Loss: -2.5850, Obj: -2.8529, Eq Viol (l1): 0.000091, Ineq Viol (l1): 0.000000, Epoch time: 2.37s
Epoch 135/300, Loss: -2.5518, Obj: -2.8311, Eq Viol (l1): 0.000092, Ineq Viol (l1): 0.000000, Epoch time: 2.37s
Epoch 136/300, Loss: -2.5859, Obj: -2.8632, Eq Viol (l1): 0.000089, Ineq Viol (l1): 0.000000, Epoch time: 2.39s
Epoch 137/300, Loss: -2.6084, Obj: -2.8715, Eq Viol (l1): 0.000090, Ineq Viol (l1): 0.000000, Epoch time: 2.38s
Epoch 138/300, Loss: -2.5786, Obj: -2.8502, Eq Viol (l1): 0.000091, Ineq Viol (l1): 0.000000, Epoch time: 2.37s
Epoch 139/300, Loss: -2.5778, Obj: -2.8542, Eq Viol (l1): 0.000091, Ineq Viol (l1): 0.000000, Epoch time: 2.38s
Epoch 140/300, Loss: -2.5679, Obj: -2.8449, Eq Viol (l1): 0.000095, Ineq Viol (l1): 0.000000, Epoch time: 2.37s
Epoch 141/300, Loss: -2.6298, Obj: -2.8715, Eq Viol (l1): 0.000090, Ineq Viol (l1): 0.000000, Epoch time: 2.36s

Running validation at epoch 140...

VALIDATION_EPOCH_140 EVALUATION RESULTS:
==================================================
Obj:     -2.971147e+00
Opt Gap:      -4.248197e+00 ± 1.521022e+00
Eq Vio l1:   1.074171e-04 (max: 1.110300e-03)
Ineq Vio l1: 5.642740e-07 (max: 2.137501e-05)
Sol Dis:   1.405880e+02 ± 7.613454e-01
Merit:             -2.970067e+00 ± 1.799980e-02
Avg Inf Time:  0.0633s
==================================================
Epoch 142/300, Loss: -2.6011, Obj: -2.8691, Eq Viol (l1): 0.000095, Ineq Viol (l1): 0.000000, Epoch time: 2.35s
Epoch 143/300, Loss: -2.6015, Obj: -2.8699, Eq Viol (l1): 0.000094, Ineq Viol (l1): 0.000000, Epoch time: 2.36s
Epoch 144/300, Loss: -2.6293, Obj: -2.8767, Eq Viol (l1): 0.000093, Ineq Viol (l1): 0.000000, Epoch time: 2.37s
Epoch 145/300, Loss: -2.6220, Obj: -2.8698, Eq Viol (l1): 0.000097, Ineq Viol (l1): 0.000000, Epoch time: 2.35s
Epoch 146/300, Loss: -2.6090, Obj: -2.8709, Eq Viol (l1): 0.000095, Ineq Viol (l1): 0.000000, Epoch time: 2.35s
Epoch 147/300, Loss: -2.6251, Obj: -2.8785, Eq Viol (l1): 0.000088, Ineq Viol (l1): 0.000000, Epoch time: 2.38s
Epoch 148/300, Loss: -2.6297, Obj: -2.8787, Eq Viol (l1): 0.000094, Ineq Viol (l1): 0.000000, Epoch time: 2.36s
Epoch 149/300, Loss: -2.6281, Obj: -2.8754, Eq Viol (l1): 0.000088, Ineq Viol (l1): 0.000000, Epoch time: 2.38s
Epoch 150/300, Loss: -2.6088, Obj: -2.8685, Eq Viol (l1): 0.000093, Ineq Viol (l1): 0.000000, Epoch time: 2.37s
Epoch 151/300, Loss: -2.6066, Obj: -2.8819, Eq Viol (l1): 0.000091, Ineq Viol (l1): 0.000000, Epoch time: 2.37s

Running validation at epoch 150...

VALIDATION_EPOCH_150 EVALUATION RESULTS:
==================================================
Obj:     -2.980019e+00
Opt Gap:      -4.257954e+00 ± 1.516403e+00
Eq Vio l1:   1.062780e-04 (max: 1.051454e-03)
Ineq Vio l1: 4.326227e-07 (max: 3.671644e-05)
Sol Dis:   1.401808e+02 ± 7.963883e-01
Merit:             -2.978952e+00 ± 1.987111e-02
Avg Inf Time:  0.0639s
==================================================
Epoch 152/300, Loss: -2.6217, Obj: -2.8740, Eq Viol (l1): 0.000091, Ineq Viol (l1): 0.000000, Epoch time: 2.37s
Epoch 153/300, Loss: -2.6279, Obj: -2.8820, Eq Viol (l1): 0.000089, Ineq Viol (l1): 0.000000, Epoch time: 2.38s
Epoch 154/300, Loss: -2.6350, Obj: -2.8821, Eq Viol (l1): 0.000084, Ineq Viol (l1): 0.000000, Epoch time: 2.40s
Epoch 155/300, Loss: -2.6196, Obj: -2.8651, Eq Viol (l1): 0.000084, Ineq Viol (l1): 0.000000, Epoch time: 2.39s
Epoch 156/300, Loss: -2.6328, Obj: -2.8804, Eq Viol (l1): 0.000089, Ineq Viol (l1): 0.000000, Epoch time: 2.38s
Epoch 157/300, Loss: -2.6247, Obj: -2.8749, Eq Viol (l1): 0.000092, Ineq Viol (l1): 0.000000, Epoch time: 2.37s
Epoch 158/300, Loss: -2.6281, Obj: -2.8821, Eq Viol (l1): 0.000100, Ineq Viol (l1): 0.000000, Epoch time: 2.34s
Epoch 159/300, Loss: -2.6250, Obj: -2.8870, Eq Viol (l1): 0.000094, Ineq Viol (l1): 0.000000, Epoch time: 2.37s
Epoch 160/300, Loss: -2.6280, Obj: -2.8866, Eq Viol (l1): 0.000092, Ineq Viol (l1): 0.000000, Epoch time: 2.37s
Epoch 161/300, Loss: -2.5307, Obj: -2.8127, Eq Viol (l1): 0.000087, Ineq Viol (l1): 0.000000, Epoch time: 2.38s

Running validation at epoch 160...

VALIDATION_EPOCH_160 EVALUATION RESULTS:
==================================================
Obj:     -2.972664e+00
Opt Gap:      -4.249197e+00 ± 1.527756e+00
Eq Vio l1:   9.698450e-05 (max: 1.276416e-03)
Ineq Vio l1: 5.253964e-07 (max: 4.988511e-05)
Sol Dis:   1.406078e+02 ± 7.585520e-01
Merit:             -2.971689e+00 ± 2.274864e-02
Avg Inf Time:  0.0643s
==================================================
Epoch 162/300, Loss: -2.6337, Obj: -2.8812, Eq Viol (l1): 0.000095, Ineq Viol (l1): 0.000000, Epoch time: 2.36s
Epoch 163/300, Loss: -2.5976, Obj: -2.8590, Eq Viol (l1): 0.000087, Ineq Viol (l1): 0.000000, Epoch time: 2.38s
Epoch 164/300, Loss: -2.6257, Obj: -2.8801, Eq Viol (l1): 0.000093, Ineq Viol (l1): 0.000000, Epoch time: 2.36s
Epoch 165/300, Loss: -2.6037, Obj: -2.8672, Eq Viol (l1): 0.000096, Ineq Viol (l1): 0.000000, Epoch time: 2.35s
Epoch 166/300, Loss: -2.6056, Obj: -2.8653, Eq Viol (l1): 0.000096, Ineq Viol (l1): 0.000000, Epoch time: 2.45s
Epoch 167/300, Loss: -2.6306, Obj: -2.8773, Eq Viol (l1): 0.000096, Ineq Viol (l1): 0.000000, Epoch time: 2.35s
Epoch 168/300, Loss: -2.6142, Obj: -2.8707, Eq Viol (l1): 0.000096, Ineq Viol (l1): 0.000000, Epoch time: 2.36s
Epoch 169/300, Loss: -2.6476, Obj: -2.8810, Eq Viol (l1): 0.000099, Ineq Viol (l1): 0.000001, Epoch time: 2.34s
Epoch 170/300, Loss: -2.6544, Obj: -2.8841, Eq Viol (l1): 0.000093, Ineq Viol (l1): 0.000000, Epoch time: 2.34s
Epoch 171/300, Loss: -2.6264, Obj: -2.8758, Eq Viol (l1): 0.000089, Ineq Viol (l1): 0.000000, Epoch time: 2.39s

Running validation at epoch 170...

VALIDATION_EPOCH_170 EVALUATION RESULTS:
==================================================
Obj:     -2.974336e+00
Opt Gap:      -4.246839e+00 ± 1.506987e+00
Eq Vio l1:   8.778870e-05 (max: 1.495691e-03)
Ineq Vio l1: 4.410176e-07 (max: 2.740779e-05)
Sol Dis:   1.403933e+02 ± 7.897750e-01
Merit:             -2.973454e+00 ± 2.013615e-02
Avg Inf Time:  0.0634s
==================================================
Epoch 172/300, Loss: -2.6533, Obj: -2.8904, Eq Viol (l1): 0.000094, Ineq Viol (l1): 0.000000, Epoch time: 2.35s
Epoch 173/300, Loss: -2.6623, Obj: -2.8943, Eq Viol (l1): 0.000090, Ineq Viol (l1): 0.000000, Epoch time: 2.36s
Epoch 174/300, Loss: -2.6089, Obj: -2.8671, Eq Viol (l1): 0.000096, Ineq Viol (l1): 0.000000, Epoch time: 2.35s
Epoch 175/300, Loss: -2.6270, Obj: -2.8826, Eq Viol (l1): 0.000095, Ineq Viol (l1): 0.000000, Epoch time: 2.36s
Epoch 176/300, Loss: -2.6363, Obj: -2.8896, Eq Viol (l1): 0.000090, Ineq Viol (l1): 0.000000, Epoch time: 2.37s
Epoch 177/300, Loss: -2.6049, Obj: -2.8733, Eq Viol (l1): 0.000097, Ineq Viol (l1): 0.000000, Epoch time: 2.35s
Epoch 178/300, Loss: -2.6277, Obj: -2.8859, Eq Viol (l1): 0.000092, Ineq Viol (l1): 0.000000, Epoch time: 2.37s
Epoch 179/300, Loss: -2.5854, Obj: -2.8551, Eq Viol (l1): 0.000094, Ineq Viol (l1): 0.000000, Epoch time: 2.35s
Epoch 180/300, Loss: -2.5783, Obj: -2.8761, Eq Viol (l1): 0.000096, Ineq Viol (l1): 0.000000, Epoch time: 2.38s
Epoch 181/300, Loss: -2.6514, Obj: -2.8746, Eq Viol (l1): 0.000093, Ineq Viol (l1): 0.000000, Epoch time: 2.34s

Running validation at epoch 180...

VALIDATION_EPOCH_180 EVALUATION RESULTS:
==================================================
Obj:     -2.999611e+00
Opt Gap:      -4.277723e+00 ± 1.517943e+00
Eq Vio l1:   1.137102e-04 (max: 8.185606e-04)
Ineq Vio l1: 6.051289e-07 (max: 3.203712e-05)
Sol Dis:   1.402444e+02 ± 7.925471e-01
Merit:             -2.998468e+00 ± 1.835136e-02
Avg Inf Time:  0.0632s
==================================================
Epoch 182/300, Loss: -2.6582, Obj: -2.8959, Eq Viol (l1): 0.000090, Ineq Viol (l1): 0.000000, Epoch time: 2.36s
Epoch 183/300, Loss: -2.6552, Obj: -2.8928, Eq Viol (l1): 0.000085, Ineq Viol (l1): 0.000000, Epoch time: 2.39s
Epoch 184/300, Loss: -2.6301, Obj: -2.8893, Eq Viol (l1): 0.000100, Ineq Viol (l1): 0.000001, Epoch time: 2.35s
Epoch 185/300, Loss: -2.6267, Obj: -2.8823, Eq Viol (l1): 0.000094, Ineq Viol (l1): 0.000000, Epoch time: 2.37s
Epoch 186/300, Loss: -2.6677, Obj: -2.8994, Eq Viol (l1): 0.000091, Ineq Viol (l1): 0.000000, Epoch time: 2.36s
Epoch 187/300, Loss: -2.6695, Obj: -2.9045, Eq Viol (l1): 0.000092, Ineq Viol (l1): 0.000000, Epoch time: 2.38s
Epoch 188/300, Loss: -2.6723, Obj: -2.8935, Eq Viol (l1): 0.000095, Ineq Viol (l1): 0.000000, Epoch time: 2.34s
Epoch 189/300, Loss: -2.6440, Obj: -2.8936, Eq Viol (l1): 0.000098, Ineq Viol (l1): 0.000000, Epoch time: 2.35s
Epoch 190/300, Loss: -2.6571, Obj: -2.8843, Eq Viol (l1): 0.000094, Ineq Viol (l1): 0.000000, Epoch time: 2.34s
Epoch 191/300, Loss: -2.6221, Obj: -2.8709, Eq Viol (l1): 0.000093, Ineq Viol (l1): 0.000000, Epoch time: 2.36s

Running validation at epoch 190...

VALIDATION_EPOCH_190 EVALUATION RESULTS:
==================================================
Obj:     -2.899523e+00
Opt Gap:      -4.046065e+00 ± 1.442453e+00
Eq Vio l1:   7.527325e-05 (max: 7.641503e-04)
Ineq Vio l1: 2.254238e-07 (max: 1.336002e-05)
Sol Dis:   1.403515e+02 ± 7.831534e-01
Merit:             -2.898768e+00 ± 1.968754e-02
Avg Inf Time:  0.0632s
==================================================
Epoch 192/300, Loss: -2.6463, Obj: -2.8887, Eq Viol (l1): 0.000092, Ineq Viol (l1): 0.000000, Epoch time: 2.36s
Epoch 193/300, Loss: -2.6643, Obj: -2.9044, Eq Viol (l1): 0.000092, Ineq Viol (l1): 0.000000, Epoch time: 2.36s
Epoch 194/300, Loss: -2.6689, Obj: -2.9080, Eq Viol (l1): 0.000091, Ineq Viol (l1): 0.000000, Epoch time: 2.36s
Epoch 195/300, Loss: -2.6622, Obj: -2.9026, Eq Viol (l1): 0.000093, Ineq Viol (l1): 0.000000, Epoch time: 2.35s
Epoch 196/300, Loss: -2.6903, Obj: -2.9108, Eq Viol (l1): 0.000097, Ineq Viol (l1): 0.000000, Epoch time: 2.34s
Epoch 197/300, Loss: -2.6214, Obj: -2.8886, Eq Viol (l1): 0.000097, Ineq Viol (l1): 0.000000, Epoch time: 2.37s
Epoch 198/300, Loss: -2.6640, Obj: -2.9026, Eq Viol (l1): 0.000097, Ineq Viol (l1): 0.000000, Epoch time: 2.35s
Epoch 199/300, Loss: -2.6714, Obj: -2.9034, Eq Viol (l1): 0.000095, Ineq Viol (l1): 0.000000, Epoch time: 2.46s
Epoch 200/300, Loss: -2.6567, Obj: -2.8927, Eq Viol (l1): 0.000093, Ineq Viol (l1): 0.000000, Epoch time: 2.35s
Epoch 201/300, Loss: -2.6529, Obj: -2.8936, Eq Viol (l1): 0.000100, Ineq Viol (l1): 0.000000, Epoch time: 2.33s

Running validation at epoch 200...

VALIDATION_EPOCH_200 EVALUATION RESULTS:
==================================================
Obj:     -2.908452e+00
Opt Gap:      -4.124527e+00 ± 1.465804e+00
Eq Vio l1:   9.736283e-05 (max: 1.428080e-03)
Ineq Vio l1: 4.642129e-07 (max: 2.693969e-05)
Sol Dis:   1.402278e+02 ± 7.874545e-01
Merit:             -2.907473e+00 ± 1.976487e-02
Avg Inf Time:  0.0611s
==================================================
Epoch 202/300, Loss: -2.6435, Obj: -2.8840, Eq Viol (l1): 0.000095, Ineq Viol (l1): 0.000000, Epoch time: 2.34s
Epoch 203/300, Loss: -2.6544, Obj: -2.8962, Eq Viol (l1): 0.000089, Ineq Viol (l1): 0.000000, Epoch time: 2.38s
Epoch 204/300, Loss: -2.6685, Obj: -2.9057, Eq Viol (l1): 0.000092, Ineq Viol (l1): 0.000000, Epoch time: 2.37s
Epoch 205/300, Loss: -2.6393, Obj: -2.8890, Eq Viol (l1): 0.000094, Ineq Viol (l1): 0.000000, Epoch time: 2.34s
Epoch 206/300, Loss: -2.6907, Obj: -2.9134, Eq Viol (l1): 0.000087, Ineq Viol (l1): 0.000000, Epoch time: 2.37s
Epoch 207/300, Loss: -2.6708, Obj: -2.8888, Eq Viol (l1): 0.000090, Ineq Viol (l1): 0.000000, Epoch time: 2.35s
Epoch 208/300, Loss: -2.6735, Obj: -2.8942, Eq Viol (l1): 0.000099, Ineq Viol (l1): 0.000000, Epoch time: 2.34s
Epoch 209/300, Loss: -2.6803, Obj: -2.9023, Eq Viol (l1): 0.000097, Ineq Viol (l1): 0.000000, Epoch time: 2.34s
Epoch 210/300, Loss: -2.6679, Obj: -2.8951, Eq Viol (l1): 0.000090, Ineq Viol (l1): 0.000000, Epoch time: 2.35s
Epoch 211/300, Loss: -2.6543, Obj: -2.8940, Eq Viol (l1): 0.000097, Ineq Viol (l1): 0.000000, Epoch time: 2.35s

Running validation at epoch 210...

VALIDATION_EPOCH_210 EVALUATION RESULTS:
==================================================
Obj:     -2.944238e+00
Opt Gap:      -4.181745e+00 ± 1.490960e+00
Eq Vio l1:   8.773389e-05 (max: 6.012379e-04)
Ineq Vio l1: 3.240772e-07 (max: 2.418483e-05)
Sol Dis:   1.403407e+02 ± 7.916709e-01
Merit:             -2.943358e+00 ± 1.635959e-02
Avg Inf Time:  0.0631s
==================================================
Epoch 212/300, Loss: -2.5500, Obj: -2.8427, Eq Viol (l1): 0.000097, Ineq Viol (l1): 0.000000, Epoch time: 2.36s
Epoch 213/300, Loss: -2.7003, Obj: -2.9075, Eq Viol (l1): 0.000091, Ineq Viol (l1): 0.000000, Epoch time: 2.36s
Epoch 214/300, Loss: -2.6796, Obj: -2.9125, Eq Viol (l1): 0.000094, Ineq Viol (l1): 0.000001, Epoch time: 2.36s
Epoch 215/300, Loss: -2.6999, Obj: -2.9110, Eq Viol (l1): 0.000098, Ineq Viol (l1): 0.000001, Epoch time: 2.33s
Epoch 216/300, Loss: -2.6595, Obj: -2.9121, Eq Viol (l1): 0.000103, Ineq Viol (l1): 0.000000, Epoch time: 2.34s
Epoch 217/300, Loss: -2.6719, Obj: -2.8993, Eq Viol (l1): 0.000090, Ineq Viol (l1): 0.000000, Epoch time: 2.35s
Epoch 218/300, Loss: -2.6891, Obj: -2.9119, Eq Viol (l1): 0.000090, Ineq Viol (l1): 0.000000, Epoch time: 2.36s
Epoch 219/300, Loss: -2.6706, Obj: -2.9151, Eq Viol (l1): 0.000097, Ineq Viol (l1): 0.000000, Epoch time: 2.35s
Epoch 220/300, Loss: -2.6737, Obj: -2.9046, Eq Viol (l1): 0.000099, Ineq Viol (l1): 0.000000, Epoch time: 2.34s
Epoch 221/300, Loss: -2.5800, Obj: -2.8477, Eq Viol (l1): 0.000090, Ineq Viol (l1): 0.000000, Epoch time: 2.36s

Running validation at epoch 220...

VALIDATION_EPOCH_220 EVALUATION RESULTS:
==================================================
Obj:     -2.846567e+00
Opt Gap:      -4.104965e+00 ± 1.517705e+00
Eq Vio l1:   7.153880e-05 (max: 1.067854e-03)
Ineq Vio l1: 2.999814e-07 (max: 2.572546e-05)
Sol Dis:   1.406918e+02 ± 8.160971e-01
Merit:             -2.845849e+00 ± 1.722313e-02
Avg Inf Time:  0.0631s
==================================================
Epoch 222/300, Loss: -2.6354, Obj: -2.8778, Eq Viol (l1): 0.000102, Ineq Viol (l1): 0.000000, Epoch time: 2.33s
Epoch 223/300, Loss: -2.6158, Obj: -2.8853, Eq Viol (l1): 0.000096, Ineq Viol (l1): 0.000000, Epoch time: 2.36s
Epoch 224/300, Loss: -2.5845, Obj: -2.8827, Eq Viol (l1): 0.000098, Ineq Viol (l1): 0.000000, Epoch time: 2.36s
Epoch 225/300, Loss: -2.6859, Obj: -2.9123, Eq Viol (l1): 0.000099, Ineq Viol (l1): 0.000000, Epoch time: 2.34s
Epoch 226/300, Loss: -2.7053, Obj: -2.9201, Eq Viol (l1): 0.000098, Ineq Viol (l1): 0.000000, Epoch time: 2.34s
Epoch 227/300, Loss: -2.6650, Obj: -2.9028, Eq Viol (l1): 0.000088, Ineq Viol (l1): 0.000000, Epoch time: 2.38s
Epoch 228/300, Loss: -2.6729, Obj: -2.9125, Eq Viol (l1): 0.000093, Ineq Viol (l1): 0.000000, Epoch time: 2.35s
Epoch 229/300, Loss: -2.6592, Obj: -2.9090, Eq Viol (l1): 0.000095, Ineq Viol (l1): 0.000000, Epoch time: 2.36s
Epoch 230/300, Loss: -2.6056, Obj: -2.8600, Eq Viol (l1): 0.000096, Ineq Viol (l1): 0.000000, Epoch time: 2.33s
Epoch 231/300, Loss: -2.6832, Obj: -2.9087, Eq Viol (l1): 0.000105, Ineq Viol (l1): 0.000001, Epoch time: 2.33s

Running validation at epoch 230...

VALIDATION_EPOCH_230 EVALUATION RESULTS:
==================================================
Obj:     -2.954460e+00
Opt Gap:      -4.223467e+00 ± 1.504762e+00
Eq Vio l1:   9.799235e-05 (max: 1.010662e-03)
Ineq Vio l1: 6.778788e-07 (max: 4.707705e-05)
Sol Dis:   1.404449e+02 ± 7.985366e-01
Merit:             -2.953473e+00 ± 2.043994e-02
Avg Inf Time:  0.0635s
==================================================
Epoch 232/300, Loss: -2.6630, Obj: -2.9060, Eq Viol (l1): 0.000095, Ineq Viol (l1): 0.000000, Epoch time: 2.35s
Epoch 233/300, Loss: -2.6714, Obj: -2.8994, Eq Viol (l1): 0.000093, Ineq Viol (l1): 0.000000, Epoch time: 2.45s
Epoch 234/300, Loss: -2.6806, Obj: -2.9135, Eq Viol (l1): 0.000094, Ineq Viol (l1): 0.000000, Epoch time: 2.38s
Epoch 235/300, Loss: -2.6804, Obj: -2.9012, Eq Viol (l1): 0.000092, Ineq Viol (l1): 0.000000, Epoch time: 2.34s
Epoch 236/300, Loss: -2.6892, Obj: -2.9160, Eq Viol (l1): 0.000090, Ineq Viol (l1): 0.000000, Epoch time: 2.37s
Epoch 237/300, Loss: -2.6712, Obj: -2.9053, Eq Viol (l1): 0.000099, Ineq Viol (l1): 0.000000, Epoch time: 2.34s
Epoch 238/300, Loss: -2.6738, Obj: -2.9128, Eq Viol (l1): 0.000099, Ineq Viol (l1): 0.000001, Epoch time: 2.34s
Epoch 239/300, Loss: -2.6771, Obj: -2.9067, Eq Viol (l1): 0.000094, Ineq Viol (l1): 0.000000, Epoch time: 2.35s
Epoch 240/300, Loss: -2.6576, Obj: -2.9118, Eq Viol (l1): 0.000090, Ineq Viol (l1): 0.000000, Epoch time: 2.37s
Epoch 241/300, Loss: -2.6987, Obj: -2.9148, Eq Viol (l1): 0.000092, Ineq Viol (l1): 0.000000, Epoch time: 2.34s

Running validation at epoch 240...

VALIDATION_EPOCH_240 EVALUATION RESULTS:
==================================================
Obj:     -3.003861e+00
Opt Gap:      -4.294653e+00 ± 1.529357e+00
Eq Vio l1:   8.921253e-05 (max: 1.275745e-03)
Ineq Vio l1: 4.736634e-07 (max: 4.941178e-05)
Sol Dis:   1.405491e+02 ± 8.148337e-01
Merit:             -3.002964e+00 ± 2.009214e-02
Avg Inf Time:  0.0649s
==================================================
Epoch 242/300, Loss: -2.6781, Obj: -2.9093, Eq Viol (l1): 0.000091, Ineq Viol (l1): 0.000000, Epoch time: 2.35s
Epoch 243/300, Loss: -2.6610, Obj: -2.9012, Eq Viol (l1): 0.000089, Ineq Viol (l1): 0.000000, Epoch time: 2.37s
Epoch 244/300, Loss: -2.6500, Obj: -2.8964, Eq Viol (l1): 0.000097, Ineq Viol (l1): 0.000000, Epoch time: 2.34s
Epoch 245/300, Loss: -2.6575, Obj: -2.8966, Eq Viol (l1): 0.000095, Ineq Viol (l1): 0.000000, Epoch time: 2.34s
Epoch 246/300, Loss: -2.6527, Obj: -2.8982, Eq Viol (l1): 0.000096, Ineq Viol (l1): 0.000000, Epoch time: 2.35s
Epoch 247/300, Loss: -2.6833, Obj: -2.9099, Eq Viol (l1): 0.000091, Ineq Viol (l1): 0.000000, Epoch time: 2.37s
Epoch 248/300, Loss: -2.6964, Obj: -2.9257, Eq Viol (l1): 0.000093, Ineq Viol (l1): 0.000000, Epoch time: 2.36s
Epoch 249/300, Loss: -2.6954, Obj: -2.9183, Eq Viol (l1): 0.000103, Ineq Viol (l1): 0.000000, Epoch time: 2.33s
Epoch 250/300, Loss: -2.7027, Obj: -2.9262, Eq Viol (l1): 0.000102, Ineq Viol (l1): 0.000001, Epoch time: 2.34s
Epoch 251/300, Loss: -2.6878, Obj: -2.9145, Eq Viol (l1): 0.000094, Ineq Viol (l1): 0.000000, Epoch time: 2.36s

Running validation at epoch 250...

VALIDATION_EPOCH_250 EVALUATION RESULTS:
==================================================
Obj:     -2.915443e+00
Opt Gap:      -4.191318e+00 ± 1.525049e+00
Eq Vio l1:   7.751405e-05 (max: 1.168205e-03)
Ineq Vio l1: 2.882852e-07 (max: 2.543030e-05)
Sol Dis:   1.406803e+02 ± 7.985207e-01
Merit:             -2.914665e+00 ± 1.773602e-02
Avg Inf Time:  0.0636s
==================================================
Epoch 252/300, Loss: -2.6525, Obj: -2.8895, Eq Viol (l1): 0.000095, Ineq Viol (l1): 0.000000, Epoch time: 2.34s
Epoch 253/300, Loss: -2.6964, Obj: -2.9092, Eq Viol (l1): 0.000102, Ineq Viol (l1): 0.000001, Epoch time: 2.32s
Epoch 254/300, Loss: -2.6845, Obj: -2.9151, Eq Viol (l1): 0.000092, Ineq Viol (l1): 0.000000, Epoch time: 2.36s
Epoch 255/300, Loss: -2.7102, Obj: -2.9202, Eq Viol (l1): 0.000097, Ineq Viol (l1): 0.000000, Epoch time: 2.34s
Epoch 256/300, Loss: -2.7144, Obj: -2.9215, Eq Viol (l1): 0.000102, Ineq Viol (l1): 0.000000, Epoch time: 2.32s
Epoch 257/300, Loss: -2.6916, Obj: -2.9179, Eq Viol (l1): 0.000092, Ineq Viol (l1): 0.000000, Epoch time: 2.34s
Epoch 258/300, Loss: -2.6863, Obj: -2.9177, Eq Viol (l1): 0.000097, Ineq Viol (l1): 0.000000, Epoch time: 2.35s
Epoch 259/300, Loss: -2.6467, Obj: -2.8985, Eq Viol (l1): 0.000090, Ineq Viol (l1): 0.000000, Epoch time: 2.36s
Epoch 260/300, Loss: -2.6883, Obj: -2.9117, Eq Viol (l1): 0.000103, Ineq Viol (l1): 0.000001, Epoch time: 2.32s
Epoch 261/300, Loss: -2.6648, Obj: -2.8961, Eq Viol (l1): 0.000097, Ineq Viol (l1): 0.000000, Epoch time: 2.34s

Running validation at epoch 260...

VALIDATION_EPOCH_260 EVALUATION RESULTS:
==================================================
Obj:     -2.728045e+00
Opt Gap:      -3.776596e+00 ± 1.357560e+00
Eq Vio l1:   1.066147e-04 (max: 1.565788e-03)
Ineq Vio l1: 2.889673e-07 (max: 6.023456e-05)
Sol Dis:   1.416941e+02 ± 8.143569e-01
Merit:             -2.726976e+00 ± 2.116384e-02
Avg Inf Time:  0.0571s
==================================================
Epoch 262/300, Loss: -2.6638, Obj: -2.8938, Eq Viol (l1): 0.000089, Ineq Viol (l1): 0.000000, Epoch time: 2.36s
Epoch 263/300, Loss: -2.6562, Obj: -2.9100, Eq Viol (l1): 0.000095, Ineq Viol (l1): 0.000000, Epoch time: 2.36s
Epoch 264/300, Loss: -2.6865, Obj: -2.9060, Eq Viol (l1): 0.000098, Ineq Viol (l1): 0.000000, Epoch time: 2.33s
Epoch 265/300, Loss: -2.7241, Obj: -2.9269, Eq Viol (l1): 0.000091, Ineq Viol (l1): 0.000000, Epoch time: 2.45s
Epoch 266/300, Loss: -2.6966, Obj: -2.9214, Eq Viol (l1): 0.000086, Ineq Viol (l1): 0.000000, Epoch time: 2.37s
Epoch 267/300, Loss: -2.7127, Obj: -2.9268, Eq Viol (l1): 0.000092, Ineq Viol (l1): 0.000000, Epoch time: 2.35s
Epoch 268/300, Loss: -2.7003, Obj: -2.9159, Eq Viol (l1): 0.000088, Ineq Viol (l1): 0.000000, Epoch time: 2.37s
Epoch 269/300, Loss: -2.7034, Obj: -2.9255, Eq Viol (l1): 0.000093, Ineq Viol (l1): 0.000000, Epoch time: 2.36s
Epoch 270/300, Loss: -2.6917, Obj: -2.9248, Eq Viol (l1): 0.000103, Ineq Viol (l1): 0.000000, Epoch time: 2.34s
Epoch 271/300, Loss: -2.6997, Obj: -2.9239, Eq Viol (l1): 0.000093, Ineq Viol (l1): 0.000000, Epoch time: 2.36s

Running validation at epoch 270...

VALIDATION_EPOCH_270 EVALUATION RESULTS:
==================================================
Obj:     -2.982904e+00
Opt Gap:      -4.275293e+00 ± 1.522210e+00
Eq Vio l1:   9.859671e-05 (max: 8.240920e-04)
Ineq Vio l1: 5.539585e-07 (max: 1.748900e-05)
Sol Dis:   1.404695e+02 ± 7.998887e-01
Merit:             -2.981912e+00 ± 1.790769e-02
Avg Inf Time:  0.0620s
==================================================
Epoch 272/300, Loss: -2.7140, Obj: -2.9286, Eq Viol (l1): 0.000102, Ineq Viol (l1): 0.000000, Epoch time: 2.32s
Epoch 273/300, Loss: -2.6598, Obj: -2.9082, Eq Viol (l1): 0.000094, Ineq Viol (l1): 0.000000, Epoch time: 2.35s
Epoch 274/300, Loss: -2.6318, Obj: -2.8811, Eq Viol (l1): 0.000095, Ineq Viol (l1): 0.000000, Epoch time: 2.33s
Epoch 275/300, Loss: -2.7099, Obj: -2.9230, Eq Viol (l1): 0.000095, Ineq Viol (l1): 0.000000, Epoch time: 2.34s
Epoch 276/300, Loss: -2.7173, Obj: -2.9247, Eq Viol (l1): 0.000086, Ineq Viol (l1): 0.000000, Epoch time: 2.38s
Epoch 277/300, Loss: -2.6591, Obj: -2.9089, Eq Viol (l1): 0.000096, Ineq Viol (l1): 0.000000, Epoch time: 2.35s
Epoch 278/300, Loss: -2.6726, Obj: -2.9113, Eq Viol (l1): 0.000097, Ineq Viol (l1): 0.000000, Epoch time: 2.34s
Epoch 279/300, Loss: -2.6811, Obj: -2.9220, Eq Viol (l1): 0.000093, Ineq Viol (l1): 0.000000, Epoch time: 2.35s
Epoch 280/300, Loss: -2.6871, Obj: -2.9181, Eq Viol (l1): 0.000096, Ineq Viol (l1): 0.000000, Epoch time: 2.34s
Epoch 281/300, Loss: -2.7094, Obj: -2.9252, Eq Viol (l1): 0.000094, Ineq Viol (l1): 0.000000, Epoch time: 2.33s

Running validation at epoch 280...

VALIDATION_EPOCH_280 EVALUATION RESULTS:
==================================================
Obj:     -2.985439e+00
Opt Gap:      -4.280349e+00 ± 1.539098e+00
Eq Vio l1:   1.037154e-04 (max: 1.278640e-03)
Ineq Vio l1: 5.728617e-07 (max: 3.882682e-05)
Sol Dis:   1.401438e+02 ± 8.099518e-01
Merit:             -2.984396e+00 ± 2.120450e-02
Avg Inf Time:  0.0631s
==================================================
Epoch 282/300, Loss: -2.6882, Obj: -2.9216, Eq Viol (l1): 0.000094, Ineq Viol (l1): 0.000000, Epoch time: 2.35s
Epoch 283/300, Loss: -2.6717, Obj: -2.9175, Eq Viol (l1): 0.000098, Ineq Viol (l1): 0.000000, Epoch time: 2.36s
Epoch 284/300, Loss: -2.6808, Obj: -2.9163, Eq Viol (l1): 0.000089, Ineq Viol (l1): 0.000000, Epoch time: 2.35s
Epoch 285/300, Loss: -2.7153, Obj: -2.9288, Eq Viol (l1): 0.000096, Ineq Viol (l1): 0.000001, Epoch time: 2.34s
Epoch 286/300, Loss: -2.7194, Obj: -2.9258, Eq Viol (l1): 0.000095, Ineq Viol (l1): 0.000001, Epoch time: 2.34s
Epoch 287/300, Loss: -2.7117, Obj: -2.9312, Eq Viol (l1): 0.000096, Ineq Viol (l1): 0.000000, Epoch time: 2.34s
Epoch 288/300, Loss: -2.6838, Obj: -2.9088, Eq Viol (l1): 0.000096, Ineq Viol (l1): 0.000000, Epoch time: 2.35s
Epoch 289/300, Loss: -2.7031, Obj: -2.9196, Eq Viol (l1): 0.000103, Ineq Viol (l1): 0.000000, Epoch time: 2.32s
Epoch 290/300, Loss: -2.6821, Obj: -2.9164, Eq Viol (l1): 0.000096, Ineq Viol (l1): 0.000000, Epoch time: 2.34s
Epoch 291/300, Loss: -2.7119, Obj: -2.9268, Eq Viol (l1): 0.000103, Ineq Viol (l1): 0.000000, Epoch time: 2.33s

Running validation at epoch 290...

VALIDATION_EPOCH_290 EVALUATION RESULTS:
==================================================
Obj:     -2.922507e+00
Opt Gap:      -4.203663e+00 ± 1.515231e+00
Eq Vio l1:   1.081049e-04 (max: 1.779648e-03)
Ineq Vio l1: 6.642086e-07 (max: 5.298754e-05)
Sol Dis:   1.407205e+02 ± 7.951172e-01
Merit:             -2.921420e+00 ± 1.630924e-02
Avg Inf Time:  0.0610s
==================================================
Epoch 292/300, Loss: -2.6704, Obj: -2.9141, Eq Viol (l1): 0.000096, Ineq Viol (l1): 0.000000, Epoch time: 2.37s
Epoch 293/300, Loss: -2.7030, Obj: -2.9223, Eq Viol (l1): 0.000093, Ineq Viol (l1): 0.000000, Epoch time: 2.35s
Epoch 294/300, Loss: -2.6982, Obj: -2.9230, Eq Viol (l1): 0.000094, Ineq Viol (l1): 0.000000, Epoch time: 2.35s
Epoch 295/300, Loss: -2.7208, Obj: -2.9296, Eq Viol (l1): 0.000102, Ineq Viol (l1): 0.000001, Epoch time: 2.30s
Epoch 296/300, Loss: -2.7184, Obj: -2.9305, Eq Viol (l1): 0.000085, Ineq Viol (l1): 0.000000, Epoch time: 2.38s
Epoch 297/300, Loss: -2.6946, Obj: -2.9293, Eq Viol (l1): 0.000094, Ineq Viol (l1): 0.000000, Epoch time: 2.36s
Epoch 298/300, Loss: -2.6971, Obj: -2.9115, Eq Viol (l1): 0.000100, Ineq Viol (l1): 0.000000, Epoch time: 2.33s
Epoch 299/300, Loss: -2.6987, Obj: -2.9102, Eq Viol (l1): 0.000097, Ineq Viol (l1): 0.000000, Epoch time: 2.41s
Epoch 300/300, Loss: -2.7172, Obj: -2.9340, Eq Viol (l1): 0.000104, Ineq Viol (l1): 0.000000, Epoch time: 2.32s

Training completed in 729.81 seconds.

============================================================
COMPREHENSIVE TEST EVALUATION WITH DETAILED RESULTS
============================================================
Testing with batch sizes: [256, 512]

Evaluating with batch size: 256 (with detailed results)

TEST_BS256 EVALUATION RESULTS:
==================================================
Obj:     -2.958109e+00
Opt Gap:      -4.198104e+00 ± 2.196485e+00
Eq Vio l1:   9.865793e-05 (max: 1.035589e-03)
Ineq Vio l1: 5.131833e-07 (max: 2.524863e-05)
Sol Dis:   1.417223e+02 ± 1.516698e+00
Merit:             -2.957117e+00 ± 3.530854e-02
Avg Inf Time:  0.0539s
==================================================

Evaluating with batch size: 512 (with detailed results)

TEST_BS512 EVALUATION RESULTS:
==================================================
Obj:     -2.957134e+00
Opt Gap:      -4.153556e+00 ± 1.265595e+00
Eq Vio l1:   8.894035e-05 (max: 1.647404e-03)
Ineq Vio l1: 4.739065e-07 (max: 2.818458e-05)
Sol Dis:   1.417531e+02 ± 1.123824e+00
Merit:             -2.956239e+00 ± 2.099872e-02
Avg Inf Time:  0.0618s
==================================================

TEST BATCH SIZE COMPARISON:
================================================================================
Batch Size   Objective    Opt Gap      Eq Viol      Ineq Viol    Time (s)  
--------------------------------------------------------------------------------
256          -2.9581e+00  -4.1981e+00  9.8658e-05   5.1318e-07   0.43      
512          -2.9571e+00  -4.1536e+00  8.8940e-05   4.7391e-07   0.25      
================================================================================

Saving model and results to: results/nonsmooth_nonconvex/socp/SOCPProblem-100-50-50-10000/20260115-152425_MLP_FSNet_seed3_nepochs300_lr0.0002_trainsize7000_finetune_20260115-145229_sup_seedpen_model_380
✓ Model saved: results/nonsmooth_nonconvex/socp/SOCPProblem-100-50-50-10000/20260115-152425_MLP_FSNet_seed3_nepochs300_lr0.0002_trainsize7000_finetune_20260115-145229_sup_seedpen_model_380/model.pt
✓ Detailed results saved: results/nonsmooth_nonconvex/socp/SOCPProblem-100-50-50-10000/20260115-152425_MLP_FSNet_seed3_nepochs300_lr0.0002_trainsize7000_finetune_20260115-145229_sup_seedpen_model_380/results.pkl

Files saved (or attempted):
  - model.pt (model weights and architecture)
  - results.pkl (training history, metrics, detailed test results)
Training and testing completed in 732.22 seconds
Done!!!
