==============================================
 Job started at: 2026-01-15 15:37:50
 Job ID: 8102347
 Node: node2804
==============================================

======= Running for problem: nonsmooth_nonconvex/socp =======

Loading problem instance: nonsmooth_nonconvex/socp with size [100, 50, 50, 10000]
Loading  dataset from: datasets/nonsmooth_nonconvex/socp/random2025_socp_dataset_var100_ineq50_eq50_ex10000 

Running on:  cuda
Training model using FSNet method with seed 0 for 300 epochs
Using batch size: 512
Loading model from checkpoint: results/nonsmooth_nonconvex/socp/SOCPProblem-100-50-50-10000/20260115-145229_MLP_sup_pen_seed0_nepochs1000_lr0.0001_trainsize7000_subopt_3_1.5/model_630.pt

lr: 0.0002, weight_decay: 0.001, num_epochs: 300

Epoch 1/300, Loss: 22.6418, Obj: 22.5790, Eq Viol (l1): 0.000077, Ineq Viol (l1): 0.000000, Epoch time: 5.68s

Running validation at epoch 0...

VALIDATION_EPOCH_0 EVALUATION RESULTS:
==================================================
Obj:     2.239136e+01
Opt Gap:      3.986304e+01 ± 1.307120e+01
Eq Vio l1:   6.068680e-05 (max: 2.999342e-03)
Ineq Vio l1: 1.124029e-07 (max: 4.004871e-05)
Sol Dis:   1.926628e+02 ± 2.220523e-01
Merit:             2.239197e+01 ± 3.472774e-05
Avg Inf Time:  0.5911s
==================================================
Epoch 2/300, Loss: 21.3831, Obj: 21.1861, Eq Viol (l1): 0.000067, Ineq Viol (l1): 0.000000, Epoch time: 2.36s
Epoch 3/300, Loss: 20.3060, Obj: 19.8605, Eq Viol (l1): 0.000078, Ineq Viol (l1): 0.000001, Epoch time: 2.55s
Epoch 4/300, Loss: 19.2296, Obj: 18.9375, Eq Viol (l1): 0.000076, Ineq Viol (l1): 0.000001, Epoch time: 2.38s
Epoch 5/300, Loss: 17.6912, Obj: 17.3806, Eq Viol (l1): 0.000082, Ineq Viol (l1): 0.000001, Epoch time: 2.40s
Epoch 6/300, Loss: 15.5779, Obj: 15.1659, Eq Viol (l1): 0.000085, Ineq Viol (l1): 0.000001, Epoch time: 2.51s
Epoch 7/300, Loss: 13.3445, Obj: 12.7547, Eq Viol (l1): 0.000079, Ineq Viol (l1): 0.000000, Epoch time: 2.56s
Epoch 8/300, Loss: 10.6465, Obj: 10.0035, Eq Viol (l1): 0.000072, Ineq Viol (l1): 0.000000, Epoch time: 2.59s
Epoch 9/300, Loss: 8.1200, Obj: 7.4642, Eq Viol (l1): 0.000074, Ineq Viol (l1): 0.000000, Epoch time: 2.54s
Epoch 10/300, Loss: 7.4772, Obj: 6.8280, Eq Viol (l1): 0.000075, Ineq Viol (l1): 0.000000, Epoch time: 2.54s
Epoch 11/300, Loss: 7.1214, Obj: 6.5587, Eq Viol (l1): 0.000063, Ineq Viol (l1): 0.000000, Epoch time: 2.56s

Running validation at epoch 10...

VALIDATION_EPOCH_10 EVALUATION RESULTS:
==================================================
Obj:     6.288431e+00
Opt Gap:      1.178851e+01 ± 3.516868e+00
Eq Vio l1:   6.163074e-05 (max: 1.699470e-03)
Ineq Vio l1: 3.001567e-07 (max: 3.029268e-05)
Sol Dis:   1.642297e+02 ± 5.896839e-01
Merit:             6.289050e+00 ± 3.683042e-03
Avg Inf Time:  0.0707s
==================================================
Epoch 12/300, Loss: 6.9495, Obj: 6.4047, Eq Viol (l1): 0.000072, Ineq Viol (l1): 0.000000, Epoch time: 2.54s
Epoch 13/300, Loss: 6.8057, Obj: 6.2954, Eq Viol (l1): 0.000068, Ineq Viol (l1): 0.000000, Epoch time: 2.56s
Epoch 14/300, Loss: 6.6784, Obj: 6.1986, Eq Viol (l1): 0.000065, Ineq Viol (l1): 0.000000, Epoch time: 2.58s
Epoch 15/300, Loss: 6.6343, Obj: 6.0997, Eq Viol (l1): 0.000058, Ineq Viol (l1): 0.000000, Epoch time: 2.63s
Epoch 16/300, Loss: 6.6154, Obj: 5.9912, Eq Viol (l1): 0.000064, Ineq Viol (l1): 0.000001, Epoch time: 2.63s
Epoch 17/300, Loss: 6.6262, Obj: 6.0155, Eq Viol (l1): 0.000040, Ineq Viol (l1): 0.000000, Epoch time: 2.69s
Epoch 18/300, Loss: 6.5156, Obj: 5.8373, Eq Viol (l1): 0.000044, Ineq Viol (l1): 0.000001, Epoch time: 2.70s
Epoch 19/300, Loss: 6.4015, Obj: 5.7316, Eq Viol (l1): 0.000039, Ineq Viol (l1): 0.000000, Epoch time: 2.73s
Epoch 20/300, Loss: 6.1346, Obj: 5.3916, Eq Viol (l1): 0.000043, Ineq Viol (l1): 0.000000, Epoch time: 2.76s
Epoch 21/300, Loss: 5.9061, Obj: 5.0322, Eq Viol (l1): 0.000041, Ineq Viol (l1): 0.000000, Epoch time: 2.71s

Running validation at epoch 20...

VALIDATION_EPOCH_20 EVALUATION RESULTS:
==================================================
Obj:     4.600528e+00
Opt Gap:      9.390522e+00 ± 2.633813e+00
Eq Vio l1:   3.994657e-05 (max: 2.119153e-03)
Ineq Vio l1: 3.734233e-07 (max: 5.201179e-05)
Sol Dis:   1.723489e+02 ± 1.384228e-01
Merit:             4.600931e+00 ± 3.037854e-02
Avg Inf Time:  0.0798s
==================================================
Epoch 22/300, Loss: 5.1436, Obj: 4.3752, Eq Viol (l1): 0.000049, Ineq Viol (l1): 0.000000, Epoch time: 2.67s
Epoch 23/300, Loss: 4.9201, Obj: 4.0462, Eq Viol (l1): 0.000059, Ineq Viol (l1): 0.000000, Epoch time: 2.68s
Epoch 24/300, Loss: 4.6746, Obj: 3.8685, Eq Viol (l1): 0.000053, Ineq Viol (l1): 0.000000, Epoch time: 2.67s
Epoch 25/300, Loss: 4.2874, Obj: 3.5175, Eq Viol (l1): 0.000054, Ineq Viol (l1): 0.000001, Epoch time: 2.68s
Epoch 26/300, Loss: 3.9953, Obj: 3.2291, Eq Viol (l1): 0.000058, Ineq Viol (l1): 0.000000, Epoch time: 2.67s
Epoch 27/300, Loss: 3.7235, Obj: 2.9001, Eq Viol (l1): 0.000055, Ineq Viol (l1): 0.000000, Epoch time: 2.65s
Epoch 28/300, Loss: 3.2693, Obj: 2.5978, Eq Viol (l1): 0.000058, Ineq Viol (l1): 0.000000, Epoch time: 2.63s
Epoch 29/300, Loss: 2.9291, Obj: 2.2935, Eq Viol (l1): 0.000068, Ineq Viol (l1): 0.000000, Epoch time: 2.60s
Epoch 30/300, Loss: 2.4959, Obj: 1.9622, Eq Viol (l1): 0.000081, Ineq Viol (l1): 0.000000, Epoch time: 2.48s
Epoch 31/300, Loss: 2.2059, Obj: 1.7620, Eq Viol (l1): 0.000088, Ineq Viol (l1): 0.000000, Epoch time: 2.40s

Running validation at epoch 30...

VALIDATION_EPOCH_30 EVALUATION RESULTS:
==================================================
Obj:     1.630049e+00
Opt Gap:      3.630885e+00 ± 7.342475e-01
Eq Vio l1:   9.967015e-05 (max: 9.278472e-04)
Ineq Vio l1: 1.193785e-07 (max: 1.533472e-05)
Sol Dis:   1.481275e+02 ± 7.789960e-01
Merit:             1.631047e+00 ± 1.500010e-03
Avg Inf Time:  0.0632s
==================================================
Epoch 32/300, Loss: 2.1344, Obj: 1.6893, Eq Viol (l1): 0.000089, Ineq Viol (l1): 0.000000, Epoch time: 2.38s
Epoch 33/300, Loss: 2.0605, Obj: 1.6775, Eq Viol (l1): 0.000086, Ineq Viol (l1): 0.000000, Epoch time: 2.47s
Epoch 34/300, Loss: 2.0575, Obj: 1.6554, Eq Viol (l1): 0.000092, Ineq Viol (l1): 0.000000, Epoch time: 2.34s
Epoch 35/300, Loss: 2.0651, Obj: 1.6284, Eq Viol (l1): 0.000095, Ineq Viol (l1): 0.000000, Epoch time: 2.36s
Epoch 36/300, Loss: 2.0669, Obj: 1.6709, Eq Viol (l1): 0.000094, Ineq Viol (l1): 0.000000, Epoch time: 2.32s
Epoch 37/300, Loss: 1.9943, Obj: 1.5965, Eq Viol (l1): 0.000096, Ineq Viol (l1): 0.000000, Epoch time: 2.33s
Epoch 38/300, Loss: 1.8688, Obj: 1.5424, Eq Viol (l1): 0.000100, Ineq Viol (l1): 0.000000, Epoch time: 2.30s
Epoch 39/300, Loss: 1.8858, Obj: 1.5493, Eq Viol (l1): 0.000099, Ineq Viol (l1): 0.000000, Epoch time: 2.32s
Epoch 40/300, Loss: 1.8620, Obj: 1.5222, Eq Viol (l1): 0.000105, Ineq Viol (l1): 0.000000, Epoch time: 2.31s
Epoch 41/300, Loss: 1.8713, Obj: 1.5235, Eq Viol (l1): 0.000093, Ineq Viol (l1): 0.000000, Epoch time: 2.33s

Running validation at epoch 40...

VALIDATION_EPOCH_40 EVALUATION RESULTS:
==================================================
Obj:     1.372158e+00
Opt Gap:      3.173952e+00 ± 6.045757e-01
Eq Vio l1:   1.152162e-04 (max: 1.112249e-03)
Ineq Vio l1: 8.472277e-08 (max: 1.290378e-05)
Sol Dis:   1.465829e+02 ± 8.660688e-01
Merit:             1.373311e+00 ± 9.237605e-04
Avg Inf Time:  0.0637s
==================================================
Epoch 42/300, Loss: 1.8332, Obj: 1.4898, Eq Viol (l1): 0.000099, Ineq Viol (l1): 0.000000, Epoch time: 2.31s
Epoch 43/300, Loss: 1.8659, Obj: 1.5025, Eq Viol (l1): 0.000093, Ineq Viol (l1): 0.000000, Epoch time: 2.34s
Epoch 44/300, Loss: 1.8584, Obj: 1.4844, Eq Viol (l1): 0.000099, Ineq Viol (l1): 0.000000, Epoch time: 2.33s
Epoch 45/300, Loss: 1.7896, Obj: 1.4728, Eq Viol (l1): 0.000089, Ineq Viol (l1): 0.000000, Epoch time: 2.33s
Epoch 46/300, Loss: 1.8279, Obj: 1.4987, Eq Viol (l1): 0.000094, Ineq Viol (l1): 0.000000, Epoch time: 2.31s
Epoch 47/300, Loss: 1.8135, Obj: 1.4640, Eq Viol (l1): 0.000092, Ineq Viol (l1): 0.000000, Epoch time: 2.32s
Epoch 48/300, Loss: 1.7601, Obj: 1.4639, Eq Viol (l1): 0.000094, Ineq Viol (l1): 0.000000, Epoch time: 2.31s
Epoch 49/300, Loss: 1.7423, Obj: 1.4323, Eq Viol (l1): 0.000091, Ineq Viol (l1): 0.000000, Epoch time: 2.33s
Epoch 50/300, Loss: 1.7529, Obj: 1.4380, Eq Viol (l1): 0.000094, Ineq Viol (l1): 0.000000, Epoch time: 2.31s
Epoch 51/300, Loss: 1.7851, Obj: 1.4535, Eq Viol (l1): 0.000096, Ineq Viol (l1): 0.000000, Epoch time: 2.31s

Running validation at epoch 50...

VALIDATION_EPOCH_50 EVALUATION RESULTS:
==================================================
Obj:     1.390563e+00
Opt Gap:      3.185339e+00 ± 5.729186e-01
Eq Vio l1:   1.188815e-04 (max: 8.061679e-04)
Ineq Vio l1: 2.653386e-07 (max: 2.302523e-05)
Sol Dis:   1.464773e+02 ± 8.861007e-01
Merit:             1.391754e+00 ± 3.782014e-03
Avg Inf Time:  0.0607s
==================================================
Epoch 52/300, Loss: 1.7750, Obj: 1.4609, Eq Viol (l1): 0.000096, Ineq Viol (l1): 0.000000, Epoch time: 2.30s
Epoch 53/300, Loss: 1.7541, Obj: 1.4443, Eq Viol (l1): 0.000097, Ineq Viol (l1): 0.000000, Epoch time: 2.31s
Epoch 54/300, Loss: 1.7669, Obj: 1.4449, Eq Viol (l1): 0.000104, Ineq Viol (l1): 0.000000, Epoch time: 2.29s
Epoch 55/300, Loss: 1.7266, Obj: 1.4397, Eq Viol (l1): 0.000099, Ineq Viol (l1): 0.000000, Epoch time: 2.29s
Epoch 56/300, Loss: 1.7333, Obj: 1.4522, Eq Viol (l1): 0.000094, Ineq Viol (l1): 0.000000, Epoch time: 2.30s
Epoch 57/300, Loss: 1.6992, Obj: 1.4062, Eq Viol (l1): 0.000094, Ineq Viol (l1): 0.000000, Epoch time: 2.30s
Epoch 58/300, Loss: 1.7312, Obj: 1.4289, Eq Viol (l1): 0.000095, Ineq Viol (l1): 0.000000, Epoch time: 2.31s
Epoch 59/300, Loss: 1.7452, Obj: 1.4395, Eq Viol (l1): 0.000091, Ineq Viol (l1): 0.000000, Epoch time: 2.31s
Epoch 60/300, Loss: 1.7492, Obj: 1.4248, Eq Viol (l1): 0.000093, Ineq Viol (l1): 0.000000, Epoch time: 2.31s
Epoch 61/300, Loss: 1.7165, Obj: 1.4180, Eq Viol (l1): 0.000096, Ineq Viol (l1): 0.000000, Epoch time: 2.31s

Running validation at epoch 60...

VALIDATION_EPOCH_60 EVALUATION RESULTS:
==================================================
Obj:     1.312442e+00
Opt Gap:      3.043792e+00 ± 5.505560e-01
Eq Vio l1:   1.127785e-04 (max: 9.704365e-04)
Ineq Vio l1: 1.230537e-07 (max: 1.606947e-05)
Sol Dis:   1.459433e+02 ± 9.582323e-01
Merit:             1.313571e+00 ± 1.010631e-03
Avg Inf Time:  0.0629s
==================================================
Epoch 62/300, Loss: 1.7485, Obj: 1.4281, Eq Viol (l1): 0.000100, Ineq Viol (l1): 0.000000, Epoch time: 2.29s
Epoch 63/300, Loss: 1.7348, Obj: 1.4420, Eq Viol (l1): 0.000099, Ineq Viol (l1): 0.000000, Epoch time: 2.29s
Epoch 64/300, Loss: 1.7512, Obj: 1.4466, Eq Viol (l1): 0.000103, Ineq Viol (l1): 0.000000, Epoch time: 2.28s
Epoch 65/300, Loss: 1.6746, Obj: 1.3930, Eq Viol (l1): 0.000101, Ineq Viol (l1): 0.000000, Epoch time: 2.39s
Epoch 66/300, Loss: 1.6674, Obj: 1.3966, Eq Viol (l1): 0.000093, Ineq Viol (l1): 0.000000, Epoch time: 2.30s
Epoch 67/300, Loss: 1.7224, Obj: 1.4136, Eq Viol (l1): 0.000105, Ineq Viol (l1): 0.000000, Epoch time: 2.28s
Epoch 68/300, Loss: 1.7133, Obj: 1.4053, Eq Viol (l1): 0.000095, Ineq Viol (l1): 0.000000, Epoch time: 2.31s
Epoch 69/300, Loss: 1.6821, Obj: 1.3966, Eq Viol (l1): 0.000092, Ineq Viol (l1): 0.000000, Epoch time: 2.31s
Epoch 70/300, Loss: 1.7238, Obj: 1.4140, Eq Viol (l1): 0.000095, Ineq Viol (l1): 0.000000, Epoch time: 2.31s
Epoch 71/300, Loss: 1.7366, Obj: 1.4418, Eq Viol (l1): 0.000098, Ineq Viol (l1): 0.000000, Epoch time: 2.27s

Running validation at epoch 70...

VALIDATION_EPOCH_70 EVALUATION RESULTS:
==================================================
Obj:     1.288513e+00
Opt Gap:      3.090409e+00 ± 6.335978e-01
Eq Vio l1:   8.656302e-05 (max: 8.500969e-04)
Ineq Vio l1: 1.019211e-07 (max: 1.636425e-05)
Sol Dis:   1.460513e+02 ± 9.362781e-01
Merit:             1.289380e+00 ± 1.681117e-03
Avg Inf Time:  0.0660s
==================================================
Epoch 72/300, Loss: 1.7970, Obj: 1.4507, Eq Viol (l1): 0.000094, Ineq Viol (l1): 0.000000, Epoch time: 2.31s
Epoch 73/300, Loss: 1.7120, Obj: 1.4111, Eq Viol (l1): 0.000105, Ineq Viol (l1): 0.000000, Epoch time: 2.28s
Epoch 74/300, Loss: 1.6442, Obj: 1.3805, Eq Viol (l1): 0.000104, Ineq Viol (l1): 0.000000, Epoch time: 2.27s
Epoch 75/300, Loss: 1.6570, Obj: 1.3852, Eq Viol (l1): 0.000101, Ineq Viol (l1): 0.000000, Epoch time: 2.28s
Epoch 76/300, Loss: 1.6749, Obj: 1.3865, Eq Viol (l1): 0.000094, Ineq Viol (l1): 0.000000, Epoch time: 2.30s
Epoch 77/300, Loss: 1.6458, Obj: 1.3748, Eq Viol (l1): 0.000095, Ineq Viol (l1): 0.000000, Epoch time: 2.30s
Epoch 78/300, Loss: 1.6583, Obj: 1.3803, Eq Viol (l1): 0.000105, Ineq Viol (l1): 0.000000, Epoch time: 2.28s
Epoch 79/300, Loss: 1.6553, Obj: 1.3742, Eq Viol (l1): 0.000102, Ineq Viol (l1): 0.000000, Epoch time: 2.29s
Epoch 80/300, Loss: 1.6444, Obj: 1.3917, Eq Viol (l1): 0.000096, Ineq Viol (l1): 0.000000, Epoch time: 2.28s
Epoch 81/300, Loss: 1.6520, Obj: 1.3798, Eq Viol (l1): 0.000101, Ineq Viol (l1): 0.000000, Epoch time: 2.28s

Running validation at epoch 80...

VALIDATION_EPOCH_80 EVALUATION RESULTS:
==================================================
Obj:     1.319917e+00
Opt Gap:      3.081755e+00 ± 5.810638e-01
Eq Vio l1:   9.903339e-05 (max: 1.843324e-03)
Ineq Vio l1: 1.261219e-07 (max: 1.532656e-05)
Sol Dis:   1.464623e+02 ± 9.573599e-01
Merit:             1.320909e+00 ± 4.755656e-04
Avg Inf Time:  0.0616s
==================================================
Epoch 82/300, Loss: 1.6509, Obj: 1.3841, Eq Viol (l1): 0.000096, Ineq Viol (l1): 0.000000, Epoch time: 2.29s
Epoch 83/300, Loss: 1.6586, Obj: 1.3719, Eq Viol (l1): 0.000096, Ineq Viol (l1): 0.000000, Epoch time: 2.30s
Epoch 84/300, Loss: 1.6310, Obj: 1.3709, Eq Viol (l1): 0.000101, Ineq Viol (l1): 0.000000, Epoch time: 2.28s
Epoch 85/300, Loss: 1.6484, Obj: 1.3700, Eq Viol (l1): 0.000097, Ineq Viol (l1): 0.000000, Epoch time: 2.30s
Epoch 86/300, Loss: 1.6739, Obj: 1.3793, Eq Viol (l1): 0.000099, Ineq Viol (l1): 0.000000, Epoch time: 2.29s
Epoch 87/300, Loss: 1.6584, Obj: 1.3846, Eq Viol (l1): 0.000099, Ineq Viol (l1): 0.000000, Epoch time: 2.28s
Epoch 88/300, Loss: 1.6830, Obj: 1.3989, Eq Viol (l1): 0.000095, Ineq Viol (l1): 0.000000, Epoch time: 2.30s
Epoch 89/300, Loss: 1.6358, Obj: 1.3672, Eq Viol (l1): 0.000096, Ineq Viol (l1): 0.000000, Epoch time: 2.30s
Epoch 90/300, Loss: 1.6239, Obj: 1.3508, Eq Viol (l1): 0.000098, Ineq Viol (l1): 0.000000, Epoch time: 2.34s
Epoch 91/300, Loss: 1.6560, Obj: 1.3735, Eq Viol (l1): 0.000099, Ineq Viol (l1): 0.000000, Epoch time: 2.29s

Running validation at epoch 90...

VALIDATION_EPOCH_90 EVALUATION RESULTS:
==================================================
Obj:     1.283309e+00
Opt Gap:      3.032420e+00 ± 5.619093e-01
Eq Vio l1:   9.922163e-05 (max: 7.890953e-04)
Ineq Vio l1: 1.765786e-07 (max: 4.635731e-05)
Sol Dis:   1.460354e+02 ± 9.621156e-01
Merit:             1.284303e+00 ± 2.873284e-05
Avg Inf Time:  0.0636s
==================================================
Epoch 92/300, Loss: 1.6442, Obj: 1.3692, Eq Viol (l1): 0.000097, Ineq Viol (l1): 0.000000, Epoch time: 2.29s
Epoch 93/300, Loss: 1.6412, Obj: 1.3733, Eq Viol (l1): 0.000096, Ineq Viol (l1): 0.000000, Epoch time: 2.28s
Epoch 94/300, Loss: 1.6418, Obj: 1.3739, Eq Viol (l1): 0.000098, Ineq Viol (l1): 0.000000, Epoch time: 2.29s
Epoch 95/300, Loss: 1.6608, Obj: 1.3842, Eq Viol (l1): 0.000093, Ineq Viol (l1): 0.000000, Epoch time: 2.29s
Epoch 96/300, Loss: 1.6486, Obj: 1.3670, Eq Viol (l1): 0.000100, Ineq Viol (l1): 0.000000, Epoch time: 2.33s
Epoch 97/300, Loss: 1.6502, Obj: 1.3741, Eq Viol (l1): 0.000099, Ineq Viol (l1): 0.000000, Epoch time: 2.31s
Epoch 98/300, Loss: 1.6016, Obj: 1.3594, Eq Viol (l1): 0.000098, Ineq Viol (l1): 0.000000, Epoch time: 2.37s
Epoch 99/300, Loss: 1.6561, Obj: 1.3734, Eq Viol (l1): 0.000096, Ineq Viol (l1): 0.000000, Epoch time: 2.30s
Epoch 100/300, Loss: 1.6060, Obj: 1.3547, Eq Viol (l1): 0.000097, Ineq Viol (l1): 0.000000, Epoch time: 2.29s
Epoch 101/300, Loss: 1.6345, Obj: 1.3600, Eq Viol (l1): 0.000094, Ineq Viol (l1): 0.000000, Epoch time: 2.31s

Running validation at epoch 100...

VALIDATION_EPOCH_100 EVALUATION RESULTS:
==================================================
Obj:     1.318150e+00
Opt Gap:      3.085385e+00 ± 5.894422e-01
Eq Vio l1:   1.070960e-04 (max: 8.786959e-04)
Ineq Vio l1: 1.887405e-07 (max: 2.831218e-05)
Sol Dis:   1.459354e+02 ± 9.124373e-01
Merit:             1.319223e+00 ± 1.928483e-03
Avg Inf Time:  0.0618s
==================================================
Epoch 102/300, Loss: 1.6174, Obj: 1.3678, Eq Viol (l1): 0.000097, Ineq Viol (l1): 0.000000, Epoch time: 2.30s
Epoch 103/300, Loss: 1.6260, Obj: 1.3624, Eq Viol (l1): 0.000092, Ineq Viol (l1): 0.000000, Epoch time: 2.31s
Epoch 104/300, Loss: 1.6087, Obj: 1.3549, Eq Viol (l1): 0.000101, Ineq Viol (l1): 0.000000, Epoch time: 2.28s
Epoch 105/300, Loss: 1.5878, Obj: 1.3460, Eq Viol (l1): 0.000101, Ineq Viol (l1): 0.000000, Epoch time: 2.28s
Epoch 106/300, Loss: 1.5975, Obj: 1.3537, Eq Viol (l1): 0.000101, Ineq Viol (l1): 0.000000, Epoch time: 2.28s
Epoch 107/300, Loss: 1.6078, Obj: 1.3470, Eq Viol (l1): 0.000105, Ineq Viol (l1): 0.000000, Epoch time: 2.30s
Epoch 108/300, Loss: 1.5742, Obj: 1.3366, Eq Viol (l1): 0.000093, Ineq Viol (l1): 0.000000, Epoch time: 2.34s
Epoch 109/300, Loss: 1.6166, Obj: 1.3663, Eq Viol (l1): 0.000096, Ineq Viol (l1): 0.000000, Epoch time: 2.29s
Epoch 110/300, Loss: 1.6579, Obj: 1.3706, Eq Viol (l1): 0.000101, Ineq Viol (l1): 0.000000, Epoch time: 2.29s
Epoch 111/300, Loss: 1.5997, Obj: 1.3420, Eq Viol (l1): 0.000099, Ineq Viol (l1): 0.000000, Epoch time: 2.28s

Running validation at epoch 110...

VALIDATION_EPOCH_110 EVALUATION RESULTS:
==================================================
Obj:     1.279004e+00
Opt Gap:      2.987427e+00 ± 5.338140e-01
Eq Vio l1:   1.010086e-04 (max: 7.449098e-04)
Ineq Vio l1: 1.538530e-07 (max: 2.806136e-05)
Sol Dis:   1.460026e+02 ± 9.512527e-01
Merit:             1.280016e+00 ± 8.970981e-04
Avg Inf Time:  0.0630s
==================================================
Epoch 112/300, Loss: 1.5813, Obj: 1.3478, Eq Viol (l1): 0.000099, Ineq Viol (l1): 0.000000, Epoch time: 2.26s
Epoch 113/300, Loss: 1.5770, Obj: 1.3253, Eq Viol (l1): 0.000104, Ineq Viol (l1): 0.000000, Epoch time: 2.28s
Epoch 114/300, Loss: 1.6076, Obj: 1.3525, Eq Viol (l1): 0.000098, Ineq Viol (l1): 0.000000, Epoch time: 2.28s
Epoch 115/300, Loss: 1.5979, Obj: 1.3471, Eq Viol (l1): 0.000101, Ineq Viol (l1): 0.000000, Epoch time: 2.28s
Epoch 116/300, Loss: 1.6091, Obj: 1.3609, Eq Viol (l1): 0.000093, Ineq Viol (l1): 0.000000, Epoch time: 2.30s
Epoch 117/300, Loss: 1.6010, Obj: 1.3518, Eq Viol (l1): 0.000098, Ineq Viol (l1): 0.000000, Epoch time: 2.27s
Epoch 118/300, Loss: 1.6143, Obj: 1.3462, Eq Viol (l1): 0.000096, Ineq Viol (l1): 0.000000, Epoch time: 2.31s
Epoch 119/300, Loss: 1.6019, Obj: 1.3589, Eq Viol (l1): 0.000095, Ineq Viol (l1): 0.000000, Epoch time: 2.28s
Epoch 120/300, Loss: 1.6134, Obj: 1.3558, Eq Viol (l1): 0.000097, Ineq Viol (l1): 0.000000, Epoch time: 2.29s
Epoch 121/300, Loss: 1.6100, Obj: 1.3559, Eq Viol (l1): 0.000099, Ineq Viol (l1): 0.000000, Epoch time: 2.28s

Running validation at epoch 120...

VALIDATION_EPOCH_120 EVALUATION RESULTS:
==================================================
Obj:     1.457403e+00
Opt Gap:      3.195828e+00 ± 5.683972e-01
Eq Vio l1:   1.287492e-04 (max: 1.018641e-03)
Ineq Vio l1: 3.458885e-07 (max: 4.731355e-05)
Sol Dis:   1.467773e+02 ± 9.433550e-01
Merit:             1.458694e+00 ± 5.294760e-03
Avg Inf Time:  0.0583s
==================================================
Epoch 122/300, Loss: 1.6552, Obj: 1.3815, Eq Viol (l1): 0.000100, Ineq Viol (l1): 0.000000, Epoch time: 2.28s
Epoch 123/300, Loss: 1.5824, Obj: 1.3361, Eq Viol (l1): 0.000103, Ineq Viol (l1): 0.000000, Epoch time: 2.27s
Epoch 124/300, Loss: 1.6016, Obj: 1.3490, Eq Viol (l1): 0.000096, Ineq Viol (l1): 0.000000, Epoch time: 2.29s
Epoch 125/300, Loss: 1.5902, Obj: 1.3526, Eq Viol (l1): 0.000096, Ineq Viol (l1): 0.000000, Epoch time: 2.28s
Epoch 126/300, Loss: 1.5826, Obj: 1.3376, Eq Viol (l1): 0.000100, Ineq Viol (l1): 0.000000, Epoch time: 2.28s
Epoch 127/300, Loss: 1.5711, Obj: 1.3291, Eq Viol (l1): 0.000097, Ineq Viol (l1): 0.000000, Epoch time: 2.29s
Epoch 128/300, Loss: 1.5766, Obj: 1.3367, Eq Viol (l1): 0.000101, Ineq Viol (l1): 0.000000, Epoch time: 2.27s
Epoch 129/300, Loss: 1.5890, Obj: 1.3418, Eq Viol (l1): 0.000105, Ineq Viol (l1): 0.000000, Epoch time: 2.26s
Epoch 130/300, Loss: 1.6192, Obj: 1.3474, Eq Viol (l1): 0.000102, Ineq Viol (l1): 0.000000, Epoch time: 2.27s
Epoch 131/300, Loss: 1.5666, Obj: 1.3302, Eq Viol (l1): 0.000099, Ineq Viol (l1): 0.000000, Epoch time: 2.39s

Running validation at epoch 130...

VALIDATION_EPOCH_130 EVALUATION RESULTS:
==================================================
Obj:     1.303114e+00
Opt Gap:      3.043687e+00 ± 5.461086e-01
Eq Vio l1:   1.155940e-04 (max: 1.228199e-03)
Ineq Vio l1: 2.457353e-07 (max: 3.056780e-05)
Sol Dis:   1.461379e+02 ± 9.489485e-01
Merit:             1.304273e+00 ± 2.130922e-04
Avg Inf Time:  0.0607s
==================================================
Epoch 132/300, Loss: 1.5690, Obj: 1.3262, Eq Viol (l1): 0.000094, Ineq Viol (l1): 0.000000, Epoch time: 2.30s
Epoch 133/300, Loss: 1.5808, Obj: 1.3382, Eq Viol (l1): 0.000099, Ineq Viol (l1): 0.000000, Epoch time: 2.27s
Epoch 134/300, Loss: 1.5706, Obj: 1.3286, Eq Viol (l1): 0.000095, Ineq Viol (l1): 0.000000, Epoch time: 2.29s
Epoch 135/300, Loss: 1.5548, Obj: 1.3260, Eq Viol (l1): 0.000096, Ineq Viol (l1): 0.000000, Epoch time: 2.28s
Epoch 136/300, Loss: 1.5516, Obj: 1.3080, Eq Viol (l1): 0.000100, Ineq Viol (l1): 0.000000, Epoch time: 2.27s
Epoch 137/300, Loss: 1.6116, Obj: 1.3674, Eq Viol (l1): 0.000098, Ineq Viol (l1): 0.000000, Epoch time: 2.26s
Epoch 138/300, Loss: 1.5605, Obj: 1.3145, Eq Viol (l1): 0.000097, Ineq Viol (l1): 0.000000, Epoch time: 2.28s
Epoch 139/300, Loss: 1.5557, Obj: 1.3281, Eq Viol (l1): 0.000099, Ineq Viol (l1): 0.000000, Epoch time: 2.28s
Epoch 140/300, Loss: 1.5666, Obj: 1.3303, Eq Viol (l1): 0.000102, Ineq Viol (l1): 0.000000, Epoch time: 2.27s
Epoch 141/300, Loss: 1.5854, Obj: 1.3202, Eq Viol (l1): 0.000093, Ineq Viol (l1): 0.000000, Epoch time: 2.31s

Running validation at epoch 140...

VALIDATION_EPOCH_140 EVALUATION RESULTS:
==================================================
Obj:     1.438975e+00
Opt Gap:      3.199752e+00 ± 6.000787e-01
Eq Vio l1:   8.734303e-05 (max: 7.616070e-04)
Ineq Vio l1: 1.453980e-07 (max: 1.802071e-05)
Sol Dis:   1.470564e+02 ± 9.727332e-01
Merit:             1.439850e+00 ± 3.606720e-03
Avg Inf Time:  0.0606s
==================================================
Epoch 142/300, Loss: 1.6320, Obj: 1.3680, Eq Viol (l1): 0.000095, Ineq Viol (l1): 0.000000, Epoch time: 2.28s
Epoch 143/300, Loss: 1.5543, Obj: 1.3233, Eq Viol (l1): 0.000095, Ineq Viol (l1): 0.000000, Epoch time: 2.28s
Epoch 144/300, Loss: 1.5597, Obj: 1.3146, Eq Viol (l1): 0.000101, Ineq Viol (l1): 0.000000, Epoch time: 2.28s
Epoch 145/300, Loss: 1.5588, Obj: 1.3070, Eq Viol (l1): 0.000098, Ineq Viol (l1): 0.000000, Epoch time: 2.29s
Epoch 146/300, Loss: 1.5897, Obj: 1.3477, Eq Viol (l1): 0.000099, Ineq Viol (l1): 0.000000, Epoch time: 2.28s
Epoch 147/300, Loss: 1.5900, Obj: 1.3371, Eq Viol (l1): 0.000094, Ineq Viol (l1): 0.000000, Epoch time: 2.29s
Epoch 148/300, Loss: 1.5719, Obj: 1.3220, Eq Viol (l1): 0.000102, Ineq Viol (l1): 0.000000, Epoch time: 2.28s
Epoch 149/300, Loss: 1.5443, Obj: 1.3226, Eq Viol (l1): 0.000097, Ineq Viol (l1): 0.000000, Epoch time: 2.28s
Epoch 150/300, Loss: 1.5730, Obj: 1.3326, Eq Viol (l1): 0.000101, Ineq Viol (l1): 0.000000, Epoch time: 2.25s
Epoch 151/300, Loss: 1.5826, Obj: 1.3290, Eq Viol (l1): 0.000102, Ineq Viol (l1): 0.000000, Epoch time: 2.28s

Running validation at epoch 150...

VALIDATION_EPOCH_150 EVALUATION RESULTS:
==================================================
Obj:     1.287172e+00
Opt Gap:      3.031971e+00 ± 5.646978e-01
Eq Vio l1:   1.212237e-04 (max: 7.727504e-04)
Ineq Vio l1: 1.054319e-07 (max: 1.568763e-05)
Sol Dis:   1.460904e+02 ± 9.687220e-01
Merit:             1.288386e+00 ± 6.994232e-05
Avg Inf Time:  0.0629s
==================================================
Epoch 152/300, Loss: 1.5721, Obj: 1.3309, Eq Viol (l1): 0.000096, Ineq Viol (l1): 0.000000, Epoch time: 2.28s
Epoch 153/300, Loss: 1.5934, Obj: 1.3414, Eq Viol (l1): 0.000099, Ineq Viol (l1): 0.000000, Epoch time: 2.28s
Epoch 154/300, Loss: 1.5531, Obj: 1.3181, Eq Viol (l1): 0.000094, Ineq Viol (l1): 0.000000, Epoch time: 2.28s
Epoch 155/300, Loss: 1.5476, Obj: 1.3139, Eq Viol (l1): 0.000099, Ineq Viol (l1): 0.000000, Epoch time: 2.28s
Epoch 156/300, Loss: 1.5632, Obj: 1.3280, Eq Viol (l1): 0.000096, Ineq Viol (l1): 0.000000, Epoch time: 2.28s
Epoch 157/300, Loss: 1.5799, Obj: 1.3185, Eq Viol (l1): 0.000103, Ineq Viol (l1): 0.000000, Epoch time: 2.28s
Epoch 158/300, Loss: 1.5600, Obj: 1.3386, Eq Viol (l1): 0.000106, Ineq Viol (l1): 0.000000, Epoch time: 2.24s
Epoch 159/300, Loss: 1.5633, Obj: 1.3287, Eq Viol (l1): 0.000099, Ineq Viol (l1): 0.000000, Epoch time: 2.27s
Epoch 160/300, Loss: 1.5518, Obj: 1.3144, Eq Viol (l1): 0.000100, Ineq Viol (l1): 0.000000, Epoch time: 2.30s
Epoch 161/300, Loss: 1.5409, Obj: 1.3216, Eq Viol (l1): 0.000095, Ineq Viol (l1): 0.000000, Epoch time: 2.31s

Running validation at epoch 160...

VALIDATION_EPOCH_160 EVALUATION RESULTS:
==================================================
Obj:     1.280836e+00
Opt Gap:      3.008129e+00 ± 5.528239e-01
Eq Vio l1:   9.256513e-05 (max: 7.032061e-04)
Ineq Vio l1: 1.325517e-07 (max: 1.147942e-05)
Sol Dis:   1.459403e+02 ± 9.489983e-01
Merit:             1.281763e+00 ± 8.252797e-05
Avg Inf Time:  0.0633s
==================================================
Epoch 162/300, Loss: 1.5503, Obj: 1.3257, Eq Viol (l1): 0.000092, Ineq Viol (l1): 0.000000, Epoch time: 2.31s
Epoch 163/300, Loss: 1.5858, Obj: 1.3242, Eq Viol (l1): 0.000104, Ineq Viol (l1): 0.000000, Epoch time: 2.35s
Epoch 164/300, Loss: 1.5582, Obj: 1.3239, Eq Viol (l1): 0.000093, Ineq Viol (l1): 0.000000, Epoch time: 2.37s
Epoch 165/300, Loss: 1.5419, Obj: 1.3163, Eq Viol (l1): 0.000102, Ineq Viol (l1): 0.000000, Epoch time: 2.44s
Epoch 166/300, Loss: 1.5419, Obj: 1.3176, Eq Viol (l1): 0.000102, Ineq Viol (l1): 0.000000, Epoch time: 2.35s
Epoch 167/300, Loss: 1.6084, Obj: 1.3444, Eq Viol (l1): 0.000106, Ineq Viol (l1): 0.000000, Epoch time: 2.29s
Epoch 168/300, Loss: 1.6440, Obj: 1.3819, Eq Viol (l1): 0.000100, Ineq Viol (l1): 0.000000, Epoch time: 2.29s
Epoch 169/300, Loss: 1.6069, Obj: 1.3538, Eq Viol (l1): 0.000103, Ineq Viol (l1): 0.000000, Epoch time: 2.29s
Epoch 170/300, Loss: 1.5493, Obj: 1.3134, Eq Viol (l1): 0.000107, Ineq Viol (l1): 0.000000, Epoch time: 2.31s
Epoch 171/300, Loss: 1.5424, Obj: 1.3228, Eq Viol (l1): 0.000096, Ineq Viol (l1): 0.000000, Epoch time: 2.33s

Running validation at epoch 170...

VALIDATION_EPOCH_170 EVALUATION RESULTS:
==================================================
Obj:     1.306608e+00
Opt Gap:      3.042409e+00 ± 5.445160e-01
Eq Vio l1:   1.093248e-04 (max: 7.734732e-04)
Ineq Vio l1: 1.034520e-07 (max: 1.140898e-05)
Sol Dis:   1.462441e+02 ± 9.552061e-01
Merit:             1.307702e+00 ± 2.792804e-03
Avg Inf Time:  0.0610s
==================================================
Epoch 172/300, Loss: 1.5507, Obj: 1.3112, Eq Viol (l1): 0.000097, Ineq Viol (l1): 0.000000, Epoch time: 2.33s
Epoch 173/300, Loss: 1.5410, Obj: 1.3113, Eq Viol (l1): 0.000094, Ineq Viol (l1): 0.000000, Epoch time: 2.36s
Epoch 174/300, Loss: 1.5491, Obj: 1.3136, Eq Viol (l1): 0.000098, Ineq Viol (l1): 0.000000, Epoch time: 2.34s
Epoch 175/300, Loss: 1.5544, Obj: 1.3198, Eq Viol (l1): 0.000100, Ineq Viol (l1): 0.000000, Epoch time: 2.35s
Epoch 176/300, Loss: 1.5441, Obj: 1.3238, Eq Viol (l1): 0.000100, Ineq Viol (l1): 0.000000, Epoch time: 2.30s
Epoch 177/300, Loss: 1.5431, Obj: 1.3133, Eq Viol (l1): 0.000098, Ineq Viol (l1): 0.000000, Epoch time: 2.30s
Epoch 178/300, Loss: 1.5363, Obj: 1.3026, Eq Viol (l1): 0.000097, Ineq Viol (l1): 0.000000, Epoch time: 2.32s
Epoch 179/300, Loss: 1.5390, Obj: 1.3094, Eq Viol (l1): 0.000110, Ineq Viol (l1): 0.000000, Epoch time: 2.30s
Epoch 180/300, Loss: 1.5273, Obj: 1.3100, Eq Viol (l1): 0.000094, Ineq Viol (l1): 0.000000, Epoch time: 2.36s
Epoch 181/300, Loss: 1.5486, Obj: 1.3104, Eq Viol (l1): 0.000095, Ineq Viol (l1): 0.000000, Epoch time: 2.39s

Running validation at epoch 180...

VALIDATION_EPOCH_180 EVALUATION RESULTS:
==================================================
Obj:     1.288373e+00
Opt Gap:      3.072495e+00 ± 6.088717e-01
Eq Vio l1:   8.630138e-05 (max: 8.194811e-04)
Ineq Vio l1: 1.212783e-07 (max: 2.096130e-05)
Sol Dis:   1.459742e+02 ± 9.373691e-01
Merit:             1.289237e+00 ± 7.042694e-04
Avg Inf Time:  0.0636s
==================================================
Epoch 182/300, Loss: 1.5704, Obj: 1.3300, Eq Viol (l1): 0.000097, Ineq Viol (l1): 0.000000, Epoch time: 2.32s
Epoch 183/300, Loss: 1.5452, Obj: 1.3069, Eq Viol (l1): 0.000098, Ineq Viol (l1): 0.000000, Epoch time: 2.31s
Epoch 184/300, Loss: 1.5418, Obj: 1.3151, Eq Viol (l1): 0.000108, Ineq Viol (l1): 0.000000, Epoch time: 2.28s
Epoch 185/300, Loss: 1.5435, Obj: 1.3140, Eq Viol (l1): 0.000099, Ineq Viol (l1): 0.000000, Epoch time: 2.31s
Epoch 186/300, Loss: 1.5482, Obj: 1.3085, Eq Viol (l1): 0.000100, Ineq Viol (l1): 0.000000, Epoch time: 2.33s
Epoch 187/300, Loss: 1.5580, Obj: 1.3238, Eq Viol (l1): 0.000093, Ineq Viol (l1): 0.000000, Epoch time: 2.32s
Epoch 188/300, Loss: 1.5362, Obj: 1.3063, Eq Viol (l1): 0.000097, Ineq Viol (l1): 0.000000, Epoch time: 2.34s
Epoch 189/300, Loss: 1.5349, Obj: 1.3144, Eq Viol (l1): 0.000107, Ineq Viol (l1): 0.000000, Epoch time: 2.29s
Epoch 190/300, Loss: 1.5718, Obj: 1.3226, Eq Viol (l1): 0.000099, Ineq Viol (l1): 0.000000, Epoch time: 2.34s
Epoch 191/300, Loss: 1.5422, Obj: 1.3096, Eq Viol (l1): 0.000098, Ineq Viol (l1): 0.000000, Epoch time: 2.33s

Running validation at epoch 190...

VALIDATION_EPOCH_190 EVALUATION RESULTS:
==================================================
Obj:     1.331375e+00
Opt Gap:      3.052424e+00 ± 5.542968e-01
Eq Vio l1:   9.472819e-05 (max: 1.084712e-03)
Ineq Vio l1: 1.299488e-07 (max: 1.736035e-05)
Sol Dis:   1.460379e+02 ± 9.484177e-01
Merit:             1.332324e+00 ± 2.132232e-03
Avg Inf Time:  0.0617s
==================================================
Epoch 192/300, Loss: 1.5523, Obj: 1.3143, Eq Viol (l1): 0.000096, Ineq Viol (l1): 0.000000, Epoch time: 2.34s
Epoch 193/300, Loss: 1.5497, Obj: 1.3252, Eq Viol (l1): 0.000103, Ineq Viol (l1): 0.000000, Epoch time: 2.30s
Epoch 194/300, Loss: 1.5360, Obj: 1.3126, Eq Viol (l1): 0.000099, Ineq Viol (l1): 0.000000, Epoch time: 2.32s
Epoch 195/300, Loss: 1.5441, Obj: 1.3099, Eq Viol (l1): 0.000093, Ineq Viol (l1): 0.000000, Epoch time: 2.35s
Epoch 196/300, Loss: 1.5138, Obj: 1.2948, Eq Viol (l1): 0.000095, Ineq Viol (l1): 0.000000, Epoch time: 2.33s
Epoch 197/300, Loss: 1.5614, Obj: 1.3178, Eq Viol (l1): 0.000096, Ineq Viol (l1): 0.000000, Epoch time: 2.45s
Epoch 198/300, Loss: 1.5489, Obj: 1.3108, Eq Viol (l1): 0.000092, Ineq Viol (l1): 0.000000, Epoch time: 2.37s
Epoch 199/300, Loss: 1.5718, Obj: 1.3235, Eq Viol (l1): 0.000097, Ineq Viol (l1): 0.000000, Epoch time: 2.35s
Epoch 200/300, Loss: 1.5464, Obj: 1.3203, Eq Viol (l1): 0.000101, Ineq Viol (l1): 0.000000, Epoch time: 2.33s
Epoch 201/300, Loss: 1.5081, Obj: 1.2868, Eq Viol (l1): 0.000097, Ineq Viol (l1): 0.000000, Epoch time: 2.35s

Running validation at epoch 200...

VALIDATION_EPOCH_200 EVALUATION RESULTS:
==================================================
Obj:     1.277408e+00
Opt Gap:      3.061177e+00 ± 6.004809e-01
Eq Vio l1:   1.099247e-04 (max: 1.136588e-03)
Ineq Vio l1: 1.393720e-07 (max: 1.383203e-05)
Sol Dis:   1.460775e+02 ± 9.651490e-01
Merit:             1.278508e+00 ± 1.306835e-03
Avg Inf Time:  0.0609s
==================================================
Epoch 202/300, Loss: 1.5424, Obj: 1.3118, Eq Viol (l1): 0.000098, Ineq Viol (l1): 0.000000, Epoch time: 2.34s
Epoch 203/300, Loss: 1.5295, Obj: 1.2972, Eq Viol (l1): 0.000103, Ineq Viol (l1): 0.000000, Epoch time: 2.35s
Epoch 204/300, Loss: 1.5240, Obj: 1.3033, Eq Viol (l1): 0.000102, Ineq Viol (l1): 0.000000, Epoch time: 2.32s
Epoch 205/300, Loss: 1.5343, Obj: 1.3081, Eq Viol (l1): 0.000098, Ineq Viol (l1): 0.000000, Epoch time: 2.35s
Epoch 206/300, Loss: 1.5385, Obj: 1.3016, Eq Viol (l1): 0.000095, Ineq Viol (l1): 0.000000, Epoch time: 2.37s
Epoch 207/300, Loss: 1.5632, Obj: 1.3165, Eq Viol (l1): 0.000104, Ineq Viol (l1): 0.000000, Epoch time: 2.34s
Epoch 208/300, Loss: 1.5497, Obj: 1.3164, Eq Viol (l1): 0.000097, Ineq Viol (l1): 0.000000, Epoch time: 2.37s
Epoch 209/300, Loss: 1.5137, Obj: 1.3003, Eq Viol (l1): 0.000094, Ineq Viol (l1): 0.000000, Epoch time: 2.36s
Epoch 210/300, Loss: 1.5091, Obj: 1.2996, Eq Viol (l1): 0.000103, Ineq Viol (l1): 0.000000, Epoch time: 2.33s
Epoch 211/300, Loss: 1.5454, Obj: 1.3090, Eq Viol (l1): 0.000100, Ineq Viol (l1): 0.000000, Epoch time: 2.37s

Running validation at epoch 210...

VALIDATION_EPOCH_210 EVALUATION RESULTS:
==================================================
Obj:     1.302227e+00
Opt Gap:      3.085230e+00 ± 5.897289e-01
Eq Vio l1:   1.163688e-04 (max: 7.885829e-04)
Ineq Vio l1: 2.302466e-07 (max: 2.565010e-05)
Sol Dis:   1.462212e+02 ± 9.726189e-01
Merit:             1.303393e+00 ± 4.724119e-03
Avg Inf Time:  0.0605s
==================================================
Epoch 212/300, Loss: 1.5320, Obj: 1.3087, Eq Viol (l1): 0.000106, Ineq Viol (l1): 0.000000, Epoch time: 2.34s
Epoch 213/300, Loss: 1.5176, Obj: 1.3011, Eq Viol (l1): 0.000099, Ineq Viol (l1): 0.000000, Epoch time: 2.37s
Epoch 214/300, Loss: 1.5351, Obj: 1.3161, Eq Viol (l1): 0.000096, Ineq Viol (l1): 0.000000, Epoch time: 2.36s
Epoch 215/300, Loss: 1.5365, Obj: 1.3036, Eq Viol (l1): 0.000103, Ineq Viol (l1): 0.000000, Epoch time: 2.36s
Epoch 216/300, Loss: 1.5236, Obj: 1.2971, Eq Viol (l1): 0.000090, Ineq Viol (l1): 0.000000, Epoch time: 2.34s
Epoch 217/300, Loss: 1.5074, Obj: 1.2912, Eq Viol (l1): 0.000099, Ineq Viol (l1): 0.000000, Epoch time: 2.27s
Epoch 218/300, Loss: 1.5219, Obj: 1.3084, Eq Viol (l1): 0.000097, Ineq Viol (l1): 0.000000, Epoch time: 2.26s
Epoch 219/300, Loss: 1.5291, Obj: 1.3080, Eq Viol (l1): 0.000101, Ineq Viol (l1): 0.000000, Epoch time: 2.25s
Epoch 220/300, Loss: 1.5234, Obj: 1.3034, Eq Viol (l1): 0.000102, Ineq Viol (l1): 0.000000, Epoch time: 2.25s
Epoch 221/300, Loss: 1.5090, Obj: 1.2895, Eq Viol (l1): 0.000096, Ineq Viol (l1): 0.000000, Epoch time: 2.29s

Running validation at epoch 220...

VALIDATION_EPOCH_220 EVALUATION RESULTS:
==================================================
Obj:     1.314301e+00
Opt Gap:      3.043117e+00 ± 5.517023e-01
Eq Vio l1:   1.082173e-04 (max: 1.048141e-03)
Ineq Vio l1: 1.033554e-07 (max: 1.571786e-05)
Sol Dis:   1.462740e+02 ± 9.661942e-01
Merit:             1.315384e+00 ± 2.229414e-03
Avg Inf Time:  0.0604s
==================================================
Epoch 222/300, Loss: 1.5237, Obj: 1.3041, Eq Viol (l1): 0.000099, Ineq Viol (l1): 0.000000, Epoch time: 2.26s
Epoch 223/300, Loss: 1.5625, Obj: 1.3219, Eq Viol (l1): 0.000100, Ineq Viol (l1): 0.000000, Epoch time: 2.26s
Epoch 224/300, Loss: 1.5278, Obj: 1.3020, Eq Viol (l1): 0.000094, Ineq Viol (l1): 0.000000, Epoch time: 2.28s
Epoch 225/300, Loss: 1.5243, Obj: 1.2920, Eq Viol (l1): 0.000102, Ineq Viol (l1): 0.000000, Epoch time: 2.27s
Epoch 226/300, Loss: 1.5268, Obj: 1.3011, Eq Viol (l1): 0.000103, Ineq Viol (l1): 0.000000, Epoch time: 2.26s
Epoch 227/300, Loss: 1.5245, Obj: 1.3045, Eq Viol (l1): 0.000096, Ineq Viol (l1): 0.000000, Epoch time: 2.27s
Epoch 228/300, Loss: 1.5170, Obj: 1.3025, Eq Viol (l1): 0.000103, Ineq Viol (l1): 0.000000, Epoch time: 2.25s
Epoch 229/300, Loss: 1.5248, Obj: 1.2961, Eq Viol (l1): 0.000103, Ineq Viol (l1): 0.000000, Epoch time: 2.26s
Epoch 230/300, Loss: 1.4943, Obj: 1.2867, Eq Viol (l1): 0.000101, Ineq Viol (l1): 0.000000, Epoch time: 2.36s
Epoch 231/300, Loss: 1.5343, Obj: 1.3018, Eq Viol (l1): 0.000098, Ineq Viol (l1): 0.000000, Epoch time: 2.28s

Running validation at epoch 230...

VALIDATION_EPOCH_230 EVALUATION RESULTS:
==================================================
Obj:     1.261031e+00
Opt Gap:      2.995282e+00 ± 5.539024e-01
Eq Vio l1:   1.122817e-04 (max: 7.691071e-04)
Ineq Vio l1: 8.856512e-08 (max: 9.330898e-06)
Sol Dis:   1.462285e+02 ± 9.780899e-01
Merit:             1.262155e+00 ± 3.686864e-03
Avg Inf Time:  0.0633s
==================================================
Epoch 232/300, Loss: 1.5345, Obj: 1.3063, Eq Viol (l1): 0.000092, Ineq Viol (l1): 0.000000, Epoch time: 2.30s
Epoch 233/300, Loss: 1.5215, Obj: 1.2921, Eq Viol (l1): 0.000105, Ineq Viol (l1): 0.000000, Epoch time: 2.26s
Epoch 234/300, Loss: 1.4928, Obj: 1.2898, Eq Viol (l1): 0.000101, Ineq Viol (l1): 0.000000, Epoch time: 2.25s
Epoch 235/300, Loss: 1.5083, Obj: 1.2909, Eq Viol (l1): 0.000106, Ineq Viol (l1): 0.000000, Epoch time: 2.26s
Epoch 236/300, Loss: 1.5494, Obj: 1.3095, Eq Viol (l1): 0.000106, Ineq Viol (l1): 0.000000, Epoch time: 2.27s
Epoch 237/300, Loss: 1.5475, Obj: 1.3055, Eq Viol (l1): 0.000099, Ineq Viol (l1): 0.000000, Epoch time: 2.28s
Epoch 238/300, Loss: 1.5209, Obj: 1.3031, Eq Viol (l1): 0.000104, Ineq Viol (l1): 0.000000, Epoch time: 2.25s
Epoch 239/300, Loss: 1.5314, Obj: 1.3063, Eq Viol (l1): 0.000109, Ineq Viol (l1): 0.000000, Epoch time: 2.27s
Epoch 240/300, Loss: 1.5176, Obj: 1.2886, Eq Viol (l1): 0.000103, Ineq Viol (l1): 0.000000, Epoch time: 2.32s
Epoch 241/300, Loss: 1.5308, Obj: 1.3055, Eq Viol (l1): 0.000103, Ineq Viol (l1): 0.000000, Epoch time: 2.29s

Running validation at epoch 240...

VALIDATION_EPOCH_240 EVALUATION RESULTS:
==================================================
Obj:     1.282552e+00
Opt Gap:      3.012201e+00 ± 5.697997e-01
Eq Vio l1:   1.001372e-04 (max: 9.272537e-04)
Ineq Vio l1: 1.307041e-07 (max: 2.157947e-05)
Sol Dis:   1.458536e+02 ± 9.520267e-01
Merit:             1.283554e+00 ± 1.773884e-03
Avg Inf Time:  0.0637s
==================================================
Epoch 242/300, Loss: 1.5093, Obj: 1.2971, Eq Viol (l1): 0.000092, Ineq Viol (l1): 0.000000, Epoch time: 2.48s
Epoch 243/300, Loss: 1.5248, Obj: 1.2943, Eq Viol (l1): 0.000103, Ineq Viol (l1): 0.000000, Epoch time: 2.30s
Epoch 244/300, Loss: 1.5111, Obj: 1.2951, Eq Viol (l1): 0.000091, Ineq Viol (l1): 0.000000, Epoch time: 2.28s
Epoch 245/300, Loss: 1.5006, Obj: 1.2869, Eq Viol (l1): 0.000097, Ineq Viol (l1): 0.000000, Epoch time: 2.28s
Epoch 246/300, Loss: 1.5060, Obj: 1.2944, Eq Viol (l1): 0.000102, Ineq Viol (l1): 0.000000, Epoch time: 2.25s
Epoch 247/300, Loss: 1.5066, Obj: 1.2944, Eq Viol (l1): 0.000107, Ineq Viol (l1): 0.000000, Epoch time: 2.25s
Epoch 248/300, Loss: 1.5049, Obj: 1.2971, Eq Viol (l1): 0.000105, Ineq Viol (l1): 0.000000, Epoch time: 2.24s
Epoch 249/300, Loss: 1.5247, Obj: 1.3005, Eq Viol (l1): 0.000099, Ineq Viol (l1): 0.000000, Epoch time: 2.26s
Epoch 250/300, Loss: 1.4947, Obj: 1.2888, Eq Viol (l1): 0.000099, Ineq Viol (l1): 0.000000, Epoch time: 2.27s
Epoch 251/300, Loss: 1.4934, Obj: 1.2870, Eq Viol (l1): 0.000103, Ineq Viol (l1): 0.000000, Epoch time: 2.25s

Running validation at epoch 250...

VALIDATION_EPOCH_250 EVALUATION RESULTS:
==================================================
Obj:     1.284799e+00
Opt Gap:      3.040436e+00 ± 5.797916e-01
Eq Vio l1:   1.103202e-04 (max: 8.998352e-04)
Ineq Vio l1: 1.878857e-07 (max: 2.608412e-05)
Sol Dis:   1.460069e+02 ± 9.579485e-01
Merit:             1.285904e+00 ± 9.024880e-04
Avg Inf Time:  0.0605s
==================================================
Epoch 252/300, Loss: 1.5376, Obj: 1.3065, Eq Viol (l1): 0.000102, Ineq Viol (l1): 0.000000, Epoch time: 2.26s
Epoch 253/300, Loss: 1.5291, Obj: 1.2998, Eq Viol (l1): 0.000101, Ineq Viol (l1): 0.000000, Epoch time: 2.26s
Epoch 254/300, Loss: 1.5068, Obj: 1.2886, Eq Viol (l1): 0.000100, Ineq Viol (l1): 0.000000, Epoch time: 2.27s
Epoch 255/300, Loss: 1.5097, Obj: 1.2867, Eq Viol (l1): 0.000102, Ineq Viol (l1): 0.000000, Epoch time: 2.26s
Epoch 256/300, Loss: 1.5137, Obj: 1.2906, Eq Viol (l1): 0.000099, Ineq Viol (l1): 0.000000, Epoch time: 2.26s
Epoch 257/300, Loss: 1.5129, Obj: 1.3022, Eq Viol (l1): 0.000102, Ineq Viol (l1): 0.000000, Epoch time: 2.25s
Epoch 258/300, Loss: 1.5140, Obj: 1.2999, Eq Viol (l1): 0.000105, Ineq Viol (l1): 0.000000, Epoch time: 2.24s
Epoch 259/300, Loss: 1.4909, Obj: 1.2867, Eq Viol (l1): 0.000104, Ineq Viol (l1): 0.000000, Epoch time: 2.25s
Epoch 260/300, Loss: 1.4960, Obj: 1.2890, Eq Viol (l1): 0.000093, Ineq Viol (l1): 0.000000, Epoch time: 2.27s
Epoch 261/300, Loss: 1.5048, Obj: 1.2837, Eq Viol (l1): 0.000102, Ineq Viol (l1): 0.000000, Epoch time: 2.27s

Running validation at epoch 260...

VALIDATION_EPOCH_260 EVALUATION RESULTS:
==================================================
Obj:     1.245518e+00
Opt Gap:      2.947740e+00 ± 5.356952e-01
Eq Vio l1:   1.270591e-04 (max: 7.758620e-04)
Ineq Vio l1: 3.075893e-07 (max: 2.185915e-05)
Sol Dis:   1.456451e+02 ± 9.632103e-01
Merit:             1.246791e+00 ± 1.500035e-03
Avg Inf Time:  0.0633s
==================================================
Epoch 262/300, Loss: 1.4922, Obj: 1.2795, Eq Viol (l1): 0.000093, Ineq Viol (l1): 0.000000, Epoch time: 2.39s
Epoch 263/300, Loss: 1.5256, Obj: 1.2975, Eq Viol (l1): 0.000102, Ineq Viol (l1): 0.000000, Epoch time: 2.25s
Epoch 264/300, Loss: 1.4880, Obj: 1.2774, Eq Viol (l1): 0.000103, Ineq Viol (l1): 0.000000, Epoch time: 2.26s
Epoch 265/300, Loss: 1.4956, Obj: 1.2872, Eq Viol (l1): 0.000107, Ineq Viol (l1): 0.000000, Epoch time: 2.24s
Epoch 266/300, Loss: 1.4997, Obj: 1.2856, Eq Viol (l1): 0.000104, Ineq Viol (l1): 0.000000, Epoch time: 2.25s
Epoch 267/300, Loss: 1.5050, Obj: 1.2865, Eq Viol (l1): 0.000099, Ineq Viol (l1): 0.000000, Epoch time: 2.26s
Epoch 268/300, Loss: 1.5052, Obj: 1.2890, Eq Viol (l1): 0.000092, Ineq Viol (l1): 0.000000, Epoch time: 2.29s
Epoch 269/300, Loss: 1.4967, Obj: 1.2882, Eq Viol (l1): 0.000100, Ineq Viol (l1): 0.000000, Epoch time: 2.26s
Epoch 270/300, Loss: 1.5061, Obj: 1.2926, Eq Viol (l1): 0.000105, Ineq Viol (l1): 0.000000, Epoch time: 2.25s
Epoch 271/300, Loss: 1.5875, Obj: 1.3379, Eq Viol (l1): 0.000102, Ineq Viol (l1): 0.000000, Epoch time: 2.25s

Running validation at epoch 270...

VALIDATION_EPOCH_270 EVALUATION RESULTS:
==================================================
Obj:     1.243013e+00
Opt Gap:      2.965898e+00 ± 5.515087e-01
Eq Vio l1:   1.257989e-04 (max: 1.108799e-03)
Ineq Vio l1: 1.541672e-07 (max: 3.067180e-05)
Sol Dis:   1.456538e+02 ± 9.738190e-01
Merit:             1.244272e+00 ± 2.398217e-03
Avg Inf Time:  0.0633s
==================================================
Epoch 272/300, Loss: 1.5290, Obj: 1.2924, Eq Viol (l1): 0.000106, Ineq Viol (l1): 0.000000, Epoch time: 2.27s
Epoch 273/300, Loss: 1.5697, Obj: 1.3186, Eq Viol (l1): 0.000101, Ineq Viol (l1): 0.000000, Epoch time: 2.28s
Epoch 274/300, Loss: 1.5969, Obj: 1.3430, Eq Viol (l1): 0.000108, Ineq Viol (l1): 0.000000, Epoch time: 2.24s
Epoch 275/300, Loss: 1.5322, Obj: 1.3003, Eq Viol (l1): 0.000097, Ineq Viol (l1): 0.000000, Epoch time: 2.28s
Epoch 276/300, Loss: 1.5236, Obj: 1.3027, Eq Viol (l1): 0.000101, Ineq Viol (l1): 0.000000, Epoch time: 2.25s
Epoch 277/300, Loss: 1.5010, Obj: 1.2894, Eq Viol (l1): 0.000101, Ineq Viol (l1): 0.000000, Epoch time: 2.26s
Epoch 278/300, Loss: 1.5072, Obj: 1.2858, Eq Viol (l1): 0.000104, Ineq Viol (l1): 0.000000, Epoch time: 2.25s
Epoch 279/300, Loss: 1.5341, Obj: 1.2982, Eq Viol (l1): 0.000103, Ineq Viol (l1): 0.000000, Epoch time: 2.26s
Epoch 280/300, Loss: 1.5808, Obj: 1.3250, Eq Viol (l1): 0.000109, Ineq Viol (l1): 0.000000, Epoch time: 2.26s
Epoch 281/300, Loss: 1.5351, Obj: 1.3124, Eq Viol (l1): 0.000091, Ineq Viol (l1): 0.000000, Epoch time: 2.29s

Running validation at epoch 280...

VALIDATION_EPOCH_280 EVALUATION RESULTS:
==================================================
Obj:     1.256346e+00
Opt Gap:      2.975193e+00 ± 5.454250e-01
Eq Vio l1:   1.019190e-04 (max: 7.402144e-04)
Ineq Vio l1: 1.186112e-07 (max: 1.941180e-05)
Sol Dis:   1.460446e+02 ± 9.815769e-01
Merit:             1.257366e+00 ± 1.825858e-03
Avg Inf Time:  0.0631s
==================================================
Epoch 282/300, Loss: 1.5068, Obj: 1.2914, Eq Viol (l1): 0.000099, Ineq Viol (l1): 0.000000, Epoch time: 2.25s
Epoch 283/300, Loss: 1.4896, Obj: 1.2805, Eq Viol (l1): 0.000095, Ineq Viol (l1): 0.000000, Epoch time: 2.26s
Epoch 284/300, Loss: 1.4935, Obj: 1.2864, Eq Viol (l1): 0.000100, Ineq Viol (l1): 0.000000, Epoch time: 2.26s
Epoch 285/300, Loss: 1.5127, Obj: 1.2878, Eq Viol (l1): 0.000107, Ineq Viol (l1): 0.000000, Epoch time: 2.25s
Epoch 286/300, Loss: 1.5141, Obj: 1.2938, Eq Viol (l1): 0.000106, Ineq Viol (l1): 0.000000, Epoch time: 2.25s
Epoch 287/300, Loss: 1.4892, Obj: 1.2835, Eq Viol (l1): 0.000102, Ineq Viol (l1): 0.000000, Epoch time: 2.25s
Epoch 288/300, Loss: 1.5032, Obj: 1.2926, Eq Viol (l1): 0.000098, Ineq Viol (l1): 0.000000, Epoch time: 2.26s
Epoch 289/300, Loss: 1.5100, Obj: 1.2838, Eq Viol (l1): 0.000096, Ineq Viol (l1): 0.000000, Epoch time: 2.27s
Epoch 290/300, Loss: 1.4959, Obj: 1.2802, Eq Viol (l1): 0.000105, Ineq Viol (l1): 0.000000, Epoch time: 2.26s
Epoch 291/300, Loss: 1.4788, Obj: 1.2806, Eq Viol (l1): 0.000097, Ineq Viol (l1): 0.000000, Epoch time: 2.26s

Running validation at epoch 290...

VALIDATION_EPOCH_290 EVALUATION RESULTS:
==================================================
Obj:     1.257705e+00
Opt Gap:      2.960214e+00 ± 5.272945e-01
Eq Vio l1:   9.780583e-05 (max: 9.763831e-04)
Ineq Vio l1: 1.218033e-07 (max: 1.367520e-05)
Sol Dis:   1.460831e+02 ± 9.365237e-01
Merit:             1.258684e+00 ± 2.519251e-03
Avg Inf Time:  0.0631s
==================================================
Epoch 292/300, Loss: 1.5163, Obj: 1.2917, Eq Viol (l1): 0.000100, Ineq Viol (l1): 0.000000, Epoch time: 2.26s
Epoch 293/300, Loss: 1.5320, Obj: 1.3035, Eq Viol (l1): 0.000098, Ineq Viol (l1): 0.000000, Epoch time: 2.28s
Epoch 294/300, Loss: 1.4999, Obj: 1.2853, Eq Viol (l1): 0.000098, Ineq Viol (l1): 0.000000, Epoch time: 2.26s
Epoch 295/300, Loss: 1.5028, Obj: 1.2854, Eq Viol (l1): 0.000094, Ineq Viol (l1): 0.000000, Epoch time: 2.38s
Epoch 296/300, Loss: 1.5267, Obj: 1.2980, Eq Viol (l1): 0.000101, Ineq Viol (l1): 0.000000, Epoch time: 2.27s
Epoch 297/300, Loss: 1.5019, Obj: 1.2912, Eq Viol (l1): 0.000102, Ineq Viol (l1): 0.000000, Epoch time: 2.25s
Epoch 298/300, Loss: 1.5974, Obj: 1.3122, Eq Viol (l1): 0.000104, Ineq Viol (l1): 0.000000, Epoch time: 2.29s
Epoch 299/300, Loss: 1.5156, Obj: 1.2930, Eq Viol (l1): 0.000098, Ineq Viol (l1): 0.000000, Epoch time: 2.26s
Epoch 300/300, Loss: 1.4871, Obj: 1.2740, Eq Viol (l1): 0.000103, Ineq Viol (l1): 0.000000, Epoch time: 2.26s

Training completed in 706.36 seconds.

============================================================
COMPREHENSIVE TEST EVALUATION WITH DETAILED RESULTS
============================================================
Testing with batch sizes: [256, 512]

Evaluating with batch size: 256 (with detailed results)

TEST_BS256 EVALUATION RESULTS:
==================================================
Obj:     1.253633e+00
Opt Gap:      3.563450e+00 ± 1.278366e+00
Eq Vio l1:   1.053318e-04 (max: 8.257095e-04)
Ineq Vio l1: 1.871452e-07 (max: 1.314594e-05)
Sol Dis:   1.462633e+02 ± 1.361377e+00
Merit:             1.254689e+00 ± 5.436986e-02
Avg Inf Time:  0.0517s
==================================================

Evaluating with batch size: 512 (with detailed results)

TEST_BS512 EVALUATION RESULTS:
==================================================
Obj:     1.255802e+00
Opt Gap:      3.529110e+00 ± 6.265236e-01
Eq Vio l1:   1.029968e-04 (max: 1.060784e-03)
Ineq Vio l1: 2.186386e-07 (max: 2.107804e-05)
Sol Dis:   1.462821e+02 ± 1.096066e+00
Merit:             1.256834e+00 ± 3.257978e-02
Avg Inf Time:  0.0591s
==================================================

TEST BATCH SIZE COMPARISON:
================================================================================
Batch Size   Objective    Opt Gap      Eq Viol      Ineq Viol    Time (s)  
--------------------------------------------------------------------------------
256          1.2536e+00   3.5634e+00   1.0533e-04   1.8715e-07   0.41      
512          1.2558e+00   3.5291e+00   1.0300e-04   2.1864e-07   0.24      
================================================================================

Saving model and results to: results/nonsmooth_nonconvex/socp/SOCPProblem-100-50-50-10000/20260115-153755_MLP_FSNet_seed0_nepochs300_lr0.0002_trainsize7000_finetune_20260115-145229_sup_seedpen_model_630
✓ Model saved: results/nonsmooth_nonconvex/socp/SOCPProblem-100-50-50-10000/20260115-153755_MLP_FSNet_seed0_nepochs300_lr0.0002_trainsize7000_finetune_20260115-145229_sup_seedpen_model_630/model.pt
✓ Detailed results saved: results/nonsmooth_nonconvex/socp/SOCPProblem-100-50-50-10000/20260115-153755_MLP_FSNet_seed0_nepochs300_lr0.0002_trainsize7000_finetune_20260115-145229_sup_seedpen_model_630/results.pkl

Files saved (or attempted):
  - model.pt (model weights and architecture)
  - results.pkl (training history, metrics, detailed test results)
Training and testing completed in 708.65 seconds
Done!!!

======= Running for problem: nonsmooth_nonconvex/socp =======

Loading problem instance: nonsmooth_nonconvex/socp with size [100, 50, 50, 10000]
Loading  dataset from: datasets/nonsmooth_nonconvex/socp/random2025_socp_dataset_var100_ineq50_eq50_ex10000 

Running on:  cuda
Training model using FSNet method with seed 1 for 300 epochs
Using batch size: 512
Loading model from checkpoint: results/nonsmooth_nonconvex/socp/SOCPProblem-100-50-50-10000/20260115-145229_MLP_sup_pen_seed0_nepochs1000_lr0.0001_trainsize7000_subopt_3_1.5/model_630.pt

lr: 0.0002, weight_decay: 0.001, num_epochs: 300

Epoch 1/300, Loss: 22.6518, Obj: 22.5899, Eq Viol (l1): 0.000079, Ineq Viol (l1): 0.000000, Epoch time: 5.52s

Running validation at epoch 0...

VALIDATION_EPOCH_0 EVALUATION RESULTS:
==================================================
Obj:     2.239071e+01
Opt Gap:      3.986634e+01 ± 1.307863e+01
Eq Vio l1:   3.912679e-05 (max: 2.371528e-03)
Ineq Vio l1: 7.827797e-08 (max: 3.032486e-05)
Sol Dis:   1.926600e+02 ± 2.216443e-01
Merit:             2.239110e+01 ± 8.967887e-08
Avg Inf Time:  0.5925s
==================================================
Epoch 2/300, Loss: 21.3895, Obj: 21.1968, Eq Viol (l1): 0.000068, Ineq Viol (l1): 0.000000, Epoch time: 2.36s
Epoch 3/300, Loss: 20.2976, Obj: 19.8615, Eq Viol (l1): 0.000091, Ineq Viol (l1): 0.000001, Epoch time: 2.51s
Epoch 4/300, Loss: 19.2717, Obj: 18.9882, Eq Viol (l1): 0.000073, Ineq Viol (l1): 0.000000, Epoch time: 2.38s
Epoch 5/300, Loss: 17.7651, Obj: 17.4502, Eq Viol (l1): 0.000078, Ineq Viol (l1): 0.000001, Epoch time: 2.42s
Epoch 6/300, Loss: 15.7209, Obj: 15.3305, Eq Viol (l1): 0.000082, Ineq Viol (l1): 0.000001, Epoch time: 2.50s
Epoch 7/300, Loss: 13.4759, Obj: 12.9150, Eq Viol (l1): 0.000079, Ineq Viol (l1): 0.000000, Epoch time: 2.57s
Epoch 8/300, Loss: 10.9050, Obj: 10.2716, Eq Viol (l1): 0.000069, Ineq Viol (l1): 0.000000, Epoch time: 2.59s
Epoch 9/300, Loss: 8.3600, Obj: 7.6586, Eq Viol (l1): 0.000073, Ineq Viol (l1): 0.000000, Epoch time: 2.55s
Epoch 10/300, Loss: 7.4883, Obj: 6.8449, Eq Viol (l1): 0.000070, Ineq Viol (l1): 0.000000, Epoch time: 2.56s
Epoch 11/300, Loss: 7.1701, Obj: 6.5803, Eq Viol (l1): 0.000074, Ineq Viol (l1): 0.000000, Epoch time: 2.55s

Running validation at epoch 10...

VALIDATION_EPOCH_10 EVALUATION RESULTS:
==================================================
Obj:     6.591735e+00
Opt Gap:      1.229174e+01 ± 3.756413e+00
Eq Vio l1:   6.118173e-05 (max: 1.377930e-03)
Ineq Vio l1: 1.645387e-07 (max: 1.306219e-05)
Sol Dis:   1.652712e+02 ± 6.015793e-01
Merit:             6.592349e+00 ± 1.478555e-02
Avg Inf Time:  0.0682s
==================================================
Epoch 12/300, Loss: 7.2022, Obj: 6.4597, Eq Viol (l1): 0.000074, Ineq Viol (l1): 0.000000, Epoch time: 2.56s
Epoch 13/300, Loss: 7.0676, Obj: 6.4902, Eq Viol (l1): 0.000065, Ineq Viol (l1): 0.000000, Epoch time: 2.56s
Epoch 14/300, Loss: 7.0187, Obj: 6.3660, Eq Viol (l1): 0.000072, Ineq Viol (l1): 0.000000, Epoch time: 2.56s
Epoch 15/300, Loss: 6.8038, Obj: 6.2289, Eq Viol (l1): 0.000067, Ineq Viol (l1): 0.000000, Epoch time: 2.58s
Epoch 16/300, Loss: 6.9259, Obj: 6.3285, Eq Viol (l1): 0.000065, Ineq Viol (l1): 0.000000, Epoch time: 2.55s
Epoch 17/300, Loss: 6.6809, Obj: 6.0695, Eq Viol (l1): 0.000060, Ineq Viol (l1): 0.000000, Epoch time: 2.63s
Epoch 18/300, Loss: 6.5743, Obj: 6.0379, Eq Viol (l1): 0.000054, Ineq Viol (l1): 0.000000, Epoch time: 2.63s
Epoch 19/300, Loss: 6.5239, Obj: 5.9419, Eq Viol (l1): 0.000052, Ineq Viol (l1): 0.000000, Epoch time: 2.66s
Epoch 20/300, Loss: 6.4426, Obj: 5.8316, Eq Viol (l1): 0.000045, Ineq Viol (l1): 0.000000, Epoch time: 2.70s
Epoch 21/300, Loss: 6.4205, Obj: 5.6642, Eq Viol (l1): 0.000037, Ineq Viol (l1): 0.000000, Epoch time: 2.73s

Running validation at epoch 20...

VALIDATION_EPOCH_20 EVALUATION RESULTS:
==================================================
Obj:     5.557793e+00
Opt Gap:      1.083772e+01 ± 3.109694e+00
Eq Vio l1:   1.234829e-05 (max: 2.896472e-03)
Ineq Vio l1: 1.066271e-07 (max: 3.581978e-05)
Sol Dis:   1.727286e+02 ± 4.242290e-01
Merit:             5.557917e+00 ± 2.662161e-02
Avg Inf Time:  0.0926s
==================================================
Epoch 22/300, Loss: 6.2400, Obj: 5.3226, Eq Viol (l1): 0.000037, Ineq Viol (l1): 0.000000, Epoch time: 2.76s
Epoch 23/300, Loss: 6.2067, Obj: 5.1522, Eq Viol (l1): 0.000050, Ineq Viol (l1): 0.000000, Epoch time: 2.69s
Epoch 24/300, Loss: 5.2629, Obj: 4.5333, Eq Viol (l1): 0.000057, Ineq Viol (l1): 0.000000, Epoch time: 2.60s
Epoch 25/300, Loss: 4.8982, Obj: 4.2422, Eq Viol (l1): 0.000065, Ineq Viol (l1): 0.000000, Epoch time: 2.59s
Epoch 26/300, Loss: 4.6066, Obj: 3.9264, Eq Viol (l1): 0.000072, Ineq Viol (l1): 0.000001, Epoch time: 2.62s
Epoch 27/300, Loss: 4.3651, Obj: 3.7167, Eq Viol (l1): 0.000061, Ineq Viol (l1): 0.000000, Epoch time: 2.65s
Epoch 28/300, Loss: 4.1885, Obj: 3.5394, Eq Viol (l1): 0.000053, Ineq Viol (l1): 0.000001, Epoch time: 2.68s
Epoch 29/300, Loss: 3.9862, Obj: 3.2610, Eq Viol (l1): 0.000049, Ineq Viol (l1): 0.000001, Epoch time: 2.69s
Epoch 30/300, Loss: 3.8032, Obj: 3.0244, Eq Viol (l1): 0.000046, Ineq Viol (l1): 0.000000, Epoch time: 2.67s
Epoch 31/300, Loss: 3.3607, Obj: 2.6767, Eq Viol (l1): 0.000053, Ineq Viol (l1): 0.000000, Epoch time: 2.66s

Running validation at epoch 30...

VALIDATION_EPOCH_30 EVALUATION RESULTS:
==================================================
Obj:     2.469617e+00
Opt Gap:      5.461284e+00 ± 1.440335e+00
Eq Vio l1:   7.116694e-05 (max: 1.422690e-03)
Ineq Vio l1: 2.825172e-07 (max: 2.291690e-05)
Sol Dis:   1.570879e+02 ± 7.899769e-01
Merit:             2.470331e+00 ± 4.996873e-03
Avg Inf Time:  0.0724s
==================================================
Epoch 32/300, Loss: 3.0992, Obj: 2.4670, Eq Viol (l1): 0.000056, Ineq Viol (l1): 0.000000, Epoch time: 2.64s
Epoch 33/300, Loss: 2.8257, Obj: 2.2089, Eq Viol (l1): 0.000060, Ineq Viol (l1): 0.000000, Epoch time: 2.73s
Epoch 34/300, Loss: 2.4181, Obj: 1.9106, Eq Viol (l1): 0.000084, Ineq Viol (l1): 0.000000, Epoch time: 2.50s
Epoch 35/300, Loss: 2.2172, Obj: 1.7492, Eq Viol (l1): 0.000090, Ineq Viol (l1): 0.000000, Epoch time: 2.43s
Epoch 36/300, Loss: 2.0950, Obj: 1.6886, Eq Viol (l1): 0.000088, Ineq Viol (l1): 0.000000, Epoch time: 2.38s
Epoch 37/300, Loss: 1.9993, Obj: 1.6236, Eq Viol (l1): 0.000091, Ineq Viol (l1): 0.000000, Epoch time: 2.37s
Epoch 38/300, Loss: 2.0253, Obj: 1.6209, Eq Viol (l1): 0.000094, Ineq Viol (l1): 0.000000, Epoch time: 2.35s
Epoch 39/300, Loss: 2.0252, Obj: 1.6001, Eq Viol (l1): 0.000086, Ineq Viol (l1): 0.000000, Epoch time: 2.38s
Epoch 40/300, Loss: 1.8985, Obj: 1.5506, Eq Viol (l1): 0.000096, Ineq Viol (l1): 0.000000, Epoch time: 2.34s
Epoch 41/300, Loss: 1.8794, Obj: 1.5428, Eq Viol (l1): 0.000097, Ineq Viol (l1): 0.000000, Epoch time: 2.33s

Running validation at epoch 40...

VALIDATION_EPOCH_40 EVALUATION RESULTS:
==================================================
Obj:     1.446599e+00
Opt Gap:      3.279716e+00 ± 6.005801e-01
Eq Vio l1:   8.214991e-05 (max: 7.041764e-04)
Ineq Vio l1: 1.732894e-07 (max: 2.801587e-05)
Sol Dis:   1.472909e+02 ± 7.686180e-01
Merit:             1.447422e+00 ± 3.370169e-03
Avg Inf Time:  0.0606s
==================================================
Epoch 42/300, Loss: 1.8210, Obj: 1.5007, Eq Viol (l1): 0.000102, Ineq Viol (l1): 0.000000, Epoch time: 2.32s
Epoch 43/300, Loss: 1.8366, Obj: 1.5141, Eq Viol (l1): 0.000091, Ineq Viol (l1): 0.000000, Epoch time: 2.33s
Epoch 44/300, Loss: 1.8295, Obj: 1.5038, Eq Viol (l1): 0.000098, Ineq Viol (l1): 0.000000, Epoch time: 2.32s
Epoch 45/300, Loss: 1.8458, Obj: 1.5123, Eq Viol (l1): 0.000095, Ineq Viol (l1): 0.000000, Epoch time: 2.32s
Epoch 46/300, Loss: 1.8201, Obj: 1.4758, Eq Viol (l1): 0.000090, Ineq Viol (l1): 0.000000, Epoch time: 2.35s
Epoch 47/300, Loss: 1.8300, Obj: 1.5145, Eq Viol (l1): 0.000099, Ineq Viol (l1): 0.000000, Epoch time: 2.29s
Epoch 48/300, Loss: 1.8027, Obj: 1.4702, Eq Viol (l1): 0.000095, Ineq Viol (l1): 0.000000, Epoch time: 2.34s
Epoch 49/300, Loss: 1.7600, Obj: 1.4451, Eq Viol (l1): 0.000092, Ineq Viol (l1): 0.000000, Epoch time: 2.33s
Epoch 50/300, Loss: 1.7837, Obj: 1.4742, Eq Viol (l1): 0.000091, Ineq Viol (l1): 0.000000, Epoch time: 2.31s
Epoch 51/300, Loss: 1.8013, Obj: 1.4866, Eq Viol (l1): 0.000094, Ineq Viol (l1): 0.000000, Epoch time: 2.31s

Running validation at epoch 50...

VALIDATION_EPOCH_50 EVALUATION RESULTS:
==================================================
Obj:     1.332280e+00
Opt Gap:      3.080305e+00 ± 5.438848e-01
Eq Vio l1:   1.096247e-04 (max: 8.577518e-04)
Ineq Vio l1: 9.329319e-08 (max: 1.455396e-05)
Sol Dis:   1.468763e+02 ± 9.118316e-01
Merit:             1.333377e+00 ± 2.262235e-04
Avg Inf Time:  0.0632s
==================================================
Epoch 52/300, Loss: 1.7565, Obj: 1.4426, Eq Viol (l1): 0.000092, Ineq Viol (l1): 0.000000, Epoch time: 2.33s
Epoch 53/300, Loss: 1.7247, Obj: 1.4368, Eq Viol (l1): 0.000093, Ineq Viol (l1): 0.000000, Epoch time: 2.31s
Epoch 54/300, Loss: 1.7515, Obj: 1.4474, Eq Viol (l1): 0.000091, Ineq Viol (l1): 0.000000, Epoch time: 2.31s
Epoch 55/300, Loss: 1.7298, Obj: 1.4057, Eq Viol (l1): 0.000095, Ineq Viol (l1): 0.000000, Epoch time: 2.33s
Epoch 56/300, Loss: 1.7274, Obj: 1.4417, Eq Viol (l1): 0.000095, Ineq Viol (l1): 0.000000, Epoch time: 2.30s
Epoch 57/300, Loss: 1.7775, Obj: 1.4301, Eq Viol (l1): 0.000093, Ineq Viol (l1): 0.000000, Epoch time: 2.33s
Epoch 58/300, Loss: 1.7280, Obj: 1.4319, Eq Viol (l1): 0.000090, Ineq Viol (l1): 0.000000, Epoch time: 2.32s
Epoch 59/300, Loss: 1.7112, Obj: 1.4190, Eq Viol (l1): 0.000104, Ineq Viol (l1): 0.000000, Epoch time: 2.28s
Epoch 60/300, Loss: 1.6844, Obj: 1.3935, Eq Viol (l1): 0.000099, Ineq Viol (l1): 0.000000, Epoch time: 2.31s
Epoch 61/300, Loss: 1.6991, Obj: 1.4006, Eq Viol (l1): 0.000094, Ineq Viol (l1): 0.000000, Epoch time: 2.31s

Running validation at epoch 60...

VALIDATION_EPOCH_60 EVALUATION RESULTS:
==================================================
Obj:     1.310439e+00
Opt Gap:      3.041837e+00 ± 5.520522e-01
Eq Vio l1:   1.125158e-04 (max: 6.165207e-04)
Ineq Vio l1: 1.259661e-07 (max: 2.661042e-05)
Sol Dis:   1.462926e+02 ± 9.462077e-01
Merit:             1.311565e+00 ± 1.300527e-03
Avg Inf Time:  0.0625s
==================================================
Epoch 62/300, Loss: 1.6852, Obj: 1.4012, Eq Viol (l1): 0.000097, Ineq Viol (l1): 0.000000, Epoch time: 2.30s
Epoch 63/300, Loss: 1.7340, Obj: 1.4285, Eq Viol (l1): 0.000093, Ineq Viol (l1): 0.000000, Epoch time: 2.32s
Epoch 64/300, Loss: 1.7242, Obj: 1.4305, Eq Viol (l1): 0.000098, Ineq Viol (l1): 0.000000, Epoch time: 2.28s
Epoch 65/300, Loss: 1.6634, Obj: 1.3888, Eq Viol (l1): 0.000098, Ineq Viol (l1): 0.000000, Epoch time: 2.39s
Epoch 66/300, Loss: 1.6613, Obj: 1.3945, Eq Viol (l1): 0.000100, Ineq Viol (l1): 0.000000, Epoch time: 2.28s
Epoch 67/300, Loss: 1.7027, Obj: 1.4173, Eq Viol (l1): 0.000093, Ineq Viol (l1): 0.000000, Epoch time: 2.30s
Epoch 68/300, Loss: 1.6862, Obj: 1.3969, Eq Viol (l1): 0.000106, Ineq Viol (l1): 0.000000, Epoch time: 2.28s
Epoch 69/300, Loss: 1.6729, Obj: 1.4004, Eq Viol (l1): 0.000095, Ineq Viol (l1): 0.000000, Epoch time: 2.31s
Epoch 70/300, Loss: 1.6863, Obj: 1.3977, Eq Viol (l1): 0.000105, Ineq Viol (l1): 0.000000, Epoch time: 2.29s
Epoch 71/300, Loss: 1.6824, Obj: 1.3936, Eq Viol (l1): 0.000093, Ineq Viol (l1): 0.000000, Epoch time: 2.31s

Running validation at epoch 70...

VALIDATION_EPOCH_70 EVALUATION RESULTS:
==================================================
Obj:     1.336184e+00
Opt Gap:      3.105174e+00 ± 5.788889e-01
Eq Vio l1:   1.076163e-04 (max: 1.025518e-03)
Ineq Vio l1: 1.338065e-07 (max: 2.126029e-05)
Sol Dis:   1.465118e+02 ± 9.949426e-01
Merit:             1.337261e+00 ± 3.063199e-03
Avg Inf Time:  0.0617s
==================================================
Epoch 72/300, Loss: 1.7220, Obj: 1.4148, Eq Viol (l1): 0.000097, Ineq Viol (l1): 0.000000, Epoch time: 2.31s
Epoch 73/300, Loss: 1.6688, Obj: 1.3985, Eq Viol (l1): 0.000101, Ineq Viol (l1): 0.000000, Epoch time: 2.28s
Epoch 74/300, Loss: 1.6697, Obj: 1.3874, Eq Viol (l1): 0.000099, Ineq Viol (l1): 0.000000, Epoch time: 2.29s
Epoch 75/300, Loss: 1.6316, Obj: 1.3737, Eq Viol (l1): 0.000096, Ineq Viol (l1): 0.000000, Epoch time: 2.29s
Epoch 76/300, Loss: 1.6499, Obj: 1.3905, Eq Viol (l1): 0.000099, Ineq Viol (l1): 0.000000, Epoch time: 2.27s
Epoch 77/300, Loss: 1.6634, Obj: 1.3923, Eq Viol (l1): 0.000090, Ineq Viol (l1): 0.000000, Epoch time: 2.31s
Epoch 78/300, Loss: 1.6975, Obj: 1.3994, Eq Viol (l1): 0.000099, Ineq Viol (l1): 0.000000, Epoch time: 2.30s
Epoch 79/300, Loss: 1.7369, Obj: 1.4089, Eq Viol (l1): 0.000101, Ineq Viol (l1): 0.000000, Epoch time: 2.31s
Epoch 80/300, Loss: 1.6984, Obj: 1.4147, Eq Viol (l1): 0.000092, Ineq Viol (l1): 0.000000, Epoch time: 2.30s
Epoch 81/300, Loss: 1.6651, Obj: 1.3696, Eq Viol (l1): 0.000097, Ineq Viol (l1): 0.000000, Epoch time: 2.31s

Running validation at epoch 80...

VALIDATION_EPOCH_80 EVALUATION RESULTS:
==================================================
Obj:     1.483980e+00
Opt Gap:      3.373820e+00 ± 6.579747e-01
Eq Vio l1:   8.472023e-05 (max: 8.658437e-04)
Ineq Vio l1: 1.614109e-07 (max: 2.654561e-05)
Sol Dis:   1.469011e+02 ± 9.124451e-01
Merit:             1.484828e+00 ± 5.916880e-03
Avg Inf Time:  0.0581s
==================================================
Epoch 82/300, Loss: 1.6607, Obj: 1.3936, Eq Viol (l1): 0.000102, Ineq Viol (l1): 0.000000, Epoch time: 2.27s
Epoch 83/300, Loss: 1.6415, Obj: 1.3711, Eq Viol (l1): 0.000093, Ineq Viol (l1): 0.000000, Epoch time: 2.31s
Epoch 84/300, Loss: 1.6447, Obj: 1.3822, Eq Viol (l1): 0.000102, Ineq Viol (l1): 0.000000, Epoch time: 2.28s
Epoch 85/300, Loss: 1.6586, Obj: 1.3827, Eq Viol (l1): 0.000099, Ineq Viol (l1): 0.000000, Epoch time: 2.29s
Epoch 86/300, Loss: 1.6340, Obj: 1.3755, Eq Viol (l1): 0.000101, Ineq Viol (l1): 0.000000, Epoch time: 2.28s
Epoch 87/300, Loss: 1.6408, Obj: 1.3771, Eq Viol (l1): 0.000095, Ineq Viol (l1): 0.000000, Epoch time: 2.30s
Epoch 88/300, Loss: 1.6478, Obj: 1.3760, Eq Viol (l1): 0.000098, Ineq Viol (l1): 0.000000, Epoch time: 2.29s
Epoch 89/300, Loss: 1.6706, Obj: 1.3923, Eq Viol (l1): 0.000098, Ineq Viol (l1): 0.000000, Epoch time: 2.30s
Epoch 90/300, Loss: 1.6428, Obj: 1.3931, Eq Viol (l1): 0.000097, Ineq Viol (l1): 0.000000, Epoch time: 2.27s
Epoch 91/300, Loss: 1.6144, Obj: 1.3457, Eq Viol (l1): 0.000104, Ineq Viol (l1): 0.000000, Epoch time: 2.29s

Running validation at epoch 90...

VALIDATION_EPOCH_90 EVALUATION RESULTS:
==================================================
Obj:     1.316946e+00
Opt Gap:      3.062546e+00 ± 5.745826e-01
Eq Vio l1:   1.060401e-04 (max: 1.253252e-03)
Ineq Vio l1: 1.225153e-07 (max: 1.139502e-05)
Sol Dis:   1.465102e+02 ± 9.511523e-01
Merit:             1.318007e+00 ± 7.370924e-05
Avg Inf Time:  0.0595s
==================================================
Epoch 92/300, Loss: 1.6096, Obj: 1.3768, Eq Viol (l1): 0.000095, Ineq Viol (l1): 0.000000, Epoch time: 2.28s
Epoch 93/300, Loss: 1.6697, Obj: 1.3761, Eq Viol (l1): 0.000101, Ineq Viol (l1): 0.000000, Epoch time: 2.29s
Epoch 94/300, Loss: 1.6598, Obj: 1.3966, Eq Viol (l1): 0.000093, Ineq Viol (l1): 0.000000, Epoch time: 2.28s
Epoch 95/300, Loss: 1.5911, Obj: 1.3455, Eq Viol (l1): 0.000093, Ineq Viol (l1): 0.000000, Epoch time: 2.30s
Epoch 96/300, Loss: 1.6361, Obj: 1.3671, Eq Viol (l1): 0.000097, Ineq Viol (l1): 0.000000, Epoch time: 2.30s
Epoch 97/300, Loss: 1.6541, Obj: 1.3719, Eq Viol (l1): 0.000093, Ineq Viol (l1): 0.000000, Epoch time: 2.31s
Epoch 98/300, Loss: 1.6427, Obj: 1.3814, Eq Viol (l1): 0.000097, Ineq Viol (l1): 0.000000, Epoch time: 2.29s
Epoch 99/300, Loss: 1.6286, Obj: 1.3586, Eq Viol (l1): 0.000100, Ineq Viol (l1): 0.000000, Epoch time: 2.40s
Epoch 100/300, Loss: 1.6029, Obj: 1.3529, Eq Viol (l1): 0.000104, Ineq Viol (l1): 0.000000, Epoch time: 2.27s
Epoch 101/300, Loss: 1.6422, Obj: 1.3811, Eq Viol (l1): 0.000095, Ineq Viol (l1): 0.000000, Epoch time: 2.29s

Running validation at epoch 100...

VALIDATION_EPOCH_100 EVALUATION RESULTS:
==================================================
Obj:     1.359303e+00
Opt Gap:      3.138335e+00 ± 5.843756e-01
Eq Vio l1:   9.704899e-05 (max: 9.797872e-04)
Ineq Vio l1: 1.422263e-07 (max: 2.237602e-05)
Sol Dis:   1.464466e+02 ± 9.370555e-01
Merit:             1.360275e+00 ± 1.009528e-03
Avg Inf Time:  0.0610s
==================================================
Epoch 102/300, Loss: 1.6293, Obj: 1.3693, Eq Viol (l1): 0.000095, Ineq Viol (l1): 0.000000, Epoch time: 2.29s
Epoch 103/300, Loss: 1.6318, Obj: 1.3686, Eq Viol (l1): 0.000096, Ineq Viol (l1): 0.000000, Epoch time: 2.30s
Epoch 104/300, Loss: 1.6029, Obj: 1.3467, Eq Viol (l1): 0.000098, Ineq Viol (l1): 0.000000, Epoch time: 2.29s
Epoch 105/300, Loss: 1.6360, Obj: 1.3683, Eq Viol (l1): 0.000095, Ineq Viol (l1): 0.000000, Epoch time: 2.29s
Epoch 106/300, Loss: 1.6267, Obj: 1.3584, Eq Viol (l1): 0.000102, Ineq Viol (l1): 0.000000, Epoch time: 2.28s
Epoch 107/300, Loss: 1.6187, Obj: 1.3637, Eq Viol (l1): 0.000105, Ineq Viol (l1): 0.000000, Epoch time: 2.26s
Epoch 108/300, Loss: 1.6031, Obj: 1.3447, Eq Viol (l1): 0.000093, Ineq Viol (l1): 0.000000, Epoch time: 2.30s
Epoch 109/300, Loss: 1.7061, Obj: 1.3744, Eq Viol (l1): 0.000101, Ineq Viol (l1): 0.000000, Epoch time: 2.32s
Epoch 110/300, Loss: 1.6287, Obj: 1.3646, Eq Viol (l1): 0.000098, Ineq Viol (l1): 0.000000, Epoch time: 2.29s
Epoch 111/300, Loss: 1.6171, Obj: 1.3623, Eq Viol (l1): 0.000097, Ineq Viol (l1): 0.000000, Epoch time: 2.28s

Running validation at epoch 110...

VALIDATION_EPOCH_110 EVALUATION RESULTS:
==================================================
Obj:     1.283002e+00
Opt Gap:      3.029918e+00 ± 5.672154e-01
Eq Vio l1:   9.243562e-05 (max: 7.000357e-04)
Ineq Vio l1: 9.774172e-08 (max: 1.268260e-05)
Sol Dis:   1.460221e+02 ± 9.576092e-01
Merit:             1.283927e+00 ± 2.538475e-03
Avg Inf Time:  0.0629s
==================================================
Epoch 112/300, Loss: 1.6180, Obj: 1.3503, Eq Viol (l1): 0.000103, Ineq Viol (l1): 0.000000, Epoch time: 2.28s
Epoch 113/300, Loss: 1.6342, Obj: 1.3662, Eq Viol (l1): 0.000104, Ineq Viol (l1): 0.000000, Epoch time: 2.28s
Epoch 114/300, Loss: 1.5984, Obj: 1.3472, Eq Viol (l1): 0.000101, Ineq Viol (l1): 0.000000, Epoch time: 2.28s
Epoch 115/300, Loss: 1.6459, Obj: 1.3647, Eq Viol (l1): 0.000097, Ineq Viol (l1): 0.000000, Epoch time: 2.28s
Epoch 116/300, Loss: 1.6203, Obj: 1.3662, Eq Viol (l1): 0.000096, Ineq Viol (l1): 0.000000, Epoch time: 2.29s
Epoch 117/300, Loss: 1.6146, Obj: 1.3486, Eq Viol (l1): 0.000093, Ineq Viol (l1): 0.000000, Epoch time: 2.30s
Epoch 118/300, Loss: 1.6033, Obj: 1.3645, Eq Viol (l1): 0.000100, Ineq Viol (l1): 0.000000, Epoch time: 2.26s
Epoch 119/300, Loss: 1.5953, Obj: 1.3496, Eq Viol (l1): 0.000101, Ineq Viol (l1): 0.000000, Epoch time: 2.27s
Epoch 120/300, Loss: 1.6144, Obj: 1.3673, Eq Viol (l1): 0.000098, Ineq Viol (l1): 0.000000, Epoch time: 2.27s
Epoch 121/300, Loss: 1.5922, Obj: 1.3454, Eq Viol (l1): 0.000094, Ineq Viol (l1): 0.000000, Epoch time: 2.30s

Running validation at epoch 120...

VALIDATION_EPOCH_120 EVALUATION RESULTS:
==================================================
Obj:     1.270058e+00
Opt Gap:      2.982015e+00 ± 5.369740e-01
Eq Vio l1:   1.060980e-04 (max: 7.858703e-04)
Ineq Vio l1: 9.263011e-08 (max: 1.494821e-05)
Sol Dis:   1.460102e+02 ± 9.312763e-01
Merit:             1.271120e+00 ± 1.135089e-03
Avg Inf Time:  0.0632s
==================================================
Epoch 122/300, Loss: 1.6103, Obj: 1.3404, Eq Viol (l1): 0.000101, Ineq Viol (l1): 0.000000, Epoch time: 2.28s
Epoch 123/300, Loss: 1.5695, Obj: 1.3341, Eq Viol (l1): 0.000100, Ineq Viol (l1): 0.000000, Epoch time: 2.28s
Epoch 124/300, Loss: 1.5966, Obj: 1.3419, Eq Viol (l1): 0.000096, Ineq Viol (l1): 0.000000, Epoch time: 2.29s
Epoch 125/300, Loss: 1.6111, Obj: 1.3530, Eq Viol (l1): 0.000094, Ineq Viol (l1): 0.000000, Epoch time: 2.29s
Epoch 126/300, Loss: 1.5795, Obj: 1.3372, Eq Viol (l1): 0.000096, Ineq Viol (l1): 0.000000, Epoch time: 2.29s
Epoch 127/300, Loss: 1.5584, Obj: 1.3291, Eq Viol (l1): 0.000097, Ineq Viol (l1): 0.000000, Epoch time: 2.28s
Epoch 128/300, Loss: 1.5765, Obj: 1.3364, Eq Viol (l1): 0.000100, Ineq Viol (l1): 0.000000, Epoch time: 2.27s
Epoch 129/300, Loss: 1.6002, Obj: 1.3414, Eq Viol (l1): 0.000098, Ineq Viol (l1): 0.000000, Epoch time: 2.30s
Epoch 130/300, Loss: 1.5881, Obj: 1.3391, Eq Viol (l1): 0.000099, Ineq Viol (l1): 0.000000, Epoch time: 2.30s
Epoch 131/300, Loss: 1.5783, Obj: 1.3379, Eq Viol (l1): 0.000100, Ineq Viol (l1): 0.000000, Epoch time: 2.28s

Running validation at epoch 130...

VALIDATION_EPOCH_130 EVALUATION RESULTS:
==================================================
Obj:     1.287314e+00
Opt Gap:      3.023746e+00 ± 5.526868e-01
Eq Vio l1:   1.025355e-04 (max: 7.111144e-04)
Ineq Vio l1: 6.135810e-08 (max: 1.628920e-05)
Sol Dis:   1.464183e+02 ± 9.878120e-01
Merit:             1.288340e+00 ± 1.705905e-03
Avg Inf Time:  0.0629s
==================================================
Epoch 132/300, Loss: 1.5998, Obj: 1.3339, Eq Viol (l1): 0.000104, Ineq Viol (l1): 0.000000, Epoch time: 2.28s
Epoch 133/300, Loss: 1.6019, Obj: 1.3443, Eq Viol (l1): 0.000103, Ineq Viol (l1): 0.000000, Epoch time: 2.38s
Epoch 134/300, Loss: 1.5789, Obj: 1.3328, Eq Viol (l1): 0.000097, Ineq Viol (l1): 0.000000, Epoch time: 2.30s
Epoch 135/300, Loss: 1.5581, Obj: 1.3187, Eq Viol (l1): 0.000092, Ineq Viol (l1): 0.000000, Epoch time: 2.30s
Epoch 136/300, Loss: 1.5543, Obj: 1.3233, Eq Viol (l1): 0.000093, Ineq Viol (l1): 0.000000, Epoch time: 2.29s
Epoch 137/300, Loss: 1.5622, Obj: 1.3238, Eq Viol (l1): 0.000099, Ineq Viol (l1): 0.000000, Epoch time: 2.28s
Epoch 138/300, Loss: 1.5660, Obj: 1.3328, Eq Viol (l1): 0.000094, Ineq Viol (l1): 0.000000, Epoch time: 2.28s
Epoch 139/300, Loss: 1.6029, Obj: 1.3397, Eq Viol (l1): 0.000096, Ineq Viol (l1): 0.000000, Epoch time: 2.29s
Epoch 140/300, Loss: 1.5998, Obj: 1.3467, Eq Viol (l1): 0.000099, Ineq Viol (l1): 0.000000, Epoch time: 2.28s
Epoch 141/300, Loss: 1.6095, Obj: 1.3506, Eq Viol (l1): 0.000095, Ineq Viol (l1): 0.000000, Epoch time: 2.29s

Running validation at epoch 140...

VALIDATION_EPOCH_140 EVALUATION RESULTS:
==================================================
Obj:     1.284424e+00
Opt Gap:      3.013658e+00 ± 5.212569e-01
Eq Vio l1:   1.078552e-04 (max: 1.109472e-03)
Ineq Vio l1: 9.066613e-08 (max: 1.227701e-05)
Sol Dis:   1.462697e+02 ± 9.521253e-01
Merit:             1.285503e+00 ± 1.255670e-03
Avg Inf Time:  0.0630s
==================================================
Epoch 142/300, Loss: 1.6056, Obj: 1.3311, Eq Viol (l1): 0.000099, Ineq Viol (l1): 0.000000, Epoch time: 2.30s
Epoch 143/300, Loss: 1.5645, Obj: 1.3345, Eq Viol (l1): 0.000103, Ineq Viol (l1): 0.000000, Epoch time: 2.26s
Epoch 144/300, Loss: 1.6048, Obj: 1.3482, Eq Viol (l1): 0.000101, Ineq Viol (l1): 0.000000, Epoch time: 2.29s
Epoch 145/300, Loss: 1.5712, Obj: 1.3369, Eq Viol (l1): 0.000094, Ineq Viol (l1): 0.000000, Epoch time: 2.29s
Epoch 146/300, Loss: 1.5730, Obj: 1.3411, Eq Viol (l1): 0.000101, Ineq Viol (l1): 0.000000, Epoch time: 2.27s
Epoch 147/300, Loss: 1.5936, Obj: 1.3426, Eq Viol (l1): 0.000104, Ineq Viol (l1): 0.000000, Epoch time: 2.27s
Epoch 148/300, Loss: 1.5807, Obj: 1.3408, Eq Viol (l1): 0.000098, Ineq Viol (l1): 0.000000, Epoch time: 2.26s
Epoch 149/300, Loss: 1.5882, Obj: 1.3280, Eq Viol (l1): 0.000103, Ineq Viol (l1): 0.000000, Epoch time: 2.28s
Epoch 150/300, Loss: 1.6242, Obj: 1.3446, Eq Viol (l1): 0.000096, Ineq Viol (l1): 0.000000, Epoch time: 2.31s
Epoch 151/300, Loss: 1.5487, Obj: 1.3225, Eq Viol (l1): 0.000097, Ineq Viol (l1): 0.000000, Epoch time: 2.28s

Running validation at epoch 150...

VALIDATION_EPOCH_150 EVALUATION RESULTS:
==================================================
Obj:     1.327283e+00
Opt Gap:      3.112625e+00 ± 5.867660e-01
Eq Vio l1:   1.128467e-04 (max: 8.287527e-04)
Ineq Vio l1: 1.241174e-07 (max: 1.120017e-05)
Sol Dis:   1.463440e+02 ± 9.676428e-01
Merit:             1.328413e+00 ± 2.722271e-03
Avg Inf Time:  0.0594s
==================================================
Epoch 152/300, Loss: 1.5742, Obj: 1.3337, Eq Viol (l1): 0.000099, Ineq Viol (l1): 0.000000, Epoch time: 2.28s
Epoch 153/300, Loss: 1.5593, Obj: 1.3199, Eq Viol (l1): 0.000101, Ineq Viol (l1): 0.000000, Epoch time: 2.29s
Epoch 154/300, Loss: 1.5575, Obj: 1.3235, Eq Viol (l1): 0.000101, Ineq Viol (l1): 0.000000, Epoch time: 2.27s
Epoch 155/300, Loss: 1.5554, Obj: 1.3241, Eq Viol (l1): 0.000107, Ineq Viol (l1): 0.000000, Epoch time: 2.25s
Epoch 156/300, Loss: 1.5413, Obj: 1.3220, Eq Viol (l1): 0.000099, Ineq Viol (l1): 0.000000, Epoch time: 2.27s
Epoch 157/300, Loss: 1.5480, Obj: 1.3162, Eq Viol (l1): 0.000100, Ineq Viol (l1): 0.000000, Epoch time: 2.26s
Epoch 158/300, Loss: 1.5481, Obj: 1.3194, Eq Viol (l1): 0.000104, Ineq Viol (l1): 0.000000, Epoch time: 2.26s
Epoch 159/300, Loss: 1.5461, Obj: 1.3155, Eq Viol (l1): 0.000098, Ineq Viol (l1): 0.000000, Epoch time: 2.29s
Epoch 160/300, Loss: 1.5387, Obj: 1.3148, Eq Viol (l1): 0.000103, Ineq Viol (l1): 0.000000, Epoch time: 2.26s
Epoch 161/300, Loss: 1.5553, Obj: 1.3268, Eq Viol (l1): 0.000100, Ineq Viol (l1): 0.000000, Epoch time: 2.27s

Running validation at epoch 160...

VALIDATION_EPOCH_160 EVALUATION RESULTS:
==================================================
Obj:     1.277997e+00
Opt Gap:      3.012034e+00 ± 5.651174e-01
Eq Vio l1:   9.616643e-05 (max: 1.151771e-03)
Ineq Vio l1: 1.083508e-07 (max: 1.796412e-05)
Sol Dis:   1.461656e+02 ± 9.615535e-01
Merit:             1.278960e+00 ± 6.895453e-04
Avg Inf Time:  0.0634s
==================================================
Epoch 162/300, Loss: 1.5691, Obj: 1.3378, Eq Viol (l1): 0.000097, Ineq Viol (l1): 0.000000, Epoch time: 2.27s
Epoch 163/300, Loss: 1.5851, Obj: 1.3298, Eq Viol (l1): 0.000108, Ineq Viol (l1): 0.000000, Epoch time: 2.27s
Epoch 164/300, Loss: 1.5472, Obj: 1.3165, Eq Viol (l1): 0.000107, Ineq Viol (l1): 0.000000, Epoch time: 2.26s
Epoch 165/300, Loss: 1.5780, Obj: 1.3384, Eq Viol (l1): 0.000098, Ineq Viol (l1): 0.000000, Epoch time: 2.35s
Epoch 166/300, Loss: 1.5630, Obj: 1.3171, Eq Viol (l1): 0.000099, Ineq Viol (l1): 0.000000, Epoch time: 2.28s
Epoch 167/300, Loss: 1.5253, Obj: 1.3148, Eq Viol (l1): 0.000103, Ineq Viol (l1): 0.000000, Epoch time: 2.26s
Epoch 168/300, Loss: 1.5534, Obj: 1.3281, Eq Viol (l1): 0.000107, Ineq Viol (l1): 0.000000, Epoch time: 2.26s
Epoch 169/300, Loss: 1.5324, Obj: 1.3040, Eq Viol (l1): 0.000100, Ineq Viol (l1): 0.000000, Epoch time: 2.28s
Epoch 170/300, Loss: 1.5442, Obj: 1.3224, Eq Viol (l1): 0.000096, Ineq Viol (l1): 0.000000, Epoch time: 2.27s
Epoch 171/300, Loss: 1.5271, Obj: 1.3091, Eq Viol (l1): 0.000099, Ineq Viol (l1): 0.000000, Epoch time: 2.27s

Running validation at epoch 170...

VALIDATION_EPOCH_170 EVALUATION RESULTS:
==================================================
Obj:     1.286050e+00
Opt Gap:      3.022110e+00 ± 5.631772e-01
Eq Vio l1:   1.155539e-04 (max: 9.640551e-04)
Ineq Vio l1: 1.872185e-07 (max: 1.915569e-05)
Sol Dis:   1.461159e+02 ± 9.319808e-01
Merit:             1.287207e+00 ± 4.488406e-03
Avg Inf Time:  0.0608s
==================================================
Epoch 172/300, Loss: 1.5683, Obj: 1.3339, Eq Viol (l1): 0.000101, Ineq Viol (l1): 0.000000, Epoch time: 2.26s
Epoch 173/300, Loss: 1.5672, Obj: 1.3278, Eq Viol (l1): 0.000094, Ineq Viol (l1): 0.000000, Epoch time: 2.28s
Epoch 174/300, Loss: 1.5427, Obj: 1.3054, Eq Viol (l1): 0.000098, Ineq Viol (l1): 0.000000, Epoch time: 2.29s
Epoch 175/300, Loss: 1.5361, Obj: 1.3127, Eq Viol (l1): 0.000100, Ineq Viol (l1): 0.000000, Epoch time: 2.27s
Epoch 176/300, Loss: 1.5387, Obj: 1.3105, Eq Viol (l1): 0.000099, Ineq Viol (l1): 0.000000, Epoch time: 2.27s
Epoch 177/300, Loss: 1.5318, Obj: 1.3020, Eq Viol (l1): 0.000094, Ineq Viol (l1): 0.000000, Epoch time: 2.30s
Epoch 178/300, Loss: 1.5499, Obj: 1.3069, Eq Viol (l1): 0.000097, Ineq Viol (l1): 0.000000, Epoch time: 2.30s
Epoch 179/300, Loss: 1.5357, Obj: 1.3145, Eq Viol (l1): 0.000104, Ineq Viol (l1): 0.000000, Epoch time: 2.26s
Epoch 180/300, Loss: 1.5405, Obj: 1.3073, Eq Viol (l1): 0.000093, Ineq Viol (l1): 0.000000, Epoch time: 2.29s
Epoch 181/300, Loss: 1.5447, Obj: 1.3031, Eq Viol (l1): 0.000096, Ineq Viol (l1): 0.000000, Epoch time: 2.30s

Running validation at epoch 180...

VALIDATION_EPOCH_180 EVALUATION RESULTS:
==================================================
Obj:     1.303390e+00
Opt Gap:      3.024378e+00 ± 5.379060e-01
Eq Vio l1:   9.796041e-05 (max: 9.199778e-04)
Ineq Vio l1: 1.617721e-07 (max: 2.172646e-05)
Sol Dis:   1.464077e+02 ± 9.720967e-01
Merit:             1.304371e+00 ± 4.613641e-04
Avg Inf Time:  0.0605s
==================================================
Epoch 182/300, Loss: 1.5332, Obj: 1.3044, Eq Viol (l1): 0.000108, Ineq Viol (l1): 0.000000, Epoch time: 2.25s
Epoch 183/300, Loss: 1.5505, Obj: 1.3190, Eq Viol (l1): 0.000105, Ineq Viol (l1): 0.000000, Epoch time: 2.27s
Epoch 184/300, Loss: 1.5449, Obj: 1.3138, Eq Viol (l1): 0.000095, Ineq Viol (l1): 0.000000, Epoch time: 2.28s
Epoch 185/300, Loss: 1.5449, Obj: 1.3077, Eq Viol (l1): 0.000103, Ineq Viol (l1): 0.000000, Epoch time: 2.27s
Epoch 186/300, Loss: 1.5871, Obj: 1.3313, Eq Viol (l1): 0.000094, Ineq Viol (l1): 0.000000, Epoch time: 2.30s
Epoch 187/300, Loss: 1.5512, Obj: 1.3195, Eq Viol (l1): 0.000093, Ineq Viol (l1): 0.000000, Epoch time: 2.30s
Epoch 188/300, Loss: 1.5450, Obj: 1.3099, Eq Viol (l1): 0.000101, Ineq Viol (l1): 0.000000, Epoch time: 2.28s
Epoch 189/300, Loss: 1.5326, Obj: 1.3108, Eq Viol (l1): 0.000098, Ineq Viol (l1): 0.000000, Epoch time: 2.27s
Epoch 190/300, Loss: 1.5624, Obj: 1.3202, Eq Viol (l1): 0.000110, Ineq Viol (l1): 0.000000, Epoch time: 2.25s
Epoch 191/300, Loss: 1.5577, Obj: 1.3247, Eq Viol (l1): 0.000099, Ineq Viol (l1): 0.000000, Epoch time: 2.28s

Running validation at epoch 190...

VALIDATION_EPOCH_190 EVALUATION RESULTS:
==================================================
Obj:     1.281871e+00
Opt Gap:      3.013334e+00 ± 5.499971e-01
Eq Vio l1:   9.929142e-05 (max: 7.881971e-04)
Ineq Vio l1: 5.264545e-08 (max: 7.119825e-06)
Sol Dis:   1.461854e+02 ± 9.608942e-01
Merit:             1.282864e+00 ± 4.867193e-04
Avg Inf Time:  0.0633s
==================================================
Epoch 192/300, Loss: 1.5472, Obj: 1.3141, Eq Viol (l1): 0.000099, Ineq Viol (l1): 0.000000, Epoch time: 2.27s
Epoch 193/300, Loss: 1.5303, Obj: 1.3045, Eq Viol (l1): 0.000094, Ineq Viol (l1): 0.000000, Epoch time: 2.29s
Epoch 194/300, Loss: 1.5510, Obj: 1.3136, Eq Viol (l1): 0.000106, Ineq Viol (l1): 0.000000, Epoch time: 2.26s
Epoch 195/300, Loss: 1.5631, Obj: 1.3241, Eq Viol (l1): 0.000099, Ineq Viol (l1): 0.000000, Epoch time: 2.26s
Epoch 196/300, Loss: 1.5397, Obj: 1.3041, Eq Viol (l1): 0.000099, Ineq Viol (l1): 0.000000, Epoch time: 2.28s
Epoch 197/300, Loss: 1.5306, Obj: 1.2989, Eq Viol (l1): 0.000098, Ineq Viol (l1): 0.000000, Epoch time: 2.28s
Epoch 198/300, Loss: 1.5355, Obj: 1.3094, Eq Viol (l1): 0.000102, Ineq Viol (l1): 0.000000, Epoch time: 2.36s
Epoch 199/300, Loss: 1.5128, Obj: 1.2952, Eq Viol (l1): 0.000096, Ineq Viol (l1): 0.000000, Epoch time: 2.28s
Epoch 200/300, Loss: 1.5541, Obj: 1.3265, Eq Viol (l1): 0.000098, Ineq Viol (l1): 0.000000, Epoch time: 2.26s
Epoch 201/300, Loss: 1.5233, Obj: 1.3027, Eq Viol (l1): 0.000102, Ineq Viol (l1): 0.000000, Epoch time: 2.26s

Running validation at epoch 200...

VALIDATION_EPOCH_200 EVALUATION RESULTS:
==================================================
Obj:     1.260943e+00
Opt Gap:      2.969327e+00 ± 5.367368e-01
Eq Vio l1:   1.022622e-04 (max: 9.679934e-04)
Ineq Vio l1: 1.106373e-07 (max: 1.736596e-05)
Sol Dis:   1.459066e+02 ± 9.751164e-01
Merit:             1.261966e+00 ± 4.330851e-03
Avg Inf Time:  0.0630s
==================================================
Epoch 202/300, Loss: 1.5200, Obj: 1.3068, Eq Viol (l1): 0.000103, Ineq Viol (l1): 0.000000, Epoch time: 2.25s
Epoch 203/300, Loss: 1.5209, Obj: 1.3036, Eq Viol (l1): 0.000102, Ineq Viol (l1): 0.000000, Epoch time: 2.25s
Epoch 204/300, Loss: 1.5525, Obj: 1.3231, Eq Viol (l1): 0.000101, Ineq Viol (l1): 0.000000, Epoch time: 2.26s
Epoch 205/300, Loss: 1.5495, Obj: 1.3213, Eq Viol (l1): 0.000104, Ineq Viol (l1): 0.000000, Epoch time: 2.27s
Epoch 206/300, Loss: 1.5618, Obj: 1.3258, Eq Viol (l1): 0.000100, Ineq Viol (l1): 0.000000, Epoch time: 2.29s
Epoch 207/300, Loss: 1.5759, Obj: 1.3292, Eq Viol (l1): 0.000104, Ineq Viol (l1): 0.000000, Epoch time: 2.26s
Epoch 208/300, Loss: 1.5826, Obj: 1.3254, Eq Viol (l1): 0.000097, Ineq Viol (l1): 0.000000, Epoch time: 2.29s
Epoch 209/300, Loss: 1.5608, Obj: 1.3125, Eq Viol (l1): 0.000100, Ineq Viol (l1): 0.000000, Epoch time: 2.28s
Epoch 210/300, Loss: 1.5325, Obj: 1.3059, Eq Viol (l1): 0.000093, Ineq Viol (l1): 0.000000, Epoch time: 2.29s
Epoch 211/300, Loss: 1.5248, Obj: 1.2956, Eq Viol (l1): 0.000098, Ineq Viol (l1): 0.000000, Epoch time: 2.28s

Running validation at epoch 210...

VALIDATION_EPOCH_210 EVALUATION RESULTS:
==================================================
Obj:     1.298623e+00
Opt Gap:      3.045584e+00 ± 5.488393e-01
Eq Vio l1:   9.957340e-05 (max: 8.842097e-04)
Ineq Vio l1: 1.730230e-07 (max: 2.219266e-05)
Sol Dis:   1.461168e+02 ± 9.511777e-01
Merit:             1.299620e+00 ± 2.521849e-03
Avg Inf Time:  0.0620s
==================================================
Epoch 212/300, Loss: 1.5297, Obj: 1.3103, Eq Viol (l1): 0.000100, Ineq Viol (l1): 0.000000, Epoch time: 2.26s
Epoch 213/300, Loss: 1.5395, Obj: 1.3063, Eq Viol (l1): 0.000091, Ineq Viol (l1): 0.000000, Epoch time: 2.29s
Epoch 214/300, Loss: 1.5061, Obj: 1.2893, Eq Viol (l1): 0.000095, Ineq Viol (l1): 0.000000, Epoch time: 2.29s
Epoch 215/300, Loss: 1.5193, Obj: 1.3024, Eq Viol (l1): 0.000102, Ineq Viol (l1): 0.000000, Epoch time: 2.26s
Epoch 216/300, Loss: 1.5252, Obj: 1.2880, Eq Viol (l1): 0.000102, Ineq Viol (l1): 0.000000, Epoch time: 2.27s
Epoch 217/300, Loss: 1.4967, Obj: 1.2834, Eq Viol (l1): 0.000102, Ineq Viol (l1): 0.000000, Epoch time: 2.27s
Epoch 218/300, Loss: 1.5144, Obj: 1.2993, Eq Viol (l1): 0.000102, Ineq Viol (l1): 0.000000, Epoch time: 2.26s
Epoch 219/300, Loss: 1.5503, Obj: 1.3083, Eq Viol (l1): 0.000105, Ineq Viol (l1): 0.000000, Epoch time: 2.27s
Epoch 220/300, Loss: 1.5290, Obj: 1.3059, Eq Viol (l1): 0.000100, Ineq Viol (l1): 0.000000, Epoch time: 2.27s
Epoch 221/300, Loss: 1.5449, Obj: 1.3215, Eq Viol (l1): 0.000104, Ineq Viol (l1): 0.000000, Epoch time: 2.25s

Running validation at epoch 220...

VALIDATION_EPOCH_220 EVALUATION RESULTS:
==================================================
Obj:     1.331098e+00
Opt Gap:      3.122726e+00 ± 6.130374e-01
Eq Vio l1:   1.087906e-04 (max: 9.788922e-04)
Ineq Vio l1: 1.686878e-07 (max: 2.591088e-05)
Sol Dis:   1.460065e+02 ± 9.936190e-01
Merit:             1.332188e+00 ± 1.919956e-03
Avg Inf Time:  0.0592s
==================================================
Epoch 222/300, Loss: 1.5107, Obj: 1.3091, Eq Viol (l1): 0.000104, Ineq Viol (l1): 0.000000, Epoch time: 2.23s
Epoch 223/300, Loss: 1.5219, Obj: 1.2977, Eq Viol (l1): 0.000096, Ineq Viol (l1): 0.000000, Epoch time: 2.28s
Epoch 224/300, Loss: 1.5085, Obj: 1.2910, Eq Viol (l1): 0.000093, Ineq Viol (l1): 0.000000, Epoch time: 2.28s
Epoch 225/300, Loss: 1.5197, Obj: 1.2969, Eq Viol (l1): 0.000101, Ineq Viol (l1): 0.000000, Epoch time: 2.27s
Epoch 226/300, Loss: 1.5121, Obj: 1.2956, Eq Viol (l1): 0.000095, Ineq Viol (l1): 0.000000, Epoch time: 2.28s
Epoch 227/300, Loss: 1.5071, Obj: 1.2906, Eq Viol (l1): 0.000104, Ineq Viol (l1): 0.000000, Epoch time: 2.26s
Epoch 228/300, Loss: 1.5428, Obj: 1.3143, Eq Viol (l1): 0.000094, Ineq Viol (l1): 0.000000, Epoch time: 2.28s
Epoch 229/300, Loss: 1.5178, Obj: 1.2970, Eq Viol (l1): 0.000096, Ineq Viol (l1): 0.000000, Epoch time: 2.27s
Epoch 230/300, Loss: 1.5248, Obj: 1.2989, Eq Viol (l1): 0.000098, Ineq Viol (l1): 0.000000, Epoch time: 2.28s
Epoch 231/300, Loss: 1.5048, Obj: 1.2874, Eq Viol (l1): 0.000098, Ineq Viol (l1): 0.000000, Epoch time: 2.27s

Running validation at epoch 230...

VALIDATION_EPOCH_230 EVALUATION RESULTS:
==================================================
Obj:     1.252466e+00
Opt Gap:      2.962627e+00 ± 5.405836e-01
Eq Vio l1:   1.026505e-04 (max: 5.411052e-04)
Ineq Vio l1: 1.379643e-07 (max: 1.924189e-05)
Sol Dis:   1.458403e+02 ± 9.291389e-01
Merit:             1.253494e+00 ± 7.168136e-04
Avg Inf Time:  0.0634s
==================================================
Epoch 232/300, Loss: 1.5072, Obj: 1.2901, Eq Viol (l1): 0.000096, Ineq Viol (l1): 0.000000, Epoch time: 2.39s
Epoch 233/300, Loss: 1.5082, Obj: 1.2938, Eq Viol (l1): 0.000096, Ineq Viol (l1): 0.000000, Epoch time: 2.28s
Epoch 234/300, Loss: 1.5138, Obj: 1.2940, Eq Viol (l1): 0.000096, Ineq Viol (l1): 0.000000, Epoch time: 2.28s
Epoch 235/300, Loss: 1.5073, Obj: 1.2906, Eq Viol (l1): 0.000098, Ineq Viol (l1): 0.000000, Epoch time: 2.27s
Epoch 236/300, Loss: 1.5357, Obj: 1.3077, Eq Viol (l1): 0.000098, Ineq Viol (l1): 0.000000, Epoch time: 2.27s
Epoch 237/300, Loss: 1.5344, Obj: 1.2951, Eq Viol (l1): 0.000103, Ineq Viol (l1): 0.000000, Epoch time: 2.27s
Epoch 238/300, Loss: 1.5780, Obj: 1.3228, Eq Viol (l1): 0.000101, Ineq Viol (l1): 0.000000, Epoch time: 2.28s
Epoch 239/300, Loss: 1.5271, Obj: 1.3010, Eq Viol (l1): 0.000105, Ineq Viol (l1): 0.000000, Epoch time: 2.26s
Epoch 240/300, Loss: 1.5022, Obj: 1.2923, Eq Viol (l1): 0.000100, Ineq Viol (l1): 0.000000, Epoch time: 2.27s
Epoch 241/300, Loss: 1.5380, Obj: 1.3021, Eq Viol (l1): 0.000095, Ineq Viol (l1): 0.000000, Epoch time: 2.29s

Running validation at epoch 240...

VALIDATION_EPOCH_240 EVALUATION RESULTS:
==================================================
Obj:     1.277347e+00
Opt Gap:      2.996058e+00 ± 5.424375e-01
Eq Vio l1:   9.167980e-05 (max: 7.182417e-04)
Ineq Vio l1: 1.380298e-07 (max: 2.879444e-05)
Sol Dis:   1.461296e+02 ± 9.586646e-01
Merit:             1.278265e+00 ± 3.456105e-03
Avg Inf Time:  0.0633s
==================================================
Epoch 242/300, Loss: 1.5634, Obj: 1.3077, Eq Viol (l1): 0.000098, Ineq Viol (l1): 0.000000, Epoch time: 2.29s
Epoch 243/300, Loss: 1.6055, Obj: 1.3286, Eq Viol (l1): 0.000106, Ineq Viol (l1): 0.000000, Epoch time: 2.27s
Epoch 244/300, Loss: 1.5575, Obj: 1.3250, Eq Viol (l1): 0.000101, Ineq Viol (l1): 0.000000, Epoch time: 2.26s
Epoch 245/300, Loss: 1.5096, Obj: 1.2984, Eq Viol (l1): 0.000103, Ineq Viol (l1): 0.000000, Epoch time: 2.25s
Epoch 246/300, Loss: 1.5140, Obj: 1.2966, Eq Viol (l1): 0.000107, Ineq Viol (l1): 0.000000, Epoch time: 2.25s
Epoch 247/300, Loss: 1.5060, Obj: 1.2898, Eq Viol (l1): 0.000097, Ineq Viol (l1): 0.000000, Epoch time: 2.26s
Epoch 248/300, Loss: 1.5029, Obj: 1.2930, Eq Viol (l1): 0.000097, Ineq Viol (l1): 0.000000, Epoch time: 2.26s
Epoch 249/300, Loss: 1.5247, Obj: 1.3077, Eq Viol (l1): 0.000098, Ineq Viol (l1): 0.000000, Epoch time: 2.27s
Epoch 250/300, Loss: 1.5556, Obj: 1.3046, Eq Viol (l1): 0.000105, Ineq Viol (l1): 0.000000, Epoch time: 2.27s
Epoch 251/300, Loss: 1.5057, Obj: 1.2832, Eq Viol (l1): 0.000100, Ineq Viol (l1): 0.000000, Epoch time: 2.28s

Running validation at epoch 250...

VALIDATION_EPOCH_250 EVALUATION RESULTS:
==================================================
Obj:     1.342068e+00
Opt Gap:      3.109535e+00 ± 5.984881e-01
Eq Vio l1:   9.183337e-05 (max: 7.359254e-04)
Ineq Vio l1: 1.200225e-07 (max: 1.233544e-05)
Sol Dis:   1.463775e+02 ± 9.450100e-01
Merit:             1.342988e+00 ± 1.297537e-03
Avg Inf Time:  0.0605s
==================================================
Epoch 252/300, Loss: 1.5255, Obj: 1.3026, Eq Viol (l1): 0.000102, Ineq Viol (l1): 0.000000, Epoch time: 2.27s
Epoch 253/300, Loss: 1.5391, Obj: 1.3027, Eq Viol (l1): 0.000100, Ineq Viol (l1): 0.000000, Epoch time: 2.27s
Epoch 254/300, Loss: 1.5519, Obj: 1.3167, Eq Viol (l1): 0.000109, Ineq Viol (l1): 0.000000, Epoch time: 2.24s
Epoch 255/300, Loss: 1.5118, Obj: 1.3051, Eq Viol (l1): 0.000102, Ineq Viol (l1): 0.000000, Epoch time: 2.26s
Epoch 256/300, Loss: 1.5297, Obj: 1.2890, Eq Viol (l1): 0.000104, Ineq Viol (l1): 0.000000, Epoch time: 2.28s
Epoch 257/300, Loss: 1.5316, Obj: 1.3080, Eq Viol (l1): 0.000103, Ineq Viol (l1): 0.000000, Epoch time: 2.26s
Epoch 258/300, Loss: 1.5259, Obj: 1.2949, Eq Viol (l1): 0.000103, Ineq Viol (l1): 0.000000, Epoch time: 2.27s
Epoch 259/300, Loss: 1.4963, Obj: 1.2901, Eq Viol (l1): 0.000097, Ineq Viol (l1): 0.000000, Epoch time: 2.27s
Epoch 260/300, Loss: 1.4810, Obj: 1.2746, Eq Viol (l1): 0.000099, Ineq Viol (l1): 0.000000, Epoch time: 2.27s
Epoch 261/300, Loss: 1.5062, Obj: 1.2877, Eq Viol (l1): 0.000100, Ineq Viol (l1): 0.000000, Epoch time: 2.26s

Running validation at epoch 260...

VALIDATION_EPOCH_260 EVALUATION RESULTS:
==================================================
Obj:     1.277954e+00
Opt Gap:      2.989629e+00 ± 5.524399e-01
Eq Vio l1:   1.082113e-04 (max: 8.660399e-04)
Ineq Vio l1: 1.346368e-07 (max: 1.256353e-05)
Sol Dis:   1.461186e+02 ± 9.727511e-01
Merit:             1.279038e+00 ± 1.041858e-03
Avg Inf Time:  0.0618s
==================================================
Epoch 262/300, Loss: 1.5108, Obj: 1.2878, Eq Viol (l1): 0.000102, Ineq Viol (l1): 0.000000, Epoch time: 2.27s
Epoch 263/300, Loss: 1.5397, Obj: 1.3085, Eq Viol (l1): 0.000101, Ineq Viol (l1): 0.000000, Epoch time: 2.27s
Epoch 264/300, Loss: 1.5218, Obj: 1.2878, Eq Viol (l1): 0.000103, Ineq Viol (l1): 0.000000, Epoch time: 2.26s
Epoch 265/300, Loss: 1.5509, Obj: 1.3147, Eq Viol (l1): 0.000100, Ineq Viol (l1): 0.000000, Epoch time: 2.37s
Epoch 266/300, Loss: 1.5206, Obj: 1.2996, Eq Viol (l1): 0.000106, Ineq Viol (l1): 0.000000, Epoch time: 2.26s
Epoch 267/300, Loss: 1.5116, Obj: 1.2980, Eq Viol (l1): 0.000096, Ineq Viol (l1): 0.000000, Epoch time: 2.27s
Epoch 268/300, Loss: 1.5181, Obj: 1.2992, Eq Viol (l1): 0.000105, Ineq Viol (l1): 0.000000, Epoch time: 2.25s
Epoch 269/300, Loss: 1.5458, Obj: 1.3090, Eq Viol (l1): 0.000099, Ineq Viol (l1): 0.000000, Epoch time: 2.28s
Epoch 270/300, Loss: 1.5242, Obj: 1.3011, Eq Viol (l1): 0.000097, Ineq Viol (l1): 0.000000, Epoch time: 2.27s
Epoch 271/300, Loss: 1.5161, Obj: 1.2951, Eq Viol (l1): 0.000102, Ineq Viol (l1): 0.000000, Epoch time: 2.26s

Running validation at epoch 270...

VALIDATION_EPOCH_270 EVALUATION RESULTS:
==================================================
Obj:     1.381918e+00
Opt Gap:      3.196851e+00 ± 5.960009e-01
Eq Vio l1:   1.104331e-04 (max: 1.153009e-03)
Ineq Vio l1: 3.048806e-07 (max: 3.022205e-05)
Sol Dis:   1.464972e+02 ± 9.497461e-01
Merit:             1.383026e+00 ± 3.276944e-03
Avg Inf Time:  0.0595s
==================================================
Epoch 272/300, Loss: 1.5273, Obj: 1.2971, Eq Viol (l1): 0.000102, Ineq Viol (l1): 0.000000, Epoch time: 2.27s
Epoch 273/300, Loss: 1.4980, Obj: 1.2833, Eq Viol (l1): 0.000098, Ineq Viol (l1): 0.000000, Epoch time: 2.27s
Epoch 274/300, Loss: 1.5002, Obj: 1.2900, Eq Viol (l1): 0.000103, Ineq Viol (l1): 0.000000, Epoch time: 2.26s
Epoch 275/300, Loss: 1.5194, Obj: 1.2881, Eq Viol (l1): 0.000097, Ineq Viol (l1): 0.000000, Epoch time: 2.29s
Epoch 276/300, Loss: 1.5690, Obj: 1.3054, Eq Viol (l1): 0.000096, Ineq Viol (l1): 0.000000, Epoch time: 2.30s
Epoch 277/300, Loss: 1.5053, Obj: 1.2919, Eq Viol (l1): 0.000103, Ineq Viol (l1): 0.000000, Epoch time: 2.25s
Epoch 278/300, Loss: 1.5465, Obj: 1.2973, Eq Viol (l1): 0.000107, Ineq Viol (l1): 0.000000, Epoch time: 2.26s
Epoch 279/300, Loss: 1.5145, Obj: 1.2973, Eq Viol (l1): 0.000103, Ineq Viol (l1): 0.000000, Epoch time: 2.26s
Epoch 280/300, Loss: 1.5066, Obj: 1.2921, Eq Viol (l1): 0.000102, Ineq Viol (l1): 0.000000, Epoch time: 2.26s
Epoch 281/300, Loss: 1.5386, Obj: 1.3113, Eq Viol (l1): 0.000101, Ineq Viol (l1): 0.000000, Epoch time: 2.26s

Running validation at epoch 280...

VALIDATION_EPOCH_280 EVALUATION RESULTS:
==================================================
Obj:     1.361242e+00
Opt Gap:      3.207149e+00 ± 6.739200e-01
Eq Vio l1:   1.266686e-04 (max: 1.154363e-03)
Ineq Vio l1: 1.612235e-07 (max: 2.204138e-05)
Sol Dis:   1.463150e+02 ± 9.219775e-01
Merit:             1.362510e+00 ± 8.680649e-03
Avg Inf Time:  0.0609s
==================================================
Epoch 282/300, Loss: 1.5222, Obj: 1.2864, Eq Viol (l1): 0.000102, Ineq Viol (l1): 0.000000, Epoch time: 2.27s
Epoch 283/300, Loss: 1.4940, Obj: 1.2737, Eq Viol (l1): 0.000096, Ineq Viol (l1): 0.000000, Epoch time: 2.28s
Epoch 284/300, Loss: 1.5549, Obj: 1.3047, Eq Viol (l1): 0.000103, Ineq Viol (l1): 0.000000, Epoch time: 2.27s
Epoch 285/300, Loss: 1.4843, Obj: 1.2824, Eq Viol (l1): 0.000100, Ineq Viol (l1): 0.000000, Epoch time: 2.25s
Epoch 286/300, Loss: 1.5119, Obj: 1.2896, Eq Viol (l1): 0.000106, Ineq Viol (l1): 0.000000, Epoch time: 2.26s
Epoch 287/300, Loss: 1.5201, Obj: 1.2909, Eq Viol (l1): 0.000104, Ineq Viol (l1): 0.000000, Epoch time: 2.26s
Epoch 288/300, Loss: 1.5104, Obj: 1.2926, Eq Viol (l1): 0.000093, Ineq Viol (l1): 0.000000, Epoch time: 2.27s
Epoch 289/300, Loss: 1.5397, Obj: 1.2974, Eq Viol (l1): 0.000110, Ineq Viol (l1): 0.000000, Epoch time: 2.27s
Epoch 290/300, Loss: 1.5102, Obj: 1.2941, Eq Viol (l1): 0.000106, Ineq Viol (l1): 0.000000, Epoch time: 2.24s
Epoch 291/300, Loss: 1.4821, Obj: 1.2768, Eq Viol (l1): 0.000096, Ineq Viol (l1): 0.000000, Epoch time: 2.27s

Running validation at epoch 290...

VALIDATION_EPOCH_290 EVALUATION RESULTS:
==================================================
Obj:     1.278592e+00
Opt Gap:      3.042389e+00 ± 5.766160e-01
Eq Vio l1:   1.161945e-04 (max: 1.020166e-03)
Ineq Vio l1: 1.514313e-07 (max: 1.587853e-05)
Sol Dis:   1.458573e+02 ± 9.571196e-01
Merit:             1.279755e+00 ± 3.207968e-04
Avg Inf Time:  0.0605s
==================================================
Epoch 292/300, Loss: 1.5171, Obj: 1.2936, Eq Viol (l1): 0.000104, Ineq Viol (l1): 0.000000, Epoch time: 2.24s
Epoch 293/300, Loss: 1.5094, Obj: 1.2812, Eq Viol (l1): 0.000108, Ineq Viol (l1): 0.000000, Epoch time: 2.26s
Epoch 294/300, Loss: 1.5017, Obj: 1.2826, Eq Viol (l1): 0.000097, Ineq Viol (l1): 0.000000, Epoch time: 2.27s
Epoch 295/300, Loss: 1.5690, Obj: 1.2950, Eq Viol (l1): 0.000105, Ineq Viol (l1): 0.000000, Epoch time: 2.27s
Epoch 296/300, Loss: 1.5254, Obj: 1.2993, Eq Viol (l1): 0.000103, Ineq Viol (l1): 0.000000, Epoch time: 2.26s
Epoch 297/300, Loss: 1.4827, Obj: 1.2746, Eq Viol (l1): 0.000100, Ineq Viol (l1): 0.000000, Epoch time: 2.38s
Epoch 298/300, Loss: 1.4909, Obj: 1.2853, Eq Viol (l1): 0.000101, Ineq Viol (l1): 0.000000, Epoch time: 2.26s
Epoch 299/300, Loss: 1.5072, Obj: 1.2875, Eq Viol (l1): 0.000097, Ineq Viol (l1): 0.000000, Epoch time: 2.27s
Epoch 300/300, Loss: 1.5322, Obj: 1.2957, Eq Viol (l1): 0.000101, Ineq Viol (l1): 0.000000, Epoch time: 2.27s

Training completed in 704.13 seconds.

============================================================
COMPREHENSIVE TEST EVALUATION WITH DETAILED RESULTS
============================================================
Testing with batch sizes: [256, 512]

Evaluating with batch size: 256 (with detailed results)

TEST_BS256 EVALUATION RESULTS:
==================================================
Obj:     1.269535e+00
Opt Gap:      3.562344e+00 ± 1.295130e+00
Eq Vio l1:   1.066815e-04 (max: 7.980786e-04)
Ineq Vio l1: 1.328455e-07 (max: 1.151590e-05)
Sol Dis:   1.463819e+02 ± 1.342384e+00
Merit:             1.270603e+00 ± 5.567314e-02
Avg Inf Time:  0.0510s
==================================================

Evaluating with batch size: 512 (with detailed results)

TEST_BS512 EVALUATION RESULTS:
==================================================
Obj:     1.270103e+00
Opt Gap:      3.525065e+00 ± 6.705195e-01
Eq Vio l1:   9.886411e-05 (max: 9.885328e-04)
Ineq Vio l1: 1.338704e-07 (max: 1.558823e-05)
Sol Dis:   1.463939e+02 ± 1.045943e+00
Merit:             1.271093e+00 ± 3.267379e-02
Avg Inf Time:  0.0587s
==================================================

TEST BATCH SIZE COMPARISON:
================================================================================
Batch Size   Objective    Opt Gap      Eq Viol      Ineq Viol    Time (s)  
--------------------------------------------------------------------------------
256          1.2695e+00   3.5623e+00   1.0668e-04   1.3285e-07   0.41      
512          1.2701e+00   3.5251e+00   9.8864e-05   1.3387e-07   0.23      
================================================================================

Saving model and results to: results/nonsmooth_nonconvex/socp/SOCPProblem-100-50-50-10000/20260115-154949_MLP_FSNet_seed1_nepochs300_lr0.0002_trainsize7000_finetune_20260115-145229_sup_seedpen_model_630
✓ Model saved: results/nonsmooth_nonconvex/socp/SOCPProblem-100-50-50-10000/20260115-154949_MLP_FSNet_seed1_nepochs300_lr0.0002_trainsize7000_finetune_20260115-145229_sup_seedpen_model_630/model.pt
✓ Detailed results saved: results/nonsmooth_nonconvex/socp/SOCPProblem-100-50-50-10000/20260115-154949_MLP_FSNet_seed1_nepochs300_lr0.0002_trainsize7000_finetune_20260115-145229_sup_seedpen_model_630/results.pkl

Files saved (or attempted):
  - model.pt (model weights and architecture)
  - results.pkl (training history, metrics, detailed test results)
Training and testing completed in 706.39 seconds
Done!!!
