==============================================
 Job started at: 2026-01-07 23:39:46
 Job ID: 7805590
 Node: node3004
==============================================

======= Running for problem: nonsmooth_nonconvex/socp =======

Loading problem instance: nonsmooth_nonconvex/socp with size [100, 50, 50, 10000]
Loading  dataset from: datasets/nonsmooth_nonconvex/socp/random2025_socp_dataset_var100_ineq50_eq50_ex10000 

Running on:  cuda
Training model using FSNet method with seed 1 for 300 epochs
Using batch size: 512
Loading model from checkpoint: results/nonsmooth_nonconvex/socp/SOCPProblem-100-50-50-10000/20260106-202336_MLP_sup_seed1_dropout0.05_subopt_2_1.0/model_60.pt

lr: 0.0002, weight_decay: 0.001, num_epochs: 300

Epoch 1/300, Loss: 32.2888, Obj: 24.4309, Eq Viol (l1): 0.000038, Ineq Viol (l1): 0.000000, Epoch time: 7.52s

Running validation at epoch 0...

VALIDATION_EPOCH_0 EVALUATION RESULTS:
==================================================
Objective Value:     2.457558e+01
True Objective:      -2.413704e+00
Optimality Gap:      4.121364e+01 ± 1.218613e+01
Eq Violation l1:   2.891495e-05 (max: 2.463138e-03)
Ineq Violation l1: 2.077624e-07 (max: 5.693020e-05)
Solution Distance:   1.725769e+02 ± 1.031491e+00
Merit:             2.457587e+01 ± 5.392751e-02
Avg Inference Time:  0.6449s
==================================================
Epoch 2/300, Loss: 30.7132, Obj: 24.4531, Eq Viol (l1): 0.000041, Ineq Viol (l1): 0.000000, Epoch time: 2.87s
Epoch 3/300, Loss: 28.3899, Obj: 23.4298, Eq Viol (l1): 0.000037, Ineq Viol (l1): 0.000000, Epoch time: 2.85s
Epoch 4/300, Loss: 26.2320, Obj: 21.7447, Eq Viol (l1): 0.000035, Ineq Viol (l1): 0.000000, Epoch time: 2.83s
Epoch 5/300, Loss: 24.4175, Obj: 20.5396, Eq Viol (l1): 0.000039, Ineq Viol (l1): 0.000000, Epoch time: 2.80s
Epoch 6/300, Loss: 22.4446, Obj: 18.9509, Eq Viol (l1): 0.000041, Ineq Viol (l1): 0.000000, Epoch time: 2.78s
Epoch 7/300, Loss: 20.9123, Obj: 17.5298, Eq Viol (l1): 0.000050, Ineq Viol (l1): 0.000000, Epoch time: 2.76s
Epoch 8/300, Loss: 19.5178, Obj: 16.3455, Eq Viol (l1): 0.000059, Ineq Viol (l1): 0.000000, Epoch time: 2.72s
Epoch 9/300, Loss: 18.1392, Obj: 15.1974, Eq Viol (l1): 0.000064, Ineq Viol (l1): 0.000000, Epoch time: 2.69s
Epoch 10/300, Loss: 16.4795, Obj: 13.7157, Eq Viol (l1): 0.000066, Ineq Viol (l1): 0.000000, Epoch time: 2.69s
Epoch 11/300, Loss: 13.2607, Obj: 10.6714, Eq Viol (l1): 0.000059, Ineq Viol (l1): 0.000000, Epoch time: 2.76s

Running validation at epoch 10...

VALIDATION_EPOCH_10 EVALUATION RESULTS:
==================================================
Objective Value:     8.639052e+00
True Objective:      -2.413704e+00
Optimality Gap:      1.872026e+01 ± 6.932787e+00
Eq Violation l1:   6.679807e-05 (max: 1.401372e-03)
Ineq Violation l1: 1.677501e-07 (max: 2.520329e-05)
Solution Distance:   1.185897e+02 ± 5.244082e-01
Merit:             8.639722e+00 ± 1.011104e-01
Avg Inference Time:  0.0740s
==================================================
Epoch 12/300, Loss: 10.2547, Obj: 7.8159, Eq Viol (l1): 0.000061, Ineq Viol (l1): 0.000000, Epoch time: 2.72s
Epoch 13/300, Loss: 7.4187, Obj: 5.3695, Eq Viol (l1): 0.000072, Ineq Viol (l1): 0.000000, Epoch time: 2.65s
Epoch 14/300, Loss: 5.2476, Obj: 3.4507, Eq Viol (l1): 0.000071, Ineq Viol (l1): 0.000000, Epoch time: 2.65s
Epoch 15/300, Loss: 3.7811, Obj: 2.1781, Eq Viol (l1): 0.000072, Ineq Viol (l1): 0.000000, Epoch time: 2.64s
Epoch 16/300, Loss: 2.6217, Obj: 1.0931, Eq Viol (l1): 0.000077, Ineq Viol (l1): 0.000000, Epoch time: 2.64s
Epoch 17/300, Loss: 1.9959, Obj: 0.6179, Eq Viol (l1): 0.000089, Ineq Viol (l1): 0.000000, Epoch time: 2.63s
Epoch 18/300, Loss: 1.6612, Obj: 0.3617, Eq Viol (l1): 0.000080, Ineq Viol (l1): 0.000001, Epoch time: 2.62s
Epoch 19/300, Loss: 1.3930, Obj: 0.1101, Eq Viol (l1): 0.000089, Ineq Viol (l1): 0.000001, Epoch time: 2.63s
Epoch 20/300, Loss: 1.2607, Obj: 0.0172, Eq Viol (l1): 0.000082, Ineq Viol (l1): 0.000001, Epoch time: 2.68s
Epoch 21/300, Loss: 1.2342, Obj: -0.0783, Eq Viol (l1): 0.000079, Ineq Viol (l1): 0.000001, Epoch time: 2.66s

Running validation at epoch 20...

VALIDATION_EPOCH_20 EVALUATION RESULTS:
==================================================
Objective Value:     -5.281480e-01
True Objective:      -2.413704e+00
Optimality Gap:      1.028604e-01 ± 2.202862e-01
Eq Violation l1:   9.553577e-05 (max: 9.347096e-04)
Ineq Violation l1: 7.053616e-07 (max: 4.995854e-05)
Solution Distance:   7.803201e+01 ± 2.118065e-01
Merit:             -5.271856e-01 ± 1.388251e-02
Avg Inference Time:  0.0742s
==================================================
Epoch 22/300, Loss: 1.1017, Obj: -0.2207, Eq Viol (l1): 0.000089, Ineq Viol (l1): 0.000001, Epoch time: 2.69s
Epoch 23/300, Loss: 1.0009, Obj: -0.3365, Eq Viol (l1): 0.000079, Ineq Viol (l1): 0.000001, Epoch time: 2.68s
Epoch 24/300, Loss: 0.9728, Obj: -0.3844, Eq Viol (l1): 0.000075, Ineq Viol (l1): 0.000001, Epoch time: 2.69s
Epoch 25/300, Loss: 0.8805, Obj: -0.4547, Eq Viol (l1): 0.000075, Ineq Viol (l1): 0.000001, Epoch time: 2.67s
Epoch 26/300, Loss: 0.7225, Obj: -0.5460, Eq Viol (l1): 0.000075, Ineq Viol (l1): 0.000001, Epoch time: 2.73s
Epoch 27/300, Loss: 0.8269, Obj: -0.5860, Eq Viol (l1): 0.000078, Ineq Viol (l1): 0.000001, Epoch time: 2.68s
Epoch 28/300, Loss: 0.6390, Obj: -0.6814, Eq Viol (l1): 0.000076, Ineq Viol (l1): 0.000001, Epoch time: 2.74s
Epoch 29/300, Loss: 0.8478, Obj: -0.7318, Eq Viol (l1): 0.000079, Ineq Viol (l1): 0.000001, Epoch time: 2.78s
Epoch 30/300, Loss: 0.5432, Obj: -0.7624, Eq Viol (l1): 0.000075, Ineq Viol (l1): 0.000001, Epoch time: 2.72s
Epoch 31/300, Loss: 0.7084, Obj: -0.7778, Eq Viol (l1): 0.000075, Ineq Viol (l1): 0.000001, Epoch time: 2.75s

Running validation at epoch 30...

VALIDATION_EPOCH_30 EVALUATION RESULTS:
==================================================
Objective Value:     -7.410146e-01
True Objective:      -2.413704e+00
Optimality Gap:      -2.953503e-01 ± 5.228741e-01
Eq Violation l1:   7.413669e-05 (max: 9.919234e-04)
Ineq Violation l1: 3.690338e-07 (max: 2.345564e-05)
Solution Distance:   7.540945e+01 ± 8.846854e-01
Merit:             -7.402696e-01 ± 2.042406e-02
Avg Inference Time:  0.0769s
==================================================
Epoch 32/300, Loss: 0.3970, Obj: -0.8785, Eq Viol (l1): 0.000062, Ineq Viol (l1): 0.000001, Epoch time: 2.77s
Epoch 33/300, Loss: 0.1663, Obj: -1.1586, Eq Viol (l1): 0.000062, Ineq Viol (l1): 0.000001, Epoch time: 2.87s
Epoch 34/300, Loss: -0.1154, Obj: -1.4996, Eq Viol (l1): 0.000060, Ineq Viol (l1): 0.000000, Epoch time: 2.75s
Epoch 35/300, Loss: -0.3998, Obj: -1.7032, Eq Viol (l1): 0.000066, Ineq Viol (l1): 0.000000, Epoch time: 2.73s
Epoch 36/300, Loss: -0.5538, Obj: -1.7702, Eq Viol (l1): 0.000068, Ineq Viol (l1): 0.000000, Epoch time: 2.69s
Epoch 37/300, Loss: -0.6887, Obj: -1.9648, Eq Viol (l1): 0.000072, Ineq Viol (l1): 0.000000, Epoch time: 2.70s
Epoch 38/300, Loss: -1.0030, Obj: -2.0717, Eq Viol (l1): 0.000068, Ineq Viol (l1): 0.000000, Epoch time: 2.71s
Epoch 39/300, Loss: -1.1352, Obj: -2.1373, Eq Viol (l1): 0.000075, Ineq Viol (l1): 0.000000, Epoch time: 2.70s
Epoch 40/300, Loss: -0.5544, Obj: -2.0532, Eq Viol (l1): 0.000077, Ineq Viol (l1): 0.000000, Epoch time: 2.71s
Epoch 41/300, Loss: -1.1814, Obj: -2.1858, Eq Viol (l1): 0.000069, Ineq Viol (l1): 0.000000, Epoch time: 2.71s

Running validation at epoch 40...

VALIDATION_EPOCH_40 EVALUATION RESULTS:
==================================================
Objective Value:     -2.482015e+00
True Objective:      -2.413704e+00
Optimality Gap:      -3.504465e+00 ± 1.630463e+00
Eq Violation l1:   7.873498e-05 (max: 1.465771e-03)
Ineq Violation l1: 3.568534e-07 (max: 2.847443e-05)
Solution Distance:   7.316202e+01 ± 1.580099e+00
Merit:             -2.481224e+00 ± 2.557789e-02
Avg Inference Time:  0.0727s
==================================================
Epoch 42/300, Loss: -1.2875, Obj: -2.2545, Eq Viol (l1): 0.000070, Ineq Viol (l1): 0.000000, Epoch time: 2.72s
Epoch 43/300, Loss: -1.1871, Obj: -2.2064, Eq Viol (l1): 0.000075, Ineq Viol (l1): 0.000001, Epoch time: 2.71s
Epoch 44/300, Loss: -1.2746, Obj: -2.3075, Eq Viol (l1): 0.000070, Ineq Viol (l1): 0.000001, Epoch time: 2.73s
Epoch 45/300, Loss: -1.2882, Obj: -2.3011, Eq Viol (l1): 0.000069, Ineq Viol (l1): 0.000001, Epoch time: 2.73s
Epoch 46/300, Loss: -1.2685, Obj: -2.2413, Eq Viol (l1): 0.000069, Ineq Viol (l1): 0.000001, Epoch time: 2.72s
Epoch 47/300, Loss: -1.1260, Obj: -2.2202, Eq Viol (l1): 0.000073, Ineq Viol (l1): 0.000000, Epoch time: 2.72s
Epoch 48/300, Loss: -1.2060, Obj: -2.2940, Eq Viol (l1): 0.000080, Ineq Viol (l1): 0.000000, Epoch time: 2.72s
Epoch 49/300, Loss: -1.1546, Obj: -2.2529, Eq Viol (l1): 0.000065, Ineq Viol (l1): 0.000000, Epoch time: 2.72s
Epoch 50/300, Loss: -0.9782, Obj: -2.2589, Eq Viol (l1): 0.000063, Ineq Viol (l1): 0.000000, Epoch time: 2.75s
Epoch 51/300, Loss: -1.0998, Obj: -2.2331, Eq Viol (l1): 0.000059, Ineq Viol (l1): 0.000000, Epoch time: 2.76s

Running validation at epoch 50...

VALIDATION_EPOCH_50 EVALUATION RESULTS:
==================================================
Objective Value:     -2.359480e+00
True Objective:      -2.413704e+00
Optimality Gap:      -3.380248e+00 ± 1.594149e+00
Eq Violation l1:   6.015881e-05 (max: 2.367607e-03)
Ineq Violation l1: 4.531159e-07 (max: 8.677996e-05)
Solution Distance:   7.395257e+01 ± 1.681351e+00
Merit:             -2.358873e+00 ± 3.267551e-02
Avg Inference Time:  0.0727s
==================================================
Epoch 52/300, Loss: -1.3706, Obj: -2.3417, Eq Viol (l1): 0.000058, Ineq Viol (l1): 0.000000, Epoch time: 2.76s
Epoch 53/300, Loss: -1.4033, Obj: -2.3727, Eq Viol (l1): 0.000061, Ineq Viol (l1): 0.000000, Epoch time: 2.75s
Epoch 54/300, Loss: -1.2799, Obj: -2.3678, Eq Viol (l1): 0.000059, Ineq Viol (l1): 0.000000, Epoch time: 2.77s
Epoch 55/300, Loss: -1.1895, Obj: -2.3453, Eq Viol (l1): 0.000063, Ineq Viol (l1): 0.000001, Epoch time: 2.75s
Epoch 56/300, Loss: -0.9191, Obj: -2.1786, Eq Viol (l1): 0.000050, Ineq Viol (l1): 0.000000, Epoch time: 2.79s
Epoch 57/300, Loss: -1.2256, Obj: -2.3423, Eq Viol (l1): 0.000060, Ineq Viol (l1): 0.000001, Epoch time: 2.80s
Epoch 58/300, Loss: -1.2453, Obj: -2.3152, Eq Viol (l1): 0.000050, Ineq Viol (l1): 0.000000, Epoch time: 2.77s
Epoch 59/300, Loss: -0.7801, Obj: -2.2910, Eq Viol (l1): 0.000055, Ineq Viol (l1): 0.000001, Epoch time: 2.80s
Epoch 60/300, Loss: -1.0921, Obj: -2.2510, Eq Viol (l1): 0.000055, Ineq Viol (l1): 0.000000, Epoch time: 2.77s
Epoch 61/300, Loss: -0.8880, Obj: -2.2835, Eq Viol (l1): 0.000056, Ineq Viol (l1): 0.000000, Epoch time: 2.77s

Running validation at epoch 60...

VALIDATION_EPOCH_60 EVALUATION RESULTS:
==================================================
Objective Value:     -2.493188e+00
True Objective:      -2.413704e+00
Optimality Gap:      -3.624937e+00 ± 1.745092e+00
Eq Violation l1:   5.493367e-05 (max: 9.700358e-04)
Ineq Violation l1: 4.153936e-07 (max: 2.878144e-05)
Solution Distance:   7.454390e+01 ± 1.791736e+00
Merit:             -2.492635e+00 ± 4.235037e-02
Avg Inference Time:  0.0779s
==================================================
Epoch 62/300, Loss: -1.2628, Obj: -2.3173, Eq Viol (l1): 0.000060, Ineq Viol (l1): 0.000000, Epoch time: 2.78s
Epoch 63/300, Loss: -0.9995, Obj: -2.3154, Eq Viol (l1): 0.000048, Ineq Viol (l1): 0.000000, Epoch time: 2.82s
Epoch 64/300, Loss: -1.2163, Obj: -2.2811, Eq Viol (l1): 0.000047, Ineq Viol (l1): 0.000000, Epoch time: 2.78s
Epoch 65/300, Loss: -1.2089, Obj: -2.2793, Eq Viol (l1): 0.000047, Ineq Viol (l1): 0.000000, Epoch time: 2.81s
Epoch 66/300, Loss: -1.1864, Obj: -2.3673, Eq Viol (l1): 0.000040, Ineq Viol (l1): 0.000000, Epoch time: 2.86s
Epoch 67/300, Loss: -0.9698, Obj: -2.2814, Eq Viol (l1): 0.000039, Ineq Viol (l1): 0.000000, Epoch time: 2.98s
Epoch 68/300, Loss: -1.0342, Obj: -2.2736, Eq Viol (l1): 0.000038, Ineq Viol (l1): 0.000001, Epoch time: 2.89s
Epoch 69/300, Loss: -0.9174, Obj: -2.0754, Eq Viol (l1): 0.000037, Ineq Viol (l1): 0.000000, Epoch time: 2.82s
Epoch 70/300, Loss: -1.1003, Obj: -2.3655, Eq Viol (l1): 0.000042, Ineq Viol (l1): 0.000000, Epoch time: 2.84s
Epoch 71/300, Loss: -0.9619, Obj: -2.2574, Eq Viol (l1): 0.000041, Ineq Viol (l1): 0.000001, Epoch time: 2.84s

Running validation at epoch 70...

VALIDATION_EPOCH_70 EVALUATION RESULTS:
==================================================
Objective Value:     -1.910845e+00
True Objective:      -2.413704e+00
Optimality Gap:      -2.476449e+00 ± 1.237385e+00
Eq Violation l1:   2.810993e-05 (max: 2.282252e-03)
Ineq Violation l1: 5.779715e-07 (max: 1.734372e-04)
Solution Distance:   7.602246e+01 ± 1.756018e+00
Merit:             -1.910558e+00 ± 4.390107e-02
Avg Inference Time:  0.0777s
==================================================
Epoch 72/300, Loss: -0.9939, Obj: -2.2604, Eq Viol (l1): 0.000055, Ineq Viol (l1): 0.000001, Epoch time: 2.81s
Epoch 73/300, Loss: -1.0792, Obj: -2.3717, Eq Viol (l1): 0.000042, Ineq Viol (l1): 0.000000, Epoch time: 2.86s
Epoch 74/300, Loss: -1.2131, Obj: -2.3601, Eq Viol (l1): 0.000054, Ineq Viol (l1): 0.000000, Epoch time: 2.80s
Epoch 75/300, Loss: -1.1431, Obj: -2.3055, Eq Viol (l1): 0.000042, Ineq Viol (l1): 0.000000, Epoch time: 2.84s
Epoch 76/300, Loss: -0.7416, Obj: -2.2777, Eq Viol (l1): 0.000042, Ineq Viol (l1): 0.000000, Epoch time: 2.87s
Epoch 77/300, Loss: -0.6967, Obj: -2.1574, Eq Viol (l1): 0.000043, Ineq Viol (l1): 0.000000, Epoch time: 2.82s
Epoch 78/300, Loss: -0.4919, Obj: -2.2697, Eq Viol (l1): 0.000042, Ineq Viol (l1): 0.000000, Epoch time: 2.84s
Epoch 79/300, Loss: -0.2330, Obj: -2.2112, Eq Viol (l1): 0.000035, Ineq Viol (l1): 0.000000, Epoch time: 2.94s
Epoch 80/300, Loss: -0.1720, Obj: -2.2548, Eq Viol (l1): 0.000042, Ineq Viol (l1): 0.000000, Epoch time: 2.90s
Epoch 81/300, Loss: -0.7021, Obj: -2.2692, Eq Viol (l1): 0.000033, Ineq Viol (l1): 0.000000, Epoch time: 2.87s

Running validation at epoch 80...

VALIDATION_EPOCH_80 EVALUATION RESULTS:
==================================================
Objective Value:     -2.556645e+00
True Objective:      -2.413704e+00
Optimality Gap:      -3.772931e+00 ± 1.684485e+00
Eq Violation l1:   4.484993e-05 (max: 2.071934e-03)
Ineq Violation l1: 2.421412e-07 (max: 3.029622e-05)
Solution Distance:   7.562058e+01 ± 1.724468e+00
Merit:             -2.556194e+00 ± 5.174984e-02
Avg Inference Time:  0.0820s
==================================================
Epoch 82/300, Loss: -0.9678, Obj: -2.3025, Eq Viol (l1): 0.000043, Ineq Viol (l1): 0.000000, Epoch time: 2.84s
Epoch 83/300, Loss: -0.9359, Obj: -2.2553, Eq Viol (l1): 0.000049, Ineq Viol (l1): 0.000000, Epoch time: 2.86s
Epoch 84/300, Loss: -0.9212, Obj: -2.3383, Eq Viol (l1): 0.000044, Ineq Viol (l1): 0.000000, Epoch time: 2.89s
Epoch 85/300, Loss: -0.6803, Obj: -2.0863, Eq Viol (l1): 0.000041, Ineq Viol (l1): 0.000000, Epoch time: 2.84s
Epoch 86/300, Loss: -0.8658, Obj: -2.1819, Eq Viol (l1): 0.000036, Ineq Viol (l1): 0.000000, Epoch time: 2.87s
Epoch 87/300, Loss: -0.9630, Obj: -2.1634, Eq Viol (l1): 0.000040, Ineq Viol (l1): 0.000000, Epoch time: 2.84s
Epoch 88/300, Loss: -0.8067, Obj: -2.3896, Eq Viol (l1): 0.000044, Ineq Viol (l1): 0.000000, Epoch time: 2.85s
Epoch 89/300, Loss: -1.1639, Obj: -2.3579, Eq Viol (l1): 0.000041, Ineq Viol (l1): 0.000000, Epoch time: 2.85s
Epoch 90/300, Loss: -0.8504, Obj: -2.3348, Eq Viol (l1): 0.000035, Ineq Viol (l1): 0.000000, Epoch time: 2.89s
Epoch 91/300, Loss: -1.1511, Obj: -2.3510, Eq Viol (l1): 0.000037, Ineq Viol (l1): 0.000000, Epoch time: 2.86s

Running validation at epoch 90...

VALIDATION_EPOCH_90 EVALUATION RESULTS:
==================================================
Objective Value:     -2.480847e+00
True Objective:      -2.413704e+00
Optimality Gap:      -3.615001e+00 ± 1.552500e+00
Eq Violation l1:   2.638174e-05 (max: 2.218288e-03)
Ineq Violation l1: 4.770637e-07 (max: 1.623333e-04)
Solution Distance:   7.554405e+01 ± 1.732292e+00
Merit:             -2.480579e+00 ± 3.840302e-02
Avg Inference Time:  0.0827s
==================================================
Epoch 92/300, Loss: -1.0167, Obj: -2.3382, Eq Viol (l1): 0.000037, Ineq Viol (l1): 0.000000, Epoch time: 2.85s
Epoch 93/300, Loss: -0.7265, Obj: -2.1886, Eq Viol (l1): 0.000033, Ineq Viol (l1): 0.000000, Epoch time: 2.92s
Epoch 94/300, Loss: -0.8635, Obj: -2.1822, Eq Viol (l1): 0.000035, Ineq Viol (l1): 0.000000, Epoch time: 2.85s
Epoch 95/300, Loss: -1.0433, Obj: -2.2705, Eq Viol (l1): 0.000042, Ineq Viol (l1): 0.000001, Epoch time: 2.83s
Epoch 96/300, Loss: -1.2902, Obj: -2.3847, Eq Viol (l1): 0.000034, Ineq Viol (l1): 0.000000, Epoch time: 2.86s
Epoch 97/300, Loss: -1.1346, Obj: -2.2744, Eq Viol (l1): 0.000035, Ineq Viol (l1): 0.000000, Epoch time: 2.87s
Epoch 98/300, Loss: -0.9424, Obj: -2.3234, Eq Viol (l1): 0.000030, Ineq Viol (l1): 0.000000, Epoch time: 2.91s
Epoch 99/300, Loss: -1.0096, Obj: -2.3641, Eq Viol (l1): 0.000040, Ineq Viol (l1): 0.000000, Epoch time: 2.86s
Epoch 100/300, Loss: -0.4880, Obj: -2.1699, Eq Viol (l1): 0.000044, Ineq Viol (l1): 0.000000, Epoch time: 2.86s
Epoch 101/300, Loss: -1.0721, Obj: -2.3159, Eq Viol (l1): 0.000035, Ineq Viol (l1): 0.000000, Epoch time: 2.96s

Running validation at epoch 100...

VALIDATION_EPOCH_100 EVALUATION RESULTS:
==================================================
Objective Value:     -2.113984e+00
True Objective:      -2.413704e+00
Optimality Gap:      -3.039626e+00 ± 1.457613e+00
Eq Violation l1:   2.546688e-05 (max: 2.451080e-03)
Ineq Violation l1: 4.047726e-07 (max: 1.055630e-04)
Solution Distance:   7.755587e+01 ± 1.869338e+00
Merit:             -2.113726e+00 ± 4.523522e-02
Avg Inference Time:  0.0872s
==================================================
Epoch 102/300, Loss: -1.0232, Obj: -2.3131, Eq Viol (l1): 0.000037, Ineq Viol (l1): 0.000000, Epoch time: 2.88s
Epoch 103/300, Loss: -0.8582, Obj: -2.2071, Eq Viol (l1): 0.000031, Ineq Viol (l1): 0.000000, Epoch time: 2.91s
Epoch 104/300, Loss: -1.0638, Obj: -2.3335, Eq Viol (l1): 0.000035, Ineq Viol (l1): 0.000000, Epoch time: 2.87s
Epoch 105/300, Loss: -0.7938, Obj: -2.1632, Eq Viol (l1): 0.000028, Ineq Viol (l1): 0.000000, Epoch time: 2.94s
Epoch 106/300, Loss: -0.8620, Obj: -2.3565, Eq Viol (l1): 0.000027, Ineq Viol (l1): 0.000000, Epoch time: 2.97s
Epoch 107/300, Loss: -0.4208, Obj: -2.0722, Eq Viol (l1): 0.000024, Ineq Viol (l1): 0.000000, Epoch time: 2.94s
Epoch 108/300, Loss: -1.1305, Obj: -2.3658, Eq Viol (l1): 0.000029, Ineq Viol (l1): 0.000000, Epoch time: 2.94s
Epoch 109/300, Loss: -0.7805, Obj: -2.2123, Eq Viol (l1): 0.000024, Ineq Viol (l1): 0.000000, Epoch time: 2.98s
Epoch 110/300, Loss: -0.2266, Obj: -1.8786, Eq Viol (l1): 0.000027, Ineq Viol (l1): 0.000000, Epoch time: 2.97s
Epoch 111/300, Loss: 0.3175, Obj: -1.9835, Eq Viol (l1): 0.000024, Ineq Viol (l1): 0.000000, Epoch time: 3.03s

Running validation at epoch 110...

VALIDATION_EPOCH_110 EVALUATION RESULTS:
==================================================
Objective Value:     -1.819483e+00
True Objective:      -2.413704e+00
Optimality Gap:      -2.394917e+00 ± 1.155151e+00
Eq Violation l1:   2.030925e-05 (max: 2.615675e-03)
Ineq Violation l1: 1.975879e-07 (max: 4.400654e-05)
Solution Distance:   8.050807e+01 ± 1.687043e+00
Merit:             -1.819278e+00 ± 4.092678e-02
Avg Inference Time:  0.0924s
==================================================
Epoch 112/300, Loss: -0.2390, Obj: -2.0565, Eq Viol (l1): 0.000023, Ineq Viol (l1): 0.000000, Epoch time: 3.05s
Epoch 113/300, Loss: 0.8655, Obj: -1.7881, Eq Viol (l1): 0.000018, Ineq Viol (l1): 0.000000, Epoch time: 3.17s
Epoch 114/300, Loss: 3.9419, Obj: -1.4893, Eq Viol (l1): 0.000025, Ineq Viol (l1): 0.000000, Epoch time: 3.03s
Epoch 115/300, Loss: 1.5551, Obj: -1.6490, Eq Viol (l1): 0.000017, Ineq Viol (l1): 0.000000, Epoch time: 3.10s
Epoch 116/300, Loss: 1.1939, Obj: -1.6518, Eq Viol (l1): 0.000017, Ineq Viol (l1): 0.000000, Epoch time: 3.12s
Epoch 117/300, Loss: 0.8090, Obj: -1.9798, Eq Viol (l1): 0.000025, Ineq Viol (l1): 0.000000, Epoch time: 3.01s
Epoch 118/300, Loss: 0.5599, Obj: -1.7115, Eq Viol (l1): 0.000026, Ineq Viol (l1): 0.000000, Epoch time: 3.06s
Epoch 119/300, Loss: 0.4326, Obj: -1.9404, Eq Viol (l1): 0.000018, Ineq Viol (l1): 0.000000, Epoch time: 3.15s
Epoch 120/300, Loss: 2.0158, Obj: -1.6794, Eq Viol (l1): 0.000020, Ineq Viol (l1): 0.000000, Epoch time: 3.20s
Epoch 121/300, Loss: 3.6866, Obj: -1.0767, Eq Viol (l1): 0.000017, Ineq Viol (l1): 0.000000, Epoch time: 3.29s

Running validation at epoch 120...

VALIDATION_EPOCH_120 EVALUATION RESULTS:
==================================================
Objective Value:     -8.590698e-01
True Objective:      -2.413704e+00
Optimality Gap:      -9.326546e-01 ± 6.973529e-01
Eq Violation l1:   2.877368e-05 (max: 1.994979e-03)
Ineq Violation l1: 1.530494e-07 (max: 1.437936e-05)
Solution Distance:   8.437290e+01 ± 1.937233e+00
Merit:             -8.587806e-01 ± 6.192464e-02
Avg Inference Time:  0.0934s
==================================================
Epoch 122/300, Loss: 1.7486, Obj: -1.1091, Eq Viol (l1): 0.000024, Ineq Viol (l1): 0.000001, Epoch time: 3.22s
Epoch 123/300, Loss: 0.6041, Obj: -1.8073, Eq Viol (l1): 0.000036, Ineq Viol (l1): 0.000002, Epoch time: 3.15s
Epoch 124/300, Loss: 0.6693, Obj: -1.6828, Eq Viol (l1): 0.000033, Ineq Viol (l1): 0.000003, Epoch time: 3.17s
Epoch 125/300, Loss: 0.5897, Obj: -1.8215, Eq Viol (l1): 0.000044, Ineq Viol (l1): 0.000006, Epoch time: 3.10s
Epoch 126/300, Loss: 1.5532, Obj: -1.2550, Eq Viol (l1): 0.000048, Ineq Viol (l1): 0.000011, Epoch time: 3.23s
Epoch 127/300, Loss: 0.8478, Obj: -1.7911, Eq Viol (l1): 0.000026, Ineq Viol (l1): 0.000002, Epoch time: 3.16s
Epoch 128/300, Loss: 0.9067, Obj: -2.0665, Eq Viol (l1): 0.000028, Ineq Viol (l1): 0.000002, Epoch time: 3.21s
Epoch 129/300, Loss: 3.7432, Obj: -1.3826, Eq Viol (l1): 0.000044, Ineq Viol (l1): 0.000005, Epoch time: 3.31s
Epoch 130/300, Loss: 1.8175, Obj: -1.3448, Eq Viol (l1): 0.000029, Ineq Viol (l1): 0.000001, Epoch time: 3.24s
Epoch 131/300, Loss: 1.1090, Obj: -1.6532, Eq Viol (l1): 0.000019, Ineq Viol (l1): 0.000001, Epoch time: 3.23s

Running validation at epoch 130...

VALIDATION_EPOCH_130 EVALUATION RESULTS:
==================================================
Objective Value:     -1.877906e+00
True Objective:      -2.413704e+00
Optimality Gap:      -2.779043e+00 ± 1.344187e+00
Eq Violation l1:   4.611383e-05 (max: 2.604420e-03)
Ineq Violation l1: 2.629361e-07 (max: 4.755784e-05)
Solution Distance:   8.071573e+01 ± 1.848852e+00
Merit:             -1.877442e+00 ± 3.557884e-02
Avg Inference Time:  0.0868s
==================================================
Epoch 132/300, Loss: 0.8260, Obj: -1.7422, Eq Viol (l1): 0.000023, Ineq Viol (l1): 0.000000, Epoch time: 3.11s
Epoch 133/300, Loss: 0.4796, Obj: -1.8175, Eq Viol (l1): 0.000022, Ineq Viol (l1): 0.000000, Epoch time: 3.06s
Epoch 134/300, Loss: 0.2952, Obj: -1.9616, Eq Viol (l1): 0.000021, Ineq Viol (l1): 0.000000, Epoch time: 3.14s
Epoch 135/300, Loss: 0.2582, Obj: -1.9462, Eq Viol (l1): 0.000025, Ineq Viol (l1): 0.000000, Epoch time: 3.02s
Epoch 136/300, Loss: -0.3739, Obj: -2.1431, Eq Viol (l1): 0.000032, Ineq Viol (l1): 0.000000, Epoch time: 2.98s
Epoch 137/300, Loss: -0.6689, Obj: -2.2572, Eq Viol (l1): 0.000026, Ineq Viol (l1): 0.000000, Epoch time: 3.03s
Epoch 138/300, Loss: 0.8761, Obj: -1.9813, Eq Viol (l1): 0.000034, Ineq Viol (l1): 0.000002, Epoch time: 3.12s
Epoch 139/300, Loss: 1.4511, Obj: -0.9136, Eq Viol (l1): 0.000018, Ineq Viol (l1): 0.000000, Epoch time: 3.15s
Epoch 140/300, Loss: 1.2857, Obj: -1.8665, Eq Viol (l1): 0.000037, Ineq Viol (l1): 0.000003, Epoch time: 3.10s
Epoch 141/300, Loss: 0.0222, Obj: -1.9528, Eq Viol (l1): 0.000022, Ineq Viol (l1): 0.000001, Epoch time: 3.10s

Running validation at epoch 140...

VALIDATION_EPOCH_140 EVALUATION RESULTS:
==================================================
Objective Value:     -1.839483e+00
True Objective:      -2.413704e+00
Optimality Gap:      -2.618200e+00 ± 1.288931e+00
Eq Violation l1:   4.659749e-05 (max: 1.894863e-03)
Ineq Violation l1: 4.661237e-07 (max: 8.213580e-05)
Solution Distance:   8.163354e+01 ± 1.897054e+00
Merit:             -1.839013e+00 ± 6.880947e-02
Avg Inference Time:  0.0779s
==================================================
Epoch 142/300, Loss: -0.1453, Obj: -2.0485, Eq Viol (l1): 0.000022, Ineq Viol (l1): 0.000000, Epoch time: 3.06s
Epoch 143/300, Loss: 0.2911, Obj: -1.7452, Eq Viol (l1): 0.000034, Ineq Viol (l1): 0.000003, Epoch time: 3.09s
Epoch 144/300, Loss: 0.6307, Obj: -1.9657, Eq Viol (l1): 0.000042, Ineq Viol (l1): 0.000005, Epoch time: 3.17s
Epoch 145/300, Loss: 1.7374, Obj: -1.8194, Eq Viol (l1): 0.000074, Ineq Viol (l1): 0.000014, Epoch time: 3.22s
Epoch 146/300, Loss: 2.1907, Obj: -1.2536, Eq Viol (l1): 0.000125, Ineq Viol (l1): 0.000027, Epoch time: 3.21s
Epoch 147/300, Loss: 2.2870, Obj: -1.2656, Eq Viol (l1): 0.000078, Ineq Viol (l1): 0.000013, Epoch time: 3.26s
Epoch 148/300, Loss: 0.8846, Obj: -1.2490, Eq Viol (l1): 0.000026, Ineq Viol (l1): 0.000002, Epoch time: 3.25s
Epoch 149/300, Loss: 1.2552, Obj: -2.0524, Eq Viol (l1): 0.000026, Ineq Viol (l1): 0.000000, Epoch time: 3.06s
Epoch 150/300, Loss: 0.0529, Obj: -1.7594, Eq Viol (l1): 0.000026, Ineq Viol (l1): 0.000001, Epoch time: 3.09s
Epoch 151/300, Loss: -0.3458, Obj: -1.9173, Eq Viol (l1): 0.000020, Ineq Viol (l1): 0.000001, Epoch time: 3.10s

Running validation at epoch 150...

VALIDATION_EPOCH_150 EVALUATION RESULTS:
==================================================
Objective Value:     -2.170090e+00
True Objective:      -2.413704e+00
Optimality Gap:      -3.120721e+00 ± 1.373456e+00
Eq Violation l1:   3.811063e-05 (max: 2.064093e-03)
Ineq Violation l1: 6.402287e-07 (max: 1.547138e-04)
Solution Distance:   8.049221e+01 ± 1.728213e+00
Merit:             -2.169703e+00 ± 3.954155e-02
Avg Inference Time:  0.0819s
==================================================
Epoch 152/300, Loss: -0.7038, Obj: -2.1854, Eq Viol (l1): 0.000034, Ineq Viol (l1): 0.000002, Epoch time: 3.10s
Epoch 153/300, Loss: -0.4540, Obj: -2.1663, Eq Viol (l1): 0.000022, Ineq Viol (l1): 0.000000, Epoch time: 3.09s
Epoch 154/300, Loss: -0.4249, Obj: -2.1284, Eq Viol (l1): 0.000026, Ineq Viol (l1): 0.000001, Epoch time: 3.06s
Epoch 155/300, Loss: -0.7960, Obj: -2.2103, Eq Viol (l1): 0.000033, Ineq Viol (l1): 0.000002, Epoch time: 3.01s
Epoch 156/300, Loss: -0.4581, Obj: -2.3197, Eq Viol (l1): 0.000032, Ineq Viol (l1): 0.000002, Epoch time: 3.05s
Epoch 157/300, Loss: -0.3140, Obj: -2.1697, Eq Viol (l1): 0.000025, Ineq Viol (l1): 0.000001, Epoch time: 3.05s
Epoch 158/300, Loss: 0.6391, Obj: -1.4961, Eq Viol (l1): 0.000023, Ineq Viol (l1): 0.000001, Epoch time: 3.15s
Epoch 159/300, Loss: -0.0025, Obj: -2.0802, Eq Viol (l1): 0.000021, Ineq Viol (l1): 0.000000, Epoch time: 3.09s
Epoch 160/300, Loss: -0.2506, Obj: -2.1921, Eq Viol (l1): 0.000021, Ineq Viol (l1): 0.000000, Epoch time: 3.11s
Epoch 161/300, Loss: -0.1255, Obj: -1.9551, Eq Viol (l1): 0.000027, Ineq Viol (l1): 0.000001, Epoch time: 3.10s

Running validation at epoch 160...

VALIDATION_EPOCH_160 EVALUATION RESULTS:
==================================================
Objective Value:     -2.368959e+00
True Objective:      -2.413704e+00
Optimality Gap:      -3.414223e+00 ± 1.517570e+00
Eq Violation l1:   5.269553e-05 (max: 1.618095e-03)
Ineq Violation l1: 4.989053e-07 (max: 9.493209e-05)
Solution Distance:   7.990648e+01 ± 1.847538e+00
Merit:             -2.368427e+00 ± 4.928922e-02
Avg Inference Time:  0.0827s
==================================================
Epoch 162/300, Loss: -0.5098, Obj: -2.0853, Eq Viol (l1): 0.000028, Ineq Viol (l1): 0.000001, Epoch time: 3.03s
Epoch 163/300, Loss: 0.1888, Obj: -1.9236, Eq Viol (l1): 0.000032, Ineq Viol (l1): 0.000001, Epoch time: 3.03s
Epoch 164/300, Loss: -0.3504, Obj: -2.3805, Eq Viol (l1): 0.000024, Ineq Viol (l1): 0.000000, Epoch time: 3.05s
Epoch 165/300, Loss: -0.4492, Obj: -2.0152, Eq Viol (l1): 0.000016, Ineq Viol (l1): 0.000000, Epoch time: 3.10s
Epoch 166/300, Loss: -0.6771, Obj: -2.1569, Eq Viol (l1): 0.000047, Ineq Viol (l1): 0.000004, Epoch time: 3.02s
Epoch 167/300, Loss: -0.7551, Obj: -2.1855, Eq Viol (l1): 0.000024, Ineq Viol (l1): 0.000000, Epoch time: 3.16s
Epoch 168/300, Loss: -0.1442, Obj: -2.1865, Eq Viol (l1): 0.000025, Ineq Viol (l1): 0.000000, Epoch time: 3.08s
Epoch 169/300, Loss: 0.8944, Obj: -1.9886, Eq Viol (l1): 0.000027, Ineq Viol (l1): 0.000001, Epoch time: 3.17s
Epoch 170/300, Loss: 1.7379, Obj: -1.6152, Eq Viol (l1): 0.000024, Ineq Viol (l1): 0.000001, Epoch time: 3.15s
Epoch 171/300, Loss: 0.7074, Obj: -1.7806, Eq Viol (l1): 0.000019, Ineq Viol (l1): 0.000000, Epoch time: 3.10s

Running validation at epoch 170...

VALIDATION_EPOCH_170 EVALUATION RESULTS:
==================================================
Objective Value:     -1.723853e+00
True Objective:      -2.413704e+00
Optimality Gap:      -2.318904e+00 ± 1.103379e+00
Eq Violation l1:   2.019754e-05 (max: 2.058247e-03)
Ineq Violation l1: 1.845042e-07 (max: 3.663727e-05)
Solution Distance:   8.154750e+01 ± 1.622524e+00
Merit:             -1.723649e+00 ± 1.498848e-02
Avg Inference Time:  0.0881s
==================================================
Epoch 172/300, Loss: 0.0498, Obj: -1.8977, Eq Viol (l1): 0.000020, Ineq Viol (l1): 0.000000, Epoch time: 3.04s
Epoch 173/300, Loss: 0.0262, Obj: -2.0978, Eq Viol (l1): 0.000023, Ineq Viol (l1): 0.000001, Epoch time: 3.10s
Epoch 174/300, Loss: 3.6875, Obj: -1.3438, Eq Viol (l1): 0.000038, Ineq Viol (l1): 0.000003, Epoch time: 3.14s
Epoch 175/300, Loss: 2.0007, Obj: -1.5337, Eq Viol (l1): 0.000026, Ineq Viol (l1): 0.000001, Epoch time: 3.12s
Epoch 176/300, Loss: 0.5153, Obj: -1.6500, Eq Viol (l1): 0.000040, Ineq Viol (l1): 0.000006, Epoch time: 3.21s
Epoch 177/300, Loss: 1.3315, Obj: -1.9110, Eq Viol (l1): 0.000047, Ineq Viol (l1): 0.000006, Epoch time: 3.25s
Epoch 178/300, Loss: 1.0712, Obj: -2.1426, Eq Viol (l1): 0.000036, Ineq Viol (l1): 0.000005, Epoch time: 3.15s
Epoch 179/300, Loss: 3.4051, Obj: -1.7399, Eq Viol (l1): 0.000038, Ineq Viol (l1): 0.000003, Epoch time: 3.26s
Epoch 180/300, Loss: 2.1848, Obj: -1.1008, Eq Viol (l1): 0.000018, Ineq Viol (l1): 0.000000, Epoch time: 3.19s
Epoch 181/300, Loss: 1.7445, Obj: -1.9426, Eq Viol (l1): 0.000022, Ineq Viol (l1): 0.000001, Epoch time: 3.18s

Running validation at epoch 180...

VALIDATION_EPOCH_180 EVALUATION RESULTS:
==================================================
Objective Value:     -1.860537e+00
True Objective:      -2.413704e+00
Optimality Gap:      -2.545227e+00 ± 1.068845e+00
Eq Violation l1:   2.707976e-05 (max: 2.654407e-03)
Ineq Violation l1: 5.058014e-07 (max: 1.192928e-04)
Solution Distance:   8.312243e+01 ± 1.714756e+00
Merit:             -1.860261e+00 ± 4.971354e-02
Avg Inference Time:  0.0966s
==================================================
Epoch 182/300, Loss: 1.4018, Obj: -1.6171, Eq Viol (l1): 0.000027, Ineq Viol (l1): 0.000002, Epoch time: 3.11s
Epoch 183/300, Loss: 1.1844, Obj: -1.5627, Eq Viol (l1): 0.000021, Ineq Viol (l1): 0.000000, Epoch time: 3.16s
Epoch 184/300, Loss: 0.5816, Obj: -1.9125, Eq Viol (l1): 0.000022, Ineq Viol (l1): 0.000001, Epoch time: 3.17s
Epoch 185/300, Loss: 1.0288, Obj: -1.7917, Eq Viol (l1): 0.000032, Ineq Viol (l1): 0.000005, Epoch time: 3.17s
Epoch 186/300, Loss: 0.4440, Obj: -1.7108, Eq Viol (l1): 0.000036, Ineq Viol (l1): 0.000002, Epoch time: 3.15s
Epoch 187/300, Loss: 0.5725, Obj: -1.8832, Eq Viol (l1): 0.000043, Ineq Viol (l1): 0.000008, Epoch time: 3.17s
Epoch 188/300, Loss: 0.0419, Obj: -2.0456, Eq Viol (l1): 0.000026, Ineq Viol (l1): 0.000001, Epoch time: 3.18s
Epoch 189/300, Loss: 0.7245, Obj: -2.1361, Eq Viol (l1): 0.000071, Ineq Viol (l1): 0.000013, Epoch time: 3.21s
Epoch 190/300, Loss: 1.7884, Obj: -1.4837, Eq Viol (l1): 0.000058, Ineq Viol (l1): 0.000006, Epoch time: 3.22s
Epoch 191/300, Loss: 0.7300, Obj: -1.6884, Eq Viol (l1): 0.000045, Ineq Viol (l1): 0.000004, Epoch time: 3.18s

Running validation at epoch 190...

VALIDATION_EPOCH_190 EVALUATION RESULTS:
==================================================
Objective Value:     -2.136776e+00
True Objective:      -2.413704e+00
Optimality Gap:      -3.129158e+00 ± 1.314217e+00
Eq Violation l1:   3.055399e-05 (max: 1.562277e-03)
Ineq Violation l1: 3.817992e-07 (max: 8.117074e-05)
Solution Distance:   8.157923e+01 ± 1.870646e+00
Merit:             -2.136467e+00 ± 3.142421e-02
Avg Inference Time:  0.0895s
==================================================
Epoch 192/300, Loss: 1.3024, Obj: -1.3259, Eq Viol (l1): 0.000050, Ineq Viol (l1): 0.000005, Epoch time: 3.13s
Epoch 193/300, Loss: 1.5235, Obj: -1.6090, Eq Viol (l1): 0.000064, Ineq Viol (l1): 0.000007, Epoch time: 3.15s
Epoch 194/300, Loss: 1.8541, Obj: -1.0758, Eq Viol (l1): 0.000048, Ineq Viol (l1): 0.000010, Epoch time: 3.21s
Epoch 195/300, Loss: 0.2046, Obj: -1.7765, Eq Viol (l1): 0.000021, Ineq Viol (l1): 0.000001, Epoch time: 3.13s
Epoch 196/300, Loss: -0.0602, Obj: -1.9370, Eq Viol (l1): 0.000036, Ineq Viol (l1): 0.000003, Epoch time: 3.14s
Epoch 197/300, Loss: 1.4814, Obj: -1.2224, Eq Viol (l1): 0.000019, Ineq Viol (l1): 0.000000, Epoch time: 3.15s
Epoch 198/300, Loss: 0.8724, Obj: -1.8159, Eq Viol (l1): 0.000025, Ineq Viol (l1): 0.000003, Epoch time: 3.24s
Epoch 199/300, Loss: 1.1410, Obj: -1.8004, Eq Viol (l1): 0.000022, Ineq Viol (l1): 0.000001, Epoch time: 3.28s
Epoch 200/300, Loss: 0.9450, Obj: -1.4786, Eq Viol (l1): 0.000023, Ineq Viol (l1): 0.000001, Epoch time: 3.12s
Epoch 201/300, Loss: 1.3789, Obj: -1.6476, Eq Viol (l1): 0.000322, Ineq Viol (l1): 0.000055, Epoch time: 3.15s

Running validation at epoch 200...

VALIDATION_EPOCH_200 EVALUATION RESULTS:
==================================================
Objective Value:     -1.285920e+00
True Objective:      -2.413704e+00
Optimality Gap:      -1.655919e+00 ± 8.587178e-01
Eq Violation l1:   1.833457e-05 (max: 3.008256e-03)
Ineq Violation l1: 1.739583e-07 (max: 3.224432e-05)
Solution Distance:   8.585983e+01 ± 1.738303e+00
Merit:             -1.285735e+00 ± 3.604083e-02
Avg Inference Time:  0.0920s
==================================================
Epoch 202/300, Loss: 0.5643, Obj: -1.5342, Eq Viol (l1): 0.000020, Ineq Viol (l1): 0.000001, Epoch time: 3.13s
Epoch 203/300, Loss: 0.1860, Obj: -1.8516, Eq Viol (l1): 0.000026, Ineq Viol (l1): 0.000001, Epoch time: 3.11s
Epoch 204/300, Loss: 0.5761, Obj: -2.0157, Eq Viol (l1): 0.000023, Ineq Viol (l1): 0.000000, Epoch time: 3.11s
Epoch 205/300, Loss: 0.0883, Obj: -1.7397, Eq Viol (l1): 0.000018, Ineq Viol (l1): 0.000000, Epoch time: 3.07s
Epoch 206/300, Loss: -0.4109, Obj: -2.0375, Eq Viol (l1): 0.000020, Ineq Viol (l1): 0.000000, Epoch time: 3.04s
Epoch 207/300, Loss: 0.4845, Obj: -2.3435, Eq Viol (l1): 0.000027, Ineq Viol (l1): 0.000000, Epoch time: 3.05s
Epoch 208/300, Loss: -0.1788, Obj: -1.9260, Eq Viol (l1): 0.000020, Ineq Viol (l1): 0.000000, Epoch time: 3.05s
Epoch 209/300, Loss: -0.4994, Obj: -2.2329, Eq Viol (l1): 0.000023, Ineq Viol (l1): 0.000000, Epoch time: 3.08s
Epoch 210/300, Loss: -0.4352, Obj: -2.1781, Eq Viol (l1): 0.000023, Ineq Viol (l1): 0.000000, Epoch time: 3.01s
Epoch 211/300, Loss: -0.0522, Obj: -2.2098, Eq Viol (l1): 0.000030, Ineq Viol (l1): 0.000000, Epoch time: 3.00s

Running validation at epoch 210...

VALIDATION_EPOCH_210 EVALUATION RESULTS:
==================================================
Objective Value:     -2.281967e+00
True Objective:      -2.413704e+00
Optimality Gap:      -3.326727e+00 ± 1.441367e+00
Eq Violation l1:   3.399045e-05 (max: 2.820551e-03)
Ineq Violation l1: 2.839628e-07 (max: 4.334381e-05)
Solution Distance:   8.117673e+01 ± 1.835711e+00
Merit:             -2.281624e+00 ± 4.439493e-02
Avg Inference Time:  0.0842s
==================================================
Epoch 212/300, Loss: -0.3225, Obj: -2.2347, Eq Viol (l1): 0.000023, Ineq Viol (l1): 0.000000, Epoch time: 3.03s
Epoch 213/300, Loss: -0.3671, Obj: -1.9632, Eq Viol (l1): 0.000014, Ineq Viol (l1): 0.000000, Epoch time: 3.14s
Epoch 214/300, Loss: 0.2082, Obj: -2.1374, Eq Viol (l1): 0.000022, Ineq Viol (l1): 0.000001, Epoch time: 3.16s
Epoch 215/300, Loss: 2.1023, Obj: -1.9794, Eq Viol (l1): 0.000022, Ineq Viol (l1): 0.000000, Epoch time: 3.16s
Epoch 216/300, Loss: 0.3298, Obj: -1.6258, Eq Viol (l1): 0.000021, Ineq Viol (l1): 0.000000, Epoch time: 3.05s
Epoch 217/300, Loss: 0.2967, Obj: -2.2025, Eq Viol (l1): 0.000031, Ineq Viol (l1): 0.000001, Epoch time: 3.06s
Epoch 218/300, Loss: 0.3806, Obj: -1.5173, Eq Viol (l1): 0.000029, Ineq Viol (l1): 0.000002, Epoch time: 3.06s
Epoch 219/300, Loss: -0.7757, Obj: -2.2836, Eq Viol (l1): 0.000027, Ineq Viol (l1): 0.000000, Epoch time: 2.96s
Epoch 220/300, Loss: -0.6920, Obj: -2.2774, Eq Viol (l1): 0.000022, Ineq Viol (l1): 0.000000, Epoch time: 3.05s
Epoch 221/300, Loss: -0.7170, Obj: -2.3664, Eq Viol (l1): 0.000027, Ineq Viol (l1): 0.000000, Epoch time: 3.06s

Running validation at epoch 220...

VALIDATION_EPOCH_220 EVALUATION RESULTS:
==================================================
Objective Value:     -2.148806e+00
True Objective:      -2.413704e+00
Optimality Gap:      -3.038005e+00 ± 1.292585e+00
Eq Violation l1:   2.956188e-05 (max: 2.991871e-03)
Ineq Violation l1: 3.010975e-07 (max: 8.319526e-05)
Solution Distance:   8.143839e+01 ± 1.966324e+00
Merit:             -2.148507e+00 ± 5.151403e-02
Avg Inference Time:  0.0899s
==================================================
Epoch 222/300, Loss: -0.6396, Obj: -2.1248, Eq Viol (l1): 0.000022, Ineq Viol (l1): 0.000000, Epoch time: 3.00s
Epoch 223/300, Loss: -0.7213, Obj: -2.3212, Eq Viol (l1): 0.000033, Ineq Viol (l1): 0.000001, Epoch time: 3.03s
Epoch 224/300, Loss: -0.7271, Obj: -2.3706, Eq Viol (l1): 0.000027, Ineq Viol (l1): 0.000000, Epoch time: 3.00s
Epoch 225/300, Loss: -0.5955, Obj: -2.4883, Eq Viol (l1): 0.000038, Ineq Viol (l1): 0.000001, Epoch time: 2.98s
Epoch 226/300, Loss: -0.8566, Obj: -2.5030, Eq Viol (l1): 0.000034, Ineq Viol (l1): 0.000001, Epoch time: 2.93s
Epoch 227/300, Loss: -1.2226, Obj: -2.5127, Eq Viol (l1): 0.000033, Ineq Viol (l1): 0.000001, Epoch time: 2.94s
Epoch 228/300, Loss: -1.2883, Obj: -2.4806, Eq Viol (l1): 0.000035, Ineq Viol (l1): 0.000001, Epoch time: 2.99s
Epoch 229/300, Loss: -1.2874, Obj: -2.4823, Eq Viol (l1): 0.000027, Ineq Viol (l1): 0.000001, Epoch time: 3.00s
Epoch 230/300, Loss: -1.2469, Obj: -2.4868, Eq Viol (l1): 0.000022, Ineq Viol (l1): 0.000001, Epoch time: 3.09s
Epoch 231/300, Loss: -0.1751, Obj: -2.2664, Eq Viol (l1): 0.000061, Ineq Viol (l1): 0.000008, Epoch time: 3.18s

Running validation at epoch 230...

VALIDATION_EPOCH_230 EVALUATION RESULTS:
==================================================
Objective Value:     -1.976569e+00
True Objective:      -2.413704e+00
Optimality Gap:      -2.790459e+00 ± 1.211249e+00
Eq Violation l1:   2.046897e-05 (max: 2.066354e-03)
Ineq Violation l1: 3.924539e-07 (max: 6.700542e-05)
Solution Distance:   8.315622e+01 ± 2.084491e+00
Merit:             -1.976360e+00 ± 5.407543e-02
Avg Inference Time:  0.0920s
==================================================
Epoch 232/300, Loss: -0.1291, Obj: -2.1323, Eq Viol (l1): 0.000028, Ineq Viol (l1): 0.000001, Epoch time: 3.10s
Epoch 233/300, Loss: -0.8182, Obj: -2.2617, Eq Viol (l1): 0.000020, Ineq Viol (l1): 0.000000, Epoch time: 3.15s
Epoch 234/300, Loss: -0.6465, Obj: -2.3216, Eq Viol (l1): 0.000027, Ineq Viol (l1): 0.000000, Epoch time: 3.05s
Epoch 235/300, Loss: -0.5532, Obj: -2.2137, Eq Viol (l1): 0.000024, Ineq Viol (l1): 0.000001, Epoch time: 3.02s
Epoch 236/300, Loss: -1.1229, Obj: -2.4313, Eq Viol (l1): 0.000034, Ineq Viol (l1): 0.000002, Epoch time: 3.04s
Epoch 237/300, Loss: 0.0828, Obj: -1.9932, Eq Viol (l1): 0.000030, Ineq Viol (l1): 0.000002, Epoch time: 3.12s
Epoch 238/300, Loss: 0.5550, Obj: -2.3633, Eq Viol (l1): 0.000042, Ineq Viol (l1): 0.000002, Epoch time: 3.12s
Epoch 239/300, Loss: 1.0544, Obj: -1.9964, Eq Viol (l1): 0.000043, Ineq Viol (l1): 0.000004, Epoch time: 3.15s
Epoch 240/300, Loss: 1.6687, Obj: -1.8485, Eq Viol (l1): 0.000037, Ineq Viol (l1): 0.000002, Epoch time: 3.14s
Epoch 241/300, Loss: 2.0482, Obj: -1.2015, Eq Viol (l1): 0.000060, Ineq Viol (l1): 0.000006, Epoch time: 3.15s

Running validation at epoch 240...

VALIDATION_EPOCH_240 EVALUATION RESULTS:
==================================================
Objective Value:     -1.544727e+00
True Objective:      -2.413704e+00
Optimality Gap:      -1.989987e+00 ± 1.019861e+00
Eq Violation l1:   2.101360e-05 (max: 2.311499e-03)
Ineq Violation l1: 1.642120e-07 (max: 5.564561e-05)
Solution Distance:   8.275594e+01 ± 2.007841e+00
Merit:             -1.544515e+00 ± 6.178527e-02
Avg Inference Time:  0.0919s
==================================================
Epoch 242/300, Loss: 0.7023, Obj: -1.6001, Eq Viol (l1): 0.000043, Ineq Viol (l1): 0.000004, Epoch time: 3.08s
Epoch 243/300, Loss: -0.0363, Obj: -2.0959, Eq Viol (l1): 0.000035, Ineq Viol (l1): 0.000002, Epoch time: 3.10s
Epoch 244/300, Loss: 0.7767, Obj: -1.9383, Eq Viol (l1): 0.000029, Ineq Viol (l1): 0.000000, Epoch time: 3.05s
Epoch 245/300, Loss: 0.6057, Obj: -1.8838, Eq Viol (l1): 0.000024, Ineq Viol (l1): 0.000001, Epoch time: 3.10s
Epoch 246/300, Loss: -0.5832, Obj: -2.3252, Eq Viol (l1): 0.000043, Ineq Viol (l1): 0.000004, Epoch time: 3.05s
Epoch 247/300, Loss: -0.4153, Obj: -2.1946, Eq Viol (l1): 0.000024, Ineq Viol (l1): 0.000000, Epoch time: 3.06s
Epoch 248/300, Loss: -0.4667, Obj: -2.0456, Eq Viol (l1): 0.000051, Ineq Viol (l1): 0.000004, Epoch time: 3.05s
Epoch 249/300, Loss: 0.1723, Obj: -1.7785, Eq Viol (l1): 0.000073, Ineq Viol (l1): 0.000008, Epoch time: 3.11s
Epoch 250/300, Loss: 0.0736, Obj: -2.0199, Eq Viol (l1): 0.000060, Ineq Viol (l1): 0.000010, Epoch time: 3.09s
Epoch 251/300, Loss: 0.4684, Obj: -2.1958, Eq Viol (l1): 0.000024, Ineq Viol (l1): 0.000001, Epoch time: 3.16s

Running validation at epoch 250...

VALIDATION_EPOCH_250 EVALUATION RESULTS:
==================================================
Objective Value:     -1.957160e+00
True Objective:      -2.413704e+00
Optimality Gap:      -2.867010e+00 ± 1.328290e+00
Eq Violation l1:   4.046126e-05 (max: 1.945524e-03)
Ineq Violation l1: 3.611227e-07 (max: 6.373173e-05)
Solution Distance:   8.177737e+01 ± 1.933680e+00
Merit:             -1.956752e+00 ± 4.609552e-02
Avg Inference Time:  0.0845s
==================================================
Epoch 252/300, Loss: 0.1784, Obj: -1.7033, Eq Viol (l1): 0.000030, Ineq Viol (l1): 0.000002, Epoch time: 3.13s
Epoch 253/300, Loss: -0.0911, Obj: -2.0478, Eq Viol (l1): 0.000025, Ineq Viol (l1): 0.000000, Epoch time: 3.09s
Epoch 254/300, Loss: -0.2254, Obj: -2.1261, Eq Viol (l1): 0.000032, Ineq Viol (l1): 0.000001, Epoch time: 3.04s
Epoch 255/300, Loss: 0.4278, Obj: -1.6428, Eq Viol (l1): 0.000048, Ineq Viol (l1): 0.000006, Epoch time: 3.18s
Epoch 256/300, Loss: 1.3549, Obj: -1.6897, Eq Viol (l1): 0.000026, Ineq Viol (l1): 0.000001, Epoch time: 3.12s
Epoch 257/300, Loss: 0.3320, Obj: -1.9881, Eq Viol (l1): 0.000021, Ineq Viol (l1): 0.000000, Epoch time: 3.11s
Epoch 258/300, Loss: 0.8554, Obj: -1.6169, Eq Viol (l1): 0.000048, Ineq Viol (l1): 0.000005, Epoch time: 3.11s
Epoch 259/300, Loss: 0.6942, Obj: -1.5228, Eq Viol (l1): 0.000032, Ineq Viol (l1): 0.000001, Epoch time: 3.09s
Epoch 260/300, Loss: 0.0958, Obj: -2.0901, Eq Viol (l1): 0.000035, Ineq Viol (l1): 0.000003, Epoch time: 3.12s
Epoch 261/300, Loss: -0.3596, Obj: -2.2554, Eq Viol (l1): 0.000047, Ineq Viol (l1): 0.000004, Epoch time: 3.06s

Running validation at epoch 260...

VALIDATION_EPOCH_260 EVALUATION RESULTS:
==================================================
Objective Value:     -2.346947e+00
True Objective:      -2.413704e+00
Optimality Gap:      -3.314373e+00 ± 1.362218e+00
Eq Violation l1:   3.158794e-05 (max: 2.566202e-03)
Ineq Violation l1: 6.790407e-07 (max: 1.999768e-04)
Solution Distance:   8.138247e+01 ± 1.955176e+00
Merit:             -2.346625e+00 ± 7.316615e-02
Avg Inference Time:  0.0892s
==================================================
Epoch 262/300, Loss: -0.5072, Obj: -2.1478, Eq Viol (l1): 0.000027, Ineq Viol (l1): 0.000000, Epoch time: 3.04s
Epoch 263/300, Loss: 0.1083, Obj: -1.9664, Eq Viol (l1): 0.000028, Ineq Viol (l1): 0.000001, Epoch time: 3.13s
Epoch 264/300, Loss: -0.4718, Obj: -1.9964, Eq Viol (l1): 0.000021, Ineq Viol (l1): 0.000000, Epoch time: 3.07s
Epoch 265/300, Loss: 0.2468, Obj: -1.8794, Eq Viol (l1): 0.000018, Ineq Viol (l1): 0.000000, Epoch time: 3.19s
Epoch 266/300, Loss: 0.4851, Obj: -1.5128, Eq Viol (l1): 0.000017, Ineq Viol (l1): 0.000000, Epoch time: 3.11s
Epoch 267/300, Loss: 0.2035, Obj: -1.9720, Eq Viol (l1): 0.000015, Ineq Viol (l1): 0.000000, Epoch time: 3.18s
Epoch 268/300, Loss: 0.6136, Obj: -1.9465, Eq Viol (l1): 0.000019, Ineq Viol (l1): 0.000001, Epoch time: 3.25s
Epoch 269/300, Loss: 2.2241, Obj: -1.6935, Eq Viol (l1): 0.000022, Ineq Viol (l1): 0.000001, Epoch time: 3.15s
Epoch 270/300, Loss: 0.5980, Obj: -1.6830, Eq Viol (l1): 0.000022, Ineq Viol (l1): 0.000000, Epoch time: 3.08s
Epoch 271/300, Loss: 1.2155, Obj: -1.8179, Eq Viol (l1): 0.000029, Ineq Viol (l1): 0.000001, Epoch time: 3.10s

Running validation at epoch 270...

VALIDATION_EPOCH_270 EVALUATION RESULTS:
==================================================
Objective Value:     -1.334618e+00
True Objective:      -2.413704e+00
Optimality Gap:      -1.500056e+00 ± 7.149212e-01
Eq Violation l1:   2.086126e-05 (max: 2.761800e-03)
Ineq Violation l1: 3.416565e-07 (max: 1.522629e-04)
Solution Distance:   8.374411e+01 ± 2.043305e+00
Merit:             -1.334406e+00 ± 6.115197e-02
Avg Inference Time:  0.0906s
==================================================
Epoch 272/300, Loss: 0.7314, Obj: -1.6991, Eq Viol (l1): 0.000019, Ineq Viol (l1): 0.000000, Epoch time: 3.12s
Epoch 273/300, Loss: 0.1916, Obj: -1.7147, Eq Viol (l1): 0.000019, Ineq Viol (l1): 0.000000, Epoch time: 3.09s
Epoch 274/300, Loss: -0.0397, Obj: -2.2517, Eq Viol (l1): 0.000030, Ineq Viol (l1): 0.000001, Epoch time: 3.07s
Epoch 275/300, Loss: 0.1758, Obj: -1.9000, Eq Viol (l1): 0.000040, Ineq Viol (l1): 0.000003, Epoch time: 3.03s
Epoch 276/300, Loss: 0.4215, Obj: -2.0362, Eq Viol (l1): 0.000022, Ineq Viol (l1): 0.000000, Epoch time: 3.06s
Epoch 277/300, Loss: -0.0503, Obj: -2.0075, Eq Viol (l1): 0.000020, Ineq Viol (l1): 0.000000, Epoch time: 3.05s
Epoch 278/300, Loss: -0.3721, Obj: -2.0571, Eq Viol (l1): 0.000020, Ineq Viol (l1): 0.000000, Epoch time: 3.03s
Epoch 279/300, Loss: -0.6096, Obj: -2.3498, Eq Viol (l1): 0.000024, Ineq Viol (l1): 0.000000, Epoch time: 3.04s
Epoch 280/300, Loss: -0.7640, Obj: -2.3790, Eq Viol (l1): 0.000025, Ineq Viol (l1): 0.000000, Epoch time: 3.05s
Epoch 281/300, Loss: -0.6563, Obj: -2.1914, Eq Viol (l1): 0.000021, Ineq Viol (l1): 0.000000, Epoch time: 3.09s

Running validation at epoch 280...

VALIDATION_EPOCH_280 EVALUATION RESULTS:
==================================================
Objective Value:     -2.285497e+00
True Objective:      -2.413704e+00
Optimality Gap:      -3.446844e+00 ± 1.592407e+00
Eq Violation l1:   1.761588e-05 (max: 2.825392e-03)
Ineq Violation l1: 5.053129e-07 (max: 1.628693e-04)
Solution Distance:   8.172290e+01 ± 1.865705e+00
Merit:             -2.285316e+00 ± 5.726921e-02
Avg Inference Time:  0.0999s
==================================================
Epoch 282/300, Loss: -0.1409, Obj: -1.9204, Eq Viol (l1): 0.000018, Ineq Viol (l1): 0.000000, Epoch time: 3.19s
Epoch 283/300, Loss: -0.5067, Obj: -2.2059, Eq Viol (l1): 0.000016, Ineq Viol (l1): 0.000000, Epoch time: 3.18s
Epoch 284/300, Loss: 0.2792, Obj: -2.0173, Eq Viol (l1): 0.000019, Ineq Viol (l1): 0.000000, Epoch time: 3.19s
Epoch 285/300, Loss: 1.7068, Obj: -1.7531, Eq Viol (l1): 0.000027, Ineq Viol (l1): 0.000001, Epoch time: 3.20s
Epoch 286/300, Loss: 1.3185, Obj: -1.4826, Eq Viol (l1): 0.000024, Ineq Viol (l1): 0.000001, Epoch time: 3.18s
Epoch 287/300, Loss: 0.1217, Obj: -1.9207, Eq Viol (l1): 0.000017, Ineq Viol (l1): 0.000000, Epoch time: 3.11s
Epoch 288/300, Loss: -0.0222, Obj: -2.0047, Eq Viol (l1): 0.000016, Ineq Viol (l1): 0.000001, Epoch time: 3.22s
Epoch 289/300, Loss: 0.3442, Obj: -1.6556, Eq Viol (l1): 0.000024, Ineq Viol (l1): 0.000001, Epoch time: 3.14s
Epoch 290/300, Loss: 0.2184, Obj: -2.1131, Eq Viol (l1): 0.000019, Ineq Viol (l1): 0.000000, Epoch time: 3.07s
Epoch 291/300, Loss: 0.0111, Obj: -2.1841, Eq Viol (l1): 0.000036, Ineq Viol (l1): 0.000002, Epoch time: 3.07s

Running validation at epoch 290...

VALIDATION_EPOCH_290 EVALUATION RESULTS:
==================================================
Objective Value:     -2.050018e+00
True Objective:      -2.413704e+00
Optimality Gap:      -2.945316e+00 ± 1.322729e+00
Eq Violation l1:   2.066451e-05 (max: 2.872960e-03)
Ineq Violation l1: 4.198173e-07 (max: 1.602877e-04)
Solution Distance:   8.288059e+01 ± 1.990751e+00
Merit:             -2.049807e+00 ± 5.684418e-02
Avg Inference Time:  0.0943s
==================================================
Epoch 292/300, Loss: 0.5723, Obj: -1.6311, Eq Viol (l1): 0.000022, Ineq Viol (l1): 0.000001, Epoch time: 3.20s
Epoch 293/300, Loss: 0.0229, Obj: -1.9415, Eq Viol (l1): 0.000018, Ineq Viol (l1): 0.000000, Epoch time: 3.13s
Epoch 294/300, Loss: 0.2893, Obj: -2.1241, Eq Viol (l1): 0.000017, Ineq Viol (l1): 0.000000, Epoch time: 3.11s
Epoch 295/300, Loss: -0.1965, Obj: -1.8311, Eq Viol (l1): 0.000018, Ineq Viol (l1): 0.000000, Epoch time: 3.06s
Epoch 296/300, Loss: -0.4036, Obj: -2.0859, Eq Viol (l1): 0.000018, Ineq Viol (l1): 0.000000, Epoch time: 3.14s
Epoch 297/300, Loss: -0.1676, Obj: -2.0088, Eq Viol (l1): 0.000021, Ineq Viol (l1): 0.000000, Epoch time: 3.06s
Epoch 298/300, Loss: -0.1482, Obj: -2.0659, Eq Viol (l1): 0.000023, Ineq Viol (l1): 0.000000, Epoch time: 3.03s
Epoch 299/300, Loss: -0.5940, Obj: -2.3244, Eq Viol (l1): 0.000025, Ineq Viol (l1): 0.000000, Epoch time: 3.14s
Epoch 300/300, Loss: -0.9042, Obj: -2.2340, Eq Viol (l1): 0.000022, Ineq Viol (l1): 0.000000, Epoch time: 3.00s

Training completed in 909.63 seconds.

============================================================
COMPREHENSIVE TEST EVALUATION WITH DETAILED RESULTS
============================================================
Testing with batch sizes: [256, 512]

Evaluating with batch size: 256 (with detailed results)

TEST_BS256 EVALUATION RESULTS:
==================================================
Objective Value:     -2.396556e+00
True Objective:      -2.409220e+00
Optimality Gap:      -4.415666e+00 ± 4.871532e+00
Eq Violation l1:   2.903175e-05 (max: 2.206438e-03)
Ineq Violation l1: 3.080545e-07 (max: 4.264633e-05)
Solution Distance:   8.470428e+01 ± 2.181677e+00
Merit:             -2.396262e+00 ± 6.788640e-02
Avg Inference Time:  0.0797s
==================================================

Evaluating with batch size: 512 (with detailed results)

TEST_BS512 EVALUATION RESULTS:
==================================================
Objective Value:     -2.398275e+00
True Objective:      -2.408634e+00
Optimality Gap:      -4.395361e+00 ± 3.139492e+00
Eq Violation l1:   2.302300e-05 (max: 2.713369e-03)
Ineq Violation l1: 3.278830e-07 (max: 9.601580e-05)
Solution Distance:   8.473521e+01 ± 1.290272e+00
Merit:             -2.398042e+00 ± 4.740969e-02
Avg Inference Time:  0.0917s
==================================================

TEST BATCH SIZE COMPARISON:
================================================================================
Batch Size   Objective    Opt Gap      Eq Viol      Ineq Viol    Time (s)  
--------------------------------------------------------------------------------
256          -2.3966e+00  -4.4157e+00  2.9032e-05   3.0805e-07   0.64      
512          -2.3983e+00  -4.3954e+00  2.3023e-05   3.2788e-07   0.37      
================================================================================

Saving model and results to: results/nonsmooth_nonconvex/socp/SOCPProblem-100-50-50-10000/20260107-233950_MLP_FSNet_seed1_nepochs300_lr0.0002_trainsize7000_finetune_20260106-202336_model_60
✓ Model saved: results/nonsmooth_nonconvex/socp/SOCPProblem-100-50-50-10000/20260107-233950_MLP_FSNet_seed1_nepochs300_lr0.0002_trainsize7000_finetune_20260106-202336_model_60/model.pt
✓ Detailed results saved: results/nonsmooth_nonconvex/socp/SOCPProblem-100-50-50-10000/20260107-233950_MLP_FSNet_seed1_nepochs300_lr0.0002_trainsize7000_finetune_20260106-202336_model_60/results.pkl

Files saved (or attempted):
  - model.pt (model weights and architecture)
  - results.pkl (training history, metrics, detailed test results)
Training and testing completed in 914.96 seconds
Done!!!
